nohup: ignoring input
Using device: NVIDIA GeForce RTX 3090
Using device: NVIDIA GeForce RTX 3090
Using device: NVIDIA GeForce RTX 3090
Rank: 0, World Size: 4, Master Addr: 127.0.0.1, Master Port: 12355
Using device: NVIDIA GeForce RTX 3090
Rank 0 using device: cuda:0
Rank 1 using device: cuda:1
Rank 3 using device: cuda:3
Rank 2 using device: cuda:2
Total valid pairs: 1620
Total valid pairs: 1620
Total valid pairs: 1620
Total valid pairs: 1620
Starting Fold 1
Fold 1, Epoch 1, Train Loss: 1.1411, Val Loss: 0.0632, Val Acc: 0.2483
Fold 1, Epoch 2, Train Loss: 0.1276, Val Loss: 0.2009, Val Acc: 0.2483
Fold 1, Epoch 3, Train Loss: 0.2169, Val Loss: 0.2142, Val Acc: 0.2483
Fold 1, Epoch 4, Train Loss: 0.1834, Val Loss: 0.1334, Val Acc: 0.2483
Fold 1, Epoch 5, Train Loss: 0.0911, Val Loss: 0.0526, Val Acc: 0.2483
Fold 1, Epoch 6, Train Loss: 0.0546, Val Loss: 0.0498, Val Acc: 0.2483
Fold 1, Epoch 7, Train Loss: 0.0500, Val Loss: 0.0461, Val Acc: 0.2483
Fold 1, Epoch 8, Train Loss: 0.0455, Val Loss: 0.0424, Val Acc: 0.2483
Fold 1, Epoch 9, Train Loss: 0.0435, Val Loss: 0.0423, Val Acc: 0.2483
Fold 1, Epoch 10, Train Loss: 0.0431, Val Loss: 0.0404, Val Acc: 0.2483
Fold 1, Epoch 11, Train Loss: 0.0416, Val Loss: 0.0400, Val Acc: 0.2483
Fold 1, Epoch 12, Train Loss: 0.0408, Val Loss: 0.0388, Val Acc: 0.2483
Fold 1, Epoch 13, Train Loss: 0.0401, Val Loss: 0.0387, Val Acc: 0.2483
Fold 1, Epoch 14, Train Loss: 0.0394, Val Loss: 0.0375, Val Acc: 0.2483
Fold 1, Epoch 15, Train Loss: 0.0385, Val Loss: 0.0365, Val Acc: 0.2483
Fold 1, Epoch 16, Train Loss: 0.0381, Val Loss: 0.0371, Val Acc: 0.2483
Fold 1, Epoch 17, Train Loss: 0.0375, Val Loss: 0.0361, Val Acc: 0.2483
Fold 1, Epoch 18, Train Loss: 0.0376, Val Loss: 0.0360, Val Acc: 0.2483
Fold 1, Epoch 19, Train Loss: 0.0373, Val Loss: 0.0354, Val Acc: 0.2483
Fold 1, Epoch 20, Train Loss: 0.0366, Val Loss: 0.0353, Val Acc: 0.2483
Fold 1, Epoch 21, Train Loss: 0.0364, Val Loss: 0.0348, Val Acc: 0.2483
Fold 1, Epoch 22, Train Loss: 0.0364, Val Loss: 0.0354, Val Acc: 0.2483
Fold 1, Epoch 23, Train Loss: 0.0364, Val Loss: 0.0353, Val Acc: 0.2483
Fold 1, Epoch 24, Train Loss: 0.0361, Val Loss: 0.0344, Val Acc: 0.2483
Fold 1, Epoch 25, Train Loss: 0.0357, Val Loss: 0.0349, Val Acc: 0.2483
Fold 1, Epoch 26, Train Loss: 0.0356, Val Loss: 0.0344, Val Acc: 0.2483
Fold 1, Epoch 27, Train Loss: 0.0355, Val Loss: 0.0341, Val Acc: 0.2483
Fold 1, Epoch 28, Train Loss: 0.0353, Val Loss: 0.0346, Val Acc: 0.2483
Fold 1, Epoch 29, Train Loss: 0.0349, Val Loss: 0.0337, Val Acc: 0.2483
Fold 1, Epoch 30, Train Loss: 0.0352, Val Loss: 0.0345, Val Acc: 0.2483
Fold 1, Epoch 31, Train Loss: 0.0347, Val Loss: 0.0335, Val Acc: 0.2483
Fold 1, Epoch 32, Train Loss: 0.0348, Val Loss: 0.0339, Val Acc: 0.2483
Fold 1, Epoch 33, Train Loss: 0.0346, Val Loss: 0.0337, Val Acc: 0.2483
Fold 1, Epoch 34, Train Loss: 0.0352, Val Loss: 0.0340, Val Acc: 0.2483
Fold 1, Epoch 35, Train Loss: 0.0349, Val Loss: 0.0334, Val Acc: 0.2483
Fold 1, Epoch 36, Train Loss: 0.0342, Val Loss: 0.0334, Val Acc: 0.2483
Fold 1, Epoch 37, Train Loss: 0.0349, Val Loss: 0.0347, Val Acc: 0.2483
Fold 1, Epoch 38, Train Loss: 0.0353, Val Loss: 0.0337, Val Acc: 0.2483
Fold 1, Epoch 39, Train Loss: 0.0348, Val Loss: 0.0339, Val Acc: 0.2483
Fold 1, Epoch 40, Train Loss: 0.0341, Val Loss: 0.0333, Val Acc: 0.2483
Fold 1, Epoch 41, Train Loss: 0.0340, Val Loss: 0.0330, Val Acc: 0.2483
Fold 1, Epoch 42, Train Loss: 0.0337, Val Loss: 0.0333, Val Acc: 0.2483
Fold 1, Epoch 43, Train Loss: 0.0337, Val Loss: 0.0328, Val Acc: 0.2483
Fold 1, Epoch 44, Train Loss: 0.0338, Val Loss: 0.0336, Val Acc: 0.2483
Fold 1, Epoch 45, Train Loss: 0.0334, Val Loss: 0.0326, Val Acc: 0.2483
Fold 1, Epoch 46, Train Loss: 0.0338, Val Loss: 0.0332, Val Acc: 0.2483
Fold 1, Epoch 47, Train Loss: 0.0336, Val Loss: 0.0327, Val Acc: 0.2483
Fold 1, Epoch 48, Train Loss: 0.0336, Val Loss: 0.0327, Val Acc: 0.2483
Fold 1, Epoch 49, Train Loss: 0.0334, Val Loss: 0.0327, Val Acc: 0.2483
Fold 1, Epoch 50, Train Loss: 0.0332, Val Loss: 0.0323, Val Acc: 0.2483
Fold 1, Epoch 51, Train Loss: 0.0336, Val Loss: 0.0333, Val Acc: 0.2483
Fold 1, Epoch 52, Train Loss: 0.0334, Val Loss: 0.0325, Val Acc: 0.2483
Fold 1, Epoch 53, Train Loss: 0.0331, Val Loss: 0.0323, Val Acc: 0.2483
Fold 1, Epoch 54, Train Loss: 0.0332, Val Loss: 0.0330, Val Acc: 0.2483
Fold 1, Epoch 55, Train Loss: 0.0332, Val Loss: 0.0323, Val Acc: 0.2483
Fold 1, Epoch 56, Train Loss: 0.0332, Val Loss: 0.0324, Val Acc: 0.2483
Fold 1, Epoch 57, Train Loss: 0.0329, Val Loss: 0.0322, Val Acc: 0.2483
Fold 1, Epoch 58, Train Loss: 0.0329, Val Loss: 0.0322, Val Acc: 0.2483
Fold 1, Epoch 59, Train Loss: 0.0333, Val Loss: 0.0336, Val Acc: 0.2483
Fold 1, Epoch 60, Train Loss: 0.0340, Val Loss: 0.0323, Val Acc: 0.2483
Fold 1, Epoch 61, Train Loss: 0.0331, Val Loss: 0.0329, Val Acc: 0.2483
Fold 1, Epoch 62, Train Loss: 0.0333, Val Loss: 0.0323, Val Acc: 0.2483
Fold 1, Epoch 63, Train Loss: 0.0331, Val Loss: 0.0321, Val Acc: 0.2483
Fold 1, Epoch 64, Train Loss: 0.0330, Val Loss: 0.0324, Val Acc: 0.2483
Fold 1, Epoch 65, Train Loss: 0.0326, Val Loss: 0.0319, Val Acc: 0.2483
Fold 1, Epoch 66, Train Loss: 0.0330, Val Loss: 0.0325, Val Acc: 0.2483
Fold 1, Epoch 67, Train Loss: 0.0329, Val Loss: 0.0320, Val Acc: 0.2483
Fold 1, Epoch 68, Train Loss: 0.0328, Val Loss: 0.0324, Val Acc: 0.2483
Fold 1, Epoch 69, Train Loss: 0.0324, Val Loss: 0.0317, Val Acc: 0.2483
Fold 1, Epoch 70, Train Loss: 0.0325, Val Loss: 0.0324, Val Acc: 0.2483
Fold 1, Epoch 71, Train Loss: 0.0325, Val Loss: 0.0319, Val Acc: 0.2483
Fold 1, Epoch 72, Train Loss: 0.0323, Val Loss: 0.0317, Val Acc: 0.2483
Fold 1, Epoch 73, Train Loss: 0.0325, Val Loss: 0.0323, Val Acc: 0.2483
Fold 1, Epoch 74, Train Loss: 0.0322, Val Loss: 0.0316, Val Acc: 0.2483
Fold 1, Epoch 75, Train Loss: 0.0324, Val Loss: 0.0317, Val Acc: 0.2483
Fold 1, Epoch 76, Train Loss: 0.0323, Val Loss: 0.0324, Val Acc: 0.2483
Fold 1, Epoch 77, Train Loss: 0.0325, Val Loss: 0.0316, Val Acc: 0.2483
Fold 1, Epoch 78, Train Loss: 0.0323, Val Loss: 0.0318, Val Acc: 0.2483
Fold 1, Epoch 79, Train Loss: 0.0323, Val Loss: 0.0321, Val Acc: 0.2483
Fold 1, Epoch 80, Train Loss: 0.0326, Val Loss: 0.0316, Val Acc: 0.2483
Fold 1, Epoch 81, Train Loss: 0.0321, Val Loss: 0.0314, Val Acc: 0.2483
Fold 1, Epoch 82, Train Loss: 0.0323, Val Loss: 0.0320, Val Acc: 0.2483
Fold 1, Epoch 83, Train Loss: 0.0322, Val Loss: 0.0315, Val Acc: 0.2483
Fold 1, Epoch 84, Train Loss: 0.0327, Val Loss: 0.0322, Val Acc: 0.2483
Fold 1, Epoch 85, Train Loss: 0.0324, Val Loss: 0.0317, Val Acc: 0.2483
Fold 1, Epoch 86, Train Loss: 0.0322, Val Loss: 0.0315, Val Acc: 0.2483
Fold 1, Epoch 87, Train Loss: 0.0320, Val Loss: 0.0314, Val Acc: 0.2483
Fold 1, Epoch 88, Train Loss: 0.0320, Val Loss: 0.0313, Val Acc: 0.2483
Fold 1, Epoch 89, Train Loss: 0.0322, Val Loss: 0.0316, Val Acc: 0.2483
Fold 1, Epoch 90, Train Loss: 0.0321, Val Loss: 0.0317, Val Acc: 0.2483
Fold 1, Epoch 91, Train Loss: 0.0319, Val Loss: 0.0313, Val Acc: 0.2483
Fold 1, Epoch 92, Train Loss: 0.0319, Val Loss: 0.0318, Val Acc: 0.2483
Fold 1, Epoch 93, Train Loss: 0.0322, Val Loss: 0.0315, Val Acc: 0.2483
Fold 1, Epoch 94, Train Loss: 0.0319, Val Loss: 0.0314, Val Acc: 0.2483
Fold 1, Epoch 95, Train Loss: 0.0321, Val Loss: 0.0314, Val Acc: 0.2483
Fold 1, Epoch 96, Train Loss: 0.0319, Val Loss: 0.0316, Val Acc: 0.2483
Fold 1, Epoch 97, Train Loss: 0.0326, Val Loss: 0.0317, Val Acc: 0.2483
Fold 1, Epoch 98, Train Loss: 0.0321, Val Loss: 0.0313, Val Acc: 0.2483
Fold 1, Epoch 99, Train Loss: 0.0323, Val Loss: 0.0317, Val Acc: 0.2483
Fold 1, Epoch 100, Train Loss: 0.0319, Val Loss: 0.0313, Val Acc: 0.2483
Fold 1, Epoch 101, Train Loss: 0.0317, Val Loss: 0.0312, Val Acc: 0.2483
Fold 1, Epoch 102, Train Loss: 0.0317, Val Loss: 0.0311, Val Acc: 0.2483
Fold 1, Epoch 103, Train Loss: 0.0318, Val Loss: 0.0318, Val Acc: 0.2483
Fold 1, Epoch 104, Train Loss: 0.0320, Val Loss: 0.0313, Val Acc: 0.2483
Fold 1, Epoch 105, Train Loss: 0.0319, Val Loss: 0.0311, Val Acc: 0.2483
Fold 1, Epoch 106, Train Loss: 0.0321, Val Loss: 0.0316, Val Acc: 0.2483
Fold 1, Epoch 107, Train Loss: 0.0317, Val Loss: 0.0311, Val Acc: 0.2483
Fold 1, Epoch 108, Train Loss: 0.0321, Val Loss: 0.0312, Val Acc: 0.2483
Fold 1, Epoch 109, Train Loss: 0.0318, Val Loss: 0.0318, Val Acc: 0.2483
