nohup: ignoring input
Using device: NVIDIA GeForce RTX 3090
Using device: NVIDIA GeForce RTX 3090
Using device: NVIDIA GeForce RTX 3090
Using device: NVIDIA GeForce RTX 3090
Rank: 0, World Size: 4, Master Addr: 127.0.0.1, Master Port: 12355
Rank 0 using device: cuda:0
Rank 2 using device: cuda:2
Rank 1 using device: cuda:1
Rank 3 using device: cuda:3
Starting Fold 1
Precision: 0.9875, Recall: 0.9931, F1-Score: 0.9903
Fold 1, Epoch 1, Train Loss: 2.6530, Val Loss: 2.6405, Val Acc: 0.9932
Completed Fold 1
Starting Fold 2
Precision: 0.9916, Recall: 0.5460, F1-Score: 0.7041
Fold 2, Epoch 1, Train Loss: 2.6167, Val Loss: 2.5746, Val Acc: 0.5494
Completed Fold 2
Starting Fold 3
Precision: 0.9928, Recall: 0.1537, F1-Score: 0.2655
Fold 3, Epoch 1, Train Loss: 2.6897, Val Loss: 2.6224, Val Acc: 0.1530
Completed Fold 3
Starting Fold 4
Precision: 0.9922, Recall: 0.7297, F1-Score: 0.8407
Fold 4, Epoch 1, Train Loss: 2.6288, Val Loss: 2.5822, Val Acc: 0.7393
Completed Fold 4
Starting Fold 5
Precision: 0.9914, Recall: 0.9873, F1-Score: 0.9893
Fold 5, Epoch 1, Train Loss: 2.5980, Val Loss: 2.5654, Val Acc: 0.9884
Completed Fold 5
Starting final training on all data...
Evaluating and Visualizing on Test Data
Saving predictions for ('Normalized1_Defect4x4_ELNOD_L6B43.npy', 'Defect19Class_L6B43.npy'), Shape of predictions: (3654,)
Saving predictions for ('Normalized1_Defect4x4_ELNOD_L8B33.npy', 'Defect19Class_L8B33.npy'), Shape of predictions: (3654,)
Saving predictions for ('Normalized1_Defect4x4_ELNOD_L9B20.npy', 'Defect19Class_L9B20.npy'), Shape of predictions: (3654,)
Saving predictions for ('Normalized1_Defect4x4_ELNOD_L17B44.npy', 'Defect19Class_L17B44.npy'), Shape of predictions: (3654,)
Saving predictions for ('Normalized1_Defect4x4_ELNOD_L3B82.npy', 'Defect19Class_L3B82.npy'), Shape of predictions: (3654,)
Saving predictions for ('Normalized1_Defect4x4_ELNOD_L7B90.npy', 'Defect19Class_L7B90.npy'), Shape of predictions: (3654,)
Saving predictions for ('Normalized1_Defect4x4_ELNOD_L4B74.npy', 'Defect19Class_L4B74.npy'), Shape of predictions: (3654,)
Saving predictions for ('Normalized1_Defect4x4_ELNOD_L2B57.npy', 'Defect19Class_L2B57.npy'), Shape of predictions: (3654,)
Saving predictions for ('Normalized1_Defect4x4_ELNOD_L7B4.npy', 'Defect19Class_L7B4.npy'), Shape of predictions: (3654,)
Saving predictions for ('Normalized1_Defect4x4_ELNOD_L8B42.npy', 'Defect19Class_L8B42.npy'), Shape of predictions: (3654,)
Saving predictions for ('Normalized1_Defect4x4_ELNOD_L5B74.npy', 'Defect19Class_L5B74.npy'), Shape of predictions: (3654,)
Saving predictions for ('Normalized1_Defect4x4_ELNOD_L3B32.npy', 'Defect19Class_L3B32.npy'), Shape of predictions: (3654,)
Saving predictions for ('Normalized1_Defect4x4_ELNOD_L9B61.npy', 'Defect19Class_L9B61.npy'), Shape of predictions: (3654,)
Saving predictions for ('Normalized1_Defect4x4_ELNOD_L6B40.npy', 'Defect19Class_L6B40.npy'), Shape of predictions: (3654,)
Saving predictions for ('Normalized1_Defect4x4_ELNOD_L9B71.npy', 'Defect19Class_L9B71.npy'), Shape of predictions: (3654,)
Saving predictions for ('Normalized1_Defect4x4_ELNOD_L3B16.npy', 'Defect19Class_L3B16.npy'), Shape of predictions: (3654,)
Saving predictions for ('Normalized1_Defect4x4_ELNOD_L11B33.npy', 'Defect19Class_L11B33.npy'), Shape of predictions: (3654,)
Saving predictions for ('Normalized1_Defect4x4_ELNOD_L3B77.npy', 'Defect19Class_L3B77.npy'), Shape of predictions: (3654,)
Saving predictions for ('Normalized1_Defect4x4_ELNOD_L10B9.npy', 'Defect19Class_L10B9.npy'), Shape of predictions: (3654,)
Saving predictions for ('Normalized1_Defect4x4_ELNOD_L11B57.npy', 'Defect19Class_L11B57.npy'), Shape of predictions: (3654,)
Saving predictions for ('Normalized1_Defect4x4_ELNOD_L18B59.npy', 'Defect19Class_L18B59.npy'), Shape of predictions: (3654,)
Saving predictions for ('Normalized1_Defect4x4_ELNOD_L9B17.npy', 'Defect19Class_L9B17.npy'), Shape of predictions: (3654,)
Saving predictions for ('Normalized1_Defect4x4_ELNOD_L4B9.npy', 'Defect19Class_L4B9.npy'), Shape of predictions: (3654,)
Saving predictions for ('Normalized1_Defect4x4_ELNOD_L15B57.npy', 'Defect19Class_L15B57.npy'), Shape of predictions: (3654,)
Saving predictions for ('Normalized1_Defect4x4_ELNOD_L14B57.npy', 'Defect19Class_L14B57.npy'), Shape of predictions: (3654,)
Saving predictions for ('Normalized1_Defect4x4_ELNOD_L15B18.npy', 'Defect19Class_L15B18.npy'), Shape of predictions: (3654,)
Saving predictions for ('Normalized1_Defect4x4_ELNOD_L17B76.npy', 'Defect19Class_L17B76.npy'), Shape of predictions: (3654,)
Saving predictions for ('Normalized1_Defect4x4_ELNOD_L12B77.npy', 'Defect19Class_L12B77.npy'), Shape of predictions: (3654,)
Saving predictions for ('Normalized1_Defect4x4_ELNOD_L4B44.npy', 'Defect19Class_L4B44.npy'), Shape of predictions: (3654,)
Saving predictions for ('Normalized1_Defect4x4_ELNOD_L7B25.npy', 'Defect19Class_L7B25.npy'), Shape of predictions: (3654,)
Saving predictions for ('Normalized1_Defect4x4_ELNOD_L15B47.npy', 'Defect19Class_L15B47.npy'), Shape of predictions: (3654,)
Saving predictions for ('Normalized1_Defect4x4_ELNOD_L15B2.npy', 'Defect19Class_L15B2.npy'), Shape of predictions: (3654,)
Saving predictions for ('Normalized1_Defect4x4_ELNOD_L9B4.npy', 'Defect19Class_L9B4.npy'), Shape of predictions: (3654,)
Saving predictions for ('Normalized1_Defect4x4_ELNOD_L14B28.npy', 'Defect19Class_L14B28.npy'), Shape of predictions: (3654,)
Saving predictions for ('Normalized1_Defect4x4_ELNOD_L13B1.npy', 'Defect19Class_L13B1.npy'), Shape of predictions: (3654,)
Saving predictions for ('Normalized1_Defect4x4_ELNOD_L2B27.npy', 'Defect19Class_L2B27.npy'), Shape of predictions: (3654,)
Saving predictions for ('Normalized1_Defect4x4_ELNOD_L6B88.npy', 'Defect19Class_L6B88.npy'), Shape of predictions: (3654,)
Saving predictions for ('Normalized1_Defect4x4_ELNOD_L10B20.npy', 'Defect19Class_L10B20.npy'), Shape of predictions: (3654,)
Saving predictions for ('Normalized1_Defect4x4_ELNOD_L19B64.npy', 'Defect19Class_L19B64.npy'), Shape of predictions: (3654,)
Saving predictions for ('Normalized1_Defect4x4_ELNOD_L4B32.npy', 'Defect19Class_L4B32.npy'), Shape of predictions: (3654,)
Saving predictions for ('Normalized1_Defect4x4_ELNOD_L9B66.npy', 'Defect19Class_L9B66.npy'), Shape of predictions: (3654,)
Saving predictions for ('Normalized1_Defect4x4_ELNOD_L18B38.npy', 'Defect19Class_L18B38.npy'), Shape of predictions: (3654,)
Saving predictions for ('Normalized1_Defect4x4_ELNOD_L15B76.npy', 'Defect19Class_L15B76.npy'), Shape of predictions: (3654,)
Saving predictions for ('Normalized1_Defect4x4_ELNOD_L15B81.npy', 'Defect19Class_L15B81.npy'), Shape of predictions: (3654,)
Saving predictions for ('Normalized1_Defect4x4_ELNOD_L14B44.npy', 'Defect19Class_L14B44.npy'), Shape of predictions: (3654,)
Saving predictions for ('Normalized1_Defect4x4_ELNOD_L9B42.npy', 'Defect19Class_L9B42.npy'), Shape of predictions: (3654,)
Saving predictions for ('Normalized1_Defect4x4_ELNOD_L5B52.npy', 'Defect19Class_L5B52.npy'), Shape of predictions: (3654,)
Saving predictions for ('Normalized1_Defect4x4_ELNOD_L18B52.npy', 'Defect19Class_L18B52.npy'), Shape of predictions: (3654,)
Saving predictions for ('Normalized1_Defect4x4_ELNOD_L8B51.npy', 'Defect19Class_L8B51.npy'), Shape of predictions: (3654,)
Saving predictions for ('Normalized1_Defect4x4_ELNOD_L6B53.npy', 'Defect19Class_L6B53.npy'), Shape of predictions: (3654,)
Saving predictions for ('Normalized1_Defect4x4_ELNOD_L19B34.npy', 'Defect19Class_L19B34.npy'), Shape of predictions: (3654,)
Saving predictions for ('Normalized1_Defect4x4_ELNOD_L5B33.npy', 'Defect19Class_L5B33.npy'), Shape of predictions: (3654,)
Saving predictions for ('Normalized1_Defect4x4_ELNOD_L11B83.npy', 'Defect19Class_L11B83.npy'), Shape of predictions: (3654,)
Saving predictions for ('Normalized1_Defect4x4_ELNOD_L17B65.npy', 'Defect19Class_L17B65.npy'), Shape of predictions: (3654,)
Saving predictions for ('Normalized1_Defect4x4_ELNOD_L9B22.npy', 'Defect19Class_L9B22.npy'), Shape of predictions: (3654,)
Saving predictions for ('Normalized1_Defect4x4_ELNOD_L2B87.npy', 'Defect19Class_L2B87.npy'), Shape of predictions: (3654,)
Saving predictions for ('Normalized1_Defect4x4_ELNOD_L7B15.npy', 'Defect19Class_L7B15.npy'), Shape of predictions: (3654,)
Saving predictions for ('Normalized1_Defect4x4_ELNOD_L17B75.npy', 'Defect19Class_L17B75.npy'), Shape of predictions: (3654,)
Saving predictions for ('Normalized1_Defect4x4_ELNOD_L19B15.npy', 'Defect19Class_L19B15.npy'), Shape of predictions: (3654,)
Saving predictions for ('Normalized1_Defect4x4_ELNOD_L10B36.npy', 'Defect19Class_L10B36.npy'), Shape of predictions: (3654,)
Saving predictions for ('Normalized1_Defect4x4_ELNOD_L10B2.npy', 'Defect19Class_L10B2.npy'), Shape of predictions: (3654,)
Saving predictions for ('Normalized1_Defect4x4_ELNOD_L10B12.npy', 'Defect19Class_L10B12.npy'), Shape of predictions: (3654,)
Saving predictions for ('Normalized1_Defect4x4_ELNOD_L4B19.npy', 'Defect19Class_L4B19.npy'), Shape of predictions: (3654,)
Saving predictions for ('Normalized1_Defect4x4_ELNOD_L4B4.npy', 'Defect19Class_L4B4.npy'), Shape of predictions: (3654,)
Saving predictions for ('Normalized1_Defect4x4_ELNOD_L14B3.npy', 'Defect19Class_L14B3.npy'), Shape of predictions: (3654,)
Saving predictions for ('Normalized1_Defect4x4_ELNOD_L14B10.npy', 'Defect19Class_L14B10.npy'), Shape of predictions: (3654,)
Saving predictions for ('Normalized1_Defect4x4_ELNOD_L15B60.npy', 'Defect19Class_L15B60.npy'), Shape of predictions: (3654,)
Saving predictions for ('Normalized1_Defect4x4_ELNOD_L7B40.npy', 'Defect19Class_L7B40.npy'), Shape of predictions: (3654,)
Saving predictions for ('Normalized1_Defect4x4_ELNOD_L7B29.npy', 'Defect19Class_L7B29.npy'), Shape of predictions: (3654,)
Saving predictions for ('Normalized1_Defect4x4_ELNOD_L11B88.npy', 'Defect19Class_L11B88.npy'), Shape of predictions: (3654,)
Saving predictions for ('Normalized1_Defect4x4_ELNOD_L11B2.npy', 'Defect19Class_L11B2.npy'), Shape of predictions: (3654,)
Saving predictions for ('Normalized1_Defect4x4_ELNOD_L14B52.npy', 'Defect19Class_L14B52.npy'), Shape of predictions: (3654,)
Saving predictions for ('Normalized1_Defect4x4_ELNOD_L13B32.npy', 'Defect19Class_L13B32.npy'), Shape of predictions: (3654,)
Saving predictions for ('Normalized1_Defect4x4_ELNOD_L14B76.npy', 'Defect19Class_L14B76.npy'), Shape of predictions: (3654,)
Saving predictions for ('Normalized1_Defect4x4_ELNOD_L14B46.npy', 'Defect19Class_L14B46.npy'), Shape of predictions: (3654,)
Saving predictions for ('Normalized1_Defect4x4_ELNOD_L5B22.npy', 'Defect19Class_L5B22.npy'), Shape of predictions: (3654,)
Saving predictions for ('Normalized1_Defect4x4_ELNOD_L12B89.npy', 'Defect19Class_L12B89.npy'), Shape of predictions: (3654,)
Saving predictions for ('Normalized1_Defect4x4_ELNOD_L10B87.npy', 'Defect19Class_L10B87.npy'), Shape of predictions: (3654,)
Saving predictions for ('Normalized1_Defect4x4_ELNOD_L12B4.npy', 'Defect19Class_L12B4.npy'), Shape of predictions: (3654,)
Saving predictions for ('Normalized1_Defect4x4_ELNOD_L13B88.npy', 'Defect19Class_L13B88.npy'), Shape of predictions: (3654,)
Saving predictions for ('Normalized1_Defect4x4_ELNOD_L14B64.npy', 'Defect19Class_L14B64.npy'), Shape of predictions: (3654,)
Saving predictions for ('Normalized1_Defect4x4_ELNOD_L5B30.npy', 'Defect19Class_L5B30.npy'), Shape of predictions: (3654,)
Saving predictions for ('Normalized1_Defect4x4_ELNOD_L2B25.npy', 'Defect19Class_L2B25.npy'), Shape of predictions: (3654,)
Saving predictions for ('Normalized1_Defect4x4_ELNOD_L3B88.npy', 'Defect19Class_L3B88.npy'), Shape of predictions: (3654,)
Saving predictions for ('Normalized1_Defect4x4_ELNOD_L8B11.npy', 'Defect19Class_L8B11.npy'), Shape of predictions: (3654,)
Saving predictions for ('Normalized1_Defect4x4_ELNOD_L8B26.npy', 'Defect19Class_L8B26.npy'), Shape of predictions: (3654,)
Saving predictions for ('Normalized1_Defect4x4_ELNOD_L14B67.npy', 'Defect19Class_L14B67.npy'), Shape of predictions: (3654,)
Saving predictions for ('Normalized1_Defect4x4_ELNOD_L15B88.npy', 'Defect19Class_L15B88.npy'), Shape of predictions: (3654,)
Saving predictions for ('Normalized1_Defect4x4_ELNOD_L5B42.npy', 'Defect19Class_L5B42.npy'), Shape of predictions: (3654,)
Saving predictions for ('Normalized1_Defect4x4_ELNOD_L6B49.npy', 'Defect19Class_L6B49.npy'), Shape of predictions: (3654,)
Saving predictions for ('Normalized1_Defect4x4_ELNOD_L4B71.npy', 'Defect19Class_L4B71.npy'), Shape of predictions: (3654,)
Saving predictions for ('Normalized1_Defect4x4_ELNOD_L2B17.npy', 'Defect19Class_L2B17.npy'), Shape of predictions: (3654,)
Saving predictions for ('Normalized1_Defect4x4_ELNOD_L6B73.npy', 'Defect19Class_L6B73.npy'), Shape of predictions: (3654,)
Saving predictions for ('Normalized1_Defect4x4_ELNOD_L9B9.npy', 'Defect19Class_L9B9.npy'), Shape of predictions: (3654,)
Saving predictions for ('Normalized1_Defect4x4_ELNOD_L5B31.npy', 'Defect19Class_L5B31.npy'), Shape of predictions: (3654,)
Saving predictions for ('Normalized1_Defect4x4_ELNOD_L19B49.npy', 'Defect19Class_L19B49.npy'), Shape of predictions: (3654,)
Saving predictions for ('Normalized1_Defect4x4_ELNOD_L12B5.npy', 'Defect19Class_L12B5.npy'), Shape of predictions: (3654,)
Saving predictions for ('Normalized1_Defect4x4_ELNOD_L4B11.npy', 'Defect19Class_L4B11.npy'), Shape of predictions: (3654,)
Saving predictions for ('Normalized1_Defect4x4_ELNOD_L14B66.npy', 'Defect19Class_L14B66.npy'), Shape of predictions: (3654,)
Saving predictions for ('Normalized1_Defect4x4_ELNOD_L11B9.npy', 'Defect19Class_L11B9.npy'), Shape of predictions: (3654,)
Saving predictions for ('Normalized1_Defect4x4_ELNOD_L6B31.npy', 'Defect19Class_L6B31.npy'), Shape of predictions: (3654,)
Saving predictions for ('Normalized1_Defect4x4_ELNOD_L9B8.npy', 'Defect19Class_L9B8.npy'), Shape of predictions: (3654,)
Saving predictions for ('Normalized1_Defect4x4_ELNOD_L9B89.npy', 'Defect19Class_L9B89.npy'), Shape of predictions: (3654,)
Saving predictions for ('Normalized1_Defect4x4_ELNOD_L9B39.npy', 'Defect19Class_L9B39.npy'), Shape of predictions: (3654,)
Saving predictions for ('Normalized1_Defect4x4_ELNOD_L12B26.npy', 'Defect19Class_L12B26.npy'), Shape of predictions: (3654,)
Saving predictions for ('Normalized1_Defect4x4_ELNOD_L10B5.npy', 'Defect19Class_L10B5.npy'), Shape of predictions: (3654,)
Saving predictions for ('Normalized1_Defect4x4_ELNOD_L2B53.npy', 'Defect19Class_L2B53.npy'), Shape of predictions: (3654,)
Saving predictions for ('Normalized1_Defect4x4_ELNOD_L17B21.npy', 'Defect19Class_L17B21.npy'), Shape of predictions: (3654,)
Saving predictions for ('Normalized1_Defect4x4_ELNOD_L9B87.npy', 'Defect19Class_L9B87.npy'), Shape of predictions: (3654,)
Saving predictions for ('Normalized1_Defect4x4_ELNOD_L7B10.npy', 'Defect19Class_L7B10.npy'), Shape of predictions: (3654,)
Saving predictions for ('Normalized1_Defect4x4_ELNOD_L12B23.npy', 'Defect19Class_L12B23.npy'), Shape of predictions: (3654,)
Saving predictions for ('Normalized1_Defect4x4_ELNOD_L16B53.npy', 'Defect19Class_L16B53.npy'), Shape of predictions: (3654,)
Saving predictions for ('Normalized1_Defect4x4_ELNOD_L10B58.npy', 'Defect19Class_L10B58.npy'), Shape of predictions: (3654,)
Saving predictions for ('Normalized1_Defect4x4_ELNOD_L6B18.npy', 'Defect19Class_L6B18.npy'), Shape of predictions: (3654,)
Saving predictions for ('Normalized1_Defect4x4_ELNOD_L11B32.npy', 'Defect19Class_L11B32.npy'), Shape of predictions: (3654,)
Saving predictions for ('Normalized1_Defect4x4_ELNOD_L11B35.npy', 'Defect19Class_L11B35.npy'), Shape of predictions: (3654,)
Saving predictions for ('Normalized1_Defect4x4_ELNOD_L16B1.npy', 'Defect19Class_L16B1.npy'), Shape of predictions: (3654,)
Saving predictions for ('Normalized1_Defect4x4_ELNOD_L4B49.npy', 'Defect19Class_L4B49.npy'), Shape of predictions: (3654,)
Saving predictions for ('Normalized1_Defect4x4_ELNOD_L19B40.npy', 'Defect19Class_L19B40.npy'), Shape of predictions: (3654,)
Saving predictions for ('Normalized1_Defect4x4_ELNOD_L4B40.npy', 'Defect19Class_L4B40.npy'), Shape of predictions: (3654,)
Saving predictions for ('Normalized1_Defect4x4_ELNOD_L3B15.npy', 'Defect19Class_L3B15.npy'), Shape of predictions: (3654,)
Saving predictions for ('Normalized1_Defect4x4_ELNOD_L13B58.npy', 'Defect19Class_L13B58.npy'), Shape of predictions: (3654,)
Saving predictions for ('Normalized1_Defect4x4_ELNOD_L11B23.npy', 'Defect19Class_L11B23.npy'), Shape of predictions: (3654,)
Saving predictions for ('Normalized1_Defect4x4_ELNOD_L7B83.npy', 'Defect19Class_L7B83.npy'), Shape of predictions: (3654,)
Saving predictions for ('Normalized1_Defect4x4_ELNOD_L3B59.npy', 'Defect19Class_L3B59.npy'), Shape of predictions: (3654,)
Saving predictions for ('Normalized1_Defect4x4_ELNOD_L5B10.npy', 'Defect19Class_L5B10.npy'), Shape of predictions: (3654,)
Saving predictions for ('Normalized1_Defect4x4_ELNOD_L6B25.npy', 'Defect19Class_L6B25.npy'), Shape of predictions: (3654,)
Saving predictions for ('Normalized1_Defect4x4_ELNOD_L9B59.npy', 'Defect19Class_L9B59.npy'), Shape of predictions: (3654,)
Saving predictions for ('Normalized1_Defect4x4_ELNOD_L6B46.npy', 'Defect19Class_L6B46.npy'), Shape of predictions: (3654,)
Saving predictions for ('Normalized1_Defect4x4_ELNOD_L2B70.npy', 'Defect19Class_L2B70.npy'), Shape of predictions: (3654,)
Saving predictions for ('Normalized1_Defect4x4_ELNOD_L8B34.npy', 'Defect19Class_L8B34.npy'), Shape of predictions: (3654,)
Saving predictions for ('Normalized1_Defect4x4_ELNOD_L13B48.npy', 'Defect19Class_L13B48.npy'), Shape of predictions: (3654,)
Saving predictions for ('Normalized1_Defect4x4_ELNOD_L4B41.npy', 'Defect19Class_L4B41.npy'), Shape of predictions: (3654,)
Saving predictions for ('Normalized1_Defect4x4_ELNOD_L5B41.npy', 'Defect19Class_L5B41.npy'), Shape of predictions: (3654,)
Saving predictions for ('Normalized1_Defect4x4_ELNOD_L14B69.npy', 'Defect19Class_L14B69.npy'), Shape of predictions: (3654,)
Saving predictions for ('Normalized1_Defect4x4_ELNOD_L13B69.npy', 'Defect19Class_L13B69.npy'), Shape of predictions: (3654,)
Saving predictions for ('Normalized1_Defect4x4_ELNOD_L4B50.npy', 'Defect19Class_L4B50.npy'), Shape of predictions: (3654,)
Saving predictions for ('Normalized1_Defect4x4_ELNOD_L4B53.npy', 'Defect19Class_L4B53.npy'), Shape of predictions: (3654,)
Saving predictions for ('Normalized1_Defect4x4_ELNOD_L11B55.npy', 'Defect19Class_L11B55.npy'), Shape of predictions: (3654,)
Saving predictions for ('Normalized1_Defect4x4_ELNOD_L13B20.npy', 'Defect19Class_L13B20.npy'), Shape of predictions: (3654,)
Saving predictions for ('Normalized1_Defect4x4_ELNOD_L13B74.npy', 'Defect19Class_L13B74.npy'), Shape of predictions: (3654,)
Saving predictions for ('Normalized1_Defect4x4_ELNOD_L15B29.npy', 'Defect19Class_L15B29.npy'), Shape of predictions: (3654,)
Saving predictions for ('Normalized1_Defect4x4_ELNOD_L2B16.npy', 'Defect19Class_L2B16.npy'), Shape of predictions: (3654,)
Saving predictions for ('Normalized1_Defect4x4_ELNOD_L11B53.npy', 'Defect19Class_L11B53.npy'), Shape of predictions: (3654,)
Saving predictions for ('Normalized1_Defect4x4_ELNOD_L7B78.npy', 'Defect19Class_L7B78.npy'), Shape of predictions: (3654,)
Saving predictions for ('Normalized1_Defect4x4_ELNOD_L3B62.npy', 'Defect19Class_L3B62.npy'), Shape of predictions: (3654,)
Saving predictions for ('Normalized1_Defect4x4_ELNOD_L10B75.npy', 'Defect19Class_L10B75.npy'), Shape of predictions: (3654,)
Saving predictions for ('Normalized1_Defect4x4_ELNOD_L18B56.npy', 'Defect19Class_L18B56.npy'), Shape of predictions: (3654,)
Saving predictions for ('Normalized1_Defect4x4_ELNOD_L5B9.npy', 'Defect19Class_L5B9.npy'), Shape of predictions: (3654,)
Saving predictions for ('Normalized1_Defect4x4_ELNOD_L17B90.npy', 'Defect19Class_L17B90.npy'), Shape of predictions: (3654,)
Saving predictions for ('Normalized1_Defect4x4_ELNOD_L13B90.npy', 'Defect19Class_L13B90.npy'), Shape of predictions: (3654,)
Saving predictions for ('Normalized1_Defect4x4_ELNOD_L17B86.npy', 'Defect19Class_L17B86.npy'), Shape of predictions: (3654,)
Saving predictions for ('Normalized1_Defect4x4_ELNOD_L11B41.npy', 'Defect19Class_L11B41.npy'), Shape of predictions: (3654,)
Saving predictions for ('Normalized1_Defect4x4_ELNOD_L6B60.npy', 'Defect19Class_L6B60.npy'), Shape of predictions: (3654,)
Saving predictions for ('Normalized1_Defect4x4_ELNOD_L17B53.npy', 'Defect19Class_L17B53.npy'), Shape of predictions: (3654,)
Saving predictions for ('Normalized1_Defect4x4_ELNOD_L14B75.npy', 'Defect19Class_L14B75.npy'), Shape of predictions: (3654,)
Saving predictions for ('Normalized1_Defect4x4_ELNOD_L17B63.npy', 'Defect19Class_L17B63.npy'), Shape of predictions: (3654,)
Saving predictions for ('Normalized1_Defect4x4_ELNOD_L19B23.npy', 'Defect19Class_L19B23.npy'), Shape of predictions: (3654,)
Saving predictions for ('Normalized1_Defect4x4_ELNOD_L16B33.npy', 'Defect19Class_L16B33.npy'), Shape of predictions: (3654,)
Saving predictions for ('Normalized1_Defect4x4_ELNOD_L3B31.npy', 'Defect19Class_L3B31.npy'), Shape of predictions: (3654,)
Saving predictions for ('Normalized1_Defect4x4_ELNOD_L19B68.npy', 'Defect19Class_L19B68.npy'), Shape of predictions: (3654,)
Saving predictions for ('Normalized1_Defect4x4_ELNOD_L8B27.npy', 'Defect19Class_L8B27.npy'), Shape of predictions: (3654,)
Saving predictions for ('Normalized1_Defect4x4_ELNOD_L9B29.npy', 'Defect19Class_L9B29.npy'), Shape of predictions: (3654,)
Saving predictions for ('Normalized1_Defect4x4_ELNOD_L4B22.npy', 'Defect19Class_L4B22.npy'), Shape of predictions: (3654,)
Saving predictions for ('Normalized1_Defect4x4_ELNOD_L11B63.npy', 'Defect19Class_L11B63.npy'), Shape of predictions: (3654,)
Saving predictions for ('Normalized1_Defect4x4_ELNOD_L19B17.npy', 'Defect19Class_L19B17.npy'), Shape of predictions: (3654,)
Saving predictions for ('Normalized1_Defect4x4_ELNOD_L15B61.npy', 'Defect19Class_L15B61.npy'), Shape of predictions: (3654,)
Saving predictions for ('Normalized1_Defect4x4_ELNOD_L12B17.npy', 'Defect19Class_L12B17.npy'), Shape of predictions: (3654,)
Saving predictions for ('Normalized1_Defect4x4_ELNOD_L3B35.npy', 'Defect19Class_L3B35.npy'), Shape of predictions: (3654,)
Saving predictions for ('Normalized1_Defect4x4_ELNOD_L15B70.npy', 'Defect19Class_L15B70.npy'), Shape of predictions: (3654,)
Saving predictions for ('Normalized1_Defect4x4_ELNOD_L15B67.npy', 'Defect19Class_L15B67.npy'), Shape of predictions: (3654,)
Saving predictions for ('Normalized1_Defect4x4_ELNOD_L10B46.npy', 'Defect19Class_L10B46.npy'), Shape of predictions: (3654,)
Saving predictions for ('Normalized1_Defect4x4_ELNOD_L10B27.npy', 'Defect19Class_L10B27.npy'), Shape of predictions: (3654,)
Saving predictions for ('Normalized1_Defect4x4_ELNOD_L10B64.npy', 'Defect19Class_L10B64.npy'), Shape of predictions: (3654,)
Saving predictions for ('Normalized1_Defect4x4_ELNOD_L9B30.npy', 'Defect19Class_L9B30.npy'), Shape of predictions: (3654,)
Saving predictions for ('Normalized1_Defect4x4_ELNOD_L13B36.npy', 'Defect19Class_L13B36.npy'), Shape of predictions: (3654,)
Saving predictions for ('Normalized1_Defect4x4_ELNOD_L13B70.npy', 'Defect19Class_L13B70.npy'), Shape of predictions: (3654,)
Saving predictions for ('Normalized1_Defect4x4_ELNOD_L17B29.npy', 'Defect19Class_L17B29.npy'), Shape of predictions: (3654,)
Saving predictions for ('Normalized1_Defect4x4_ELNOD_L13B86.npy', 'Defect19Class_L13B86.npy'), Shape of predictions: (3654,)
Saving predictions for ('Normalized1_Defect4x4_ELNOD_L11B75.npy', 'Defect19Class_L11B75.npy'), Shape of predictions: (3654,)
Saving predictions for ('Normalized1_Defect4x4_ELNOD_L8B47.npy', 'Defect19Class_L8B47.npy'), Shape of predictions: (3654,)
Saving predictions for ('Normalized1_Defect4x4_ELNOD_L11B40.npy', 'Defect19Class_L11B40.npy'), Shape of predictions: (3654,)
Saving predictions for ('Normalized1_Defect4x4_ELNOD_L19B71.npy', 'Defect19Class_L19B71.npy'), Shape of predictions: (3654,)
Saving predictions for ('Normalized1_Defect4x4_ELNOD_L9B24.npy', 'Defect19Class_L9B24.npy'), Shape of predictions: (3654,)
Saving predictions for ('Normalized1_Defect4x4_ELNOD_L10B37.npy', 'Defect19Class_L10B37.npy'), Shape of predictions: (3654,)
Saving predictions for ('Normalized1_Defect4x4_ELNOD_L17B82.npy', 'Defect19Class_L17B82.npy'), Shape of predictions: (3654,)
Saving predictions for ('Normalized1_Defect4x4_ELNOD_L3B81.npy', 'Defect19Class_L3B81.npy'), Shape of predictions: (3654,)
Saving predictions for ('Normalized1_Defect4x4_ELNOD_L5B6.npy', 'Defect19Class_L5B6.npy'), Shape of predictions: (3654,)
Saving predictions for ('Normalized1_Defect4x4_ELNOD_L2B47.npy', 'Defect19Class_L2B47.npy'), Shape of predictions: (3654,)
Saving predictions for ('Normalized1_Defect4x4_ELNOD_L5B76.npy', 'Defect19Class_L5B76.npy'), Shape of predictions: (3654,)
Saving predictions for ('Normalized1_Defect4x4_ELNOD_L10B1.npy', 'Defect19Class_L10B1.npy'), Shape of predictions: (3654,)
Saving predictions for ('Normalized1_Defect4x4_ELNOD_L19B76.npy', 'Defect19Class_L19B76.npy'), Shape of predictions: (3654,)
Saving predictions for ('Normalized1_Defect4x4_ELNOD_L11B70.npy', 'Defect19Class_L11B70.npy'), Shape of predictions: (3654,)
Saving predictions for ('Normalized1_Defect4x4_ELNOD_L15B72.npy', 'Defect19Class_L15B72.npy'), Shape of predictions: (3654,)
Saving predictions for ('Normalized1_Defect4x4_ELNOD_L18B89.npy', 'Defect19Class_L18B89.npy'), Shape of predictions: (3654,)
Saving predictions for ('Normalized1_Defect4x4_ELNOD_L2B80.npy', 'Defect19Class_L2B80.npy'), Shape of predictions: (3654,)
Saving predictions for ('Normalized1_Defect4x4_ELNOD_L14B26.npy', 'Defect19Class_L14B26.npy'), Shape of predictions: (3654,)
Saving predictions for ('Normalized1_Defect4x4_ELNOD_L17B33.npy', 'Defect19Class_L17B33.npy'), Shape of predictions: (3654,)
Saving predictions for ('Normalized1_Defect4x4_ELNOD_L17B60.npy', 'Defect19Class_L17B60.npy'), Shape of predictions: (3654,)
Saving predictions for ('Normalized1_Defect4x4_ELNOD_L15B19.npy', 'Defect19Class_L15B19.npy'), Shape of predictions: (3654,)
Saving predictions for ('Normalized1_Defect4x4_ELNOD_L5B4.npy', 'Defect19Class_L5B4.npy'), Shape of predictions: (3654,)
Saving predictions for ('Normalized1_Defect4x4_ELNOD_L4B45.npy', 'Defect19Class_L4B45.npy'), Shape of predictions: (3654,)
Saving predictions for ('Normalized1_Defect4x4_ELNOD_L12B11.npy', 'Defect19Class_L12B11.npy'), Shape of predictions: (3654,)
Saving predictions for ('Normalized1_Defect4x4_ELNOD_L11B64.npy', 'Defect19Class_L11B64.npy'), Shape of predictions: (3654,)
Saving predictions for ('Normalized1_Defect4x4_ELNOD_L2B51.npy', 'Defect19Class_L2B51.npy'), Shape of predictions: (3654,)
Saving predictions for ('Normalized1_Defect4x4_ELNOD_L7B45.npy', 'Defect19Class_L7B45.npy'), Shape of predictions: (3654,)
Saving predictions for ('Normalized1_Defect4x4_ELNOD_L13B33.npy', 'Defect19Class_L13B33.npy'), Shape of predictions: (3654,)
Saving predictions for ('Normalized1_Defect4x4_ELNOD_L19B33.npy', 'Defect19Class_L19B33.npy'), Shape of predictions: (3654,)
Saving predictions for ('Normalized1_Defect4x4_ELNOD_L9B53.npy', 'Defect19Class_L9B53.npy'), Shape of predictions: (3654,)
Saving predictions for ('Normalized1_Defect4x4_ELNOD_L9B78.npy', 'Defect19Class_L9B78.npy'), Shape of predictions: (3654,)
Saving predictions for ('Normalized1_Defect4x4_ELNOD_L7B31.npy', 'Defect19Class_L7B31.npy'), Shape of predictions: (3654,)
Saving predictions for ('Normalized1_Defect4x4_ELNOD_L14B31.npy', 'Defect19Class_L14B31.npy'), Shape of predictions: (3654,)
Saving predictions for ('Normalized1_Defect4x4_ELNOD_L18B88.npy', 'Defect19Class_L18B88.npy'), Shape of predictions: (3654,)
Saving predictions for ('Normalized1_Defect4x4_ELNOD_L8B41.npy', 'Defect19Class_L8B41.npy'), Shape of predictions: (3654,)
Saving predictions for ('Normalized1_Defect4x4_ELNOD_L17B39.npy', 'Defect19Class_L17B39.npy'), Shape of predictions: (3654,)
Saving predictions for ('Normalized1_Defect4x4_ELNOD_L16B23.npy', 'Defect19Class_L16B23.npy'), Shape of predictions: (3654,)
Saving predictions for ('Normalized1_Defect4x4_ELNOD_L19B36.npy', 'Defect19Class_L19B36.npy'), Shape of predictions: (3654,)
Saving predictions for ('Normalized1_Defect4x4_ELNOD_L19B30.npy', 'Defect19Class_L19B30.npy'), Shape of predictions: (3654,)
Saving predictions for ('Normalized1_Defect4x4_ELNOD_L14B51.npy', 'Defect19Class_L14B51.npy'), Shape of predictions: (3654,)
Saving predictions for ('Normalized1_Defect4x4_ELNOD_L11B68.npy', 'Defect19Class_L11B68.npy'), Shape of predictions: (3654,)
Saving predictions for ('Normalized1_Defect4x4_ELNOD_L4B54.npy', 'Defect19Class_L4B54.npy'), Shape of predictions: (3654,)
Saving predictions for ('Normalized1_Defect4x4_ELNOD_L3B71.npy', 'Defect19Class_L3B71.npy'), Shape of predictions: (3654,)
Saving predictions for ('Normalized1_Defect4x4_ELNOD_L13B79.npy', 'Defect19Class_L13B79.npy'), Shape of predictions: (3654,)
Saving predictions for ('Normalized1_Defect4x4_ELNOD_L6B66.npy', 'Defect19Class_L6B66.npy'), Shape of predictions: (3654,)
Saving predictions for ('Normalized1_Defect4x4_ELNOD_L18B12.npy', 'Defect19Class_L18B12.npy'), Shape of predictions: (3654,)
Saving predictions for ('Normalized1_Defect4x4_ELNOD_L6B11.npy', 'Defect19Class_L6B11.npy'), Shape of predictions: (3654,)
Saving predictions for ('Normalized1_Defect4x4_ELNOD_L13B50.npy', 'Defect19Class_L13B50.npy'), Shape of predictions: (3654,)
Saving predictions for ('Normalized1_Defect4x4_ELNOD_L9B67.npy', 'Defect19Class_L9B67.npy'), Shape of predictions: (3654,)
Saving predictions for ('Normalized1_Defect4x4_ELNOD_L11B25.npy', 'Defect19Class_L11B25.npy'), Shape of predictions: (3654,)
Saving predictions for ('Normalized1_Defect4x4_ELNOD_L5B13.npy', 'Defect19Class_L5B13.npy'), Shape of predictions: (3654,)
Saving predictions for ('Normalized1_Defect4x4_ELNOD_L18B74.npy', 'Defect19Class_L18B74.npy'), Shape of predictions: (3654,)
Saving predictions for ('Normalized1_Defect4x4_ELNOD_L19B77.npy', 'Defect19Class_L19B77.npy'), Shape of predictions: (3654,)
Saving predictions for ('Normalized1_Defect4x4_ELNOD_L15B49.npy', 'Defect19Class_L15B49.npy'), Shape of predictions: (3654,)
Saving predictions for ('Normalized1_Defect4x4_ELNOD_L7B61.npy', 'Defect19Class_L7B61.npy'), Shape of predictions: (3654,)
Saving predictions for ('Normalized1_Defect4x4_ELNOD_L5B5.npy', 'Defect19Class_L5B5.npy'), Shape of predictions: (3654,)
Saving predictions for ('Normalized1_Defect4x4_ELNOD_L3B23.npy', 'Defect19Class_L3B23.npy'), Shape of predictions: (3654,)
Saving predictions for ('Normalized1_Defect4x4_ELNOD_L18B78.npy', 'Defect19Class_L18B78.npy'), Shape of predictions: (3654,)
Saving predictions for ('Normalized1_Defect4x4_ELNOD_L4B14.npy', 'Defect19Class_L4B14.npy'), Shape of predictions: (3654,)
Saving predictions for ('Normalized1_Defect4x4_ELNOD_L14B81.npy', 'Defect19Class_L14B81.npy'), Shape of predictions: (3654,)
Saving predictions for ('Normalized1_Defect4x4_ELNOD_L5B58.npy', 'Defect19Class_L5B58.npy'), Shape of predictions: (3654,)
Saving predictions for ('Normalized1_Defect4x4_ELNOD_L12B85.npy', 'Defect19Class_L12B85.npy'), Shape of predictions: (3654,)
Saving predictions for ('Normalized1_Defect4x4_ELNOD_L17B58.npy', 'Defect19Class_L17B58.npy'), Shape of predictions: (3654,)
Saving predictions for ('Normalized1_Defect4x4_ELNOD_L2B68.npy', 'Defect19Class_L2B68.npy'), Shape of predictions: (3654,)
Saving predictions for ('Normalized1_Defect4x4_ELNOD_L16B34.npy', 'Defect19Class_L16B34.npy'), Shape of predictions: (3654,)
Saving predictions for ('Normalized1_Defect4x4_ELNOD_L16B67.npy', 'Defect19Class_L16B67.npy'), Shape of predictions: (3654,)
Saving predictions for ('Normalized1_Defect4x4_ELNOD_L3B7.npy', 'Defect19Class_L3B7.npy'), Shape of predictions: (3654,)
Saving predictions for ('Normalized1_Defect4x4_ELNOD_L18B42.npy', 'Defect19Class_L18B42.npy'), Shape of predictions: (3654,)
Saving predictions for ('Normalized1_Defect4x4_ELNOD_L19B82.npy', 'Defect19Class_L19B82.npy'), Shape of predictions: (3654,)
Saving predictions for ('Normalized1_Defect4x4_ELNOD_L2B21.npy', 'Defect19Class_L2B21.npy'), Shape of predictions: (3654,)
Saving predictions for ('Normalized1_Defect4x4_ELNOD_L10B40.npy', 'Defect19Class_L10B40.npy'), Shape of predictions: (3654,)
Saving predictions for ('Normalized1_Defect4x4_ELNOD_L6B34.npy', 'Defect19Class_L6B34.npy'), Shape of predictions: (3654,)
Saving predictions for ('Normalized1_Defect4x4_ELNOD_L18B51.npy', 'Defect19Class_L18B51.npy'), Shape of predictions: (3654,)
Saving predictions for ('Normalized1_Defect4x4_ELNOD_L3B21.npy', 'Defect19Class_L3B21.npy'), Shape of predictions: (3654,)
Saving predictions for ('Normalized1_Defect4x4_ELNOD_L2B79.npy', 'Defect19Class_L2B79.npy'), Shape of predictions: (3654,)
Saving predictions for ('Normalized1_Defect4x4_ELNOD_L15B15.npy', 'Defect19Class_L15B15.npy'), Shape of predictions: (3654,)
Saving predictions for ('Normalized1_Defect4x4_ELNOD_L3B39.npy', 'Defect19Class_L3B39.npy'), Shape of predictions: (3654,)
Saving predictions for ('Normalized1_Defect4x4_ELNOD_L2B60.npy', 'Defect19Class_L2B60.npy'), Shape of predictions: (3654,)
Saving predictions for ('Normalized1_Defect4x4_ELNOD_L9B37.npy', 'Defect19Class_L9B37.npy'), Shape of predictions: (3654,)
Saving predictions for ('Normalized1_Defect4x4_ELNOD_L7B28.npy', 'Defect19Class_L7B28.npy'), Shape of predictions: (3654,)
Saving predictions for ('Normalized1_Defect4x4_ELNOD_L15B27.npy', 'Defect19Class_L15B27.npy'), Shape of predictions: (3654,)
Saving predictions for ('Normalized1_Defect4x4_ELNOD_L10B38.npy', 'Defect19Class_L10B38.npy'), Shape of predictions: (3654,)
Saving predictions for ('Normalized1_Defect4x4_ELNOD_L16B58.npy', 'Defect19Class_L16B58.npy'), Shape of predictions: (3654,)
Saving predictions for ('Normalized1_Defect4x4_ELNOD_L15B10.npy', 'Defect19Class_L15B10.npy'), Shape of predictions: (3654,)
Saving predictions for ('Normalized1_Defect4x4_ELNOD_L11B51.npy', 'Defect19Class_L11B51.npy'), Shape of predictions: (3654,)
Saving predictions for ('Normalized1_Defect4x4_ELNOD_L19B79.npy', 'Defect19Class_L19B79.npy'), Shape of predictions: (3654,)
Saving predictions for ('Normalized1_Defect4x4_ELNOD_L2B19.npy', 'Defect19Class_L2B19.npy'), Shape of predictions: (3654,)
Saving predictions for ('Normalized1_Defect4x4_ELNOD_L5B72.npy', 'Defect19Class_L5B72.npy'), Shape of predictions: (3654,)
Saving predictions for ('Normalized1_Defect4x4_ELNOD_L19B57.npy', 'Defect19Class_L19B57.npy'), Shape of predictions: (3654,)
Saving predictions for ('Normalized1_Defect4x4_ELNOD_L19B4.npy', 'Defect19Class_L19B4.npy'), Shape of predictions: (3654,)
Saving predictions for ('Normalized1_Defect4x4_ELNOD_L12B48.npy', 'Defect19Class_L12B48.npy'), Shape of predictions: (3654,)
Saving predictions for ('Normalized1_Defect4x4_ELNOD_L4B68.npy', 'Defect19Class_L4B68.npy'), Shape of predictions: (3654,)
Saving predictions for ('Normalized1_Defect4x4_ELNOD_L12B21.npy', 'Defect19Class_L12B21.npy'), Shape of predictions: (3654,)
Saving predictions for ('Normalized1_Defect4x4_ELNOD_L10B80.npy', 'Defect19Class_L10B80.npy'), Shape of predictions: (3654,)
Saving predictions for ('Normalized1_Defect4x4_ELNOD_L14B34.npy', 'Defect19Class_L14B34.npy'), Shape of predictions: (3654,)
Saving predictions for ('Normalized1_Defect4x4_ELNOD_L11B47.npy', 'Defect19Class_L11B47.npy'), Shape of predictions: (3654,)
Saving predictions for ('Normalized1_Defect4x4_ELNOD_L2B40.npy', 'Defect19Class_L2B40.npy'), Shape of predictions: (3654,)
Saving predictions for ('Normalized1_Defect4x4_ELNOD_L4B37.npy', 'Defect19Class_L4B37.npy'), Shape of predictions: (3654,)
Saving predictions for ('Normalized1_Defect4x4_ELNOD_L19B47.npy', 'Defect19Class_L19B47.npy'), Shape of predictions: (3654,)
Saving predictions for ('Normalized1_Defect4x4_ELNOD_L7B39.npy', 'Defect19Class_L7B39.npy'), Shape of predictions: (3654,)
Saving predictions for ('Normalized1_Defect4x4_ELNOD_L7B5.npy', 'Defect19Class_L7B5.npy'), Shape of predictions: (3654,)
Saving predictions for ('Normalized1_Defect4x4_ELNOD_L6B24.npy', 'Defect19Class_L6B24.npy'), Shape of predictions: (3654,)
Saving predictions for ('Normalized1_Defect4x4_ELNOD_L5B25.npy', 'Defect19Class_L5B25.npy'), Shape of predictions: (3654,)
Saving predictions for ('Normalized1_Defect4x4_ELNOD_L6B36.npy', 'Defect19Class_L6B36.npy'), Shape of predictions: (3654,)
Saving predictions for ('Normalized1_Defect4x4_ELNOD_L10B78.npy', 'Defect19Class_L10B78.npy'), Shape of predictions: (3654,)
Saving predictions for ('Normalized1_Defect4x4_ELNOD_L15B68.npy', 'Defect19Class_L15B68.npy'), Shape of predictions: (3654,)
Saving predictions for ('Normalized1_Defect4x4_ELNOD_L12B56.npy', 'Defect19Class_L12B56.npy'), Shape of predictions: (3654,)
Saving predictions for ('Normalized1_Defect4x4_ELNOD_L14B29.npy', 'Defect19Class_L14B29.npy'), Shape of predictions: (3654,)
Saving predictions for ('Normalized1_Defect4x4_ELNOD_L16B86.npy', 'Defect19Class_L16B86.npy'), Shape of predictions: (3654,)
Saving predictions for ('Normalized1_Defect4x4_ELNOD_L5B71.npy', 'Defect19Class_L5B71.npy'), Shape of predictions: (3654,)
Saving predictions for ('Normalized1_Defect4x4_ELNOD_L5B75.npy', 'Defect19Class_L5B75.npy'), Shape of predictions: (3654,)
Saving predictions for ('Normalized1_Defect4x4_ELNOD_L18B14.npy', 'Defect19Class_L18B14.npy'), Shape of predictions: (3654,)
Saving predictions for ('Normalized1_Defect4x4_ELNOD_L19B54.npy', 'Defect19Class_L19B54.npy'), Shape of predictions: (3654,)
Saving predictions for ('Normalized1_Defect4x4_ELNOD_L7B37.npy', 'Defect19Class_L7B37.npy'), Shape of predictions: (3654,)
Saving predictions for ('Normalized1_Defect4x4_ELNOD_L8B4.npy', 'Defect19Class_L8B4.npy'), Shape of predictions: (3654,)
Saving predictions for ('Normalized1_Defect4x4_ELNOD_L11B31.npy', 'Defect19Class_L11B31.npy'), Shape of predictions: (3654,)
Saving predictions for ('Normalized1_Defect4x4_ELNOD_L18B47.npy', 'Defect19Class_L18B47.npy'), Shape of predictions: (3654,)
Saving predictions for ('Normalized1_Defect4x4_ELNOD_L11B17.npy', 'Defect19Class_L11B17.npy'), Shape of predictions: (3654,)
Saving predictions for ('Normalized1_Defect4x4_ELNOD_L14B62.npy', 'Defect19Class_L14B62.npy'), Shape of predictions: (3654,)
Saving predictions for ('Normalized1_Defect4x4_ELNOD_L4B33.npy', 'Defect19Class_L4B33.npy'), Shape of predictions: (3654,)
Saving predictions for ('Normalized1_Defect4x4_ELNOD_L17B88.npy', 'Defect19Class_L17B88.npy'), Shape of predictions: (3654,)
Saving predictions for ('Normalized1_Defect4x4_ELNOD_L4B42.npy', 'Defect19Class_L4B42.npy'), Shape of predictions: (3654,)
Saving predictions for ('Normalized1_Defect4x4_ELNOD_L18B30.npy', 'Defect19Class_L18B30.npy'), Shape of predictions: (3654,)
Saving predictions for ('Normalized1_Defect4x4_ELNOD_L3B60.npy', 'Defect19Class_L3B60.npy'), Shape of predictions: (3654,)
Saving predictions for ('Normalized1_Defect4x4_ELNOD_L14B22.npy', 'Defect19Class_L14B22.npy'), Shape of predictions: (3654,)
Saving predictions for ('Normalized1_Defect4x4_ELNOD_L4B62.npy', 'Defect19Class_L4B62.npy'), Shape of predictions: (3654,)
Saving predictions for ('Normalized1_Defect4x4_ELNOD_L9B25.npy', 'Defect19Class_L9B25.npy'), Shape of predictions: (3654,)
Saving predictions for ('Normalized1_Defect4x4_ELNOD_L16B60.npy', 'Defect19Class_L16B60.npy'), Shape of predictions: (3654,)
Saving predictions for ('Normalized1_Defect4x4_ELNOD_L2B32.npy', 'Defect19Class_L2B32.npy'), Shape of predictions: (3654,)
Saving predictions for ('Normalized1_Defect4x4_ELNOD_L9B57.npy', 'Defect19Class_L9B57.npy'), Shape of predictions: (3654,)
Saving predictions for ('Normalized1_Defect4x4_ELNOD_L13B68.npy', 'Defect19Class_L13B68.npy'), Shape of predictions: (3654,)
Saving predictions for ('Normalized1_Defect4x4_ELNOD_L17B42.npy', 'Defect19Class_L17B42.npy'), Shape of predictions: (3654,)
Saving predictions for ('Normalized1_Defect4x4_ELNOD_L10B50.npy', 'Defect19Class_L10B50.npy'), Shape of predictions: (3654,)
Saving predictions for ('Normalized1_Defect4x4_ELNOD_L12B79.npy', 'Defect19Class_L12B79.npy'), Shape of predictions: (3654,)
Saving predictions for ('Normalized1_Defect4x4_ELNOD_L14B86.npy', 'Defect19Class_L14B86.npy'), Shape of predictions: (3654,)
Saving predictions for ('Normalized1_Defect4x4_ELNOD_L11B21.npy', 'Defect19Class_L11B21.npy'), Shape of predictions: (3654,)
Saving predictions for ('Normalized1_Defect4x4_ELNOD_L4B77.npy', 'Defect19Class_L4B77.npy'), Shape of predictions: (3654,)
Saving predictions for ('Normalized1_Defect4x4_ELNOD_L3B33.npy', 'Defect19Class_L3B33.npy'), Shape of predictions: (3654,)
Saving predictions for ('Normalized1_Defect4x4_ELNOD_L11B6.npy', 'Defect19Class_L11B6.npy'), Shape of predictions: (3654,)
Saving predictions for ('Normalized1_Defect4x4_ELNOD_L19B1.npy', 'Defect19Class_L19B1.npy'), Shape of predictions: (3654,)
Saving predictions for ('Normalized1_Defect4x4_ELNOD_L15B1.npy', 'Defect19Class_L15B1.npy'), Shape of predictions: (3654,)
Saving predictions for ('Normalized1_Defect4x4_ELNOD_L14B30.npy', 'Defect19Class_L14B30.npy'), Shape of predictions: (3654,)
Saving predictions for ('Normalized1_Defect4x4_ELNOD_L2B37.npy', 'Defect19Class_L2B37.npy'), Shape of predictions: (3654,)
Saving predictions for ('Normalized1_Defect4x4_ELNOD_L14B7.npy', 'Defect19Class_L14B7.npy'), Shape of predictions: (3654,)
Saving predictions for ('Normalized1_Defect4x4_ELNOD_L3B87.npy', 'Defect19Class_L3B87.npy'), Shape of predictions: (3654,)
Test data predictions saved for all test samples in: /home/nishioka/GNN/Predict_data/Predict19Class4x4_Test20241104_140730
Shape of all_preds: (1183896,)
Shape of all_labels: (1183896,)
Shape of all_probs: (1183896, 19)
Balanced Accuracy: 0.06102849033425241
Matthews Correlation Coefficient: 0.1969407769773735
ROC AUC Score: 0.6906816371711758

Classification Report:
              precision    recall  f1-score   support

           0       0.99      1.00      1.00   1175796
           1       0.00      0.00      0.00       475
           2       0.00      0.00      0.00       475
           3       0.00      0.00      0.00       575
           4       0.00      0.00      0.00       500
           5       0.00      0.00      0.00       400
           6       0.00      0.00      0.00       400
           7       0.00      0.00      0.00       250
           8       0.00      0.00      0.00       575
           9       0.00      0.00      0.00       475
          10       0.10      0.04      0.06       625
          11       0.00      0.00      0.00       325
          12       0.00      0.00      0.00       400
          13       0.00      0.00      0.00       600
          14       0.06      0.12      0.08       500
          15       0.00      0.00      0.00       225
          16       0.00      0.00      0.00       425
          17       0.00      0.00      0.00       350
          18       0.00      0.00      0.00       525

    accuracy                           0.99   1183896
   macro avg       0.06      0.06      0.06   1183896
weighted avg       0.99      0.99      0.99   1183896

Test Loss: 0.0000, Test Accuracy: 0.9932
Precision: 0.9874, Recall: 0.9932, F1-Score: 0.9903
Balanced Accuracy: 0.0610
Matthews Correlation Coefficient (MCC): 0.1969
ROC AUC Score: 0.6906816371711758
Images have been saved in /home/nishioka/GNN/Predict_truth/pred_vs_true_images_20241104_140730
Test Loss: 2.6424, Test Accuracy: 0.9932
Precision: 0.9874, Recall: 0.9932, F1-Score: 0.9903
