nohup: ignoring input
Using device: NVIDIA GeForce RTX 3090
Using device: NVIDIA GeForce RTX 3090
Using device: NVIDIA GeForce RTX 3090
Using device: NVIDIA GeForce RTX 3090
Rank: 0, World Size: 4, Master Addr: 127.0.0.1, Master Port: 12355
Rank 0 using device: cuda:0
Rank 2 using device: cuda:2
Rank 1 using device: cuda:1
Rank 3 using device: cuda:3
Starting Fold 1
Precision: 0.9933, Recall: 0.4379, F1-Score: 0.6074
Fold 1, Epoch 1, Train Loss: 29.6258, Val Loss: 27.8841, Val Acc: 0.4357
Precision: 0.9819, Recall: 0.0091, F1-Score: 0.0175
Fold 1, Epoch 2, Train Loss: 32.3059, Val Loss: 29.8962, Val Acc: 0.0095
Precision: 0.9929, Recall: 0.9379, F1-Score: 0.9644
Fold 1, Epoch 3, Train Loss: 32.1218, Val Loss: 30.8277, Val Acc: 0.9378
Precision: 0.9933, Recall: 0.9360, F1-Score: 0.9634
Fold 1, Epoch 4, Train Loss: 31.5794, Val Loss: 31.5733, Val Acc: 0.9352
Precision: 0.9930, Recall: 0.9197, F1-Score: 0.9547
Fold 1, Epoch 5, Train Loss: 31.9636, Val Loss: 31.1439, Val Acc: 0.9192
Precision: 0.9931, Recall: 0.9154, F1-Score: 0.9524
Fold 1, Epoch 6, Train Loss: 32.1442, Val Loss: 31.5509, Val Acc: 0.9144
Precision: 0.9932, Recall: 0.9076, F1-Score: 0.9482
Fold 1, Epoch 7, Train Loss: 31.1185, Val Loss: 30.5216, Val Acc: 0.9061
Precision: 0.9932, Recall: 0.9088, F1-Score: 0.9488
Fold 1, Epoch 8, Train Loss: 31.1143, Val Loss: 30.4432, Val Acc: 0.9072
Precision: 0.9932, Recall: 0.9218, F1-Score: 0.9559
Fold 1, Epoch 9, Train Loss: 31.7589, Val Loss: 31.4126, Val Acc: 0.9203
Precision: 0.9932, Recall: 0.8017, F1-Score: 0.8868
Fold 1, Epoch 10, Train Loss: 31.9534, Val Loss: 31.9344, Val Acc: 0.7987
Precision: 0.9929, Recall: 0.9479, F1-Score: 0.9696
Fold 1, Epoch 11, Train Loss: 31.8713, Val Loss: 31.4663, Val Acc: 0.9468
Precision: 0.9933, Recall: 0.9042, F1-Score: 0.9463
Fold 1, Epoch 12, Train Loss: 31.5494, Val Loss: 31.5901, Val Acc: 0.9035
Precision: 0.9932, Recall: 0.9261, F1-Score: 0.9581
Fold 1, Epoch 13, Train Loss: 31.6800, Val Loss: 31.4064, Val Acc: 0.9249
Precision: 0.9933, Recall: 0.9305, F1-Score: 0.9605
Fold 1, Epoch 14, Train Loss: 30.9422, Val Loss: 31.4259, Val Acc: 0.9296
Precision: 0.9932, Recall: 0.9564, F1-Score: 0.9742
Fold 1, Epoch 15, Train Loss: 31.1990, Val Loss: 31.3605, Val Acc: 0.9554
Precision: 0.9933, Recall: 0.9064, F1-Score: 0.9475
Fold 1, Epoch 16, Train Loss: 30.9518, Val Loss: 31.8903, Val Acc: 0.9048
Precision: 0.9931, Recall: 0.9707, F1-Score: 0.9815
Fold 1, Epoch 17, Train Loss: 31.1235, Val Loss: 31.3769, Val Acc: 0.9701
Precision: 0.9933, Recall: 0.9408, F1-Score: 0.9661
Fold 1, Epoch 18, Train Loss: 31.6620, Val Loss: 31.3966, Val Acc: 0.9397
Precision: 0.9932, Recall: 0.9439, F1-Score: 0.9676
Fold 1, Epoch 19, Train Loss: 31.4006, Val Loss: 31.3388, Val Acc: 0.9415
Precision: 0.9932, Recall: 0.7377, F1-Score: 0.8462
Fold 1, Epoch 20, Train Loss: 30.9186, Val Loss: 31.4862, Val Acc: 0.7365
Precision: 0.9932, Recall: 0.9465, F1-Score: 0.9690
Fold 1, Epoch 21, Train Loss: 31.3391, Val Loss: 31.2099, Val Acc: 0.9449
Precision: 0.9933, Recall: 0.9385, F1-Score: 0.9647
Fold 1, Epoch 22, Train Loss: 31.4004, Val Loss: 31.2966, Val Acc: 0.9377
Precision: 0.9933, Recall: 0.9294, F1-Score: 0.9600
Fold 1, Epoch 23, Train Loss: 30.6963, Val Loss: 30.9157, Val Acc: 0.9286
Precision: 0.9933, Recall: 0.9614, F1-Score: 0.9768
Fold 1, Epoch 24, Train Loss: 31.4898, Val Loss: 30.9330, Val Acc: 0.9600
Precision: 0.9934, Recall: 0.9411, F1-Score: 0.9662
Fold 1, Epoch 25, Train Loss: 30.9419, Val Loss: 30.8189, Val Acc: 0.9404
Precision: 0.9935, Recall: 0.9516, F1-Score: 0.9717
Fold 1, Epoch 26, Train Loss: 30.9334, Val Loss: 31.2089, Val Acc: 0.9500
Precision: 0.9934, Recall: 0.9313, F1-Score: 0.9610
Fold 1, Epoch 27, Train Loss: 31.1888, Val Loss: 31.0767, Val Acc: 0.9294
Precision: 0.9933, Recall: 0.9534, F1-Score: 0.9726
Fold 1, Epoch 28, Train Loss: 30.9384, Val Loss: 31.4061, Val Acc: 0.9513
Precision: 0.9933, Recall: 0.6185, F1-Score: 0.7619
Fold 1, Epoch 29, Train Loss: 31.3174, Val Loss: 31.5608, Val Acc: 0.6177
Precision: 0.9935, Recall: 0.9411, F1-Score: 0.9662
Fold 1, Epoch 30, Train Loss: 31.7245, Val Loss: 31.0536, Val Acc: 0.9405
Precision: 0.9934, Recall: 0.9472, F1-Score: 0.9694
Fold 1, Epoch 31, Train Loss: 31.6847, Val Loss: 31.1170, Val Acc: 0.9463
Precision: 0.9933, Recall: 0.9473, F1-Score: 0.9695
Fold 1, Epoch 32, Train Loss: 31.7636, Val Loss: 31.3316, Val Acc: 0.9463
Precision: 0.9934, Recall: 0.9366, F1-Score: 0.9638
Fold 1, Epoch 33, Train Loss: 31.9485, Val Loss: 31.1660, Val Acc: 0.9350
Precision: 0.9936, Recall: 0.9664, F1-Score: 0.9795
Fold 1, Epoch 34, Train Loss: 31.6565, Val Loss: 31.0127, Val Acc: 0.9656
Precision: 0.9933, Recall: 0.9630, F1-Score: 0.9776
Fold 1, Epoch 35, Train Loss: 31.2629, Val Loss: 31.1334, Val Acc: 0.9617
Precision: 0.9938, Recall: 0.9711, F1-Score: 0.9819
Fold 1, Epoch 36, Train Loss: 31.0697, Val Loss: 30.5942, Val Acc: 0.9700
Precision: 0.9934, Recall: 0.9744, F1-Score: 0.9835
Fold 1, Epoch 37, Train Loss: 30.7837, Val Loss: 30.7556, Val Acc: 0.9734
Precision: 0.9934, Recall: 0.9501, F1-Score: 0.9709
Fold 1, Epoch 38, Train Loss: 30.8769, Val Loss: 30.3583, Val Acc: 0.9488
Precision: 0.9933, Recall: 0.9357, F1-Score: 0.9633
Fold 1, Epoch 39, Train Loss: 30.9144, Val Loss: 30.1627, Val Acc: 0.9351
Precision: 0.9935, Recall: 0.9448, F1-Score: 0.9682
Fold 1, Epoch 40, Train Loss: 30.4292, Val Loss: 30.8549, Val Acc: 0.9443
Precision: 0.9933, Recall: 0.9625, F1-Score: 0.9774
Fold 1, Epoch 41, Train Loss: 31.0799, Val Loss: 30.6505, Val Acc: 0.9615
Precision: 0.9934, Recall: 0.9386, F1-Score: 0.9648
Fold 1, Epoch 42, Train Loss: 29.9175, Val Loss: 29.8515, Val Acc: 0.9371
Precision: 0.9935, Recall: 0.9563, F1-Score: 0.9742
Fold 1, Epoch 43, Train Loss: 30.0787, Val Loss: 29.6783, Val Acc: 0.9552
Precision: 0.9934, Recall: 0.9777, F1-Score: 0.9853
Fold 1, Epoch 44, Train Loss: 29.3739, Val Loss: 29.3269, Val Acc: 0.9770
Precision: 0.9935, Recall: 0.9250, F1-Score: 0.9577
Fold 1, Epoch 45, Train Loss: 29.2713, Val Loss: 29.4569, Val Acc: 0.9246
Precision: 0.9936, Recall: 0.9403, F1-Score: 0.9659
Fold 1, Epoch 46, Train Loss: 29.1083, Val Loss: 29.8693, Val Acc: 0.9400
Precision: 0.9934, Recall: 0.9493, F1-Score: 0.9705
Fold 1, Epoch 47, Train Loss: 28.7243, Val Loss: 29.5917, Val Acc: 0.9478
Precision: 0.9932, Recall: 0.2557, F1-Score: 0.4060
Fold 1, Epoch 48, Train Loss: 28.6504, Val Loss: 29.7140, Val Acc: 0.2556
Precision: 0.9932, Recall: 0.9441, F1-Score: 0.9679
Fold 1, Epoch 49, Train Loss: 27.8277, Val Loss: 27.1359, Val Acc: 0.9440
Precision: 0.9935, Recall: 0.9458, F1-Score: 0.9688
Fold 1, Epoch 50, Train Loss: 25.9744, Val Loss: 26.7002, Val Acc: 0.9450
Precision: 0.9933, Recall: 0.6882, F1-Score: 0.8127
Fold 1, Epoch 51, Train Loss: 22.9014, Val Loss: 19.5282, Val Acc: 0.6868
Precision: 0.9933, Recall: 0.2598, F1-Score: 0.4113
Fold 1, Epoch 52, Train Loss: 19.1872, Val Loss: 24.4146, Val Acc: 0.2598
Precision: 0.9933, Recall: 0.3460, F1-Score: 0.5127
Fold 1, Epoch 53, Train Loss: 23.4309, Val Loss: 22.4286, Val Acc: 0.3469
Precision: 0.9927, Recall: 0.4284, F1-Score: 0.5979
Fold 1, Epoch 54, Train Loss: 21.8556, Val Loss: 20.4814, Val Acc: 0.4282
Precision: 0.9934, Recall: 0.0346, F1-Score: 0.0659
Fold 1, Epoch 55, Train Loss: 21.8477, Val Loss: 18.4449, Val Acc: 0.0341
Precision: 0.9933, Recall: 0.1775, F1-Score: 0.3007
Fold 1, Epoch 56, Train Loss: 21.2117, Val Loss: 18.2086, Val Acc: 0.1760
Precision: 0.9934, Recall: 0.1215, F1-Score: 0.2157
Fold 1, Epoch 57, Train Loss: 17.9001, Val Loss: 19.2446, Val Acc: 0.1205
Precision: 0.9926, Recall: 0.9540, F1-Score: 0.9728
Fold 1, Epoch 58, Train Loss: 19.1538, Val Loss: 15.5879, Val Acc: 0.9534
Precision: 0.9935, Recall: 0.1073, F1-Score: 0.1926
Fold 1, Epoch 59, Train Loss: 11.5449, Val Loss: 11.7928, Val Acc: 0.1080
Precision: 0.9932, Recall: 0.0846, F1-Score: 0.1554
Fold 1, Epoch 60, Train Loss: 11.3254, Val Loss: 12.1136, Val Acc: 0.0855
Precision: 0.9932, Recall: 0.1075, F1-Score: 0.1931
Fold 1, Epoch 61, Train Loss: 8.7676, Val Loss: 9.3732, Val Acc: 0.1073
Precision: 0.9932, Recall: 0.6954, F1-Score: 0.8178
Fold 1, Epoch 62, Train Loss: 6.8984, Val Loss: 5.5368, Val Acc: 0.6933
Precision: 0.9934, Recall: 0.7434, F1-Score: 0.8501
Fold 1, Epoch 63, Train Loss: 4.8704, Val Loss: 3.9389, Val Acc: 0.7393
Precision: 0.9935, Recall: 0.9403, F1-Score: 0.9659
Fold 1, Epoch 64, Train Loss: 3.8500, Val Loss: 3.0760, Val Acc: 0.9390
Precision: 0.9938, Recall: 0.7211, F1-Score: 0.8355
Fold 1, Epoch 65, Train Loss: 3.1343, Val Loss: 2.7651, Val Acc: 0.7177
Precision: 0.9935, Recall: 0.8608, F1-Score: 0.9221
Fold 1, Epoch 66, Train Loss: 2.7875, Val Loss: 2.7912, Val Acc: 0.8597
Precision: 0.9939, Recall: 0.9264, F1-Score: 0.9586
Fold 1, Epoch 67, Train Loss: 2.6472, Val Loss: 2.4628, Val Acc: 0.9257
Precision: 0.9938, Recall: 0.9605, F1-Score: 0.9765
Fold 1, Epoch 68, Train Loss: 2.5845, Val Loss: 2.5807, Val Acc: 0.9598
Precision: 0.9937, Recall: 0.9790, F1-Score: 0.9861
Fold 1, Epoch 69, Train Loss: 2.4338, Val Loss: 2.2899, Val Acc: 0.9786
Precision: 0.9936, Recall: 0.9397, F1-Score: 0.9656
Fold 1, Epoch 70, Train Loss: 2.3054, Val Loss: 2.3395, Val Acc: 0.9380
Precision: 0.9939, Recall: 0.9710, F1-Score: 0.9820
Fold 1, Epoch 71, Train Loss: 2.3601, Val Loss: 2.2987, Val Acc: 0.9707
Precision: 0.9938, Recall: 0.9896, F1-Score: 0.9915
Fold 1, Epoch 72, Train Loss: 2.3532, Val Loss: 2.3307, Val Acc: 0.9894
Precision: 0.9938, Recall: 0.9816, F1-Score: 0.9875
Fold 1, Epoch 73, Train Loss: 2.3462, Val Loss: 2.1690, Val Acc: 0.9814
Precision: 0.9939, Recall: 0.9699, F1-Score: 0.9816
Fold 1, Epoch 74, Train Loss: 2.2397, Val Loss: 2.2077, Val Acc: 0.9695
Precision: 0.9936, Recall: 0.9826, F1-Score: 0.9878
Fold 1, Epoch 75, Train Loss: 2.1199, Val Loss: 2.0513, Val Acc: 0.9824
Precision: 0.9940, Recall: 0.9879, F1-Score: 0.9907
Fold 1, Epoch 76, Train Loss: 2.2215, Val Loss: 2.0757, Val Acc: 0.9876
Precision: 0.9941, Recall: 0.9798, F1-Score: 0.9864
Fold 1, Epoch 77, Train Loss: 2.1584, Val Loss: 2.1664, Val Acc: 0.9790
Precision: 0.9940, Recall: 0.9848, F1-Score: 0.9890
Fold 1, Epoch 78, Train Loss: 2.1147, Val Loss: 2.1198, Val Acc: 0.9845
Precision: 0.9944, Recall: 0.9874, F1-Score: 0.9904
Fold 1, Epoch 79, Train Loss: 1.9896, Val Loss: 1.9843, Val Acc: 0.9873
Precision: 0.9940, Recall: 0.9775, F1-Score: 0.9854
Fold 1, Epoch 80, Train Loss: 2.0258, Val Loss: 1.9400, Val Acc: 0.9773
Precision: 0.9939, Recall: 0.9847, F1-Score: 0.9891
Fold 1, Epoch 81, Train Loss: 1.9662, Val Loss: 1.9220, Val Acc: 0.9845
Precision: 0.9945, Recall: 0.9871, F1-Score: 0.9904
Fold 1, Epoch 82, Train Loss: 1.8783, Val Loss: 1.7797, Val Acc: 0.9870
Precision: 0.9942, Recall: 0.9840, F1-Score: 0.9887
Fold 1, Epoch 83, Train Loss: 1.8746, Val Loss: 1.7660, Val Acc: 0.9838
Precision: 0.9941, Recall: 0.9850, F1-Score: 0.9893
Fold 1, Epoch 84, Train Loss: 1.8363, Val Loss: 1.6963, Val Acc: 0.9846
Precision: 0.9941, Recall: 0.9844, F1-Score: 0.9889
Fold 1, Epoch 85, Train Loss: 1.7323, Val Loss: 1.6888, Val Acc: 0.9845
Precision: 0.9940, Recall: 0.9837, F1-Score: 0.9886
Fold 1, Epoch 86, Train Loss: 1.7022, Val Loss: 1.6241, Val Acc: 0.9835
Precision: 0.9942, Recall: 0.9827, F1-Score: 0.9880
Fold 1, Epoch 87, Train Loss: 1.6575, Val Loss: 1.5657, Val Acc: 0.9826
Precision: 0.9940, Recall: 0.9832, F1-Score: 0.9883
Fold 1, Epoch 88, Train Loss: 1.6311, Val Loss: 1.5524, Val Acc: 0.9829
Precision: 0.9943, Recall: 0.9861, F1-Score: 0.9898
Fold 1, Epoch 89, Train Loss: 1.6146, Val Loss: 1.5888, Val Acc: 0.9856
Precision: 0.9948, Recall: 0.9870, F1-Score: 0.9904
Fold 1, Epoch 90, Train Loss: 1.5786, Val Loss: 1.5285, Val Acc: 0.9866
Precision: 0.9943, Recall: 0.9879, F1-Score: 0.9908
Fold 1, Epoch 91, Train Loss: 1.6130, Val Loss: 1.4889, Val Acc: 0.9876
Precision: 0.9944, Recall: 0.9890, F1-Score: 0.9912
Fold 1, Epoch 92, Train Loss: 1.5666, Val Loss: 1.4447, Val Acc: 0.9888
Precision: 0.9941, Recall: 0.9792, F1-Score: 0.9862
Fold 1, Epoch 93, Train Loss: 1.6140, Val Loss: 1.4074, Val Acc: 0.9786
Precision: 0.9946, Recall: 0.9862, F1-Score: 0.9899
Fold 1, Epoch 94, Train Loss: 1.5242, Val Loss: 1.4390, Val Acc: 0.9855
Precision: 0.9944, Recall: 0.9800, F1-Score: 0.9868
Fold 1, Epoch 95, Train Loss: 1.4818, Val Loss: 1.3894, Val Acc: 0.9794
Precision: 0.9945, Recall: 0.9834, F1-Score: 0.9885
Fold 1, Epoch 96, Train Loss: 1.5014, Val Loss: 1.3184, Val Acc: 0.9829
Precision: 0.9942, Recall: 0.9863, F1-Score: 0.9900
Fold 1, Epoch 97, Train Loss: 1.4272, Val Loss: 1.3783, Val Acc: 0.9861
Precision: 0.9947, Recall: 0.9892, F1-Score: 0.9916
Fold 1, Epoch 98, Train Loss: 1.3895, Val Loss: 1.2229, Val Acc: 0.9890
Precision: 0.9949, Recall: 0.9833, F1-Score: 0.9886
Fold 1, Epoch 99, Train Loss: 1.4050, Val Loss: 1.2434, Val Acc: 0.9829

--- Epoch 100 ---
--- Epoch 100 ---
--- Epoch 100 ---



--- Epoch 100 ---
Class Weights: [2.1197900e-05 5.3890608e-02 5.3172067e-02 5.7795726e-02 5.8645662e-02
 5.3172067e-02 5.1790975e-02 5.6167677e-02 5.5387571e-02 5.2472435e-02
 5.7795726e-02 5.0479811e-02 6.0422804e-02 5.2472435e-02 5.8645662e-02
 5.3890608e-02 5.7795726e-02 6.1352387e-02 5.4628838e-02]Class Weights: [2.1197900e-05 5.3890608e-02 5.3172067e-02 5.7795726e-02 5.8645662e-02
 5.3172067e-02 5.1790975e-02 5.6167677e-02 5.5387571e-02 5.2472435e-02
 5.7795726e-02 5.0479811e-02 6.0422804e-02 5.2472435e-02 5.8645662e-02
 5.3890608e-02 5.7795726e-02 6.1352387e-02 5.4628838e-02]
Class Weights: [2.1197900e-05 5.3890608e-02 5.3172067e-02 5.7795726e-02 5.8645662e-02
 5.3172067e-02 5.1790975e-02 5.6167677e-02 5.5387571e-02 5.2472435e-02
 5.7795726e-02 5.0479811e-02 6.0422804e-02 5.2472435e-02 5.8645662e-02
 5.3890608e-02 5.7795726e-02 6.1352387e-02 5.4628838e-02]

Learning Rate: 0.007737809374999999
Learning Rate: 0.007737809374999999Class Weights: [2.1197900e-05 5.3890608e-02 5.3172067e-02 5.7795726e-02 5.8645662e-02
 5.3172067e-02 5.1790975e-02 5.6167677e-02 5.5387571e-02 5.2472435e-02
 5.7795726e-02 5.0479811e-02 6.0422804e-02 5.2472435e-02 5.8645662e-02
 5.3890608e-02 5.7795726e-02 6.1352387e-02 5.4628838e-02]Learning Rate: 0.007737809374999999


Learning Rate: 0.007737809374999999
Train Loss: 1.3415, Val Loss: 1.3046
Train Loss: 1.3415, Val Loss: 1.3046
Train Loss: 1.3415, Val Loss: 1.3046
Train Loss: 1.3415, Val Loss: 1.3046
Per-Class Precision: [0.9999554  0.1509434  0.11111111 0.13707865 0.27464789 0.20600858
 0.         0.02439024 0.24714829 0.05096111 0.12307692 0.12307692
 0.32911392 0.4        0.0952381  0.94736842 0.4496124  0.29370629
 0.33333333]
Per-Class Recall: [0.99157677 0.16       0.04       0.81333333 0.39       0.48
 0.         0.04       0.52       0.912      0.384      0.16
 0.26       0.032      0.032      0.18       0.29       0.24
 0.05142857]
Per-Class F1-Score: [0.99574846 0.15533981 0.05882353 0.23461538 0.32231405 0.28828829
 0.         0.03030303 0.33505155 0.09652837 0.18640777 0.13913043
 0.29050279 0.05925926 0.04790419 0.30252101 0.35258359 0.26415094
 0.08910891]
Support per Class: [293949    100     50     75    100    100    100     75    125    125
    125     50    100    125    125    100    200    175    175]
Weighted Precision: 0.9949, Weighted Recall: 0.9867, Weighted F1-Score: 0.9902
Precision: 0.9949, Recall: 0.9867, F1-Score: 0.9902
Fold 1, Epoch 100, Train Loss: 1.3415, Val Loss: 1.3046, Val Acc: 0.9864
Completed Fold 1
Starting Fold 2
Precision: 0.9937, Recall: 0.6434, F1-Score: 0.7804
Fold 2, Epoch 1, Train Loss: 7.4111, Val Loss: 3.0783, Val Acc: 0.6411
Precision: 0.9941, Recall: 0.8887, F1-Score: 0.9379
Fold 2, Epoch 2, Train Loss: 4.0830, Val Loss: 3.6315, Val Acc: 0.8862
Precision: 0.9937, Recall: 0.9729, F1-Score: 0.9830
Fold 2, Epoch 3, Train Loss: 3.5041, Val Loss: 2.4826, Val Acc: 0.9726
Precision: 0.9934, Recall: 0.4053, F1-Score: 0.5751
Fold 2, Epoch 4, Train Loss: 2.5606, Val Loss: 2.4912, Val Acc: 0.4059
Precision: 0.9939, Recall: 0.9833, F1-Score: 0.9884
Fold 2, Epoch 5, Train Loss: 2.3323, Val Loss: 2.0386, Val Acc: 0.9815
Precision: 0.9940, Recall: 0.9423, F1-Score: 0.9672
Fold 2, Epoch 6, Train Loss: 2.1951, Val Loss: 1.9285, Val Acc: 0.9401
Precision: 0.9937, Recall: 0.8865, F1-Score: 0.9366
Fold 2, Epoch 7, Train Loss: 1.9795, Val Loss: 1.8580, Val Acc: 0.8844
Precision: 0.9942, Recall: 0.9517, F1-Score: 0.9721
Fold 2, Epoch 8, Train Loss: 1.8496, Val Loss: 1.7291, Val Acc: 0.9502
Precision: 0.9945, Recall: 0.9526, F1-Score: 0.9726
Fold 2, Epoch 9, Train Loss: 1.7496, Val Loss: 1.7069, Val Acc: 0.9511
Precision: 0.9944, Recall: 0.9474, F1-Score: 0.9696
Fold 2, Epoch 10, Train Loss: 1.7139, Val Loss: 1.7185, Val Acc: 0.9451
Precision: 0.9947, Recall: 0.9632, F1-Score: 0.9782
Fold 2, Epoch 11, Train Loss: 1.6963, Val Loss: 1.6132, Val Acc: 0.9612
Precision: 0.9945, Recall: 0.9512, F1-Score: 0.9719
Fold 2, Epoch 12, Train Loss: 1.5996, Val Loss: 1.5629, Val Acc: 0.9487
Precision: 0.9951, Recall: 0.9625, F1-Score: 0.9781
Fold 2, Epoch 13, Train Loss: 1.5394, Val Loss: 1.4966, Val Acc: 0.9604
Precision: 0.9948, Recall: 0.9763, F1-Score: 0.9849
Fold 2, Epoch 14, Train Loss: 1.5255, Val Loss: 1.4253, Val Acc: 0.9748
Precision: 0.9950, Recall: 0.9646, F1-Score: 0.9791
Fold 2, Epoch 15, Train Loss: 1.4302, Val Loss: 1.4100, Val Acc: 0.9630
Precision: 0.9946, Recall: 0.9655, F1-Score: 0.9794
Fold 2, Epoch 16, Train Loss: 1.4020, Val Loss: 1.3159, Val Acc: 0.9634
Precision: 0.9949, Recall: 0.9824, F1-Score: 0.9880
Fold 2, Epoch 17, Train Loss: 1.3490, Val Loss: 1.4409, Val Acc: 0.9815
Precision: 0.9943, Recall: 0.9859, F1-Score: 0.9897
Fold 2, Epoch 18, Train Loss: 1.3349, Val Loss: 1.8258, Val Acc: 0.9855
Precision: 0.9948, Recall: 0.9737, F1-Score: 0.9834
Fold 2, Epoch 19, Train Loss: 1.6225, Val Loss: 1.4613, Val Acc: 0.9724
Precision: 0.9948, Recall: 0.9852, F1-Score: 0.9896
Fold 2, Epoch 20, Train Loss: 1.4662, Val Loss: 1.2414, Val Acc: 0.9839
Precision: 0.9951, Recall: 0.9667, F1-Score: 0.9804
Fold 2, Epoch 21, Train Loss: 1.3246, Val Loss: 1.2423, Val Acc: 0.9648
Precision: 0.9952, Recall: 0.9674, F1-Score: 0.9807
Fold 2, Epoch 22, Train Loss: 1.3390, Val Loss: 1.1763, Val Acc: 0.9652
Precision: 0.9947, Recall: 0.9897, F1-Score: 0.9917
Fold 2, Epoch 23, Train Loss: 1.1702, Val Loss: 1.1189, Val Acc: 0.9893
Precision: 0.9951, Recall: 0.9640, F1-Score: 0.9784
Fold 2, Epoch 24, Train Loss: 1.1841, Val Loss: 1.2653, Val Acc: 0.9632
Precision: 0.9953, Recall: 0.9017, F1-Score: 0.9455
Fold 2, Epoch 25, Train Loss: 1.5578, Val Loss: 1.2259, Val Acc: 0.8995
Precision: 0.9959, Recall: 0.9919, F1-Score: 0.9931
Fold 2, Epoch 26, Train Loss: 1.2993, Val Loss: 1.2289, Val Acc: 0.9918
Precision: 0.9953, Recall: 0.9793, F1-Score: 0.9868
Fold 2, Epoch 27, Train Loss: 1.2912, Val Loss: 1.2495, Val Acc: 0.9783
Precision: 0.9957, Recall: 0.9332, F1-Score: 0.9628
Fold 2, Epoch 28, Train Loss: 1.2420, Val Loss: 1.2028, Val Acc: 0.9314
Precision: 0.9951, Recall: 0.9705, F1-Score: 0.9819
Fold 2, Epoch 29, Train Loss: 1.1298, Val Loss: 1.2820, Val Acc: 0.9695
Precision: 0.9948, Recall: 0.9822, F1-Score: 0.9879
Fold 2, Epoch 30, Train Loss: 1.2383, Val Loss: 1.2601, Val Acc: 0.9817
Precision: 0.9951, Recall: 0.9890, F1-Score: 0.9916
Fold 2, Epoch 31, Train Loss: 1.1716, Val Loss: 1.0047, Val Acc: 0.9885
Precision: 0.9957, Recall: 0.9706, F1-Score: 0.9822
Fold 2, Epoch 32, Train Loss: 1.0809, Val Loss: 1.1821, Val Acc: 0.9689
Precision: 0.9956, Recall: 0.9870, F1-Score: 0.9909
Fold 2, Epoch 33, Train Loss: 1.0239, Val Loss: 0.9636, Val Acc: 0.9861
Precision: 0.9955, Recall: 0.9827, F1-Score: 0.9886
Fold 2, Epoch 34, Train Loss: 1.1240, Val Loss: 1.0095, Val Acc: 0.9814
Precision: 0.9953, Recall: 0.9864, F1-Score: 0.9904
Fold 2, Epoch 35, Train Loss: 0.9899, Val Loss: 1.1359, Val Acc: 0.9857
Precision: 0.9956, Recall: 0.9922, F1-Score: 0.9936
Fold 2, Epoch 36, Train Loss: 0.9849, Val Loss: 0.9528, Val Acc: 0.9918
Precision: 0.9955, Recall: 0.9901, F1-Score: 0.9921
Fold 2, Epoch 37, Train Loss: 1.0322, Val Loss: 0.9547, Val Acc: 0.9903
Precision: 0.9949, Recall: 0.9895, F1-Score: 0.9918
Fold 2, Epoch 38, Train Loss: 0.9678, Val Loss: 1.0247, Val Acc: 0.9890
Precision: 0.9953, Recall: 0.9899, F1-Score: 0.9922
Fold 2, Epoch 39, Train Loss: 0.9182, Val Loss: 0.8710, Val Acc: 0.9898
Precision: 0.9954, Recall: 0.9551, F1-Score: 0.9745
Fold 2, Epoch 40, Train Loss: 0.8643, Val Loss: 1.8461, Val Acc: 0.9538
Precision: 0.9955, Recall: 0.9612, F1-Score: 0.9776
Fold 2, Epoch 41, Train Loss: 1.1062, Val Loss: 0.8598, Val Acc: 0.9594
Precision: 0.9955, Recall: 0.9716, F1-Score: 0.9830
Fold 2, Epoch 42, Train Loss: 0.9298, Val Loss: 0.8703, Val Acc: 0.9706
Precision: 0.9953, Recall: 0.9833, F1-Score: 0.9888
Fold 2, Epoch 43, Train Loss: 0.7947, Val Loss: 1.3958, Val Acc: 0.9826
Precision: 0.9960, Recall: 0.9700, F1-Score: 0.9824
Fold 2, Epoch 44, Train Loss: 0.7737, Val Loss: 0.7636, Val Acc: 0.9684
Precision: 0.9960, Recall: 0.9917, F1-Score: 0.9935
Fold 2, Epoch 45, Train Loss: 0.6855, Val Loss: 0.6394, Val Acc: 0.9912
Precision: 0.9959, Recall: 0.9710, F1-Score: 0.9829
Fold 2, Epoch 46, Train Loss: 0.6711, Val Loss: 0.6874, Val Acc: 0.9693
Precision: 0.9961, Recall: 0.9898, F1-Score: 0.9927
Fold 2, Epoch 47, Train Loss: 0.8178, Val Loss: 0.8189, Val Acc: 0.9890
Precision: 0.9955, Recall: 0.9866, F1-Score: 0.9907
Fold 2, Epoch 48, Train Loss: 0.7446, Val Loss: 0.6610, Val Acc: 0.9860
Precision: 0.9958, Recall: 0.9754, F1-Score: 0.9850
Fold 2, Epoch 49, Train Loss: 0.7362, Val Loss: 0.5124, Val Acc: 0.9735
Precision: 0.9958, Recall: 0.9885, F1-Score: 0.9917
Fold 2, Epoch 50, Train Loss: 0.6869, Val Loss: 0.5251, Val Acc: 0.9874
Precision: 0.9956, Recall: 0.9825, F1-Score: 0.9885
Fold 2, Epoch 51, Train Loss: 0.7076, Val Loss: 0.6977, Val Acc: 0.9817
Precision: 0.9956, Recall: 0.9913, F1-Score: 0.9933
Fold 2, Epoch 52, Train Loss: 0.7083, Val Loss: 0.9139, Val Acc: 0.9906
Precision: 0.9962, Recall: 0.9772, F1-Score: 0.9862
Fold 2, Epoch 53, Train Loss: 0.7647, Val Loss: 0.5898, Val Acc: 0.9760
Precision: 0.9962, Recall: 0.9783, F1-Score: 0.9868
Fold 2, Epoch 54, Train Loss: 0.6341, Val Loss: 0.7561, Val Acc: 0.9770
Precision: 0.9960, Recall: 0.9848, F1-Score: 0.9898
Fold 2, Epoch 55, Train Loss: 0.6346, Val Loss: 0.7160, Val Acc: 0.9831
Precision: 0.9955, Recall: 0.6073, F1-Score: 0.7534
Fold 2, Epoch 56, Train Loss: 1.0370, Val Loss: 0.7965, Val Acc: 0.6039
Precision: 0.9952, Recall: 0.9886, F1-Score: 0.9915
Fold 2, Epoch 57, Train Loss: 0.9931, Val Loss: 0.8614, Val Acc: 0.9884
Precision: 0.9958, Recall: 0.9415, F1-Score: 0.9675
Fold 2, Epoch 58, Train Loss: 0.9331, Val Loss: 0.7022, Val Acc: 0.9407
Precision: 0.9955, Recall: 0.9914, F1-Score: 0.9930
Fold 2, Epoch 59, Train Loss: 0.8014, Val Loss: 0.7118, Val Acc: 0.9915
Precision: 0.9951, Recall: 0.9851, F1-Score: 0.9897
Fold 2, Epoch 60, Train Loss: 0.7598, Val Loss: 0.9461, Val Acc: 0.9844
Precision: 0.9960, Recall: 0.9647, F1-Score: 0.9798
Fold 2, Epoch 61, Train Loss: 0.7757, Val Loss: 0.7022, Val Acc: 0.9631
Precision: 0.9958, Recall: 0.9874, F1-Score: 0.9909
Fold 2, Epoch 62, Train Loss: 0.8158, Val Loss: 0.8356, Val Acc: 0.9871
Precision: 0.9956, Recall: 0.9555, F1-Score: 0.9746
Fold 2, Epoch 63, Train Loss: 0.6744, Val Loss: 0.5679, Val Acc: 0.9538
Precision: 0.9962, Recall: 0.9733, F1-Score: 0.9842
Fold 2, Epoch 64, Train Loss: 0.6237, Val Loss: 0.9471, Val Acc: 0.9719
Precision: 0.9959, Recall: 0.9864, F1-Score: 0.9908
Fold 2, Epoch 65, Train Loss: 0.6001, Val Loss: 0.4713, Val Acc: 0.9850
Precision: 0.9960, Recall: 0.9809, F1-Score: 0.9879
Fold 2, Epoch 66, Train Loss: 0.5926, Val Loss: 0.5127, Val Acc: 0.9795
Precision: 0.9949, Recall: 0.9885, F1-Score: 0.9913
Fold 2, Epoch 67, Train Loss: 0.7344, Val Loss: 1.1439, Val Acc: 0.9878
Precision: 0.9948, Recall: 0.6113, F1-Score: 0.7565
Fold 2, Epoch 68, Train Loss: 1.7609, Val Loss: 2.4776, Val Acc: 0.6103
Precision: 0.9936, Recall: 0.9514, F1-Score: 0.9715
Fold 2, Epoch 69, Train Loss: 1.8901, Val Loss: 2.3704, Val Acc: 0.9493
Precision: 0.9946, Recall: 0.8260, F1-Score: 0.9015
Fold 2, Epoch 70, Train Loss: 1.5030, Val Loss: 1.6837, Val Acc: 0.8201
Precision: 0.9952, Recall: 0.9887, F1-Score: 0.9913
Fold 2, Epoch 71, Train Loss: 1.4198, Val Loss: 1.2370, Val Acc: 0.9883
Precision: 0.9949, Recall: 0.9888, F1-Score: 0.9910
Fold 2, Epoch 72, Train Loss: 1.1754, Val Loss: 1.3918, Val Acc: 0.9886
Precision: 0.9951, Recall: 0.8719, F1-Score: 0.9290
Fold 2, Epoch 73, Train Loss: 1.0961, Val Loss: 1.3958, Val Acc: 0.8698
Precision: 0.9955, Recall: 0.9920, F1-Score: 0.9931
Fold 2, Epoch 74, Train Loss: 0.9980, Val Loss: 1.0321, Val Acc: 0.9920
Precision: 0.9952, Recall: 0.9427, F1-Score: 0.9676
Fold 2, Epoch 75, Train Loss: 0.9517, Val Loss: 1.5431, Val Acc: 0.9404
Precision: 0.9956, Recall: 0.9916, F1-Score: 0.9932
Fold 2, Epoch 76, Train Loss: 0.8211, Val Loss: 0.9292, Val Acc: 0.9914
Precision: 0.9946, Recall: 0.9600, F1-Score: 0.9764
Fold 2, Epoch 77, Train Loss: 0.6855, Val Loss: 0.8108, Val Acc: 0.9586
Precision: 0.9949, Recall: 0.9620, F1-Score: 0.9775
Fold 2, Epoch 78, Train Loss: 0.8030, Val Loss: 0.7566, Val Acc: 0.9609
Precision: 0.9957, Recall: 0.9935, F1-Score: 0.9942
Fold 2, Epoch 79, Train Loss: 0.8046, Val Loss: 0.6843, Val Acc: 0.9932
Precision: 0.9954, Recall: 0.9816, F1-Score: 0.9881
Fold 2, Epoch 80, Train Loss: 0.6892, Val Loss: 1.1988, Val Acc: 0.9804
Precision: 0.9959, Recall: 0.9924, F1-Score: 0.9937
Fold 2, Epoch 81, Train Loss: 0.6675, Val Loss: 0.6915, Val Acc: 0.9916
Precision: 0.9956, Recall: 0.9867, F1-Score: 0.9907
Fold 2, Epoch 82, Train Loss: 0.6282, Val Loss: 0.9335, Val Acc: 0.9855
Precision: 0.9949, Recall: 0.9354, F1-Score: 0.9638
Fold 2, Epoch 83, Train Loss: 0.6531, Val Loss: 0.8571, Val Acc: 0.9352
Precision: 0.9957, Recall: 0.9894, F1-Score: 0.9920
Fold 2, Epoch 84, Train Loss: 0.9046, Val Loss: 1.0759, Val Acc: 0.9886
Precision: 0.9960, Recall: 0.9900, F1-Score: 0.9926
Fold 2, Epoch 85, Train Loss: 0.7553, Val Loss: 0.7147, Val Acc: 0.9893
Precision: 0.9961, Recall: 0.9914, F1-Score: 0.9933
Fold 2, Epoch 86, Train Loss: 0.7182, Val Loss: 0.6009, Val Acc: 0.9912
Precision: 0.9961, Recall: 0.9866, F1-Score: 0.9909
Fold 2, Epoch 87, Train Loss: 0.6303, Val Loss: 0.6183, Val Acc: 0.9858
Precision: 0.9955, Recall: 0.9678, F1-Score: 0.9811
Fold 2, Epoch 88, Train Loss: 0.6235, Val Loss: 0.6249, Val Acc: 0.9653
Precision: 0.9955, Recall: 0.9790, F1-Score: 0.9866
Fold 2, Epoch 89, Train Loss: 0.6096, Val Loss: 0.8187, Val Acc: 0.9781
Precision: 0.9961, Recall: 0.9717, F1-Score: 0.9834
Fold 2, Epoch 90, Train Loss: 0.6059, Val Loss: 0.5395, Val Acc: 0.9695
Precision: 0.9961, Recall: 0.9884, F1-Score: 0.9918
Fold 2, Epoch 91, Train Loss: 0.5820, Val Loss: 0.5424, Val Acc: 0.9870
Precision: 0.9957, Recall: 0.9284, F1-Score: 0.9602
Fold 2, Epoch 92, Train Loss: 0.7673, Val Loss: 0.5520, Val Acc: 0.9241
Precision: 0.9961, Recall: 0.9873, F1-Score: 0.9913
Fold 2, Epoch 93, Train Loss: 0.6759, Val Loss: 0.5738, Val Acc: 0.9862
Precision: 0.9960, Recall: 0.9881, F1-Score: 0.9915
Fold 2, Epoch 94, Train Loss: 0.6254, Val Loss: 0.6134, Val Acc: 0.9875
Precision: 0.9962, Recall: 0.9928, F1-Score: 0.9942
Fold 2, Epoch 95, Train Loss: 0.5703, Val Loss: 0.4466, Val Acc: 0.9922
Precision: 0.9959, Recall: 0.9785, F1-Score: 0.9867
Fold 2, Epoch 96, Train Loss: 0.5477, Val Loss: 0.4932, Val Acc: 0.9768
Precision: 0.9956, Recall: 0.9823, F1-Score: 0.9884
Fold 2, Epoch 97, Train Loss: 0.5239, Val Loss: 0.4581, Val Acc: 0.9813
Precision: 0.9954, Recall: 0.9734, F1-Score: 0.9839
Fold 2, Epoch 98, Train Loss: 0.6221, Val Loss: 0.6643, Val Acc: 0.9728
Precision: 0.9960, Recall: 0.9822, F1-Score: 0.9884
Fold 2, Epoch 99, Train Loss: 0.5305, Val Loss: 0.8916, Val Acc: 0.9806

--- Epoch 100 ---
--- Epoch 100 ---
--- Epoch 100 ---



--- Epoch 100 ---
Class Weights: [2.1207756e-05 6.1380908e-02 5.8672927e-02 5.7822593e-02 5.6193788e-02
 5.6193788e-02 5.8672927e-02 5.1150758e-02 5.7822593e-02 5.3196788e-02
 5.6193788e-02 5.3915661e-02 5.3915661e-02 5.5413321e-02 5.6193788e-02
 5.5413321e-02 5.3915661e-02 5.4654233e-02 4.9256284e-02]Class Weights: [2.1207756e-05 6.1380908e-02 5.8672927e-02 5.7822593e-02 5.6193788e-02
 5.6193788e-02 5.8672927e-02 5.1150758e-02 5.7822593e-02 5.3196788e-02
 5.6193788e-02 5.3915661e-02 5.3915661e-02 5.5413321e-02 5.6193788e-02
 5.5413321e-02 5.3915661e-02 5.4654233e-02 4.9256284e-02]Class Weights: [2.1207756e-05 6.1380908e-02 5.8672927e-02 5.7822593e-02 5.6193788e-02
 5.6193788e-02 5.8672927e-02 5.1150758e-02 5.7822593e-02 5.3196788e-02
 5.6193788e-02 5.3915661e-02 5.3915661e-02 5.5413321e-02 5.6193788e-02
 5.5413321e-02 5.3915661e-02 5.4654233e-02 4.9256284e-02]


Class Weights: [2.1207756e-05 6.1380908e-02 5.8672927e-02 5.7822593e-02 5.6193788e-02
 5.6193788e-02 5.8672927e-02 5.1150758e-02 5.7822593e-02 5.3196788e-02
 5.6193788e-02 5.3915661e-02 5.3915661e-02 5.5413321e-02 5.6193788e-02
 5.5413321e-02 5.3915661e-02 5.4654233e-02 4.9256284e-02]Learning Rate: 0.007737809374999999Learning Rate: 0.007737809374999999Learning Rate: 0.007737809374999999



Learning Rate: 0.007737809374999999
Train Loss: 0.5174, Val Loss: 0.4351
Train Loss: 0.5174, Val Loss: 0.4351Train Loss: 0.5174, Val Loss: 0.4351
Train Loss: 0.5174, Val Loss: 0.4351

Per-Class Precision: [1.         0.45833333 0.84750733 0.56213018 0.54444444 0.20765027
 0.01041667 0.10460251 0.17391304 0.01752678 0.29753915 0.16751269
 0.375      0.33031674 0.14973262 0.59230769 0.43010753 0.35294118
 0.5399061 ]
Per-Class Recall: [0.98889943 0.968      0.88923077 0.95       0.32666667 0.76
 0.01       1.         0.21333333 0.72       0.76       0.44
 0.27428571 0.73       0.56       0.51333333 0.8        0.24
 0.92      ]
Per-Class F1-Score: [0.99441874 0.62210797 0.86786787 0.7063197  0.40833333 0.32618026
 0.01020408 0.18939394 0.19161677 0.03422053 0.42765273 0.24264706
 0.31683168 0.45482866 0.23628692 0.55       0.55944056 0.28571429
 0.68047337]
Support per Class: [293949    125    325    100    150     50    100     25     75     50
    175     75    175    100     50    150    100     75    125]
Weighted Precision: 0.9962, Weighted Recall: 0.9864, Weighted F1-Score: 0.9909
Precision: 0.9962, Recall: 0.9864, F1-Score: 0.9909
Fold 2, Epoch 100, Train Loss: 0.5174, Val Loss: 0.4351, Val Acc: 0.9852
Completed Fold 2
Starting Fold 3
Precision: 0.9934, Recall: 0.5050, F1-Score: 0.6690
Fold 3, Epoch 1, Train Loss: 4.8652, Val Loss: 4.0210, Val Acc: 0.5052
Precision: 0.9925, Recall: 0.9527, F1-Score: 0.9719
Fold 3, Epoch 2, Train Loss: 2.6666, Val Loss: 3.0046, Val Acc: 0.9517
Precision: 0.9938, Recall: 0.9418, F1-Score: 0.9665
Fold 3, Epoch 3, Train Loss: 2.2998, Val Loss: 1.9579, Val Acc: 0.9407
Precision: 0.9948, Recall: 0.9761, F1-Score: 0.9847
Fold 3, Epoch 4, Train Loss: 1.8247, Val Loss: 2.1610, Val Acc: 0.9753
Precision: 0.9948, Recall: 0.9532, F1-Score: 0.9725
Fold 3, Epoch 5, Train Loss: 1.7059, Val Loss: 2.0637, Val Acc: 0.9527
Precision: 0.9952, Recall: 0.9901, F1-Score: 0.9921
Fold 3, Epoch 6, Train Loss: 1.3655, Val Loss: 1.3717, Val Acc: 0.9900
Precision: 0.9954, Recall: 0.9906, F1-Score: 0.9925
Fold 3, Epoch 7, Train Loss: 1.1106, Val Loss: 1.2959, Val Acc: 0.9901
Precision: 0.9951, Recall: 0.9557, F1-Score: 0.9743
Fold 3, Epoch 8, Train Loss: 1.0284, Val Loss: 1.3107, Val Acc: 0.9542
Precision: 0.9955, Recall: 0.9875, F1-Score: 0.9908
Fold 3, Epoch 9, Train Loss: 0.9045, Val Loss: 1.1691, Val Acc: 0.9862
Precision: 0.9951, Recall: 0.9642, F1-Score: 0.9788
Fold 3, Epoch 10, Train Loss: 0.8091, Val Loss: 1.1241, Val Acc: 0.9639
Precision: 0.9949, Recall: 0.9879, F1-Score: 0.9908
Fold 3, Epoch 11, Train Loss: 0.7496, Val Loss: 1.1115, Val Acc: 0.9873
Precision: 0.9951, Recall: 0.9161, F1-Score: 0.9531
Fold 3, Epoch 12, Train Loss: 0.8030, Val Loss: 0.7336, Val Acc: 0.9148
Precision: 0.9954, Recall: 0.9869, F1-Score: 0.9906
Fold 3, Epoch 13, Train Loss: 0.8406, Val Loss: 0.9724, Val Acc: 0.9865
Precision: 0.9954, Recall: 0.9911, F1-Score: 0.9929
Fold 3, Epoch 14, Train Loss: 0.7647, Val Loss: 0.6844, Val Acc: 0.9907
Precision: 0.9952, Recall: 0.9409, F1-Score: 0.9667
Fold 3, Epoch 15, Train Loss: 0.6784, Val Loss: 0.6604, Val Acc: 0.9398
Precision: 0.9952, Recall: 0.9863, F1-Score: 0.9902
Fold 3, Epoch 16, Train Loss: 0.6786, Val Loss: 0.6946, Val Acc: 0.9856
Precision: 0.9956, Recall: 0.9855, F1-Score: 0.9900
Fold 3, Epoch 17, Train Loss: 0.6801, Val Loss: 0.8117, Val Acc: 0.9853
Precision: 0.9950, Recall: 0.9731, F1-Score: 0.9834
Fold 3, Epoch 18, Train Loss: 0.6962, Val Loss: 1.6198, Val Acc: 0.9722
Precision: 0.9957, Recall: 0.9905, F1-Score: 0.9926
Fold 3, Epoch 19, Train Loss: 0.8234, Val Loss: 0.7475, Val Acc: 0.9898
Precision: 0.9959, Recall: 0.9814, F1-Score: 0.9878
Fold 3, Epoch 20, Train Loss: 0.6525, Val Loss: 0.6462, Val Acc: 0.9815
Precision: 0.9960, Recall: 0.9902, F1-Score: 0.9927
Fold 3, Epoch 21, Train Loss: 0.6077, Val Loss: 0.5824, Val Acc: 0.9896
Precision: 0.9953, Recall: 0.9843, F1-Score: 0.9892
Fold 3, Epoch 22, Train Loss: 0.5905, Val Loss: 0.6901, Val Acc: 0.9842
Precision: 0.9960, Recall: 0.9773, F1-Score: 0.9860
Fold 3, Epoch 23, Train Loss: 0.5707, Val Loss: 0.4846, Val Acc: 0.9764
Precision: 0.9964, Recall: 0.9932, F1-Score: 0.9945
Fold 3, Epoch 24, Train Loss: 0.5318, Val Loss: 0.4968, Val Acc: 0.9927
Precision: 0.9962, Recall: 0.9898, F1-Score: 0.9926
Fold 3, Epoch 25, Train Loss: 0.4981, Val Loss: 0.5077, Val Acc: 0.9891
Precision: 0.9959, Recall: 0.9886, F1-Score: 0.9916
Fold 3, Epoch 26, Train Loss: 0.4896, Val Loss: 0.4692, Val Acc: 0.9880
Precision: 0.9962, Recall: 0.9887, F1-Score: 0.9920
Fold 3, Epoch 27, Train Loss: 0.4951, Val Loss: 0.4538, Val Acc: 0.9877
Precision: 0.9963, Recall: 0.9673, F1-Score: 0.9808
Fold 3, Epoch 28, Train Loss: 0.5026, Val Loss: 0.4393, Val Acc: 0.9665
Precision: 0.9966, Recall: 0.9931, F1-Score: 0.9946
Fold 3, Epoch 29, Train Loss: 0.4644, Val Loss: 0.4215, Val Acc: 0.9923
Precision: 0.9960, Recall: 0.9893, F1-Score: 0.9920
Fold 3, Epoch 30, Train Loss: 0.4420, Val Loss: 0.4260, Val Acc: 0.9891
Precision: 0.9958, Recall: 0.9892, F1-Score: 0.9921
Fold 3, Epoch 31, Train Loss: 0.4329, Val Loss: 0.4303, Val Acc: 0.9884
Precision: 0.9966, Recall: 0.9910, F1-Score: 0.9935
Fold 3, Epoch 32, Train Loss: 0.4352, Val Loss: 0.4158, Val Acc: 0.9900
Precision: 0.9962, Recall: 0.9839, F1-Score: 0.9895
Fold 3, Epoch 33, Train Loss: 0.4320, Val Loss: 0.4233, Val Acc: 0.9832
Precision: 0.9963, Recall: 0.9887, F1-Score: 0.9920
Fold 3, Epoch 34, Train Loss: 0.4319, Val Loss: 0.4898, Val Acc: 0.9880
Precision: 0.9962, Recall: 0.9910, F1-Score: 0.9932
Fold 3, Epoch 35, Train Loss: 0.4840, Val Loss: 0.4644, Val Acc: 0.9902
Precision: 0.9963, Recall: 0.9909, F1-Score: 0.9931
Fold 3, Epoch 36, Train Loss: 0.5148, Val Loss: 0.4760, Val Acc: 0.9904
Precision: 0.9963, Recall: 0.9886, F1-Score: 0.9921
Fold 3, Epoch 37, Train Loss: 0.5377, Val Loss: 0.4819, Val Acc: 0.9876
Precision: 0.9958, Recall: 0.9860, F1-Score: 0.9903
Fold 3, Epoch 38, Train Loss: 0.5216, Val Loss: 1.0099, Val Acc: 0.9858
Precision: 0.9957, Recall: 0.9868, F1-Score: 0.9907
Fold 3, Epoch 39, Train Loss: 0.5779, Val Loss: 0.6805, Val Acc: 0.9862
Precision: 0.9965, Recall: 0.9918, F1-Score: 0.9938
Fold 3, Epoch 40, Train Loss: 0.6432, Val Loss: 0.4703, Val Acc: 0.9909
Precision: 0.9963, Recall: 0.9934, F1-Score: 0.9945
Fold 3, Epoch 41, Train Loss: 0.5370, Val Loss: 0.7472, Val Acc: 0.9928
Precision: 0.9958, Recall: 0.9785, F1-Score: 0.9867
Fold 3, Epoch 42, Train Loss: 0.5847, Val Loss: 1.0762, Val Acc: 0.9780
Precision: 0.9962, Recall: 0.9879, F1-Score: 0.9915
Fold 3, Epoch 43, Train Loss: 0.5269, Val Loss: 0.4903, Val Acc: 0.9875
Precision: 0.9958, Recall: 0.9911, F1-Score: 0.9930
Fold 3, Epoch 44, Train Loss: 0.4934, Val Loss: 0.5475, Val Acc: 0.9907
Precision: 0.9959, Recall: 0.9909, F1-Score: 0.9930
Fold 3, Epoch 45, Train Loss: 0.5090, Val Loss: 0.5593, Val Acc: 0.9903
Precision: 0.9963, Recall: 0.9915, F1-Score: 0.9935
Fold 3, Epoch 46, Train Loss: 0.5071, Val Loss: 0.4417, Val Acc: 0.9906
Precision: 0.9958, Recall: 0.9910, F1-Score: 0.9930
Fold 3, Epoch 47, Train Loss: 0.5090, Val Loss: 0.7592, Val Acc: 0.9908
Precision: 0.9961, Recall: 0.9888, F1-Score: 0.9921
Fold 3, Epoch 48, Train Loss: 0.5249, Val Loss: 0.4683, Val Acc: 0.9877
Precision: 0.9962, Recall: 0.9880, F1-Score: 0.9915
Fold 3, Epoch 49, Train Loss: 0.4531, Val Loss: 0.4326, Val Acc: 0.9877
Precision: 0.9958, Recall: 0.9837, F1-Score: 0.9892
Fold 3, Epoch 50, Train Loss: 0.4242, Val Loss: 0.5714, Val Acc: 0.9832
Precision: 0.9958, Recall: 0.9909, F1-Score: 0.9929
Fold 3, Epoch 51, Train Loss: 0.4551, Val Loss: 0.5360, Val Acc: 0.9908
Precision: 0.9960, Recall: 0.9856, F1-Score: 0.9902
Fold 3, Epoch 52, Train Loss: 0.4944, Val Loss: 0.4670, Val Acc: 0.9852
Precision: 0.9956, Recall: 0.9868, F1-Score: 0.9905
Fold 3, Epoch 53, Train Loss: 0.4774, Val Loss: 0.4254, Val Acc: 0.9870
Precision: 0.9962, Recall: 0.9755, F1-Score: 0.9849
Fold 3, Epoch 54, Train Loss: 0.4463, Val Loss: 0.3986, Val Acc: 0.9740
Precision: 0.9964, Recall: 0.9926, F1-Score: 0.9941
Fold 3, Epoch 55, Train Loss: 0.4107, Val Loss: 0.4171, Val Acc: 0.9922
Precision: 0.9966, Recall: 0.9829, F1-Score: 0.9892
Fold 3, Epoch 56, Train Loss: 0.4608, Val Loss: 0.5092, Val Acc: 0.9822
Precision: 0.9966, Recall: 0.9903, F1-Score: 0.9931
Fold 3, Epoch 57, Train Loss: 0.4567, Val Loss: 0.4125, Val Acc: 0.9899
Precision: 0.9963, Recall: 0.9786, F1-Score: 0.9867
Fold 3, Epoch 58, Train Loss: 0.4037, Val Loss: 0.8958, Val Acc: 0.9768
Precision: 0.9957, Recall: 0.9868, F1-Score: 0.9908
Fold 3, Epoch 59, Train Loss: 0.4106, Val Loss: 0.5709, Val Acc: 0.9864
Precision: 0.9962, Recall: 0.9824, F1-Score: 0.9887
Fold 3, Epoch 60, Train Loss: 0.4626, Val Loss: 0.3732, Val Acc: 0.9810
Precision: 0.9964, Recall: 0.9911, F1-Score: 0.9933
Fold 3, Epoch 61, Train Loss: 0.4324, Val Loss: 0.4605, Val Acc: 0.9904
Precision: 0.9964, Recall: 0.9879, F1-Score: 0.9915
Fold 3, Epoch 62, Train Loss: 0.4034, Val Loss: 0.3616, Val Acc: 0.9871
Precision: 0.9958, Recall: 0.9886, F1-Score: 0.9917
Fold 3, Epoch 63, Train Loss: 0.3727, Val Loss: 0.6190, Val Acc: 0.9883
Precision: 0.9961, Recall: 0.9747, F1-Score: 0.9848
Fold 3, Epoch 64, Train Loss: 0.4932, Val Loss: 0.3676, Val Acc: 0.9741
Precision: 0.9965, Recall: 0.9928, F1-Score: 0.9943
Fold 3, Epoch 65, Train Loss: 0.4726, Val Loss: 0.3870, Val Acc: 0.9924
Precision: 0.9964, Recall: 0.9901, F1-Score: 0.9928
Fold 3, Epoch 66, Train Loss: 0.4223, Val Loss: 0.4677, Val Acc: 0.9896
Precision: 0.9967, Recall: 0.9935, F1-Score: 0.9949
Fold 3, Epoch 67, Train Loss: 0.4003, Val Loss: 0.4316, Val Acc: 0.9927
Precision: 0.9961, Recall: 0.9901, F1-Score: 0.9926
Fold 3, Epoch 68, Train Loss: 0.3970, Val Loss: 0.4650, Val Acc: 0.9898
Precision: 0.9968, Recall: 0.9856, F1-Score: 0.9907
Fold 3, Epoch 69, Train Loss: 0.4115, Val Loss: 0.3670, Val Acc: 0.9852
Precision: 0.9962, Recall: 0.9895, F1-Score: 0.9924
Fold 3, Epoch 70, Train Loss: 0.4025, Val Loss: 0.4026, Val Acc: 0.9885
Precision: 0.9965, Recall: 0.9883, F1-Score: 0.9918
Fold 3, Epoch 71, Train Loss: 0.4075, Val Loss: 0.3351, Val Acc: 0.9879
Precision: 0.9958, Recall: 0.9896, F1-Score: 0.9922
Fold 3, Epoch 72, Train Loss: 0.4689, Val Loss: 1.1158, Val Acc: 0.9889
Precision: 0.9957, Recall: 0.9692, F1-Score: 0.9817
Fold 3, Epoch 73, Train Loss: 0.5672, Val Loss: 0.9594, Val Acc: 0.9674
Precision: 0.9960, Recall: 0.9857, F1-Score: 0.9904
Fold 3, Epoch 74, Train Loss: 0.5833, Val Loss: 0.5819, Val Acc: 0.9852
Precision: 0.9963, Recall: 0.9911, F1-Score: 0.9933
Fold 3, Epoch 75, Train Loss: 0.4513, Val Loss: 0.4235, Val Acc: 0.9906
Precision: 0.9961, Recall: 0.9736, F1-Score: 0.9841
Fold 3, Epoch 76, Train Loss: 0.3980, Val Loss: 0.4627, Val Acc: 0.9726
Precision: 0.9963, Recall: 0.9916, F1-Score: 0.9935
Fold 3, Epoch 77, Train Loss: 0.4349, Val Loss: 0.4887, Val Acc: 0.9908
Precision: 0.9964, Recall: 0.9919, F1-Score: 0.9938
Fold 3, Epoch 78, Train Loss: 0.3998, Val Loss: 0.4015, Val Acc: 0.9916
Precision: 0.9968, Recall: 0.9924, F1-Score: 0.9943
Fold 3, Epoch 79, Train Loss: 0.3818, Val Loss: 0.3643, Val Acc: 0.9916
Precision: 0.9966, Recall: 0.9923, F1-Score: 0.9941
Fold 3, Epoch 80, Train Loss: 0.3846, Val Loss: 0.3658, Val Acc: 0.9919
Precision: 0.9961, Recall: 0.9717, F1-Score: 0.9833
Fold 3, Epoch 81, Train Loss: 0.4384, Val Loss: 0.6712, Val Acc: 0.9712
Precision: 0.9960, Recall: 0.9664, F1-Score: 0.9804
Fold 3, Epoch 82, Train Loss: 0.4013, Val Loss: 0.4408, Val Acc: 0.9653
Precision: 0.9950, Recall: 0.9918, F1-Score: 0.9929
Fold 3, Epoch 83, Train Loss: 0.4557, Val Loss: 1.4612, Val Acc: 0.9916
Precision: 0.9959, Recall: 0.9888, F1-Score: 0.9919
Fold 3, Epoch 84, Train Loss: 0.8242, Val Loss: 0.5402, Val Acc: 0.9880
Precision: 0.9958, Recall: 0.9915, F1-Score: 0.9932
Fold 3, Epoch 85, Train Loss: 0.5905, Val Loss: 0.7464, Val Acc: 0.9912
Precision: 0.9949, Recall: 0.9830, F1-Score: 0.9884
Fold 3, Epoch 86, Train Loss: 0.5932, Val Loss: 1.6512, Val Acc: 0.9824
Precision: 0.9964, Recall: 0.9922, F1-Score: 0.9940
Fold 3, Epoch 87, Train Loss: 0.5788, Val Loss: 0.4796, Val Acc: 0.9918
Precision: 0.9965, Recall: 0.9922, F1-Score: 0.9939
Fold 3, Epoch 88, Train Loss: 0.4946, Val Loss: 0.5421, Val Acc: 0.9916
Precision: 0.9960, Recall: 0.9793, F1-Score: 0.9871
Fold 3, Epoch 89, Train Loss: 0.4424, Val Loss: 0.4360, Val Acc: 0.9777
Precision: 0.9960, Recall: 0.9915, F1-Score: 0.9933
Fold 3, Epoch 90, Train Loss: 0.4379, Val Loss: 0.6257, Val Acc: 0.9912
Precision: 0.9962, Recall: 0.9896, F1-Score: 0.9922
Fold 3, Epoch 91, Train Loss: 0.4834, Val Loss: 0.4672, Val Acc: 0.9893
Precision: 0.9961, Recall: 0.9903, F1-Score: 0.9928
Fold 3, Epoch 92, Train Loss: 0.4292, Val Loss: 0.4307, Val Acc: 0.9898
Precision: 0.9966, Recall: 0.9925, F1-Score: 0.9942
Fold 3, Epoch 93, Train Loss: 0.4039, Val Loss: 0.4406, Val Acc: 0.9921
Precision: 0.9965, Recall: 0.9919, F1-Score: 0.9938
Fold 3, Epoch 94, Train Loss: 0.3934, Val Loss: 0.3886, Val Acc: 0.9916
Precision: 0.9966, Recall: 0.9912, F1-Score: 0.9935
Fold 3, Epoch 95, Train Loss: 0.3719, Val Loss: 0.3360, Val Acc: 0.9909
Precision: 0.9962, Recall: 0.9876, F1-Score: 0.9914
Fold 3, Epoch 96, Train Loss: 0.3562, Val Loss: 0.7469, Val Acc: 0.9873
Precision: 0.9967, Recall: 0.9922, F1-Score: 0.9940
Fold 3, Epoch 97, Train Loss: 0.3688, Val Loss: 0.3613, Val Acc: 0.9918
Precision: 0.9963, Recall: 0.9926, F1-Score: 0.9941
Fold 3, Epoch 98, Train Loss: 0.3663, Val Loss: 0.4050, Val Acc: 0.9919
Precision: 0.9965, Recall: 0.9816, F1-Score: 0.9886
Fold 3, Epoch 99, Train Loss: 0.3677, Val Loss: 0.3105, Val Acc: 0.9808

--- Epoch 100 ---
--- Epoch 100 ---


--- Epoch 100 ---
--- Epoch 100 ---

Class Weights: [2.1220769e-05 5.6228269e-02 5.6228269e-02 5.0534267e-02 5.6228269e-02
 5.7858076e-02 5.9585184e-02 5.7031531e-02 5.3229429e-02 5.2529041e-02
 5.3229429e-02 5.7031531e-02 5.7858076e-02 5.4687768e-02 5.3229429e-02
 5.5447321e-02 5.6228269e-02 5.3229429e-02 5.9585184e-02]Class Weights: [2.1220769e-05 5.6228269e-02 5.6228269e-02 5.0534267e-02 5.6228269e-02
 5.7858076e-02 5.9585184e-02 5.7031531e-02 5.3229429e-02 5.2529041e-02
 5.3229429e-02 5.7031531e-02 5.7858076e-02 5.4687768e-02 5.3229429e-02
 5.5447321e-02 5.6228269e-02 5.3229429e-02 5.9585184e-02]Class Weights: [2.1220769e-05 5.6228269e-02 5.6228269e-02 5.0534267e-02 5.6228269e-02
 5.7858076e-02 5.9585184e-02 5.7031531e-02 5.3229429e-02 5.2529041e-02
 5.3229429e-02 5.7031531e-02 5.7858076e-02 5.4687768e-02 5.3229429e-02
 5.5447321e-02 5.6228269e-02 5.3229429e-02 5.9585184e-02]

Class Weights: [2.1220769e-05 5.6228269e-02 5.6228269e-02 5.0534267e-02 5.6228269e-02
 5.7858076e-02 5.9585184e-02 5.7031531e-02 5.3229429e-02 5.2529041e-02
 5.3229429e-02 5.7031531e-02 5.7858076e-02 5.4687768e-02 5.3229429e-02
 5.5447321e-02 5.6228269e-02 5.3229429e-02 5.9585184e-02]

Learning Rate: 0.007737809374999999Learning Rate: 0.007737809374999999
Learning Rate: 0.007737809374999999Learning Rate: 0.007737809374999999


Train Loss: 0.3372, Val Loss: 0.3453
Train Loss: 0.3372, Val Loss: 0.3453Train Loss: 0.3372, Val Loss: 0.3453Train Loss: 0.3372, Val Loss: 0.3453


Per-Class Precision: [0.99999308 0.57142857 0.80252101 0.40983607 0.74375    0.34636872
 0.44210526 0.11242604 0.35185185 0.03957784 0.13227513 0.
 0.16494845 0.81428571 0.39102564 0.546875   0.51162791 0.7761194
 0.79573171]
Per-Class Recall: [0.9830855  0.68       0.955      1.         0.68       0.82666667
 0.56       0.38       0.76       1.         1.         0.
 0.32       0.38       0.488      0.28       0.88       0.69333333
 0.94909091]
Per-Class F1-Score: [0.99146721 0.62100457 0.87214612 0.58139535 0.71044776 0.48818898
 0.49411765 0.17351598 0.48101266 0.07614213 0.23364486 0.
 0.21768707 0.51818182 0.4341637  0.37037037 0.64705882 0.73239437
 0.86567164]
Support per Class: [293949    100    200     50    175     75    150     50     50    150
     75      0     50    150    125    125    150     75    275]
Weighted Precision: 0.9969, Weighted Recall: 0.9813, Weighted F1-Score: 0.9885
Precision: 0.9969, Recall: 0.9813, F1-Score: 0.9885
Fold 3, Epoch 100, Train Loss: 0.3372, Val Loss: 0.3453, Val Acc: 0.9805
Completed Fold 3
Starting Fold 4
Precision: 0.9937, Recall: 0.7408, F1-Score: 0.8483
Fold 4, Epoch 1, Train Loss: 4.3041, Val Loss: 5.0348, Val Acc: 0.7388
Precision: 0.9938, Recall: 0.8876, F1-Score: 0.9372
Fold 4, Epoch 2, Train Loss: 2.6890, Val Loss: 1.7178, Val Acc: 0.8867
Precision: 0.9947, Recall: 0.9792, F1-Score: 0.9865
Fold 4, Epoch 3, Train Loss: 1.6125, Val Loss: 1.3150, Val Acc: 0.9791
Precision: 0.9951, Recall: 0.9919, F1-Score: 0.9933
Fold 4, Epoch 4, Train Loss: 1.2051, Val Loss: 0.9769, Val Acc: 0.9916
Precision: 0.9951, Recall: 0.9363, F1-Score: 0.9642
Fold 4, Epoch 5, Train Loss: 0.9813, Val Loss: 0.8205, Val Acc: 0.9354
Precision: 0.9955, Recall: 0.9581, F1-Score: 0.9758
Fold 4, Epoch 6, Train Loss: 0.8557, Val Loss: 0.7107, Val Acc: 0.9565
Precision: 0.9953, Recall: 0.9596, F1-Score: 0.9764
Fold 4, Epoch 7, Train Loss: 0.7991, Val Loss: 0.7557, Val Acc: 0.9586
Precision: 0.9955, Recall: 0.9896, F1-Score: 0.9922
Fold 4, Epoch 8, Train Loss: 0.6757, Val Loss: 0.7956, Val Acc: 0.9885
Precision: 0.9950, Recall: 0.9849, F1-Score: 0.9894
Fold 4, Epoch 9, Train Loss: 0.6080, Val Loss: 0.7577, Val Acc: 0.9838
Precision: 0.9950, Recall: 0.9830, F1-Score: 0.9883
Fold 4, Epoch 10, Train Loss: 0.6874, Val Loss: 0.6795, Val Acc: 0.9819
Precision: 0.9956, Recall: 0.9914, F1-Score: 0.9930
Fold 4, Epoch 11, Train Loss: 0.5937, Val Loss: 0.4669, Val Acc: 0.9910
Precision: 0.9957, Recall: 0.9904, F1-Score: 0.9925
Fold 4, Epoch 12, Train Loss: 0.5283, Val Loss: 0.4599, Val Acc: 0.9899
Precision: 0.9958, Recall: 0.9405, F1-Score: 0.9668
Fold 4, Epoch 13, Train Loss: 0.4929, Val Loss: 0.4279, Val Acc: 0.9392
Precision: 0.9962, Recall: 0.9903, F1-Score: 0.9929
Fold 4, Epoch 14, Train Loss: 0.4367, Val Loss: 0.3831, Val Acc: 0.9896
Precision: 0.9961, Recall: 0.9893, F1-Score: 0.9922
Fold 4, Epoch 15, Train Loss: 0.4357, Val Loss: 0.3712, Val Acc: 0.9888
Precision: 0.9958, Recall: 0.9892, F1-Score: 0.9919
Fold 4, Epoch 16, Train Loss: 0.4340, Val Loss: 0.5071, Val Acc: 0.9885
Precision: 0.9959, Recall: 0.9919, F1-Score: 0.9935
Fold 4, Epoch 17, Train Loss: 0.4250, Val Loss: 0.4235, Val Acc: 0.9916
Precision: 0.9960, Recall: 0.9690, F1-Score: 0.9817
Fold 4, Epoch 18, Train Loss: 0.4221, Val Loss: 0.3672, Val Acc: 0.9680
Precision: 0.9963, Recall: 0.9893, F1-Score: 0.9923
Fold 4, Epoch 19, Train Loss: 0.3896, Val Loss: 0.3598, Val Acc: 0.9889
Precision: 0.9964, Recall: 0.9920, F1-Score: 0.9938
Fold 4, Epoch 20, Train Loss: 0.3793, Val Loss: 0.3747, Val Acc: 0.9914
Precision: 0.9961, Recall: 0.9769, F1-Score: 0.9859
Fold 4, Epoch 21, Train Loss: 0.3988, Val Loss: 0.3308, Val Acc: 0.9764
Precision: 0.9962, Recall: 0.9894, F1-Score: 0.9923
Fold 4, Epoch 22, Train Loss: 0.3742, Val Loss: 0.3374, Val Acc: 0.9885
Precision: 0.9963, Recall: 0.9924, F1-Score: 0.9940
Fold 4, Epoch 23, Train Loss: 0.3633, Val Loss: 0.3494, Val Acc: 0.9918
Precision: 0.9963, Recall: 0.9866, F1-Score: 0.9909
Fold 4, Epoch 24, Train Loss: 0.3341, Val Loss: 0.3422, Val Acc: 0.9856
Precision: 0.9965, Recall: 0.9918, F1-Score: 0.9937
Fold 4, Epoch 25, Train Loss: 0.3595, Val Loss: 0.3199, Val Acc: 0.9911
Precision: 0.9960, Recall: 0.9892, F1-Score: 0.9920
Fold 4, Epoch 26, Train Loss: 0.3864, Val Loss: 0.3016, Val Acc: 0.9886
Precision: 0.9962, Recall: 0.9919, F1-Score: 0.9936
Fold 4, Epoch 27, Train Loss: 0.4185, Val Loss: 0.3338, Val Acc: 0.9914
Precision: 0.9964, Recall: 0.9903, F1-Score: 0.9928
Fold 4, Epoch 28, Train Loss: 0.3576, Val Loss: 0.3218, Val Acc: 0.9899
Precision: 0.9965, Recall: 0.9866, F1-Score: 0.9910
Fold 4, Epoch 29, Train Loss: 0.3714, Val Loss: 0.3006, Val Acc: 0.9860
Precision: 0.9960, Recall: 0.9899, F1-Score: 0.9924
Fold 4, Epoch 30, Train Loss: 0.3567, Val Loss: 0.3539, Val Acc: 0.9895
Precision: 0.9962, Recall: 0.9912, F1-Score: 0.9933
Fold 4, Epoch 31, Train Loss: 0.3411, Val Loss: 0.2930, Val Acc: 0.9907
Precision: 0.9967, Recall: 0.9926, F1-Score: 0.9942
Fold 4, Epoch 32, Train Loss: 0.3125, Val Loss: 0.2961, Val Acc: 0.9922
Precision: 0.9961, Recall: 0.9915, F1-Score: 0.9934
Fold 4, Epoch 33, Train Loss: 0.3364, Val Loss: 0.3459, Val Acc: 0.9909
Precision: 0.9961, Recall: 0.9815, F1-Score: 0.9881
Fold 4, Epoch 34, Train Loss: 0.3408, Val Loss: 0.2897, Val Acc: 0.9805
Precision: 0.9962, Recall: 0.9904, F1-Score: 0.9929
Fold 4, Epoch 35, Train Loss: 0.3326, Val Loss: 0.2681, Val Acc: 0.9901
Precision: 0.9964, Recall: 0.9793, F1-Score: 0.9873
Fold 4, Epoch 36, Train Loss: 0.3475, Val Loss: 0.2779, Val Acc: 0.9784
Precision: 0.9965, Recall: 0.9937, F1-Score: 0.9948
Fold 4, Epoch 37, Train Loss: 0.3353, Val Loss: 0.2682, Val Acc: 0.9933
Precision: 0.9963, Recall: 0.9891, F1-Score: 0.9921
Fold 4, Epoch 38, Train Loss: 0.3279, Val Loss: 0.2803, Val Acc: 0.9886
Precision: 0.9961, Recall: 0.9867, F1-Score: 0.9908
Fold 4, Epoch 39, Train Loss: 0.3708, Val Loss: 0.3014, Val Acc: 0.9861
Precision: 0.9964, Recall: 0.9899, F1-Score: 0.9927
Fold 4, Epoch 40, Train Loss: 0.3440, Val Loss: 0.2720, Val Acc: 0.9895
Precision: 0.9962, Recall: 0.9789, F1-Score: 0.9870
Fold 4, Epoch 41, Train Loss: 0.3374, Val Loss: 0.2806, Val Acc: 0.9777
Precision: 0.9964, Recall: 0.9902, F1-Score: 0.9928
Fold 4, Epoch 42, Train Loss: 0.3190, Val Loss: 0.2827, Val Acc: 0.9895
Precision: 0.9961, Recall: 0.9911, F1-Score: 0.9931
Fold 4, Epoch 43, Train Loss: 0.3481, Val Loss: 0.2756, Val Acc: 0.9905
Precision: 0.9959, Recall: 0.9877, F1-Score: 0.9912
Fold 4, Epoch 44, Train Loss: 0.3192, Val Loss: 0.2894, Val Acc: 0.9869
Precision: 0.9961, Recall: 0.9920, F1-Score: 0.9936
Fold 4, Epoch 45, Train Loss: 0.3408, Val Loss: 0.3597, Val Acc: 0.9917
Precision: 0.9961, Recall: 0.9730, F1-Score: 0.9839
Fold 4, Epoch 46, Train Loss: 0.4074, Val Loss: 0.7451, Val Acc: 0.9724
Precision: 0.9963, Recall: 0.9925, F1-Score: 0.9940
Fold 4, Epoch 47, Train Loss: 0.4470, Val Loss: 0.4296, Val Acc: 0.9923
Precision: 0.9963, Recall: 0.9910, F1-Score: 0.9932
Fold 4, Epoch 48, Train Loss: 0.4385, Val Loss: 0.2576, Val Acc: 0.9905
Precision: 0.9961, Recall: 0.9833, F1-Score: 0.9891
Fold 4, Epoch 49, Train Loss: 0.3625, Val Loss: 0.3086, Val Acc: 0.9823
Precision: 0.9957, Recall: 0.9903, F1-Score: 0.9926
Fold 4, Epoch 50, Train Loss: 0.3707, Val Loss: 0.8423, Val Acc: 0.9898
Precision: 0.9959, Recall: 0.9912, F1-Score: 0.9931
Fold 4, Epoch 51, Train Loss: 0.3969, Val Loss: 0.8187, Val Acc: 0.9906
Precision: 0.9957, Recall: 0.9907, F1-Score: 0.9928
Fold 4, Epoch 52, Train Loss: 0.5433, Val Loss: 0.3905, Val Acc: 0.9907
Precision: 0.9962, Recall: 0.9920, F1-Score: 0.9937
Fold 4, Epoch 53, Train Loss: 0.5203, Val Loss: 0.5671, Val Acc: 0.9916
Precision: 0.9962, Recall: 0.9703, F1-Score: 0.9825
Fold 4, Epoch 54, Train Loss: 0.5069, Val Loss: 0.3647, Val Acc: 0.9697
Precision: 0.9963, Recall: 0.9918, F1-Score: 0.9936
Fold 4, Epoch 55, Train Loss: 0.4342, Val Loss: 0.3493, Val Acc: 0.9913
Precision: 0.9962, Recall: 0.9900, F1-Score: 0.9927
Fold 4, Epoch 56, Train Loss: 0.3936, Val Loss: 0.3746, Val Acc: 0.9894
Precision: 0.9953, Recall: 0.9774, F1-Score: 0.9855
Fold 4, Epoch 57, Train Loss: 0.4486, Val Loss: 1.7682, Val Acc: 0.9765
Precision: 0.9963, Recall: 0.9918, F1-Score: 0.9936
Fold 4, Epoch 58, Train Loss: 0.4160, Val Loss: 0.4276, Val Acc: 0.9915
Precision: 0.9962, Recall: 0.9909, F1-Score: 0.9931
Fold 4, Epoch 59, Train Loss: 0.3675, Val Loss: 0.3762, Val Acc: 0.9902
Precision: 0.9958, Recall: 0.9855, F1-Score: 0.9901
Fold 4, Epoch 60, Train Loss: 0.3688, Val Loss: 0.8821, Val Acc: 0.9848
Precision: 0.9959, Recall: 0.9852, F1-Score: 0.9900
Fold 4, Epoch 61, Train Loss: 0.4714, Val Loss: 0.6507, Val Acc: 0.9845
Precision: 0.9959, Recall: 0.9892, F1-Score: 0.9920
Fold 4, Epoch 62, Train Loss: 0.4845, Val Loss: 0.9409, Val Acc: 0.9890
Precision: 0.9959, Recall: 0.9837, F1-Score: 0.9892
Fold 4, Epoch 63, Train Loss: 0.5226, Val Loss: 0.4162, Val Acc: 0.9827
Precision: 0.9960, Recall: 0.9900, F1-Score: 0.9925
Fold 4, Epoch 64, Train Loss: 0.4417, Val Loss: 0.4193, Val Acc: 0.9894
Precision: 0.9963, Recall: 0.9919, F1-Score: 0.9937
Fold 4, Epoch 65, Train Loss: 0.4150, Val Loss: 0.3826, Val Acc: 0.9916
Precision: 0.9959, Recall: 0.9853, F1-Score: 0.9901
Fold 4, Epoch 66, Train Loss: 0.4129, Val Loss: 0.3719, Val Acc: 0.9848
Precision: 0.9963, Recall: 0.9914, F1-Score: 0.9934
Fold 4, Epoch 67, Train Loss: 0.4290, Val Loss: 0.3665, Val Acc: 0.9909
Precision: 0.9963, Recall: 0.9879, F1-Score: 0.9915
Fold 4, Epoch 68, Train Loss: 0.3610, Val Loss: 0.3184, Val Acc: 0.9866
Precision: 0.9963, Recall: 0.9929, F1-Score: 0.9943
Fold 4, Epoch 69, Train Loss: 0.3591, Val Loss: 0.3619, Val Acc: 0.9925
Precision: 0.9961, Recall: 0.9922, F1-Score: 0.9937
Fold 4, Epoch 70, Train Loss: 0.3843, Val Loss: 0.3266, Val Acc: 0.9918
Precision: 0.9957, Recall: 0.9887, F1-Score: 0.9917
Fold 4, Epoch 71, Train Loss: 0.4473, Val Loss: 0.8436, Val Acc: 0.9882
Precision: 0.9961, Recall: 0.9909, F1-Score: 0.9930
Fold 4, Epoch 72, Train Loss: 0.4086, Val Loss: 0.4051, Val Acc: 0.9900
Precision: 0.9960, Recall: 0.9913, F1-Score: 0.9932
Fold 4, Epoch 73, Train Loss: 0.3907, Val Loss: 0.4553, Val Acc: 0.9908
Precision: 0.9961, Recall: 0.9913, F1-Score: 0.9932
Fold 4, Epoch 74, Train Loss: 0.4807, Val Loss: 0.4750, Val Acc: 0.9910
Precision: 0.9957, Recall: 0.9739, F1-Score: 0.9842
Fold 4, Epoch 75, Train Loss: 0.4271, Val Loss: 0.5759, Val Acc: 0.9738
Precision: 0.9958, Recall: 0.9907, F1-Score: 0.9928
Fold 4, Epoch 76, Train Loss: 0.5893, Val Loss: 0.6633, Val Acc: 0.9902
Precision: 0.9960, Recall: 0.9903, F1-Score: 0.9927
Fold 4, Epoch 77, Train Loss: 0.5073, Val Loss: 0.3834, Val Acc: 0.9897
Precision: 0.9964, Recall: 0.9931, F1-Score: 0.9944
Fold 4, Epoch 78, Train Loss: 0.4992, Val Loss: 0.3517, Val Acc: 0.9928
Precision: 0.9960, Recall: 0.9582, F1-Score: 0.9760
Fold 4, Epoch 79, Train Loss: 0.4218, Val Loss: 0.3706, Val Acc: 0.9568
Precision: 0.9964, Recall: 0.9934, F1-Score: 0.9946
Fold 4, Epoch 80, Train Loss: 0.4202, Val Loss: 0.3759, Val Acc: 0.9929
Precision: 0.9961, Recall: 0.9903, F1-Score: 0.9927
Fold 4, Epoch 81, Train Loss: 0.3974, Val Loss: 0.3784, Val Acc: 0.9896
Precision: 0.9963, Recall: 0.9902, F1-Score: 0.9928
Fold 4, Epoch 82, Train Loss: 0.3508, Val Loss: 0.3674, Val Acc: 0.9895
Precision: 0.9965, Recall: 0.9923, F1-Score: 0.9939
Fold 4, Epoch 83, Train Loss: 0.3468, Val Loss: 0.3279, Val Acc: 0.9919
Precision: 0.9964, Recall: 0.9916, F1-Score: 0.9935
Fold 4, Epoch 84, Train Loss: 0.3238, Val Loss: 0.3439, Val Acc: 0.9913
Precision: 0.9964, Recall: 0.9911, F1-Score: 0.9933
Fold 4, Epoch 85, Train Loss: 0.3284, Val Loss: 0.3369, Val Acc: 0.9908
Precision: 0.9966, Recall: 0.9916, F1-Score: 0.9936
Fold 4, Epoch 86, Train Loss: 0.3314, Val Loss: 0.3079, Val Acc: 0.9910
Precision: 0.9965, Recall: 0.9908, F1-Score: 0.9932
Fold 4, Epoch 87, Train Loss: 0.3306, Val Loss: 0.2833, Val Acc: 0.9900
Precision: 0.9967, Recall: 0.9925, F1-Score: 0.9943
Fold 4, Epoch 88, Train Loss: 0.3327, Val Loss: 0.2539, Val Acc: 0.9920
Precision: 0.9963, Recall: 0.9900, F1-Score: 0.9927
Fold 4, Epoch 89, Train Loss: 0.3301, Val Loss: 0.2623, Val Acc: 0.9897
Precision: 0.9962, Recall: 0.9912, F1-Score: 0.9932
Fold 4, Epoch 90, Train Loss: 0.2981, Val Loss: 0.2510, Val Acc: 0.9909
Precision: 0.9965, Recall: 0.9914, F1-Score: 0.9935
Fold 4, Epoch 91, Train Loss: 0.2951, Val Loss: 0.2887, Val Acc: 0.9908
Precision: 0.9962, Recall: 0.9837, F1-Score: 0.9894
Fold 4, Epoch 92, Train Loss: 0.3097, Val Loss: 0.2984, Val Acc: 0.9824
Precision: 0.9966, Recall: 0.9936, F1-Score: 0.9948
Fold 4, Epoch 93, Train Loss: 0.3288, Val Loss: 0.2646, Val Acc: 0.9931
Precision: 0.9966, Recall: 0.9925, F1-Score: 0.9942
Fold 4, Epoch 94, Train Loss: 0.2977, Val Loss: 0.2403, Val Acc: 0.9921
Precision: 0.9962, Recall: 0.9899, F1-Score: 0.9926
Fold 4, Epoch 95, Train Loss: 0.2999, Val Loss: 0.2711, Val Acc: 0.9895
Precision: 0.9967, Recall: 0.9932, F1-Score: 0.9945
Fold 4, Epoch 96, Train Loss: 0.3134, Val Loss: 0.2570, Val Acc: 0.9927
Precision: 0.9966, Recall: 0.9921, F1-Score: 0.9939
Fold 4, Epoch 97, Train Loss: 0.2766, Val Loss: 0.2163, Val Acc: 0.9917
Precision: 0.9965, Recall: 0.9927, F1-Score: 0.9942
Fold 4, Epoch 98, Train Loss: 0.2892, Val Loss: 0.2447, Val Acc: 0.9922
Precision: 0.9960, Recall: 0.9833, F1-Score: 0.9891
Fold 4, Epoch 99, Train Loss: 0.2931, Val Loss: 0.2784, Val Acc: 0.9830

--- Epoch 100 ---
--- Epoch 100 ---
--- Epoch 100 ---



--- Epoch 100 ---
Class Weights: [2.1219941e-05 5.5445161e-02 5.4685637e-02 5.3946640e-02 5.5445161e-02
 5.2526992e-02 5.3227354e-02 5.7855818e-02 5.6226078e-02 5.9582859e-02
 5.3946640e-02 5.3227354e-02 5.3946640e-02 5.8706637e-02 5.8706637e-02
 5.6226078e-02 5.1844824e-02 5.3946640e-02 6.0485628e-02]Class Weights: [2.1219941e-05 5.5445161e-02 5.4685637e-02 5.3946640e-02 5.5445161e-02
 5.2526992e-02 5.3227354e-02 5.7855818e-02 5.6226078e-02 5.9582859e-02
 5.3946640e-02 5.3227354e-02 5.3946640e-02 5.8706637e-02 5.8706637e-02
 5.6226078e-02 5.1844824e-02 5.3946640e-02 6.0485628e-02]Class Weights: [2.1219941e-05 5.5445161e-02 5.4685637e-02 5.3946640e-02 5.5445161e-02
 5.2526992e-02 5.3227354e-02 5.7855818e-02 5.6226078e-02 5.9582859e-02
 5.3946640e-02 5.3227354e-02 5.3946640e-02 5.8706637e-02 5.8706637e-02
 5.6226078e-02 5.1844824e-02 5.3946640e-02 6.0485628e-02]Class Weights: [2.1219941e-05 5.5445161e-02 5.4685637e-02 5.3946640e-02 5.5445161e-02
 5.2526992e-02 5.3227354e-02 5.7855818e-02 5.6226078e-02 5.9582859e-02
 5.3946640e-02 5.3227354e-02 5.3946640e-02 5.8706637e-02 5.8706637e-02
 5.6226078e-02 5.1844824e-02 5.3946640e-02 6.0485628e-02]



Learning Rate: 0.007737809374999999Learning Rate: 0.007737809374999999
Learning Rate: 0.007737809374999999
Learning Rate: 0.007737809374999999

Train Loss: 0.3077, Val Loss: 0.3094
Train Loss: 0.3077, Val Loss: 0.3094
Train Loss: 0.3077, Val Loss: 0.3094Train Loss: 0.3077, Val Loss: 0.3094

Per-Class Precision: [1.         0.49189189 0.8968254  0.63157895 0.5625     0.36619718
 0.53435115 0.04761905 0.43727599 0.12733447 0.09057971 0.30821918
 0.625      0.45323741 0.29648241 0.85074627 0.42774566 0.27642276
 0.7816092 ]
Per-Class Recall: [0.99229118 0.91       0.904      0.96       0.18       0.78
 0.93333333 0.01333333 0.976      1.         1.         0.72
 0.24       0.84       0.59       0.38       0.98666667 0.68
 0.68      ]
Per-Class F1-Score: [0.99613068 0.63859649 0.90039841 0.76190476 0.27272727 0.49840256
 0.67961165 0.02083333 0.6039604  0.22590361 0.16611296 0.43165468
 0.34682081 0.58878505 0.39464883 0.52534562 0.59677419 0.39306358
 0.72727273]
Support per Class: [293949    100    125    150    100    100    150     75    125    150
     50    125    125     75    100    150     75     50    200]
Weighted Precision: 0.9966, Weighted Recall: 0.9904, Weighted F1-Score: 0.9929
Precision: 0.9966, Recall: 0.9904, F1-Score: 0.9929
Fold 4, Epoch 100, Train Loss: 0.3077, Val Loss: 0.3094, Val Acc: 0.9901
Completed Fold 4
Starting Fold 5
Precision: 0.9938, Recall: 0.8304, F1-Score: 0.9040
Fold 5, Epoch 1, Train Loss: 3.7720, Val Loss: 4.1460, Val Acc: 0.8298
Precision: 0.9946, Recall: 0.8974, F1-Score: 0.9430
Fold 5, Epoch 2, Train Loss: 2.1321, Val Loss: 1.6875, Val Acc: 0.8963
Precision: 0.9948, Recall: 0.9457, F1-Score: 0.9691
Fold 5, Epoch 3, Train Loss: 1.3394, Val Loss: 0.9529, Val Acc: 0.9448
Precision: 0.9956, Recall: 0.9738, F1-Score: 0.9841
Fold 5, Epoch 4, Train Loss: 1.0180, Val Loss: 0.6182, Val Acc: 0.9739
Precision: 0.9954, Recall: 0.9855, F1-Score: 0.9901
Fold 5, Epoch 5, Train Loss: 0.7210, Val Loss: 0.7499, Val Acc: 0.9852
Precision: 0.9955, Recall: 0.9787, F1-Score: 0.9864
Fold 5, Epoch 6, Train Loss: 0.6499, Val Loss: 0.8368, Val Acc: 0.9775
Precision: 0.9957, Recall: 0.9838, F1-Score: 0.9891
Fold 5, Epoch 7, Train Loss: 0.5901, Val Loss: 0.4436, Val Acc: 0.9828
Precision: 0.9956, Recall: 0.9894, F1-Score: 0.9920
Fold 5, Epoch 8, Train Loss: 0.5282, Val Loss: 0.4396, Val Acc: 0.9895
Precision: 0.9960, Recall: 0.9923, F1-Score: 0.9937
Fold 5, Epoch 9, Train Loss: 0.4884, Val Loss: 0.4070, Val Acc: 0.9925
Precision: 0.9962, Recall: 0.9727, F1-Score: 0.9838
Fold 5, Epoch 10, Train Loss: 0.4271, Val Loss: 0.3424, Val Acc: 0.9723
Precision: 0.9958, Recall: 0.9894, F1-Score: 0.9920
Fold 5, Epoch 11, Train Loss: 0.4426, Val Loss: 0.3256, Val Acc: 0.9895
Precision: 0.9960, Recall: 0.9878, F1-Score: 0.9913
Fold 5, Epoch 12, Train Loss: 0.4404, Val Loss: 0.4275, Val Acc: 0.9873
Precision: 0.9957, Recall: 0.9861, F1-Score: 0.9903
Fold 5, Epoch 13, Train Loss: 0.4708, Val Loss: 0.3294, Val Acc: 0.9858
Precision: 0.9959, Recall: 0.9892, F1-Score: 0.9920
Fold 5, Epoch 14, Train Loss: 0.4386, Val Loss: 0.3822, Val Acc: 0.9890
Precision: 0.9965, Recall: 0.9838, F1-Score: 0.9897
Fold 5, Epoch 15, Train Loss: 0.3956, Val Loss: 0.2942, Val Acc: 0.9836
Precision: 0.9962, Recall: 0.9801, F1-Score: 0.9876
Fold 5, Epoch 16, Train Loss: 0.3582, Val Loss: 0.3715, Val Acc: 0.9795
Precision: 0.9958, Recall: 0.9811, F1-Score: 0.9879
Fold 5, Epoch 17, Train Loss: 0.4080, Val Loss: 0.3162, Val Acc: 0.9810
Precision: 0.9966, Recall: 0.9919, F1-Score: 0.9938
Fold 5, Epoch 18, Train Loss: 0.3749, Val Loss: 0.2758, Val Acc: 0.9918
Precision: 0.9967, Recall: 0.9928, F1-Score: 0.9943
Fold 5, Epoch 19, Train Loss: 0.3431, Val Loss: 0.2522, Val Acc: 0.9930
Precision: 0.9961, Recall: 0.9887, F1-Score: 0.9919
Fold 5, Epoch 20, Train Loss: 0.3445, Val Loss: 0.2805, Val Acc: 0.9885
Precision: 0.9953, Recall: 0.9784, F1-Score: 0.9863
Fold 5, Epoch 21, Train Loss: 0.3729, Val Loss: 0.7852, Val Acc: 0.9775
Precision: 0.9957, Recall: 0.9914, F1-Score: 0.9932
Fold 5, Epoch 22, Train Loss: 0.4761, Val Loss: 0.5447, Val Acc: 0.9913
Precision: 0.9962, Recall: 0.9935, F1-Score: 0.9945
Fold 5, Epoch 23, Train Loss: 0.4515, Val Loss: 0.3505, Val Acc: 0.9938
Precision: 0.9962, Recall: 0.9874, F1-Score: 0.9911
Fold 5, Epoch 24, Train Loss: 0.4451, Val Loss: 0.6664, Val Acc: 0.9871
Precision: 0.9960, Recall: 0.9788, F1-Score: 0.9868
Fold 5, Epoch 25, Train Loss: 0.4647, Val Loss: 0.2740, Val Acc: 0.9780
Precision: 0.9962, Recall: 0.9921, F1-Score: 0.9938
Fold 5, Epoch 26, Train Loss: 0.4583, Val Loss: 0.5661, Val Acc: 0.9920
Precision: 0.9957, Recall: 0.9844, F1-Score: 0.9896
Fold 5, Epoch 27, Train Loss: 0.3968, Val Loss: 0.4168, Val Acc: 0.9844
Precision: 0.9961, Recall: 0.9742, F1-Score: 0.9844
Fold 5, Epoch 28, Train Loss: 0.3695, Val Loss: 0.2843, Val Acc: 0.9746
Precision: 0.9960, Recall: 0.9909, F1-Score: 0.9930
Fold 5, Epoch 29, Train Loss: 0.3863, Val Loss: 0.3228, Val Acc: 0.9914
Precision: 0.9962, Recall: 0.9922, F1-Score: 0.9938
Fold 5, Epoch 30, Train Loss: 0.4151, Val Loss: 0.3295, Val Acc: 0.9925
Precision: 0.9960, Recall: 0.9870, F1-Score: 0.9910
Fold 5, Epoch 31, Train Loss: 0.4339, Val Loss: 0.4724, Val Acc: 0.9871
Precision: 0.9963, Recall: 0.9936, F1-Score: 0.9946
Fold 5, Epoch 32, Train Loss: 0.4038, Val Loss: 0.2939, Val Acc: 0.9938
Precision: 0.9962, Recall: 0.9903, F1-Score: 0.9926
Fold 5, Epoch 33, Train Loss: 0.3594, Val Loss: 0.2289, Val Acc: 0.9908
Precision: 0.9970, Recall: 0.9950, F1-Score: 0.9958
Fold 5, Epoch 34, Train Loss: 0.3195, Val Loss: 0.2671, Val Acc: 0.9952
Precision: 0.9963, Recall: 0.9911, F1-Score: 0.9932
Fold 5, Epoch 35, Train Loss: 0.2935, Val Loss: 0.2496, Val Acc: 0.9912
Precision: 0.9967, Recall: 0.9925, F1-Score: 0.9943
Fold 5, Epoch 36, Train Loss: 0.3037, Val Loss: 0.2737, Val Acc: 0.9926
Precision: 0.9965, Recall: 0.9881, F1-Score: 0.9918
Fold 5, Epoch 37, Train Loss: 0.3342, Val Loss: 0.2300, Val Acc: 0.9879
Precision: 0.9963, Recall: 0.9923, F1-Score: 0.9939
Fold 5, Epoch 38, Train Loss: 0.3243, Val Loss: 0.2107, Val Acc: 0.9926
Precision: 0.9958, Recall: 0.9892, F1-Score: 0.9920
Fold 5, Epoch 39, Train Loss: 0.3330, Val Loss: 0.2843, Val Acc: 0.9893
Precision: 0.9967, Recall: 0.9913, F1-Score: 0.9936
Fold 5, Epoch 40, Train Loss: 0.3528, Val Loss: 0.1857, Val Acc: 0.9912
Precision: 0.9965, Recall: 0.9931, F1-Score: 0.9944
Fold 5, Epoch 41, Train Loss: 0.3306, Val Loss: 0.2494, Val Acc: 0.9934
Precision: 0.9959, Recall: 0.9541, F1-Score: 0.9739
Fold 5, Epoch 42, Train Loss: 0.3077, Val Loss: 0.2878, Val Acc: 0.9541
Precision: 0.9965, Recall: 0.9927, F1-Score: 0.9943
Fold 5, Epoch 43, Train Loss: 0.3128, Val Loss: 0.2318, Val Acc: 0.9932
Precision: 0.9966, Recall: 0.9935, F1-Score: 0.9948
Fold 5, Epoch 44, Train Loss: 0.2861, Val Loss: 0.2009, Val Acc: 0.9938
Precision: 0.9960, Recall: 0.9918, F1-Score: 0.9934
Fold 5, Epoch 45, Train Loss: 0.3375, Val Loss: 0.3400, Val Acc: 0.9920
Precision: 0.9964, Recall: 0.9927, F1-Score: 0.9942
Fold 5, Epoch 46, Train Loss: 0.3834, Val Loss: 0.2214, Val Acc: 0.9932
Precision: 0.9962, Recall: 0.9925, F1-Score: 0.9940
Fold 5, Epoch 47, Train Loss: 0.3710, Val Loss: 0.2467, Val Acc: 0.9930
Precision: 0.9964, Recall: 0.9814, F1-Score: 0.9883
Fold 5, Epoch 48, Train Loss: 0.3614, Val Loss: 0.2491, Val Acc: 0.9812
Precision: 0.9963, Recall: 0.9925, F1-Score: 0.9940
Fold 5, Epoch 49, Train Loss: 0.3473, Val Loss: 0.2383, Val Acc: 0.9926
Precision: 0.9967, Recall: 0.9902, F1-Score: 0.9931
Fold 5, Epoch 50, Train Loss: 0.3200, Val Loss: 0.2213, Val Acc: 0.9902
Precision: 0.9964, Recall: 0.9854, F1-Score: 0.9904
Fold 5, Epoch 51, Train Loss: 0.3040, Val Loss: 0.2494, Val Acc: 0.9854
Precision: 0.9965, Recall: 0.9930, F1-Score: 0.9944
Fold 5, Epoch 52, Train Loss: 0.3291, Val Loss: 0.1942, Val Acc: 0.9930
Precision: 0.9966, Recall: 0.9921, F1-Score: 0.9939
Fold 5, Epoch 53, Train Loss: 0.2965, Val Loss: 0.2019, Val Acc: 0.9922
Precision: 0.9961, Recall: 0.9808, F1-Score: 0.9879
Fold 5, Epoch 54, Train Loss: 0.3070, Val Loss: 0.2385, Val Acc: 0.9805
Precision: 0.9964, Recall: 0.9885, F1-Score: 0.9920
Fold 5, Epoch 55, Train Loss: 0.3133, Val Loss: 0.3638, Val Acc: 0.9887
Precision: 0.9955, Recall: 0.9692, F1-Score: 0.9815
Fold 5, Epoch 56, Train Loss: 0.4956, Val Loss: 0.3620, Val Acc: 0.9697
Precision: 0.9959, Recall: 0.9913, F1-Score: 0.9931
Fold 5, Epoch 57, Train Loss: 0.5091, Val Loss: 0.6234, Val Acc: 0.9916
Precision: 0.9964, Recall: 0.9932, F1-Score: 0.9944
Fold 5, Epoch 58, Train Loss: 0.3976, Val Loss: 0.2519, Val Acc: 0.9936
Precision: 0.9959, Recall: 0.9911, F1-Score: 0.9930
Fold 5, Epoch 59, Train Loss: 0.3425, Val Loss: 0.3369, Val Acc: 0.9914
Precision: 0.9962, Recall: 0.9875, F1-Score: 0.9913
Fold 5, Epoch 60, Train Loss: 0.3877, Val Loss: 0.2597, Val Acc: 0.9872
Precision: 0.9964, Recall: 0.9929, F1-Score: 0.9943
Fold 5, Epoch 61, Train Loss: 0.3694, Val Loss: 0.2203, Val Acc: 0.9931
Precision: 0.9963, Recall: 0.9887, F1-Score: 0.9920
Fold 5, Epoch 62, Train Loss: 0.3865, Val Loss: 0.2287, Val Acc: 0.9891
Precision: 0.9963, Recall: 0.9915, F1-Score: 0.9935
Fold 5, Epoch 63, Train Loss: 0.3142, Val Loss: 0.2341, Val Acc: 0.9916
Precision: 0.9957, Recall: 0.9747, F1-Score: 0.9847
Fold 5, Epoch 64, Train Loss: 0.3350, Val Loss: 0.3078, Val Acc: 0.9747
Precision: 0.9965, Recall: 0.9831, F1-Score: 0.9893
Fold 5, Epoch 65, Train Loss: 0.3341, Val Loss: 0.2467, Val Acc: 0.9832
Precision: 0.9966, Recall: 0.9867, F1-Score: 0.9912
Fold 5, Epoch 66, Train Loss: 0.2892, Val Loss: 0.2249, Val Acc: 0.9864
Precision: 0.9963, Recall: 0.9920, F1-Score: 0.9937
Fold 5, Epoch 67, Train Loss: 0.2820, Val Loss: 0.2330, Val Acc: 0.9922
Precision: 0.9964, Recall: 0.9915, F1-Score: 0.9935
Fold 5, Epoch 68, Train Loss: 0.3416, Val Loss: 0.2000, Val Acc: 0.9917
Precision: 0.9969, Recall: 0.9940, F1-Score: 0.9951
Fold 5, Epoch 69, Train Loss: 0.3100, Val Loss: 0.2199, Val Acc: 0.9943
Precision: 0.9960, Recall: 0.9837, F1-Score: 0.9894
Fold 5, Epoch 70, Train Loss: 0.3022, Val Loss: 0.2872, Val Acc: 0.9837
Precision: 0.9957, Recall: 0.9899, F1-Score: 0.9923
Fold 5, Epoch 71, Train Loss: 0.3894, Val Loss: 0.2819, Val Acc: 0.9903
Precision: 0.9959, Recall: 0.9931, F1-Score: 0.9942
Fold 5, Epoch 72, Train Loss: 0.3529, Val Loss: 0.3148, Val Acc: 0.9933
Precision: 0.9963, Recall: 0.9916, F1-Score: 0.9934
Fold 5, Epoch 73, Train Loss: 0.3158, Val Loss: 0.2324, Val Acc: 0.9917
Precision: 0.9964, Recall: 0.9904, F1-Score: 0.9930
Fold 5, Epoch 74, Train Loss: 0.3125, Val Loss: 0.1854, Val Acc: 0.9906
Precision: 0.9966, Recall: 0.9883, F1-Score: 0.9920
Fold 5, Epoch 75, Train Loss: 0.3123, Val Loss: 0.2279, Val Acc: 0.9885
Precision: 0.9960, Recall: 0.9889, F1-Score: 0.9920
Fold 5, Epoch 76, Train Loss: 0.2915, Val Loss: 0.2658, Val Acc: 0.9893
Precision: 0.9960, Recall: 0.9916, F1-Score: 0.9933
Fold 5, Epoch 77, Train Loss: 0.3507, Val Loss: 0.2536, Val Acc: 0.9917
Precision: 0.9968, Recall: 0.9938, F1-Score: 0.9950
Fold 5, Epoch 78, Train Loss: 0.3095, Val Loss: 0.2054, Val Acc: 0.9941
Precision: 0.9966, Recall: 0.9865, F1-Score: 0.9911
Fold 5, Epoch 79, Train Loss: 0.2989, Val Loss: 0.2354, Val Acc: 0.9863
Precision: 0.9966, Recall: 0.9929, F1-Score: 0.9943
Fold 5, Epoch 80, Train Loss: 0.2977, Val Loss: 0.2101, Val Acc: 0.9930
Precision: 0.9965, Recall: 0.9921, F1-Score: 0.9939
Fold 5, Epoch 81, Train Loss: 0.2900, Val Loss: 0.1981, Val Acc: 0.9918
Precision: 0.9966, Recall: 0.9873, F1-Score: 0.9915
Fold 5, Epoch 82, Train Loss: 0.2557, Val Loss: 0.1829, Val Acc: 0.9876
Precision: 0.9967, Recall: 0.9883, F1-Score: 0.9921
Fold 5, Epoch 83, Train Loss: 0.2835, Val Loss: 0.1604, Val Acc: 0.9880
Precision: 0.9965, Recall: 0.9814, F1-Score: 0.9884
Fold 5, Epoch 84, Train Loss: 0.2740, Val Loss: 0.1790, Val Acc: 0.9812
Precision: 0.9967, Recall: 0.9919, F1-Score: 0.9939
Fold 5, Epoch 85, Train Loss: 0.2676, Val Loss: 0.2010, Val Acc: 0.9920
Precision: 0.9965, Recall: 0.9919, F1-Score: 0.9937
Fold 5, Epoch 86, Train Loss: 0.2774, Val Loss: 0.1952, Val Acc: 0.9919
Precision: 0.9968, Recall: 0.9900, F1-Score: 0.9930
Fold 5, Epoch 87, Train Loss: 0.2760, Val Loss: 0.1757, Val Acc: 0.9897
Precision: 0.9965, Recall: 0.9917, F1-Score: 0.9937
Fold 5, Epoch 88, Train Loss: 0.2670, Val Loss: 0.1998, Val Acc: 0.9914
Precision: 0.9966, Recall: 0.9933, F1-Score: 0.9947
Fold 5, Epoch 89, Train Loss: 0.2790, Val Loss: 0.2343, Val Acc: 0.9935
Precision: 0.9964, Recall: 0.9926, F1-Score: 0.9941
Fold 5, Epoch 90, Train Loss: 0.2793, Val Loss: 0.2078, Val Acc: 0.9927
Precision: 0.9965, Recall: 0.9897, F1-Score: 0.9926
Fold 5, Epoch 91, Train Loss: 0.2562, Val Loss: 0.1482, Val Acc: 0.9897
Precision: 0.9969, Recall: 0.9942, F1-Score: 0.9952
Fold 5, Epoch 92, Train Loss: 0.2754, Val Loss: 0.1841, Val Acc: 0.9944
Precision: 0.9966, Recall: 0.9919, F1-Score: 0.9938
Fold 5, Epoch 93, Train Loss: 0.2832, Val Loss: 0.1568, Val Acc: 0.9922
Precision: 0.9964, Recall: 0.9915, F1-Score: 0.9935
Fold 5, Epoch 94, Train Loss: 0.2995, Val Loss: 0.1978, Val Acc: 0.9917
Precision: 0.9966, Recall: 0.9938, F1-Score: 0.9949
Fold 5, Epoch 95, Train Loss: 0.3133, Val Loss: 0.2641, Val Acc: 0.9941
Precision: 0.9961, Recall: 0.9883, F1-Score: 0.9916
Fold 5, Epoch 96, Train Loss: 0.3096, Val Loss: 0.2995, Val Acc: 0.9888
Precision: 0.9963, Recall: 0.9817, F1-Score: 0.9885
Fold 5, Epoch 97, Train Loss: 0.3131, Val Loss: 0.3178, Val Acc: 0.9818
Precision: 0.9961, Recall: 0.9912, F1-Score: 0.9932
Fold 5, Epoch 98, Train Loss: 0.3447, Val Loss: 0.3002, Val Acc: 0.9918
Precision: 0.9961, Recall: 0.9917, F1-Score: 0.9935
Fold 5, Epoch 99, Train Loss: 0.3660, Val Loss: 0.2066, Val Acc: 0.9917

--- Epoch 100 ---
--- Epoch 100 ---
--- Epoch 100 ---



--- Epoch 100 ---
Class Weights: [2.1190293e-05 5.1108643e-02 5.4609235e-02 5.7774987e-02 5.1108643e-02
 5.7774987e-02 5.4609235e-02 5.5367697e-02 5.4609235e-02 6.0401123e-02
 5.6147523e-02 6.4297967e-02 5.1772390e-02 5.6147523e-02 5.1108643e-02
 5.6147523e-02 5.7774987e-02 5.4609235e-02 5.4609235e-02]Class Weights: [2.1190293e-05 5.1108643e-02 5.4609235e-02 5.7774987e-02 5.1108643e-02
 5.7774987e-02 5.4609235e-02 5.5367697e-02 5.4609235e-02 6.0401123e-02
 5.6147523e-02 6.4297967e-02 5.1772390e-02 5.6147523e-02 5.1108643e-02
 5.6147523e-02 5.7774987e-02 5.4609235e-02 5.4609235e-02]Class Weights: [2.1190293e-05 5.1108643e-02 5.4609235e-02 5.7774987e-02 5.1108643e-02
 5.7774987e-02 5.4609235e-02 5.5367697e-02 5.4609235e-02 6.0401123e-02
 5.6147523e-02 6.4297967e-02 5.1772390e-02 5.6147523e-02 5.1108643e-02
 5.6147523e-02 5.7774987e-02 5.4609235e-02 5.4609235e-02]


Class Weights: [2.1190293e-05 5.1108643e-02 5.4609235e-02 5.7774987e-02 5.1108643e-02
 5.7774987e-02 5.4609235e-02 5.5367697e-02 5.4609235e-02 6.0401123e-02
 5.6147523e-02 6.4297967e-02 5.1772390e-02 5.6147523e-02 5.1108643e-02
 5.6147523e-02 5.7774987e-02 5.4609235e-02 5.4609235e-02]Learning Rate: 0.007737809374999999Learning Rate: 0.007737809374999999
Learning Rate: 0.007737809374999999


Learning Rate: 0.007737809374999999
Train Loss: 0.3368, Val Loss: 0.2302Train Loss: 0.3368, Val Loss: 0.2302
Train Loss: 0.3368, Val Loss: 0.2302
Train Loss: 0.3368, Val Loss: 0.2302

Per-Class Precision: [0.99999658 0.30674847 0.56521739 0.71698113 0.60869565 0.4351145
 0.29381443 0.44134078 0.37848606 0.12755102 0.29981025 0.3119469
 0.16358025 0.55932203 0.48868778 0.60526316 0.50714286 0.62068966
 0.58      ]
Per-Class Recall: [0.99368938 1.         0.65       0.76       0.56       0.76
 0.57       0.79       0.95       1.         0.90285714 0.705
 0.70666667 0.44       0.864      0.23       0.71       0.72
 0.87      ]
Per-Class F1-Score: [0.996833   0.46948357 0.60465116 0.73786408 0.58333333 0.55339806
 0.3877551  0.56630824 0.54131054 0.22624434 0.45014245 0.43251534
 0.26566416 0.49253731 0.62427746 0.33333333 0.59166667 0.66666667
 0.696     ]
Support per Class: [293949     50    100    150     75     75    100    100    100     50
    175    200     75    150    125    100    200    100    100]
Weighted Precision: 0.9963, Weighted Recall: 0.9918, Weighted F1-Score: 0.9936
Precision: 0.9963, Recall: 0.9918, F1-Score: 0.9936
Fold 5, Epoch 100, Train Loss: 0.3368, Val Loss: 0.2302, Val Acc: 0.9920
Completed Fold 5
Starting final training on all data...
Evaluating and Visualizing on Test Data
Test data predictions saved for all test samples in: /home/nishioka/GNN/Predict_data/Predict19Class4x4_Test20241120_141038
Training data predictions saved for all training samples in: /home/nishioka/GNN/Predict_data/Predict19Class4x4_Train20241120_141038
Shape of all_preds: (1183896,)
Shape of all_labels: (1183896,)
Shape of all_probs: (1183896, 19)
Balanced Accuracy: 0.35206335855688203
Matthews Correlation Coefficient: 0.482909506729974
ROC AUC Score: 0.997738058087781

Classification Report:
              precision    recall  f1-score   support

           0       1.00      0.99      1.00   1175796
           1       0.01      0.00      0.00       425
           2       0.33      0.00      0.01       425
           3       0.29      0.20      0.24       400
           4       0.33      0.31      0.32       475
           5       0.15      0.71      0.25       350
           6       0.10      0.04      0.05       425
           7       0.30      0.24      0.27       450
           8       0.22      0.52      0.30       550
           9       0.06      0.47      0.10       450
          10       0.19      0.66      0.29       475
          11       0.10      0.16      0.12       350
          12       0.31      0.23      0.26       575
          13       0.30      0.22      0.25       475
          14       0.15      0.40      0.22       475
          15       0.60      0.16      0.26       450
          16       0.19      0.27      0.23       275
          17       0.25      0.76      0.37       550
          18       0.34      0.35      0.34       525

    accuracy                           0.99   1183896
   macro avg       0.27      0.35      0.26   1183896
weighted avg       0.99      0.99      0.99   1183896

Test Loss: 0.0000, Test Accuracy: 0.9890
Precision: 0.9948, Recall: 0.9895, F1-Score: 0.9917
Balanced Accuracy: 0.3521
Matthews Correlation Coefficient (MCC): 0.4829
ROC AUC Score: 0.997738058087781
Images have been saved in /home/nishioka/GNN/Predict_truth/pred_vs_true_images_20241120_141038
Test Loss: 1.3425, Test Accuracy: 0.9890
Precision: 0.9946, Recall: 0.9890, F1-Score: 0.9915
