nohup: ignoring input
Using device: NVIDIA GeForce RTX 3090
Using device: NVIDIA GeForce RTX 3090
Using device: NVIDIA GeForce RTX 3090
Using device: NVIDIA GeForce RTX 3090
Rank: 0, World Size: 4, Master Addr: 127.0.0.1, Master Port: 12355
Rank 0 using device: cuda:0
Rank 3 using device: cuda:3
Rank 1 using device: cuda:1
Rank 2 using device: cuda:2
Starting Fold 1
/home/nishioka/GNN/DDP/Loss/FocalLoss.py:37: UserWarning: Implicit dimension choice for softmax has been deprecated. Change the call to include dim=X as an argument.
  logit = self.apply_nonlin(logit)
/home/nishioka/GNN/DDP/Loss/FocalLoss.py:37: UserWarning: Implicit dimension choice for softmax has been deprecated. Change the call to include dim=X as an argument.
  logit = self.apply_nonlin(logit)
/home/nishioka/GNN/DDP/Loss/FocalLoss.py:37: UserWarning: Implicit dimension choice for softmax has been deprecated. Change the call to include dim=X as an argument.
  logit = self.apply_nonlin(logit)
/home/nishioka/GNN/DDP/Loss/FocalLoss.py:37: UserWarning: Implicit dimension choice for softmax has been deprecated. Change the call to include dim=X as an argument.
  logit = self.apply_nonlin(logit)
Traceback (most recent call last):
Traceback (most recent call last):
  File "/home/nishioka/GNN/DDP/DDPGAT19class4x4_2_focal_loss.py", line 529, in <module>
  File "/home/nishioka/GNN/DDP/DDPGAT19class4x4_2_focal_loss.py", line 529, in <module>
Traceback (most recent call last):
  File "/home/nishioka/GNN/DDP/DDPGAT19class4x4_2_focal_loss.py", line 529, in <module>
Traceback (most recent call last):
  File "/home/nishioka/GNN/DDP/DDPGAT19class4x4_2_focal_loss.py", line 529, in <module>
    main(args)
  File "/home/nishioka/GNN/DDP/DDPGAT19class4x4_2_focal_loss.py", line 352, in main
    main(args)
  File "/home/nishioka/GNN/DDP/DDPGAT19class4x4_2_focal_loss.py", line 352, in main
    loss = loss_fn(out, y)
           ^^^^^^^^^^^^^^^
  File "/home/nishioka/miniconda3/envs/interstage_gnn_first/lib/python3.12/site-packages/torch/nn/modules/module.py", line 1511, in _wrapped_call_impl
    main(args)
      File "/home/nishioka/GNN/DDP/DDPGAT19class4x4_2_focal_loss.py", line 352, in main
loss = loss_fn(out, y)
           ^^^^^^^^^^^^^^^
  File "/home/nishioka/miniconda3/envs/interstage_gnn_first/lib/python3.12/site-packages/torch/nn/modules/module.py", line 1511, in _wrapped_call_impl
    main(args)
  File "/home/nishioka/GNN/DDP/DDPGAT19class4x4_2_focal_loss.py", line 352, in main
    loss = loss_fn(out, y)
           ^^^^^^^^^^^^^^^
  File "/home/nishioka/miniconda3/envs/interstage_gnn_first/lib/python3.12/site-packages/torch/nn/modules/module.py", line 1511, in _wrapped_call_impl
    loss = loss_fn(out, y)
           ^^^^^^^^^^^^^^^
  File "/home/nishioka/miniconda3/envs/interstage_gnn_first/lib/python3.12/site-packages/torch/nn/modules/module.py", line 1511, in _wrapped_call_impl
    return self._call_impl(*args, **kwargs)    
return self._call_impl(*args, **kwargs)
    return self._call_impl(*args, **kwargs)
                              ^^ ^^ ^^ ^^^^^^^^^^^^^^^^^^^^^^^^^^^^^^^^^^^^^^^^^^^^^^^^^^^^^^^^^^^^^^^^^^^^^^^^^^^^^^^^^^^^^^^

^^^
  File "/home/nishioka/miniconda3/envs/interstage_gnn_first/lib/python3.12/site-packages/torch/nn/modules/module.py", line 1520, in _call_impl
  File "/home/nishioka/miniconda3/envs/interstage_gnn_first/lib/python3.12/site-packages/torch/nn/modules/module.py", line 1520, in _call_impl
  File "/home/nishioka/miniconda3/envs/interstage_gnn_first/lib/python3.12/site-packages/torch/nn/modules/module.py", line 1520, in _call_impl
    return self._call_impl(*args, **kwargs)
           ^^^^^^^^^^^^^^^^^^^^^^^^^^^^^^^^
  File "/home/nishioka/miniconda3/envs/interstage_gnn_first/lib/python3.12/site-packages/torch/nn/modules/module.py", line 1520, in _call_impl
    return forward_call(*args, **kwargs)
           ^^^^^^^^^^^^^^^^^^^^^^^^^^^^^
  File "/home/nishioka/GNN/DDP/Loss/FocalLoss.py", line 45, in forward
    return forward_call(*args, **kwargs)
       target = torch.squeeze(target, 1) 
       ^^^ ^ ^ ^ ^ ^ ^ ^ ^ ^ ^ ^ ^ ^^^^^^^^^^^^^^^^^^^^^^^^^^^^
^^^  File "/home/nishioka/GNN/DDP/Loss/FocalLoss.py", line 45, in forward
^^^^^^^
IndexError: Dimension out of range (expected to be in range of [-1, 0], but got 1)
    target = torch.squeeze(target, 1)
             ^^^^^^^^^^^^^^^^^^^^^^^^
IndexError: Dimension out of range (expected to be in range of [-1, 0], but got 1)
    return forward_call(*args, **kwargs)
           ^^^^^^^^^^^^^^^^^^^^^^^^^^^^^
  File "/home/nishioka/GNN/DDP/Loss/FocalLoss.py", line 45, in forward
    target = torch.squeeze(target, 1)
             ^^^^^^^^^^^^^^^^^^^^^^^^
IndexError: Dimension out of range (expected to be in range of [-1, 0], but got 1)
    return forward_call(*args, **kwargs)
           ^^^^^^^^^^^^^^^^^^^^^^^^^^^^^
  File "/home/nishioka/GNN/DDP/Loss/FocalLoss.py", line 45, in forward
    target = torch.squeeze(target, 1)
             ^^^^^^^^^^^^^^^^^^^^^^^^
IndexError: Dimension out of range (expected to be in range of [-1, 0], but got 1)
[2024-10-30 12:22:07,513] torch.distributed.elastic.multiprocessing.api: [WARNING] Sending process 964543 closing signal SIGTERM
[2024-10-30 12:22:07,515] torch.distributed.elastic.multiprocessing.api: [WARNING] Sending process 964546 closing signal SIGTERM
[2024-10-30 12:22:07,694] torch.distributed.elastic.multiprocessing.api: [ERROR] failed (exitcode: 1) local_rank: 1 (pid: 964544) of binary: /home/nishioka/miniconda3/envs/interstage_gnn_first/bin/python
Traceback (most recent call last):
  File "/home/nishioka/miniconda3/envs/interstage_gnn_first/bin/torchrun", line 33, in <module>
    sys.exit(load_entry_point('torch==2.2.2', 'console_scripts', 'torchrun')())
             ^^^^^^^^^^^^^^^^^^^^^^^^^^^^^^^^^^^^^^^^^^^^^^^^^^^^^^^^^^^^^^^^^
  File "/home/nishioka/miniconda3/envs/interstage_gnn_first/lib/python3.12/site-packages/torch/distributed/elastic/multiprocessing/errors/__init__.py", line 347, in wrapper
    return f(*args, **kwargs)
           ^^^^^^^^^^^^^^^^^^
  File "/home/nishioka/miniconda3/envs/interstage_gnn_first/lib/python3.12/site-packages/torch/distributed/run.py", line 812, in main
    run(args)
  File "/home/nishioka/miniconda3/envs/interstage_gnn_first/lib/python3.12/site-packages/torch/distributed/run.py", line 803, in run
    elastic_launch(
  File "/home/nishioka/miniconda3/envs/interstage_gnn_first/lib/python3.12/site-packages/torch/distributed/launcher/api.py", line 135, in __call__
    return launch_agent(self._config, self._entrypoint, list(args))
           ^^^^^^^^^^^^^^^^^^^^^^^^^^^^^^^^^^^^^^^^^^^^^^^^^^^^^^^^
  File "/home/nishioka/miniconda3/envs/interstage_gnn_first/lib/python3.12/site-packages/torch/distributed/launcher/api.py", line 268, in launch_agent
    raise ChildFailedError(
torch.distributed.elastic.multiprocessing.errors.ChildFailedError: 
============================================================
DDPGAT19class4x4_2_focal_loss.py FAILED
------------------------------------------------------------
Failures:
[1]:
  time      : 2024-10-30_12:22:07
  host      : stuttgart03
  rank      : 2 (local_rank: 2)
  exitcode  : 1 (pid: 964545)
  error_file: <N/A>
  traceback : To enable traceback see: https://pytorch.org/docs/stable/elastic/errors.html
------------------------------------------------------------
Root Cause (first observed failure):
[0]:
  time      : 2024-10-30_12:22:07
  host      : stuttgart03
  rank      : 1 (local_rank: 1)
  exitcode  : 1 (pid: 964544)
  error_file: <N/A>
  traceback : To enable traceback see: https://pytorch.org/docs/stable/elastic/errors.html
============================================================
