nohup: ignoring input
Using device: NVIDIA GeForce RTX 3090
Using device: NVIDIA GeForce RTX 3090
Using device: NVIDIA GeForce RTX 3090
Rank: 0, World Size: 4, Master Addr: 127.0.0.1, Master Port: 12355
Rank 0 using device: cuda:0
Using device: NVIDIA GeForce RTX 3090
Rank 1 using device: cuda:1
Rank 3 using device: cuda:3
Rank 2 using device: cuda:2
Total valid pairs: 1620
Total valid pairs: 1620
Total valid pairs: 1620
Total valid pairs: 1620
Starting Fold 1
Precision: 0.0000, Recall: 0.0011, F1-Score: 0.0000
Fold 1, Epoch 1, Train Loss: 2.2768, Val Loss: 2.2510, Val Acc: 0.0008
Completed Fold 1
Starting Fold 2
Precision: 0.0000, Recall: 0.0006, F1-Score: 0.0000
Fold 2, Epoch 1, Train Loss: 2.2565, Val Loss: 2.2321, Val Acc: 0.0008
Completed Fold 2
Starting Fold 3
Precision: 0.0000, Recall: 0.0007, F1-Score: 0.0000
Fold 3, Epoch 1, Train Loss: 2.2390, Val Loss: 2.2285, Val Acc: 0.0007
Completed Fold 3
Starting Fold 4
Precision: 0.0001, Recall: 0.0009, F1-Score: 0.0001
Fold 4, Epoch 1, Train Loss: 2.2324, Val Loss: 2.2429, Val Acc: 0.0008
Completed Fold 4
Starting Fold 5
Precision: 0.0001, Recall: 0.0008, F1-Score: 0.0001
Fold 5, Epoch 1, Train Loss: 2.2339, Val Loss: 2.2212, Val Acc: 0.0009
Completed Fold 5
Starting final training on all data...
Test Loss: 2.2533, Test Accuracy: 0.0008
Precision: 0.0000, Recall: 0.0008, F1-Score: 0.0000
