nohup: ignoring input
FocalLoss_simple のインポートに成功しました。FocalLoss_simple のインポートに成功しました。FocalLoss_simple のインポートに成功しました。


FocalLoss_simple のインポートに成功しました。
Using device: NVIDIA GeForce RTX 3090
Using device: NVIDIA GeForce RTX 3090
Using device: NVIDIA GeForce RTX 3090
Rank: 0, World Size: 4, Master Addr: 127.0.0.1, Master Port: 12355
Rank 0 using device: cuda:0
Using device: NVIDIA GeForce RTX 3090
Rank 1 using device: cuda:1
Rank 2 using device: cuda:2
Rank 3 using device: cuda:3
Starting Fold 1
Precision: 0.9864, Recall: 0.9932, F1-Score: 0.9897
Fold 1, Epoch 1, Train Loss: 0.2203, Val Loss: 0.0802, Val Acc: 0.9932
Precision: 0.9864, Recall: 0.9932, F1-Score: 0.9897
Fold 1, Epoch 2, Train Loss: 0.0917, Val Loss: 0.0668, Val Acc: 0.9932
Precision: 0.9864, Recall: 0.9932, F1-Score: 0.9897
Fold 1, Epoch 3, Train Loss: 0.0366, Val Loss: 0.0186, Val Acc: 0.9932
Completed Fold 1
Starting Fold 2
Precision: 0.9864, Recall: 0.9932, F1-Score: 0.9897
Fold 2, Epoch 1, Train Loss: 0.0389, Val Loss: 0.0327, Val Acc: 0.9932
Precision: 0.9864, Recall: 0.9932, F1-Score: 0.9897
Fold 2, Epoch 2, Train Loss: 0.0190, Val Loss: 0.0122, Val Acc: 0.9932
Precision: 0.9864, Recall: 0.9932, F1-Score: 0.9897
Fold 2, Epoch 3, Train Loss: 0.0147, Val Loss: 0.0120, Val Acc: 0.9932
Completed Fold 2
Starting Fold 3
Precision: 0.9864, Recall: 0.9932, F1-Score: 0.9897
Fold 3, Epoch 1, Train Loss: 0.0989, Val Loss: 0.0316, Val Acc: 0.9932
Precision: 0.9864, Recall: 0.9932, F1-Score: 0.9897
Fold 3, Epoch 2, Train Loss: 0.1667, Val Loss: 0.0364, Val Acc: 0.9932
Precision: 0.9864, Recall: 0.9932, F1-Score: 0.9897
Fold 3, Epoch 3, Train Loss: 0.0822, Val Loss: 0.1282, Val Acc: 0.9932
Completed Fold 3
Starting Fold 4
Precision: 0.9864, Recall: 0.9932, F1-Score: 0.9897
Fold 4, Epoch 1, Train Loss: nan, Val Loss: nan, Val Acc: 0.9932
Precision: 0.9864, Recall: 0.9932, F1-Score: 0.9897
Fold 4, Epoch 2, Train Loss: nan, Val Loss: nan, Val Acc: 0.9932
Precision: 0.9864, Recall: 0.9932, F1-Score: 0.9897
Fold 4, Epoch 3, Train Loss: nan, Val Loss: nan, Val Acc: 0.9932
Completed Fold 4
Starting Fold 5
Precision: 0.9864, Recall: 0.9932, F1-Score: 0.9897
Fold 5, Epoch 1, Train Loss: nan, Val Loss: nan, Val Acc: 0.9932
Precision: 0.9864, Recall: 0.9932, F1-Score: 0.9897
Fold 5, Epoch 2, Train Loss: nan, Val Loss: nan, Val Acc: 0.9932
Precision: 0.9864, Recall: 0.9932, F1-Score: 0.9897
Fold 5, Epoch 3, Train Loss: nan, Val Loss: nan, Val Acc: 0.9932
Completed Fold 5
Starting final training on all data...
Test Loss: 0.0201, Test Accuracy: 0.9932
Precision: 0.9864, Recall: 0.9932, F1-Score: 0.9897
