nohup: ignoring input
  File "/home/nishioka/GNN/DDP/DDPGAT19class4x4_2_focal_loss.py", line 190
    print(f"Warning: Mismatch in lengths - all_preds: {len(all_preds)}, test_data_filenames: {len(test_data_filenames)}")
    ^
  File "/home/nishioka/GNN/DDP/DDPGAT19class4x4_2_focal_loss.py", line 190
    IndentationErrorprint(f"Warning: Mismatch in lengths - all_preds: {len(all_preds)}, test_data_filenames: {len(test_data_filenames)}")
:     expected an indented block after 'if' statement on line 189^

IndentationError: expected an indented block after 'if' statement on line 189
  File "/home/nishioka/GNN/DDP/DDPGAT19class4x4_2_focal_loss.py", line 190
    print(f"Warning: Mismatch in lengths - all_preds: {len(all_preds)}, test_data_filenames: {len(test_data_filenames)}")
    ^
IndentationError: expected an indented block after 'if' statement on line 189
  File "/home/nishioka/GNN/DDP/DDPGAT19class4x4_2_focal_loss.py", line 190
    print(f"Warning: Mismatch in lengths - all_preds: {len(all_preds)}, test_data_filenames: {len(test_data_filenames)}")
    ^
IndentationError: expected an indented block after 'if' statement on line 189
[2024-11-01 20:46:32,524] torch.distributed.elastic.multiprocessing.api: [ERROR] failed (exitcode: 1) local_rank: 0 (pid: 1961121) of binary: /home/nishioka/miniconda3/envs/interstage_gnn_first/bin/python
Traceback (most recent call last):
  File "/home/nishioka/miniconda3/envs/interstage_gnn_first/bin/torchrun", line 33, in <module>
    sys.exit(load_entry_point('torch==2.2.2', 'console_scripts', 'torchrun')())
             ^^^^^^^^^^^^^^^^^^^^^^^^^^^^^^^^^^^^^^^^^^^^^^^^^^^^^^^^^^^^^^^^^
  File "/home/nishioka/miniconda3/envs/interstage_gnn_first/lib/python3.12/site-packages/torch/distributed/elastic/multiprocessing/errors/__init__.py", line 347, in wrapper
    return f(*args, **kwargs)
           ^^^^^^^^^^^^^^^^^^
  File "/home/nishioka/miniconda3/envs/interstage_gnn_first/lib/python3.12/site-packages/torch/distributed/run.py", line 812, in main
    run(args)
  File "/home/nishioka/miniconda3/envs/interstage_gnn_first/lib/python3.12/site-packages/torch/distributed/run.py", line 803, in run
    elastic_launch(
  File "/home/nishioka/miniconda3/envs/interstage_gnn_first/lib/python3.12/site-packages/torch/distributed/launcher/api.py", line 135, in __call__
    return launch_agent(self._config, self._entrypoint, list(args))
           ^^^^^^^^^^^^^^^^^^^^^^^^^^^^^^^^^^^^^^^^^^^^^^^^^^^^^^^^
  File "/home/nishioka/miniconda3/envs/interstage_gnn_first/lib/python3.12/site-packages/torch/distributed/launcher/api.py", line 268, in launch_agent
    raise ChildFailedError(
torch.distributed.elastic.multiprocessing.errors.ChildFailedError: 
============================================================
DDPGAT19class4x4_2_focal_loss.py FAILED
------------------------------------------------------------
Failures:
[1]:
  time      : 2024-11-01_20:46:32
  host      : stuttgart02
  rank      : 1 (local_rank: 1)
  exitcode  : 1 (pid: 1961122)
  error_file: <N/A>
  traceback : To enable traceback see: https://pytorch.org/docs/stable/elastic/errors.html
[2]:
  time      : 2024-11-01_20:46:32
  host      : stuttgart02
  rank      : 2 (local_rank: 2)
  exitcode  : 1 (pid: 1961123)
  error_file: <N/A>
  traceback : To enable traceback see: https://pytorch.org/docs/stable/elastic/errors.html
[3]:
  time      : 2024-11-01_20:46:32
  host      : stuttgart02
  rank      : 3 (local_rank: 3)
  exitcode  : 1 (pid: 1961124)
  error_file: <N/A>
  traceback : To enable traceback see: https://pytorch.org/docs/stable/elastic/errors.html
------------------------------------------------------------
Root Cause (first observed failure):
[0]:
  time      : 2024-11-01_20:46:32
  host      : stuttgart02
  rank      : 0 (local_rank: 0)
  exitcode  : 1 (pid: 1961121)
  error_file: <N/A>
  traceback : To enable traceback see: https://pytorch.org/docs/stable/elastic/errors.html
============================================================
