nohup: ignoring input
Using device: NVIDIA GeForce RTX 3090
Using device: NVIDIA GeForce RTX 3090
Using device: NVIDIA GeForce RTX 3090
Using device: NVIDIA GeForce RTX 3090
Rank 0 using device: cuda:0
Rank 1 using device: cuda:1
Rank 2 using device: cuda:2
Total valid pairs: 1620
Rank 3 using device: cuda:3
Total valid pairs: 1620
Total valid pairs: 1620
Total valid pairs: 1620
Starting Fold 1
out dtype: torch.float32, out shape: torch.Size([233856, 19])
y dtype: torch.int64, y shape: torch.Size([233856])
Unique labels in y: tensor([ 0,  1,  2,  3,  4,  5,  6,  7,  8,  9, 10, 11, 12, 13, 14, 15, 16, 17,
        18], device='cuda:0')
out dtype: torch.float32, out shape: torch.Size([233856, 19])
y dtype: torch.int64, y shape: torch.Size([233856])
Unique labels in y: tensor([ 0,  1,  2,  3,  4,  5,  6,  7,  8,  9, 10, 11, 12, 14, 15, 16, 17, 18],
       device='cuda:0')
out dtype: torch.float32, out shape: torch.Size([233856, 19])
y dtype: torch.int64, y shape: torch.Size([233856])
Unique labels in y: tensor([ 0,  1,  2,  3,  4,  5,  6,  7,  8,  9, 10, 11, 13, 14, 15, 16, 17, 18],
       device='cuda:0')
out dtype: torch.float32, out shape: torch.Size([233856, 19])
y dtype: torch.int64, y shape: torch.Size([233856])
Unique labels in y: tensor([ 0,  1,  2,  3,  4,  5,  6,  7,  8,  9, 10, 11, 12, 13, 14, 15, 16, 17,
        18], device='cuda:0')
out dtype: torch.float32, out shape: torch.Size([233856, 19])
y dtype: torch.int64, y shape: torch.Size([233856])
Unique labels in y: tensor([ 0,  1,  2,  3,  4,  5,  6,  7,  8,  9, 10, 11, 12, 13, 14, 15, 16, 17,
        18], device='cuda:0')
out dtype: torch.float32, out shape: torch.Size([14616, 19])
y dtype: torch.int64, y shape: torch.Size([14616])
Unique labels in y: tensor([ 0,  8, 10, 13, 15], device='cuda:0')
Fold 1, Epoch 1, Train Loss: 2.7348, Val Loss: 2.6084, Val Acc: 0.2483
out dtype: torch.float32, out shape: torch.Size([233856, 19])
y dtype: torch.int64, y shape: torch.Size([233856])
Unique labels in y: tensor([ 0,  1,  3,  4,  5,  6,  7,  8,  9, 10, 11, 12, 13, 14, 15, 16, 17, 18],
       device='cuda:0')
out dtype: torch.float32, out shape: torch.Size([233856, 19])
y dtype: torch.int64, y shape: torch.Size([233856])
Unique labels in y: tensor([ 0,  1,  2,  3,  4,  5,  6,  7,  8,  9, 10, 11, 12, 13, 14, 15, 16, 17,
        18], device='cuda:0')
out dtype: torch.float32, out shape: torch.Size([233856, 19])
y dtype: torch.int64, y shape: torch.Size([233856])
Unique labels in y: tensor([ 0,  1,  3,  4,  5,  6,  7,  8,  9, 10, 11, 12, 13, 14, 15, 16, 17, 18],
       device='cuda:0')
out dtype: torch.float32, out shape: torch.Size([233856, 19])
y dtype: torch.int64, y shape: torch.Size([233856])
Unique labels in y: tensor([ 0,  1,  2,  3,  4,  5,  6,  7,  9, 10, 11, 12, 13, 14, 15, 16, 17, 18],
       device='cuda:0')
out dtype: torch.float32, out shape: torch.Size([233856, 19])
y dtype: torch.int64, y shape: torch.Size([233856])
Unique labels in y: tensor([ 0,  1,  2,  3,  4,  5,  6,  7,  8,  9, 10, 11, 12, 13, 14, 15, 16, 18],
       device='cuda:0')
out dtype: torch.float32, out shape: torch.Size([14616, 19])
y dtype: torch.int64, y shape: torch.Size([14616])
Unique labels in y: tensor([ 0,  3, 10, 11, 15], device='cuda:0')
Fold 1, Epoch 2, Train Loss: 2.4754, Val Loss: 2.2733, Val Acc: 0.2483
out dtype: torch.float32, out shape: torch.Size([233856, 19])
y dtype: torch.int64, y shape: torch.Size([233856])
Unique labels in y: tensor([ 0,  1,  2,  3,  4,  5,  6,  7,  8,  9, 10, 11, 12, 13, 14, 15, 16, 17,
        18], device='cuda:0')
out dtype: torch.float32, out shape: torch.Size([233856, 19])
y dtype: torch.int64, y shape: torch.Size([233856])
Unique labels in y: tensor([ 0,  1,  2,  3,  4,  5,  6,  7,  8, 10, 11, 12, 13, 14, 15, 16, 17, 18],
       device='cuda:0')
out dtype: torch.float32, out shape: torch.Size([233856, 19])
y dtype: torch.int64, y shape: torch.Size([233856])
Unique labels in y: tensor([ 0,  1,  2,  3,  4,  5,  6,  7,  8,  9, 10, 11, 12, 14, 15, 16, 17, 18],
       device='cuda:0')
out dtype: torch.float32, out shape: torch.Size([233856, 19])
y dtype: torch.int64, y shape: torch.Size([233856])
Unique labels in y: tensor([ 0,  1,  2,  3,  4,  5,  6,  7,  8,  9, 10, 11, 12, 13, 14, 15, 16, 17,
        18], device='cuda:0')
out dtype: torch.float32, out shape: torch.Size([233856, 19])
y dtype: torch.int64, y shape: torch.Size([233856])
Unique labels in y: tensor([ 0,  1,  2,  3,  4,  5,  6,  7,  8,  9, 10, 11, 12, 13, 14, 15, 16, 17,
        18], device='cuda:0')
out dtype: torch.float32, out shape: torch.Size([14616, 19])
y dtype: torch.int64, y shape: torch.Size([14616])
Unique labels in y: tensor([ 0,  7, 10, 15], device='cuda:0')
Fold 1, Epoch 3, Train Loss: 2.0563, Val Loss: 1.7206, Val Acc: 0.2483
out dtype: torch.float32, out shape: torch.Size([233856, 19])
y dtype: torch.int64, y shape: torch.Size([233856])
Unique labels in y: tensor([ 0,  1,  2,  3,  4,  5,  6,  7,  8,  9, 10, 11, 12, 13, 14, 15, 16, 17,
        18], device='cuda:0')
out dtype: torch.float32, out shape: torch.Size([233856, 19])
y dtype: torch.int64, y shape: torch.Size([233856])
Unique labels in y: tensor([ 0,  1,  2,  3,  4,  5,  6,  7,  8,  9, 10, 11, 12, 13, 14, 15, 16, 17,
        18], device='cuda:0')
out dtype: torch.float32, out shape: torch.Size([233856, 19])
y dtype: torch.int64, y shape: torch.Size([233856])
Unique labels in y: tensor([ 0,  1,  2,  3,  4,  5,  6,  7,  8,  9, 10, 11, 12, 13, 14, 15, 16, 17,
        18], device='cuda:0')
out dtype: torch.float32, out shape: torch.Size([233856, 19])
y dtype: torch.int64, y shape: torch.Size([233856])
Unique labels in y: tensor([ 0,  1,  2,  3,  4,  5,  6,  7,  8,  9, 10, 11, 12, 13, 14, 15, 16, 17,
        18], device='cuda:0')
out dtype: torch.float32, out shape: torch.Size([233856, 19])
y dtype: torch.int64, y shape: torch.Size([233856])
Unique labels in y: tensor([ 0,  1,  2,  3,  4,  5,  6,  7,  8,  9, 10, 11, 12, 13, 14, 15, 16, 17,
        18], device='cuda:0')
out dtype: torch.float32, out shape: torch.Size([14616, 19])
y dtype: torch.int64, y shape: torch.Size([14616])
Unique labels in y: tensor([ 0,  1,  7,  9, 16], device='cuda:0')
Fold 1, Epoch 4, Train Loss: 1.3985, Val Loss: 0.9244, Val Acc: 0.2483
out dtype: torch.float32, out shape: torch.Size([233856, 19])
y dtype: torch.int64, y shape: torch.Size([233856])
Unique labels in y: tensor([ 0,  1,  2,  3,  4,  5,  6,  7,  8,  9, 10, 11, 12, 13, 14, 15, 16, 17,
        18], device='cuda:0')
out dtype: torch.float32, out shape: torch.Size([233856, 19])
y dtype: torch.int64, y shape: torch.Size([233856])
Unique labels in y: tensor([ 0,  1,  2,  3,  4,  5,  6,  7,  8,  9, 10, 11, 12, 13, 14, 15, 16, 17,
        18], device='cuda:0')
out dtype: torch.float32, out shape: torch.Size([233856, 19])
y dtype: torch.int64, y shape: torch.Size([233856])
Unique labels in y: tensor([ 0,  1,  2,  3,  4,  5,  6,  7,  8,  9, 10, 11, 12, 13, 14, 15, 16, 17,
        18], device='cuda:0')
out dtype: torch.float32, out shape: torch.Size([233856, 19])
y dtype: torch.int64, y shape: torch.Size([233856])
Unique labels in y: tensor([ 0,  1,  2,  3,  4,  5,  6,  7,  8,  9, 10, 11, 12, 13, 14, 15, 16, 17,
        18], device='cuda:0')
out dtype: torch.float32, out shape: torch.Size([233856, 19])
y dtype: torch.int64, y shape: torch.Size([233856])
Unique labels in y: tensor([ 0,  1,  2,  3,  4,  5,  6,  7,  8,  9, 10, 11, 12, 13, 14, 15, 16, 17,
        18], device='cuda:0')
out dtype: torch.float32, out shape: torch.Size([14616, 19])
y dtype: torch.int64, y shape: torch.Size([14616])
Unique labels in y: tensor([ 0,  2,  4, 14, 15], device='cuda:0')
Fold 1, Epoch 5, Train Loss: 0.6226, Val Loss: 0.2771, Val Acc: 0.2483
Completed Fold 1
Starting Fold 2
out dtype: torch.float32, out shape: torch.Size([233856, 19])
y dtype: torch.int64, y shape: torch.Size([233856])
Unique labels in y: tensor([ 0,  1,  2,  3,  4,  5,  6,  7,  8,  9, 10, 11, 12, 13, 14, 15, 16, 17,
        18], device='cuda:0')
out dtype: torch.float32, out shape: torch.Size([233856, 19])
y dtype: torch.int64, y shape: torch.Size([233856])
Unique labels in y: tensor([ 0,  1,  2,  3,  4,  5,  6,  7,  8,  9, 11, 12, 13, 14, 15, 16, 17, 18],
       device='cuda:0')
out dtype: torch.float32, out shape: torch.Size([233856, 19])
y dtype: torch.int64, y shape: torch.Size([233856])
Unique labels in y: tensor([ 0,  1,  2,  3,  4,  5,  6,  7,  8,  9, 10, 11, 12, 13, 14, 15, 16, 17,
        18], device='cuda:0')
out dtype: torch.float32, out shape: torch.Size([233856, 19])
y dtype: torch.int64, y shape: torch.Size([233856])
Unique labels in y: tensor([ 0,  1,  2,  3,  4,  5,  6,  7,  8,  9, 10, 11, 12, 13, 14, 15, 17, 18],
       device='cuda:0')
out dtype: torch.float32, out shape: torch.Size([233856, 19])
y dtype: torch.int64, y shape: torch.Size([233856])
Unique labels in y: tensor([ 0,  1,  2,  3,  4,  5,  6,  8,  9, 11, 12, 13, 14, 15, 16, 17, 18],
       device='cuda:0')
out dtype: torch.float32, out shape: torch.Size([14616, 19])
y dtype: torch.int64, y shape: torch.Size([14616])
Unique labels in y: tensor([ 0,  2,  7, 16], device='cuda:0')
Fold 2, Epoch 1, Train Loss: 0.1797, Val Loss: 0.0921, Val Acc: 0.2483
out dtype: torch.float32, out shape: torch.Size([233856, 19])
y dtype: torch.int64, y shape: torch.Size([233856])
Unique labels in y: tensor([ 0,  1,  2,  3,  4,  5,  6,  7,  8,  9, 10, 11, 12, 13, 14, 15, 16, 17,
        18], device='cuda:0')
out dtype: torch.float32, out shape: torch.Size([233856, 19])
y dtype: torch.int64, y shape: torch.Size([233856])
Unique labels in y: tensor([ 0,  1,  2,  3,  4,  6,  7,  8,  9, 10, 11, 12, 13, 14, 15, 16, 17, 18],
       device='cuda:0')
out dtype: torch.float32, out shape: torch.Size([233856, 19])
y dtype: torch.int64, y shape: torch.Size([233856])
Unique labels in y: tensor([ 0,  1,  2,  3,  4,  5,  6,  7,  8,  9, 10, 11, 12, 13, 14, 16, 17, 18],
       device='cuda:0')
out dtype: torch.float32, out shape: torch.Size([233856, 19])
y dtype: torch.int64, y shape: torch.Size([233856])
Unique labels in y: tensor([ 0,  1,  2,  3,  4,  5,  6,  7,  8,  9, 10, 11, 12, 13, 15, 16, 17, 18],
       device='cuda:0')
out dtype: torch.float32, out shape: torch.Size([233856, 19])
y dtype: torch.int64, y shape: torch.Size([233856])
Unique labels in y: tensor([ 0,  1,  2,  3,  4,  5,  6,  7,  8,  9, 10, 11, 12, 13, 14, 15, 16, 17,
        18], device='cuda:0')
out dtype: torch.float32, out shape: torch.Size([14616, 19])
y dtype: torch.int64, y shape: torch.Size([14616])
Unique labels in y: tensor([ 0,  3,  7, 12, 13], device='cuda:0')
Fold 2, Epoch 2, Train Loss: 0.0774, Val Loss: 0.0693, Val Acc: 0.2483
out dtype: torch.float32, out shape: torch.Size([233856, 19])
y dtype: torch.int64, y shape: torch.Size([233856])
Unique labels in y: tensor([ 0,  1,  2,  3,  4,  5,  6,  7,  8,  9, 10, 11, 12, 13, 14, 15, 16, 17,
        18], device='cuda:0')
out dtype: torch.float32, out shape: torch.Size([233856, 19])
y dtype: torch.int64, y shape: torch.Size([233856])
Unique labels in y: tensor([ 0,  1,  2,  3,  4,  5,  6,  7,  8,  9, 10, 11, 12, 13, 14, 15, 16, 17,
        18], device='cuda:0')
out dtype: torch.float32, out shape: torch.Size([233856, 19])
y dtype: torch.int64, y shape: torch.Size([233856])
Unique labels in y: tensor([ 0,  1,  3,  4,  5,  6,  7,  8,  9, 10, 11, 12, 13, 14, 15, 16, 17, 18],
       device='cuda:0')
out dtype: torch.float32, out shape: torch.Size([233856, 19])
y dtype: torch.int64, y shape: torch.Size([233856])
Unique labels in y: tensor([ 0,  1,  2,  3,  4,  5,  6,  7,  8,  9, 10, 11, 12, 13, 14, 15, 16, 17,
        18], device='cuda:0')
out dtype: torch.float32, out shape: torch.Size([233856, 19])
y dtype: torch.int64, y shape: torch.Size([233856])
Unique labels in y: tensor([ 0,  1,  2,  3,  4,  5,  6,  7,  8,  9, 10, 11, 12, 13, 14, 15, 16, 17,
        18], device='cuda:0')
out dtype: torch.float32, out shape: torch.Size([14616, 19])
y dtype: torch.int64, y shape: torch.Size([14616])
Unique labels in y: tensor([ 0,  1,  9, 11, 18], device='cuda:0')
Fold 2, Epoch 3, Train Loss: 0.0707, Val Loss: 0.0720, Val Acc: 0.2483
out dtype: torch.float32, out shape: torch.Size([233856, 19])
y dtype: torch.int64, y shape: torch.Size([233856])
Unique labels in y: tensor([ 0,  1,  2,  3,  4,  5,  8,  9, 10, 11, 12, 13, 14, 15, 16, 17, 18],
       device='cuda:0')
out dtype: torch.float32, out shape: torch.Size([233856, 19])
y dtype: torch.int64, y shape: torch.Size([233856])
Unique labels in y: tensor([ 0,  1,  2,  3,  4,  5,  6,  7,  8,  9, 10, 11, 12, 13, 14, 15, 16, 18],
       device='cuda:0')
out dtype: torch.float32, out shape: torch.Size([233856, 19])
y dtype: torch.int64, y shape: torch.Size([233856])
Unique labels in y: tensor([ 0,  1,  2,  4,  5,  6,  7,  8,  9, 10, 11, 12, 13, 14, 15, 16, 17, 18],
       device='cuda:0')
out dtype: torch.float32, out shape: torch.Size([233856, 19])
y dtype: torch.int64, y shape: torch.Size([233856])
Unique labels in y: tensor([ 0,  1,  2,  3,  4,  5,  6,  7,  8,  9, 10, 11, 12, 13, 14, 15, 16, 17,
        18], device='cuda:0')
out dtype: torch.float32, out shape: torch.Size([233856, 19])
y dtype: torch.int64, y shape: torch.Size([233856])
Unique labels in y: tensor([ 0,  2,  3,  4,  5,  6,  7,  9, 10, 11, 12, 13, 14, 15, 16, 17, 18],
       device='cuda:0')
out dtype: torch.float32, out shape: torch.Size([14616, 19])
y dtype: torch.int64, y shape: torch.Size([14616])
Unique labels in y: tensor([ 0,  1,  4, 10, 11], device='cuda:0')
Fold 2, Epoch 4, Train Loss: 0.0716, Val Loss: 0.0730, Val Acc: 0.2483
out dtype: torch.float32, out shape: torch.Size([233856, 19])
y dtype: torch.int64, y shape: torch.Size([233856])
Unique labels in y: tensor([ 0,  1,  2,  3,  4,  5,  6,  7,  8,  9, 10, 11, 12, 13, 14, 15, 16, 17,
        18], device='cuda:0')
out dtype: torch.float32, out shape: torch.Size([233856, 19])
y dtype: torch.int64, y shape: torch.Size([233856])
Unique labels in y: tensor([ 0,  1,  2,  3,  4,  6,  7,  8,  9, 10, 11, 12, 13, 14, 15, 16, 17, 18],
       device='cuda:0')
out dtype: torch.float32, out shape: torch.Size([233856, 19])
y dtype: torch.int64, y shape: torch.Size([233856])
Unique labels in y: tensor([ 0,  1,  2,  3,  4,  5,  6,  7,  8,  9, 10, 12, 13, 14, 15, 16, 17, 18],
       device='cuda:0')
out dtype: torch.float32, out shape: torch.Size([233856, 19])
y dtype: torch.int64, y shape: torch.Size([233856])
Unique labels in y: tensor([ 0,  1,  2,  3,  4,  5,  6,  7,  8,  9, 10, 11, 12, 13, 14, 16, 17, 18],
       device='cuda:0')
out dtype: torch.float32, out shape: torch.Size([233856, 19])
y dtype: torch.int64, y shape: torch.Size([233856])
Unique labels in y: tensor([ 0,  1,  2,  3,  4,  5,  6,  7,  8,  9, 10, 11, 12, 13, 14, 15, 16, 17,
        18], device='cuda:0')
out dtype: torch.float32, out shape: torch.Size([14616, 19])
y dtype: torch.int64, y shape: torch.Size([14616])
Unique labels in y: tensor([ 0,  4,  5,  8, 16], device='cuda:0')
Fold 2, Epoch 5, Train Loss: 0.0721, Val Loss: 0.0709, Val Acc: 0.2483
Completed Fold 2
Starting Fold 3
out dtype: torch.float32, out shape: torch.Size([233856, 19])
y dtype: torch.int64, y shape: torch.Size([233856])
Unique labels in y: tensor([ 0,  1,  2,  3,  4,  5,  6,  7,  8,  9, 10, 11, 12, 13, 14, 15, 16, 17,
        18], device='cuda:0')
out dtype: torch.float32, out shape: torch.Size([233856, 19])
y dtype: torch.int64, y shape: torch.Size([233856])
Unique labels in y: tensor([ 0,  1,  2,  3,  4,  5,  6,  7,  8,  9, 10, 11, 12, 13, 14, 15, 16, 17,
        18], device='cuda:0')
out dtype: torch.float32, out shape: torch.Size([233856, 19])
y dtype: torch.int64, y shape: torch.Size([233856])
Unique labels in y: tensor([ 0,  1,  2,  4,  5,  6,  7,  8,  9, 10, 11, 12, 13, 14, 15, 16, 17, 18],
       device='cuda:0')
out dtype: torch.float32, out shape: torch.Size([233856, 19])
y dtype: torch.int64, y shape: torch.Size([233856])
Unique labels in y: tensor([ 0,  1,  2,  3,  4,  5,  6,  7,  8,  9, 10, 11, 13, 14, 15, 16, 17, 18],
       device='cuda:0')
out dtype: torch.float32, out shape: torch.Size([233856, 19])
y dtype: torch.int64, y shape: torch.Size([233856])
Unique labels in y: tensor([ 0,  1,  2,  3,  4,  5,  6,  7,  8,  9, 10, 11, 12, 13, 14, 15, 16, 17,
        18], device='cuda:0')
out dtype: torch.float32, out shape: torch.Size([14616, 19])
y dtype: torch.int64, y shape: torch.Size([14616])
Unique labels in y: tensor([ 0,  1,  4,  6, 10], device='cuda:0')
Fold 3, Epoch 1, Train Loss: 0.0659, Val Loss: 0.0625, Val Acc: 0.2483
out dtype: torch.float32, out shape: torch.Size([233856, 19])
y dtype: torch.int64, y shape: torch.Size([233856])
Unique labels in y: tensor([ 0,  1,  2,  3,  4,  5,  6,  7,  8,  9, 10, 11, 12, 13, 14, 15, 16, 17,
        18], device='cuda:0')
out dtype: torch.float32, out shape: torch.Size([233856, 19])
y dtype: torch.int64, y shape: torch.Size([233856])
Unique labels in y: tensor([ 0,  1,  2,  3,  4,  5,  6,  7,  8,  9, 10, 11, 12, 13, 14, 15, 16, 17,
        18], device='cuda:0')
out dtype: torch.float32, out shape: torch.Size([233856, 19])
y dtype: torch.int64, y shape: torch.Size([233856])
Unique labels in y: tensor([ 0,  1,  2,  3,  4,  5,  6,  7,  8,  9, 10, 11, 12, 13, 14, 15, 16, 17,
        18], device='cuda:0')
out dtype: torch.float32, out shape: torch.Size([233856, 19])
y dtype: torch.int64, y shape: torch.Size([233856])
Unique labels in y: tensor([ 0,  1,  2,  3,  4,  5,  6,  7,  8,  9, 10, 11, 12, 13, 14, 15, 16, 17,
        18], device='cuda:0')
out dtype: torch.float32, out shape: torch.Size([233856, 19])
y dtype: torch.int64, y shape: torch.Size([233856])
Unique labels in y: tensor([ 0,  1,  2,  3,  4,  5,  6,  7,  8,  9, 10, 11, 12, 13, 14, 15, 16, 17,
        18], device='cuda:0')
out dtype: torch.float32, out shape: torch.Size([14616, 19])
y dtype: torch.int64, y shape: torch.Size([14616])
Unique labels in y: tensor([ 0,  1,  5,  7, 17], device='cuda:0')
Fold 3, Epoch 2, Train Loss: 0.0608, Val Loss: 0.0574, Val Acc: 0.2483
out dtype: torch.float32, out shape: torch.Size([233856, 19])
y dtype: torch.int64, y shape: torch.Size([233856])
Unique labels in y: tensor([ 0,  1,  2,  3,  5,  6,  7,  8,  9, 10, 11, 12, 13, 14, 15, 16, 17, 18],
       device='cuda:0')
out dtype: torch.float32, out shape: torch.Size([233856, 19])
y dtype: torch.int64, y shape: torch.Size([233856])
Unique labels in y: tensor([ 0,  1,  2,  4,  5,  6,  7,  8,  9, 10, 11, 12, 13, 14, 15, 16, 17, 18],
       device='cuda:0')
out dtype: torch.float32, out shape: torch.Size([233856, 19])
y dtype: torch.int64, y shape: torch.Size([233856])
Unique labels in y: tensor([ 0,  1,  2,  3,  4,  5,  6,  7,  8,  9, 10, 11, 12, 13, 14, 15, 16, 17,
        18], device='cuda:0')
out dtype: torch.float32, out shape: torch.Size([233856, 19])
y dtype: torch.int64, y shape: torch.Size([233856])
Unique labels in y: tensor([ 0,  1,  3,  4,  5,  6,  7,  8,  9, 10, 11, 12, 13, 14, 16, 17, 18],
       device='cuda:0')
out dtype: torch.float32, out shape: torch.Size([233856, 19])
y dtype: torch.int64, y shape: torch.Size([233856])
Unique labels in y: tensor([ 0,  1,  2,  3,  4,  5,  6,  7,  8,  9, 10, 11, 12, 13, 14, 15, 16, 17,
        18], device='cuda:0')
out dtype: torch.float32, out shape: torch.Size([14616, 19])
y dtype: torch.int64, y shape: torch.Size([14616])
Unique labels in y: tensor([ 0,  4, 15, 16], device='cuda:0')
Fold 3, Epoch 3, Train Loss: 0.0564, Val Loss: 0.0544, Val Acc: 0.2483
out dtype: torch.float32, out shape: torch.Size([233856, 19])
y dtype: torch.int64, y shape: torch.Size([233856])
Unique labels in y: tensor([ 0,  1,  2,  3,  4,  5,  6,  7,  8,  9, 10, 11, 12, 13, 14, 15, 16, 17,
        18], device='cuda:0')
out dtype: torch.float32, out shape: torch.Size([233856, 19])
y dtype: torch.int64, y shape: torch.Size([233856])
Unique labels in y: tensor([ 0,  1,  2,  3,  4,  5,  6,  7,  8,  9, 10, 11, 12, 13, 14, 15, 16, 17,
        18], device='cuda:0')
out dtype: torch.float32, out shape: torch.Size([233856, 19])
y dtype: torch.int64, y shape: torch.Size([233856])
Unique labels in y: tensor([ 0,  1,  2,  3,  4,  5,  6,  7,  8,  9, 10, 11, 12, 13, 14, 15, 16, 17,
        18], device='cuda:0')
out dtype: torch.float32, out shape: torch.Size([233856, 19])
y dtype: torch.int64, y shape: torch.Size([233856])
Unique labels in y: tensor([ 0,  1,  2,  3,  4,  5,  6,  8,  9, 10, 11, 12, 13, 14, 15, 16, 17, 18],
       device='cuda:0')
out dtype: torch.float32, out shape: torch.Size([233856, 19])
y dtype: torch.int64, y shape: torch.Size([233856])
Unique labels in y: tensor([ 0,  1,  2,  3,  5,  6,  7,  8,  9, 10, 11, 12, 13, 14, 15, 16, 17, 18],
       device='cuda:0')
out dtype: torch.float32, out shape: torch.Size([14616, 19])
y dtype: torch.int64, y shape: torch.Size([14616])
Unique labels in y: tensor([ 0,  1,  3, 13, 14], device='cuda:0')
Fold 3, Epoch 4, Train Loss: 0.0538, Val Loss: 0.0523, Val Acc: 0.2483
out dtype: torch.float32, out shape: torch.Size([233856, 19])
y dtype: torch.int64, y shape: torch.Size([233856])
Unique labels in y: tensor([ 0,  1,  2,  3,  4,  5,  6,  7,  8,  9, 10, 11, 12, 13, 14, 15, 16, 17,
        18], device='cuda:0')
out dtype: torch.float32, out shape: torch.Size([233856, 19])
y dtype: torch.int64, y shape: torch.Size([233856])
Unique labels in y: tensor([ 0,  1,  4,  5,  6,  7,  8,  9, 10, 11, 12, 13, 14, 15, 16, 17, 18],
       device='cuda:0')
out dtype: torch.float32, out shape: torch.Size([233856, 19])
y dtype: torch.int64, y shape: torch.Size([233856])
Unique labels in y: tensor([ 0,  1,  2,  3,  4,  5,  6,  7,  8,  9, 10, 11, 12, 13, 14, 15, 16, 17,
        18], device='cuda:0')
out dtype: torch.float32, out shape: torch.Size([233856, 19])
y dtype: torch.int64, y shape: torch.Size([233856])
Unique labels in y: tensor([ 0,  1,  2,  3,  4,  6,  7,  8,  9, 10, 11, 12, 13, 14, 15, 16, 17, 18],
       device='cuda:0')
out dtype: torch.float32, out shape: torch.Size([233856, 19])
y dtype: torch.int64, y shape: torch.Size([233856])
Unique labels in y: tensor([ 0,  1,  2,  3,  4,  5,  6,  7,  8,  9, 10, 11, 12, 13, 14, 15, 16, 17,
        18], device='cuda:0')
out dtype: torch.float32, out shape: torch.Size([14616, 19])
y dtype: torch.int64, y shape: torch.Size([14616])
Unique labels in y: tensor([ 0,  7,  8, 15], device='cuda:0')
Fold 3, Epoch 5, Train Loss: 0.0517, Val Loss: 0.0505, Val Acc: 0.2483
Completed Fold 3
Starting Fold 4
out dtype: torch.float32, out shape: torch.Size([233856, 19])
y dtype: torch.int64, y shape: torch.Size([233856])
Unique labels in y: tensor([ 0,  1,  2,  3,  4,  5,  6,  7,  8,  9, 10, 11, 12, 13, 14, 15, 16, 17,
        18], device='cuda:0')
out dtype: torch.float32, out shape: torch.Size([233856, 19])
y dtype: torch.int64, y shape: torch.Size([233856])
Unique labels in y: tensor([ 0,  1,  2,  3,  4,  5,  6,  7,  8,  9, 10, 11, 12, 13, 14, 15, 16, 17,
        18], device='cuda:0')
out dtype: torch.float32, out shape: torch.Size([233856, 19])
y dtype: torch.int64, y shape: torch.Size([233856])
Unique labels in y: tensor([ 0,  1,  2,  3,  4,  5,  6,  7,  8,  9, 10, 11, 12, 14, 15, 16, 17, 18],
       device='cuda:0')
out dtype: torch.float32, out shape: torch.Size([233856, 19])
y dtype: torch.int64, y shape: torch.Size([233856])
Unique labels in y: tensor([ 0,  1,  2,  3,  4,  5,  6,  7,  8,  9, 10, 11, 12, 13, 14, 15, 16, 17,
        18], device='cuda:0')
out dtype: torch.float32, out shape: torch.Size([233856, 19])
y dtype: torch.int64, y shape: torch.Size([233856])
Unique labels in y: tensor([ 0,  1,  2,  3,  4,  5,  6,  7,  8,  9, 10, 11, 12, 13, 14, 15, 16, 17,
        18], device='cuda:0')
out dtype: torch.float32, out shape: torch.Size([14616, 19])
y dtype: torch.int64, y shape: torch.Size([14616])
Unique labels in y: tensor([ 0,  5,  9, 11, 16], device='cuda:0')
Fold 4, Epoch 1, Train Loss: 0.0502, Val Loss: 0.0485, Val Acc: 0.2483
out dtype: torch.float32, out shape: torch.Size([233856, 19])
y dtype: torch.int64, y shape: torch.Size([233856])
Unique labels in y: tensor([ 0,  1,  2,  3,  4,  5,  6,  7,  8,  9, 10, 11, 13, 14, 15, 16, 17, 18],
       device='cuda:0')
out dtype: torch.float32, out shape: torch.Size([233856, 19])
y dtype: torch.int64, y shape: torch.Size([233856])
Unique labels in y: tensor([ 0,  1,  2,  3,  4,  5,  6,  7,  8,  9, 10, 11, 12, 13, 14, 16, 18],
       device='cuda:0')
out dtype: torch.float32, out shape: torch.Size([233856, 19])
y dtype: torch.int64, y shape: torch.Size([233856])
Unique labels in y: tensor([ 0,  1,  2,  3,  4,  5,  6,  7,  8,  9, 10, 11, 12, 13, 14, 15, 16, 17,
        18], device='cuda:0')
out dtype: torch.float32, out shape: torch.Size([233856, 19])
y dtype: torch.int64, y shape: torch.Size([233856])
Unique labels in y: tensor([ 0,  1,  2,  3,  4,  5,  6,  7,  9, 10, 12, 13, 14, 15, 16, 17, 18],
       device='cuda:0')
out dtype: torch.float32, out shape: torch.Size([233856, 19])
y dtype: torch.int64, y shape: torch.Size([233856])
Unique labels in y: tensor([ 0,  1,  2,  3,  4,  5,  6,  7,  8,  9, 10, 11, 12, 13, 15, 16, 17, 18],
       device='cuda:0')
out dtype: torch.float32, out shape: torch.Size([14616, 19])
y dtype: torch.int64, y shape: torch.Size([14616])
Unique labels in y: tensor([ 0,  5,  7, 12, 16], device='cuda:0')
Fold 4, Epoch 2, Train Loss: 0.0487, Val Loss: 0.0474, Val Acc: 0.2483
out dtype: torch.float32, out shape: torch.Size([233856, 19])
y dtype: torch.int64, y shape: torch.Size([233856])
Unique labels in y: tensor([ 0,  1,  2,  3,  4,  5,  6,  7,  8,  9, 10, 11, 12, 13, 14, 15, 16, 17,
        18], device='cuda:0')
out dtype: torch.float32, out shape: torch.Size([233856, 19])
y dtype: torch.int64, y shape: torch.Size([233856])
Unique labels in y: tensor([ 0,  1,  2,  3,  4,  6,  7,  8,  9, 10, 11, 12, 13, 14, 15, 16, 17, 18],
       device='cuda:0')
out dtype: torch.float32, out shape: torch.Size([233856, 19])
y dtype: torch.int64, y shape: torch.Size([233856])
Unique labels in y: tensor([ 0,  1,  2,  3,  4,  5,  6,  7,  8,  9, 10, 11, 12, 13, 14, 15, 16, 17,
        18], device='cuda:0')
out dtype: torch.float32, out shape: torch.Size([233856, 19])
y dtype: torch.int64, y shape: torch.Size([233856])
Unique labels in y: tensor([ 0,  1,  2,  3,  4,  5,  6,  7,  8,  9, 11, 12, 13, 14, 15, 16, 17, 18],
       device='cuda:0')
out dtype: torch.float32, out shape: torch.Size([233856, 19])
y dtype: torch.int64, y shape: torch.Size([233856])
Unique labels in y: tensor([ 0,  1,  2,  3,  4,  5,  6,  7,  8,  9, 10, 11, 12, 13, 14, 15, 16, 17,
        18], device='cuda:0')
out dtype: torch.float32, out shape: torch.Size([14616, 19])
y dtype: torch.int64, y shape: torch.Size([14616])
Unique labels in y: tensor([ 0, 15, 16, 18], device='cuda:0')
Fold 4, Epoch 3, Train Loss: 0.0479, Val Loss: 0.0465, Val Acc: 0.2483
out dtype: torch.float32, out shape: torch.Size([233856, 19])
y dtype: torch.int64, y shape: torch.Size([233856])
Unique labels in y: tensor([ 0,  1,  2,  3,  4,  5,  6,  7,  8,  9, 10, 11, 12, 13, 14, 15, 16, 17,
        18], device='cuda:0')
out dtype: torch.float32, out shape: torch.Size([233856, 19])
y dtype: torch.int64, y shape: torch.Size([233856])
Unique labels in y: tensor([ 0,  1,  2,  3,  4,  5,  6,  7,  8,  9, 10, 11, 12, 13, 15, 16, 17, 18],
       device='cuda:0')
out dtype: torch.float32, out shape: torch.Size([233856, 19])
y dtype: torch.int64, y shape: torch.Size([233856])
Unique labels in y: tensor([ 0,  1,  2,  3,  4,  5,  6,  8,  9, 10, 12, 13, 14, 15, 16, 17, 18],
       device='cuda:0')
out dtype: torch.float32, out shape: torch.Size([233856, 19])
y dtype: torch.int64, y shape: torch.Size([233856])
Unique labels in y: tensor([ 0,  2,  3,  4,  5,  6,  7,  8,  9, 10, 11, 12, 13, 14, 15, 16, 17, 18],
       device='cuda:0')
out dtype: torch.float32, out shape: torch.Size([233856, 19])
y dtype: torch.int64, y shape: torch.Size([233856])
Unique labels in y: tensor([ 0,  1,  2,  3,  4,  5,  6,  7,  8,  9, 10, 11, 12, 13, 14, 15, 16, 17,
        18], device='cuda:0')
out dtype: torch.float32, out shape: torch.Size([14616, 19])
y dtype: torch.int64, y shape: torch.Size([14616])
Unique labels in y: tensor([ 0,  4,  5, 11, 16], device='cuda:0')
Fold 4, Epoch 4, Train Loss: 0.0469, Val Loss: 0.0456, Val Acc: 0.2483
out dtype: torch.float32, out shape: torch.Size([233856, 19])
y dtype: torch.int64, y shape: torch.Size([233856])
Unique labels in y: tensor([ 0,  1,  2,  3,  4,  5,  6,  7,  8,  9, 10, 11, 12, 13, 14, 15, 16, 18],
       device='cuda:0')
out dtype: torch.float32, out shape: torch.Size([233856, 19])
y dtype: torch.int64, y shape: torch.Size([233856])
Unique labels in y: tensor([ 0,  1,  2,  3,  4,  5,  6,  7,  8,  9, 10, 11, 12, 13, 14, 15, 16, 17,
        18], device='cuda:0')
out dtype: torch.float32, out shape: torch.Size([233856, 19])
y dtype: torch.int64, y shape: torch.Size([233856])
Unique labels in y: tensor([ 0,  1,  2,  3,  4,  5,  6,  7,  8,  9, 10, 11, 12, 13, 14, 15, 16, 17,
        18], device='cuda:0')
out dtype: torch.float32, out shape: torch.Size([233856, 19])
y dtype: torch.int64, y shape: torch.Size([233856])
Unique labels in y: tensor([ 0,  1,  2,  3,  4,  5,  6,  7,  8,  9, 10, 11, 12, 13, 14, 15, 16, 17,
        18], device='cuda:0')
out dtype: torch.float32, out shape: torch.Size([233856, 19])
y dtype: torch.int64, y shape: torch.Size([233856])
Unique labels in y: tensor([ 0,  1,  2,  3,  4,  5,  6,  7,  8,  9, 10, 11, 12, 13, 14, 15, 16, 17,
        18], device='cuda:0')
out dtype: torch.float32, out shape: torch.Size([14616, 19])
y dtype: torch.int64, y shape: torch.Size([14616])
Unique labels in y: tensor([ 0,  3,  6, 14, 15], device='cuda:0')
Fold 4, Epoch 5, Train Loss: 0.0460, Val Loss: 0.0450, Val Acc: 0.2483
Completed Fold 4
Starting Fold 5
out dtype: torch.float32, out shape: torch.Size([233856, 19])
y dtype: torch.int64, y shape: torch.Size([233856])
Unique labels in y: tensor([ 0,  1,  2,  3,  4,  5,  7,  8,  9, 10, 11, 12, 13, 14, 15, 16, 17, 18],
       device='cuda:0')
out dtype: torch.float32, out shape: torch.Size([233856, 19])
y dtype: torch.int64, y shape: torch.Size([233856])
Unique labels in y: tensor([ 0,  1,  2,  3,  4,  5,  7,  8,  9, 10, 11, 12, 13, 14, 15, 16, 17, 18],
       device='cuda:0')
out dtype: torch.float32, out shape: torch.Size([233856, 19])
y dtype: torch.int64, y shape: torch.Size([233856])
Unique labels in y: tensor([ 0,  1,  2,  3,  4,  5,  6,  7,  8,  9, 10, 11, 12, 13, 14, 15, 16, 17,
        18], device='cuda:0')
out dtype: torch.float32, out shape: torch.Size([233856, 19])
y dtype: torch.int64, y shape: torch.Size([233856])
Unique labels in y: tensor([ 0,  1,  2,  3,  4,  5,  6,  7,  8,  9, 10, 11, 12, 13, 14, 15, 16, 17,
        18], device='cuda:0')
out dtype: torch.float32, out shape: torch.Size([233856, 19])
y dtype: torch.int64, y shape: torch.Size([233856])
Unique labels in y: tensor([ 0,  1,  2,  3,  4,  5,  6,  7,  8,  9, 10, 11, 12, 13, 14, 15, 16, 17,
        18], device='cuda:0')
out dtype: torch.float32, out shape: torch.Size([14616, 19])
y dtype: torch.int64, y shape: torch.Size([14616])
Unique labels in y: tensor([ 0,  7, 11, 15, 18], device='cuda:0')
Fold 5, Epoch 1, Train Loss: 0.0454, Val Loss: 0.0446, Val Acc: 0.2483
out dtype: torch.float32, out shape: torch.Size([233856, 19])
y dtype: torch.int64, y shape: torch.Size([233856])
Unique labels in y: tensor([ 0,  1,  2,  3,  4,  5,  6,  7,  8,  9, 10, 11, 12, 13, 14, 15, 16, 17,
        18], device='cuda:0')
out dtype: torch.float32, out shape: torch.Size([233856, 19])
y dtype: torch.int64, y shape: torch.Size([233856])
Unique labels in y: tensor([ 0,  1,  2,  3,  4,  5,  6,  7,  8,  9, 10, 11, 12, 13, 14, 15, 16, 17,
        18], device='cuda:0')
out dtype: torch.float32, out shape: torch.Size([233856, 19])
y dtype: torch.int64, y shape: torch.Size([233856])
Unique labels in y: tensor([ 0,  1,  2,  3,  4,  5,  6,  7,  8,  9, 10, 11, 12, 13, 14, 15, 16, 17,
        18], device='cuda:0')
out dtype: torch.float32, out shape: torch.Size([233856, 19])
y dtype: torch.int64, y shape: torch.Size([233856])
Unique labels in y: tensor([ 0,  1,  2,  3,  4,  5,  6,  7,  8,  9, 10, 11, 12, 13, 14, 15, 16, 17,
        18], device='cuda:0')
out dtype: torch.float32, out shape: torch.Size([233856, 19])
y dtype: torch.int64, y shape: torch.Size([233856])
Unique labels in y: tensor([ 0,  1,  2,  3,  4,  5,  6,  7,  8,  9, 10, 11, 12, 13, 14, 15, 16, 17,
        18], device='cuda:0')
out dtype: torch.float32, out shape: torch.Size([14616, 19])
y dtype: torch.int64, y shape: torch.Size([14616])
Unique labels in y: tensor([ 0,  3,  5, 17], device='cuda:0')
Fold 5, Epoch 2, Train Loss: 0.0449, Val Loss: 0.0442, Val Acc: 0.2483
out dtype: torch.float32, out shape: torch.Size([233856, 19])
y dtype: torch.int64, y shape: torch.Size([233856])
Unique labels in y: tensor([ 0,  1,  2,  3,  5,  6,  7,  8,  9, 10, 11, 12, 13, 14, 15, 16, 17, 18],
       device='cuda:0')
out dtype: torch.float32, out shape: torch.Size([233856, 19])
y dtype: torch.int64, y shape: torch.Size([233856])
Unique labels in y: tensor([ 0,  1,  2,  3,  4,  5,  6,  7,  8,  9, 10, 11, 12, 13, 14, 15, 16, 17,
        18], device='cuda:0')
out dtype: torch.float32, out shape: torch.Size([233856, 19])
y dtype: torch.int64, y shape: torch.Size([233856])
Unique labels in y: tensor([ 0,  1,  2,  3,  4,  5,  6,  7,  8,  9, 10, 11, 12, 13, 15, 16, 17, 18],
       device='cuda:0')
out dtype: torch.float32, out shape: torch.Size([233856, 19])
y dtype: torch.int64, y shape: torch.Size([233856])
Unique labels in y: tensor([ 0,  1,  2,  3,  4,  5,  6,  7,  8,  9, 10, 11, 12, 13, 14, 15, 16, 17,
        18], device='cuda:0')
out dtype: torch.float32, out shape: torch.Size([233856, 19])
y dtype: torch.int64, y shape: torch.Size([233856])
Unique labels in y: tensor([ 0,  1,  2,  3,  4,  5,  6,  7,  8,  9, 10, 11, 12, 13, 14, 15, 16, 17,
        18], device='cuda:0')
out dtype: torch.float32, out shape: torch.Size([14616, 19])
y dtype: torch.int64, y shape: torch.Size([14616])
Unique labels in y: tensor([ 0,  9, 14, 18], device='cuda:0')
Fold 5, Epoch 3, Train Loss: 0.0442, Val Loss: 0.0435, Val Acc: 0.2483
out dtype: torch.float32, out shape: torch.Size([233856, 19])
y dtype: torch.int64, y shape: torch.Size([233856])
Unique labels in y: tensor([ 0,  1,  2,  3,  4,  5,  6,  7,  8,  9, 10, 11, 12, 13, 14, 15, 16, 18],
       device='cuda:0')
out dtype: torch.float32, out shape: torch.Size([233856, 19])
y dtype: torch.int64, y shape: torch.Size([233856])
Unique labels in y: tensor([ 0,  1,  2,  3,  4,  5,  6,  7,  8,  9, 10, 11, 12, 13, 14, 15, 16, 17,
        18], device='cuda:0')
out dtype: torch.float32, out shape: torch.Size([233856, 19])
y dtype: torch.int64, y shape: torch.Size([233856])
Unique labels in y: tensor([ 0,  1,  2,  3,  4,  5,  6,  7,  8,  9, 10, 11, 12, 13, 14, 15, 16, 17,
        18], device='cuda:0')
out dtype: torch.float32, out shape: torch.Size([233856, 19])
y dtype: torch.int64, y shape: torch.Size([233856])
Unique labels in y: tensor([ 0,  1,  2,  3,  4,  6,  8,  9, 10, 11, 12, 13, 14, 15, 16, 17, 18],
       device='cuda:0')
out dtype: torch.float32, out shape: torch.Size([233856, 19])
y dtype: torch.int64, y shape: torch.Size([233856])
Unique labels in y: tensor([ 0,  1,  2,  3,  5,  6,  7,  8,  9, 10, 11, 12, 13, 14, 15, 16, 17, 18],
       device='cuda:0')
out dtype: torch.float32, out shape: torch.Size([14616, 19])
y dtype: torch.int64, y shape: torch.Size([14616])
Unique labels in y: tensor([ 0,  2,  4,  5, 14], device='cuda:0')
Fold 5, Epoch 4, Train Loss: 0.0439, Val Loss: 0.0432, Val Acc: 0.2483
out dtype: torch.float32, out shape: torch.Size([233856, 19])
y dtype: torch.int64, y shape: torch.Size([233856])
Unique labels in y: tensor([ 0,  1,  2,  3,  5,  6,  7,  8,  9, 10, 11, 12, 13, 14, 15, 16, 17, 18],
       device='cuda:0')
out dtype: torch.float32, out shape: torch.Size([233856, 19])
y dtype: torch.int64, y shape: torch.Size([233856])
Unique labels in y: tensor([ 0,  1,  2,  3,  4,  5,  6,  7,  8,  9, 10, 11, 12, 13, 14, 15, 16, 17,
        18], device='cuda:0')
out dtype: torch.float32, out shape: torch.Size([233856, 19])
y dtype: torch.int64, y shape: torch.Size([233856])
Unique labels in y: tensor([ 0,  1,  2,  3,  4,  5,  6,  7,  8,  9, 10, 11, 12, 13, 14, 15, 16, 17,
        18], device='cuda:0')
out dtype: torch.float32, out shape: torch.Size([233856, 19])
y dtype: torch.int64, y shape: torch.Size([233856])
Unique labels in y: tensor([ 0,  1,  2,  3,  4,  5,  6,  7,  8,  9, 10, 11, 12, 13, 14, 15, 16, 17,
        18], device='cuda:0')
out dtype: torch.float32, out shape: torch.Size([233856, 19])
y dtype: torch.int64, y shape: torch.Size([233856])
Unique labels in y: tensor([ 0,  1,  2,  3,  4,  5,  7,  8,  9, 10, 11, 12, 13, 14, 15, 16, 17, 18],
       device='cuda:0')
out dtype: torch.float32, out shape: torch.Size([14616, 19])
y dtype: torch.int64, y shape: torch.Size([14616])
Unique labels in y: tensor([ 0,  2,  4, 16, 18], device='cuda:0')
Fold 5, Epoch 5, Train Loss: 0.0436, Val Loss: 0.0427, Val Acc: 0.2483
Completed Fold 5
Starting final training on all data...
Test Loss: 0.2821, Test Accuracy: 0.9932
Traceback (most recent call last):
  File "/home/nishioka/GNN/DDP/DDP19class4x4_1.py", line 432, in <module>
    main(args)
  File "/home/nishioka/GNN/DDP/DDP19class4x4_1.py", line 403, in main
    precision = precision_score(all_labels, all_preds, average='weighted', zero_division=0)
                ^^^^^^^^^^^^^^^
NameError: name 'precision_score' is not defined
[2024-10-31 16:39:44,974] torch.distributed.elastic.multiprocessing.api: [ERROR] failed (exitcode: 1) local_rank: 0 (pid: 3716113) of binary: /home/nishioka/miniconda3/envs/interstage_gnn_first/bin/python
Traceback (most recent call last):
  File "/home/nishioka/miniconda3/envs/interstage_gnn_first/bin/torchrun", line 33, in <module>
    sys.exit(load_entry_point('torch==2.2.2', 'console_scripts', 'torchrun')())
             ^^^^^^^^^^^^^^^^^^^^^^^^^^^^^^^^^^^^^^^^^^^^^^^^^^^^^^^^^^^^^^^^^
  File "/home/nishioka/miniconda3/envs/interstage_gnn_first/lib/python3.12/site-packages/torch/distributed/elastic/multiprocessing/errors/__init__.py", line 347, in wrapper
    return f(*args, **kwargs)
           ^^^^^^^^^^^^^^^^^^
  File "/home/nishioka/miniconda3/envs/interstage_gnn_first/lib/python3.12/site-packages/torch/distributed/run.py", line 812, in main
    run(args)
  File "/home/nishioka/miniconda3/envs/interstage_gnn_first/lib/python3.12/site-packages/torch/distributed/run.py", line 803, in run
    elastic_launch(
  File "/home/nishioka/miniconda3/envs/interstage_gnn_first/lib/python3.12/site-packages/torch/distributed/launcher/api.py", line 135, in __call__
    return launch_agent(self._config, self._entrypoint, list(args))
           ^^^^^^^^^^^^^^^^^^^^^^^^^^^^^^^^^^^^^^^^^^^^^^^^^^^^^^^^
  File "/home/nishioka/miniconda3/envs/interstage_gnn_first/lib/python3.12/site-packages/torch/distributed/launcher/api.py", line 268, in launch_agent
    raise ChildFailedError(
torch.distributed.elastic.multiprocessing.errors.ChildFailedError: 
============================================================
DDP19class4x4_1.py FAILED
------------------------------------------------------------
Failures:
  <NO_OTHER_FAILURES>
------------------------------------------------------------
Root Cause (first observed failure):
[0]:
  time      : 2024-10-31_16:39:44
  host      : stuttgart01
  rank      : 0 (local_rank: 0)
  exitcode  : 1 (pid: 3716113)
  error_file: <N/A>
  traceback : To enable traceback see: https://pytorch.org/docs/stable/elastic/errors.html
============================================================
