nohup: ignoring input
Using device: NVIDIA GeForce RTX 3090
Using device: NVIDIA GeForce RTX 3090
Using device: NVIDIA GeForce RTX 3090
Using device: NVIDIA GeForce RTX 3090
Rank: 0, World Size: 4, Master Addr: 127.0.0.1, Master Port: 12355
Rank 0 using device: cuda:0
Rank 1 using device: cuda:1
Rank 2 using device: cuda:2
Rank 3 using device: cuda:3
Starting Fold 1
Precision: 0.9908, Recall: 0.4340, F1-Score: 0.6035
Fold 1, Epoch 1, Train Loss: 2.6991, Val Loss: 2.6538, Val Acc: 0.4294
Precision: 0.9904, Recall: 0.9084, F1-Score: 0.9475
Fold 1, Epoch 2, Train Loss: 2.6456, Val Loss: 2.6277, Val Acc: 0.9049
Precision: 0.9904, Recall: 0.8703, F1-Score: 0.9263
Fold 1, Epoch 3, Train Loss: 2.6449, Val Loss: 2.6299, Val Acc: 0.8663
Completed Fold 1
Starting Fold 2
Precision: 0.9905, Recall: 0.8608, F1-Score: 0.9210
Fold 2, Epoch 1, Train Loss: 2.6516, Val Loss: 2.6253, Val Acc: 0.8611
Precision: 0.9905, Recall: 0.7275, F1-Score: 0.8388
Fold 2, Epoch 2, Train Loss: 2.6354, Val Loss: 2.6213, Val Acc: 0.7291
Precision: 0.9905, Recall: 0.8586, F1-Score: 0.9197
Fold 2, Epoch 3, Train Loss: 2.6273, Val Loss: 2.6129, Val Acc: 0.8589
Completed Fold 2
Starting Fold 3
Precision: 0.9906, Recall: 0.8980, F1-Score: 0.9420
Fold 3, Epoch 1, Train Loss: 2.6358, Val Loss: 2.6028, Val Acc: 0.8914
Precision: 0.9906, Recall: 0.8117, F1-Score: 0.8921
Fold 3, Epoch 2, Train Loss: 2.6160, Val Loss: 2.6056, Val Acc: 0.8063
Precision: 0.9906, Recall: 0.8101, F1-Score: 0.8912
Fold 3, Epoch 3, Train Loss: 2.6093, Val Loss: 2.6131, Val Acc: 0.8050
Completed Fold 3
Starting Fold 4
Precision: 0.9906, Recall: 0.8588, F1-Score: 0.9198
Fold 4, Epoch 1, Train Loss: 2.6167, Val Loss: 2.5865, Val Acc: 0.8639
Precision: 0.9904, Recall: 0.8535, F1-Score: 0.9168
Fold 4, Epoch 2, Train Loss: 2.6022, Val Loss: 2.5976, Val Acc: 0.8581
Precision: 0.9905, Recall: 0.8169, F1-Score: 0.8952
Fold 4, Epoch 3, Train Loss: 2.5958, Val Loss: 2.6064, Val Acc: 0.8206
Completed Fold 4
Starting Fold 5
Precision: 0.9910, Recall: 0.8655, F1-Score: 0.9239
Fold 5, Epoch 1, Train Loss: 2.6154, Val Loss: 2.5760, Val Acc: 0.8822
Precision: 0.9911, Recall: 0.8260, F1-Score: 0.9009
Fold 5, Epoch 2, Train Loss: 2.5902, Val Loss: 2.5743, Val Acc: 0.8439
Precision: 0.9912, Recall: 0.7883, F1-Score: 0.8781
Fold 5, Epoch 3, Train Loss: 2.5886, Val Loss: 2.5864, Val Acc: 0.8072
Completed Fold 5
Starting final training on all data...
Evaluating and Visualizing on Test Data
Test data predictions saved for all test samples in: /home/nishioka/GNN/Predict_data/Predict19Class4x4_Test20241118_130343
Training data predictions saved for all training samples in: /home/nishioka/GNN/Predict_data/Predict19Class4x4_Train20241118_130343
Shape of all_preds: (1183896,)
Shape of all_labels: (1183896,)
Shape of all_probs: (1183896, 19)
Balanced Accuracy: 0.08532606504630116
Matthews Correlation Coefficient: 0.07618083744604297
ROC AUC Score: 0.6055816544387005

Classification Report:
              precision    recall  f1-score   support

           0       1.00      0.89      0.94   1175796
           1       0.00      0.00      0.00       500
           2       0.00      0.00      0.00       475
           3       0.17      0.01      0.02       325
           4       0.00      0.00      0.00       250
           5       0.00      0.00      0.00       425
           6       0.00      0.00      0.00       450
           7       0.00      0.00      0.00       425
           8       0.00      0.00      0.00       350
           9       0.00      0.00      0.00       375
          10       0.00      0.70      0.01       550
          11       0.00      0.00      0.00       675
          12       0.00      0.00      0.00       425
          13       0.01      0.00      0.00       475
          14       0.00      0.00      0.00       525
          15       0.00      0.00      0.00       350
          16       0.00      0.00      0.00       375
          17       0.00      0.00      0.00       550
          18       0.08      0.02      0.03       600

    accuracy                           0.89   1183896
   macro avg       0.07      0.09      0.05   1183896
weighted avg       0.99      0.89      0.94   1183896

Test Loss: 0.0000, Test Accuracy: 0.9049
Precision: 0.9905, Recall: 0.8880, F1-Score: 0.9362
Balanced Accuracy: 0.0853
Matthews Correlation Coefficient (MCC): 0.0762
ROC AUC Score: 0.6055816544387005
Images have been saved in /home/nishioka/GNN/Predict_truth/pred_vs_true_images_20241118_130343
Test Loss: 2.6386, Test Accuracy: 0.9049
Precision: 0.9904, Recall: 0.9049, F1-Score: 0.9455
