nohup: ignoring input
  File "/home/nishioka/GNN/DDP/DDP10class4x4_2.py", line 313
    correct = 0
IndentationError: unexpected indent
  File "/home/nishioka/GNN/DDP/DDP10class4x4_2.py", line 313
    correct = 0
IndentationError: unexpected indent
  File "/home/nishioka/GNN/DDP/DDP10class4x4_2.py", line 313
    correct = 0
IndentationError: unexpected indent
  File "/home/nishioka/GNN/DDP/DDP10class4x4_2.py", line 313
    correct = 0
IndentationError: unexpected indent
[2024-10-21 15:50:56,738] torch.distributed.elastic.multiprocessing.api: [ERROR] failed (exitcode: 1) local_rank: 0 (pid: 21322) of binary: /home/nishioka/miniconda3/envs/interstage_gnn_first/bin/python
Traceback (most recent call last):
  File "/home/nishioka/miniconda3/envs/interstage_gnn_first/bin/torchrun", line 33, in <module>
    sys.exit(load_entry_point('torch==2.2.2', 'console_scripts', 'torchrun')())
             ^^^^^^^^^^^^^^^^^^^^^^^^^^^^^^^^^^^^^^^^^^^^^^^^^^^^^^^^^^^^^^^^^
  File "/home/nishioka/miniconda3/envs/interstage_gnn_first/lib/python3.12/site-packages/torch/distributed/elastic/multiprocessing/errors/__init__.py", line 347, in wrapper
    return f(*args, **kwargs)
           ^^^^^^^^^^^^^^^^^^
  File "/home/nishioka/miniconda3/envs/interstage_gnn_first/lib/python3.12/site-packages/torch/distributed/run.py", line 812, in main
    run(args)
  File "/home/nishioka/miniconda3/envs/interstage_gnn_first/lib/python3.12/site-packages/torch/distributed/run.py", line 803, in run
    elastic_launch(
  File "/home/nishioka/miniconda3/envs/interstage_gnn_first/lib/python3.12/site-packages/torch/distributed/launcher/api.py", line 135, in __call__
    return launch_agent(self._config, self._entrypoint, list(args))
           ^^^^^^^^^^^^^^^^^^^^^^^^^^^^^^^^^^^^^^^^^^^^^^^^^^^^^^^^
  File "/home/nishioka/miniconda3/envs/interstage_gnn_first/lib/python3.12/site-packages/torch/distributed/launcher/api.py", line 268, in launch_agent
    raise ChildFailedError(
torch.distributed.elastic.multiprocessing.errors.ChildFailedError: 
============================================================
DDP10class4x4_2.py FAILED
------------------------------------------------------------
Failures:
[1]:
  time      : 2024-10-21_15:50:56
  host      : stuttgart03
  rank      : 1 (local_rank: 1)
  exitcode  : 1 (pid: 21323)
  error_file: <N/A>
  traceback : To enable traceback see: https://pytorch.org/docs/stable/elastic/errors.html
[2]:
  time      : 2024-10-21_15:50:56
  host      : stuttgart03
  rank      : 2 (local_rank: 2)
  exitcode  : 1 (pid: 21324)
  error_file: <N/A>
  traceback : To enable traceback see: https://pytorch.org/docs/stable/elastic/errors.html
[3]:
  time      : 2024-10-21_15:50:56
  host      : stuttgart03
  rank      : 3 (local_rank: 3)
  exitcode  : 1 (pid: 21325)
  error_file: <N/A>
  traceback : To enable traceback see: https://pytorch.org/docs/stable/elastic/errors.html
------------------------------------------------------------
Root Cause (first observed failure):
[0]:
  time      : 2024-10-21_15:50:56
  host      : stuttgart03
  rank      : 0 (local_rank: 0)
  exitcode  : 1 (pid: 21322)
  error_file: <N/A>
  traceback : To enable traceback see: https://pytorch.org/docs/stable/elastic/errors.html
============================================================
