nohup: ignoring input
Using device: NVIDIA GeForce RTX 3090
Using device: NVIDIA GeForce RTX 3090
Using device: NVIDIA GeForce RTX 3090
Rank: 0, World Size: 4, Master Addr: 127.0.0.1, Master Port: 12355
Rank 0 using device: cuda:0
Using device: NVIDIA GeForce RTX 3090
Rank 2 using device: cuda:2
Rank 3 using device: cuda:3
Rank 1 using device: cuda:1
Starting Fold 1
Precision: 0.9877, Recall: 0.9931, F1-Score: 0.9904
Fold 1, Epoch 1, Train Loss: 2.7250, Val Loss: 2.7130, Val Acc: 0.9932
Completed Fold 1
Starting Fold 2
Precision: 0.9914, Recall: 0.5969, F1-Score: 0.7450
Fold 2, Epoch 1, Train Loss: 2.6921, Val Loss: 2.6450, Val Acc: 0.5993
Completed Fold 2
Starting Fold 3
Precision: 0.9927, Recall: 0.1630, F1-Score: 0.2793
Fold 3, Epoch 1, Train Loss: 2.7643, Val Loss: 2.6950, Val Acc: 0.1621
Completed Fold 3
Starting Fold 4
Precision: 0.9922, Recall: 0.6743, F1-Score: 0.8026
Fold 4, Epoch 1, Train Loss: 2.7016, Val Loss: 2.6588, Val Acc: 0.6819
Completed Fold 4
Starting Fold 5
Precision: 0.9911, Recall: 0.9904, F1-Score: 0.9907
Fold 5, Epoch 1, Train Loss: 2.6666, Val Loss: 2.6339, Val Acc: 0.9907
Completed Fold 5
Starting final training on all data...
Evaluating and Visualizing on Test Data
Traceback (most recent call last):
  File "/home/nishioka/GNN/DDP/DDPGAT19class4x4_2_focal_loss.py", line 760, in <module>
    main(args)
  File "/home/nishioka/GNN/DDP/DDPGAT19class4x4_2_focal_loss.py", line 692, in main
    evaluate_and_visualize(final_train_loader, final_test_loader, model, device, class_weights, test_pairs=None, train_pairs=None)
  File "/home/nishioka/GNN/DDP/DDPGAT19class4x4_2_focal_loss.py", line 112, in evaluate_and_visualize
    out = ddp_model(batch)
          ^^^^^^^^^
NameError: name 'ddp_model' is not defined
[2024-11-13 13:56:07,073] torch.distributed.elastic.multiprocessing.api: [ERROR] failed (exitcode: 1) local_rank: 0 (pid: 579677) of binary: /home/nishioka/miniconda3/envs/interstage_gnn_first/bin/python
Traceback (most recent call last):
  File "/home/nishioka/miniconda3/envs/interstage_gnn_first/bin/torchrun", line 33, in <module>
    sys.exit(load_entry_point('torch==2.2.2', 'console_scripts', 'torchrun')())
             ^^^^^^^^^^^^^^^^^^^^^^^^^^^^^^^^^^^^^^^^^^^^^^^^^^^^^^^^^^^^^^^^^
  File "/home/nishioka/miniconda3/envs/interstage_gnn_first/lib/python3.12/site-packages/torch/distributed/elastic/multiprocessing/errors/__init__.py", line 347, in wrapper
    return f(*args, **kwargs)
           ^^^^^^^^^^^^^^^^^^
  File "/home/nishioka/miniconda3/envs/interstage_gnn_first/lib/python3.12/site-packages/torch/distributed/run.py", line 812, in main
    run(args)
  File "/home/nishioka/miniconda3/envs/interstage_gnn_first/lib/python3.12/site-packages/torch/distributed/run.py", line 803, in run
    elastic_launch(
  File "/home/nishioka/miniconda3/envs/interstage_gnn_first/lib/python3.12/site-packages/torch/distributed/launcher/api.py", line 135, in __call__
    return launch_agent(self._config, self._entrypoint, list(args))
           ^^^^^^^^^^^^^^^^^^^^^^^^^^^^^^^^^^^^^^^^^^^^^^^^^^^^^^^^
  File "/home/nishioka/miniconda3/envs/interstage_gnn_first/lib/python3.12/site-packages/torch/distributed/launcher/api.py", line 268, in launch_agent
    raise ChildFailedError(
torch.distributed.elastic.multiprocessing.errors.ChildFailedError: 
============================================================
DDPGAT19class4x4_2_focal_loss.py FAILED
------------------------------------------------------------
Failures:
  <NO_OTHER_FAILURES>
------------------------------------------------------------
Root Cause (first observed failure):
[0]:
  time      : 2024-11-13_13:56:07
  host      : stuttgart01
  rank      : 0 (local_rank: 0)
  exitcode  : 1 (pid: 579677)
  error_file: <N/A>
  traceback : To enable traceback see: https://pytorch.org/docs/stable/elastic/errors.html
============================================================
