nohup: ignoring input
Using device: NVIDIA GeForce RTX 3090
Using device: NVIDIA GeForce RTX 3090
Rank: 0, World Size: 4, Master Addr: 127.0.0.1, Master Port: 12355
Rank 0 using device: cuda:0
Using device: NVIDIA GeForce RTX 3090
Using device: NVIDIA GeForce RTX 3090
Rank 3 using device: cuda:3
Rank 2 using device: cuda:2
Rank 1 using device: cuda:1
Total valid pairs: 1620
Total valid pairs: 1620
Total valid pairs: 1620
Total valid pairs: 1620
Starting Fold 1
Pair 1:
Data file: /home/nishioka/GNN/Defect_4x4_Normalized1/Normalized1_Defect4x4_ELNOD_L17B5.npy
Label file: /home/nishioka/GNN/Defect19Class_OneHot_test3/Defect19Class_L17B5.npy
x shape: torch.Size([3654, 4])
y shape: torch.Size([3654])
Sample x: tensor([[0.0110, 0.0000, 0.0000, 0.7766],
        [0.0110, 0.0000, 0.0357, 0.7705]])
Sample y: tensor([0, 0])
Pair 2:
Data file: /home/nishioka/GNN/Defect_4x4_Normalized1/Normalized1_Defect4x4_ELNOD_L11B87.npy
Label file: /home/nishioka/GNN/Defect19Class_OneHot_test3/Defect19Class_L11B87.npy
x shape: torch.Size([3654, 4])
y shape: torch.Size([3654])
Sample x: tensor([[0.0110, 0.0000, 0.0000, 0.7021],
        [0.0110, 0.0000, 0.0357, 0.6920]])
Sample y: tensor([0, 0])
Pair 1:
Data file: /home/nishioka/GNN/Defect_4x4_Normalized1/Normalized1_Defect4x4_ELNOD_L17B5.npy
Label file: /home/nishioka/GNN/Defect19Class_OneHot_test3/Defect19Class_L17B5.npy
x shape: torch.Size([3654, 4])
y shape: torch.Size([3654])
Pair 3:
Data file: /home/nishioka/GNN/Defect_4x4_Normalized1/Normalized1_Defect4x4_ELNOD_L2B9.npy
Label file: /home/nishioka/GNN/Defect19Class_OneHot_test3/Defect19Class_L2B9.npy
x shape: torch.Size([3654, 4])
y shape: torch.Size([3654])
Sample x: tensor([[0.0110, 0.0000, 0.0000, 0.5476],
        [0.0110, 0.0000, 0.0357, 0.5359]])
Sample x: tensor([[0.0110, 0.0000, 0.0000, 0.7766],
        [0.0110, 0.0000, 0.0357, 0.7705]])
Sample y: tensor([0, 0])
Sample y: tensor([0, 0])
Pair 1:
Data file: /home/nishioka/GNN/Defect_4x4_Normalized1/Normalized1_Defect4x4_ELNOD_L17B5.npy
Label file: /home/nishioka/GNN/Defect19Class_OneHot_test3/Defect19Class_L17B5.npy
x shape: torch.Size([3654, 4])
y shape: torch.Size([3654])
Sample x: tensor([[0.0110, 0.0000, 0.0000, 0.7766],
        [0.0110, 0.0000, 0.0357, 0.7705]])
Sample y: tensor([0, 0])
Pair 2:
Data file: /home/nishioka/GNN/Defect_4x4_Normalized1/Normalized1_Defect4x4_ELNOD_L11B87.npy
Label file: /home/nishioka/GNN/Defect19Class_OneHot_test3/Defect19Class_L11B87.npy
x shape: torch.Size([3654, 4])
y shape: torch.Size([3654])
Pair 2:
Data file: /home/nishioka/GNN/Defect_4x4_Normalized1/Normalized1_Defect4x4_ELNOD_L11B87.npy
Label file: /home/nishioka/GNN/Defect19Class_OneHot_test3/Defect19Class_L11B87.npy
Sample x: tensor([[0.0110, 0.0000, 0.0000, 0.7021],
        [0.0110, 0.0000, 0.0357, 0.6920]])x shape: torch.Size([3654, 4])

y shape: torch.Size([3654])
Sample y: tensor([0, 0])
Sample x: tensor([[0.0110, 0.0000, 0.0000, 0.7021],
        [0.0110, 0.0000, 0.0357, 0.6920]])
Sample y: tensor([0, 0])
Pair 3:
Data file: /home/nishioka/GNN/Defect_4x4_Normalized1/Normalized1_Defect4x4_ELNOD_L2B9.npy
Label file: /home/nishioka/GNN/Defect19Class_OneHot_test3/Defect19Class_L2B9.npy
x shape: torch.Size([3654, 4])
y shape: torch.Size([3654])
Sample x: tensor([[0.0110, 0.0000, 0.0000, 0.5476],
        [0.0110, 0.0000, 0.0357, 0.5359]])
Sample y: tensor([0, 0])
Pair 3:
Data file: /home/nishioka/GNN/Defect_4x4_Normalized1/Normalized1_Defect4x4_ELNOD_L2B9.npy
Label file: /home/nishioka/GNN/Defect19Class_OneHot_test3/Defect19Class_L2B9.npy
x shape: torch.Size([3654, 4])
y shape: torch.Size([3654])
Pair 1:
Data file: /home/nishioka/GNN/Defect_4x4_Normalized1/Normalized1_Defect4x4_ELNOD_L17B5.npy
Label file: /home/nishioka/GNN/Defect19Class_OneHot_test3/Defect19Class_L17B5.npy
x shape: torch.Size([3654, 4])
y shape: torch.Size([3654])
Sample x: tensor([[0.0110, 0.0000, 0.0000, 0.5476],
        [0.0110, 0.0000, 0.0357, 0.5359]])
Sample y: tensor([0, 0])
Sample x: tensor([[0.0110, 0.0000, 0.0000, 0.7766],
        [0.0110, 0.0000, 0.0357, 0.7705]])
Sample y: tensor([0, 0])
Pair 2:
Data file: /home/nishioka/GNN/Defect_4x4_Normalized1/Normalized1_Defect4x4_ELNOD_L11B87.npy
Label file: /home/nishioka/GNN/Defect19Class_OneHot_test3/Defect19Class_L11B87.npy
x shape: torch.Size([3654, 4])
y shape: torch.Size([3654])
Sample x: tensor([[0.0110, 0.0000, 0.0000, 0.7021],
        [0.0110, 0.0000, 0.0357, 0.6920]])
Sample y: tensor([0, 0])
Pair 3:
Data file: /home/nishioka/GNN/Defect_4x4_Normalized1/Normalized1_Defect4x4_ELNOD_L2B9.npy
Label file: /home/nishioka/GNN/Defect19Class_OneHot_test3/Defect19Class_L2B9.npy
x shape: torch.Size([3654, 4])
y shape: torch.Size([3654])
Sample x: tensor([[0.0110, 0.0000, 0.0000, 0.5476],
        [0.0110, 0.0000, 0.0357, 0.5359]])
Sample y: tensor([0, 0])
Class weights: [2.11825747e-05 5.61270683e-02 5.61270683e-02 5.94779380e-02
 5.69288835e-02 5.38516466e-02 5.38516466e-02 4.98127731e-02
 5.94779380e-02 5.61270683e-02 6.13080284e-02 5.17535305e-02
 5.38516466e-02 6.03791189e-02 5.69288835e-02 4.91978006e-02
 5.45893404e-02 5.24344980e-02 5.77539398e-02]
Class weights: Class weights: [2.11825747e-05 5.61270683e-02 5.61270683e-02 5.94779380e-02
 5.69288835e-02 5.38516466e-02 5.38516466e-02 4.98127731e-02
 5.94779380e-02 5.61270683e-02 6.13080284e-02 5.17535305e-02
 5.38516466e-02 6.03791189e-02 5.69288835e-02 4.91978006e-02
 5.45893404e-02 5.24344980e-02 5.77539398e-02]
[2.11825747e-05 5.61270683e-02 5.61270683e-02 5.94779380e-02
 5.69288835e-02 5.38516466e-02 5.38516466e-02 4.98127731e-02
 5.94779380e-02 5.61270683e-02 6.13080284e-02 5.17535305e-02
 5.38516466e-02 6.03791189e-02 5.69288835e-02 4.91978006e-02
 5.45893404e-02 5.24344980e-02 5.77539398e-02]
Class weights: [2.11825747e-05 5.61270683e-02 5.61270683e-02 5.94779380e-02
 5.69288835e-02 5.38516466e-02 5.38516466e-02 4.98127731e-02
 5.94779380e-02 5.61270683e-02 6.13080284e-02 5.17535305e-02
 5.38516466e-02 6.03791189e-02 5.69288835e-02 4.91978006e-02
 5.45893404e-02 5.24344980e-02 5.77539398e-02]
Pair 1:
Data file: /home/nishioka/GNN/Defect_4x4_Normalized1/Normalized1_Defect4x4_ELNOD_L18B74.npy
Label file: /home/nishioka/GNN/Defect19Class_OneHot_test3/Defect19Class_L18B74.npy
x shape: torch.Size([3654, 4])
y shape: torch.Size([3654])
Pair 1:
Data file: /home/nishioka/GNN/Defect_4x4_Normalized1/Normalized1_Defect4x4_ELNOD_L18B74.npy
Label file: /home/nishioka/GNN/Defect19Class_OneHot_test3/Defect19Class_L18B74.npy
x shape: torch.Size([3654, 4])
y shape: torch.Size([3654])
Sample x: tensor([[0.0110, 0.0000, 0.0000, 0.6969],
        [0.0110, 0.0000, 0.0357, 0.6920]])
Pair 1:
Data file: /home/nishioka/GNN/Defect_4x4_Normalized1/Normalized1_Defect4x4_ELNOD_L18B74.npy
Label file: /home/nishioka/GNN/Defect19Class_OneHot_test3/Defect19Class_L18B74.npy
x shape: torch.Size([3654, 4])
y shape: torch.Size([3654])
Sample y: tensor([0, 0])
Sample x: tensor([[0.0110, 0.0000, 0.0000, 0.6969],
        [0.0110, 0.0000, 0.0357, 0.6920]])
Sample y: tensor([0, 0])
Sample x: tensor([[0.0110, 0.0000, 0.0000, 0.6969],
        [0.0110, 0.0000, 0.0357, 0.6920]])
Pair 1:Sample y: tensor([0, 0])

Data file: /home/nishioka/GNN/Defect_4x4_Normalized1/Normalized1_Defect4x4_ELNOD_L18B74.npy
Label file: /home/nishioka/GNN/Defect19Class_OneHot_test3/Defect19Class_L18B74.npy
x shape: torch.Size([3654, 4])
y shape: torch.Size([3654])
Sample x: tensor([[0.0110, 0.0000, 0.0000, 0.6969],
        [0.0110, 0.0000, 0.0357, 0.6920]])
Sample y: tensor([0, 0])
Pair 2:
Data file: /home/nishioka/GNN/Defect_4x4_Normalized1/Normalized1_Defect4x4_ELNOD_L8B51.npy
Label file: /home/nishioka/GNN/Defect19Class_OneHot_test3/Defect19Class_L8B51.npy
x shape: torch.Size([3654, 4])
y shape: torch.Size([3654])
Pair 2:
Data file: /home/nishioka/GNN/Defect_4x4_Normalized1/Normalized1_Defect4x4_ELNOD_L8B51.npy
Label file: /home/nishioka/GNN/Defect19Class_OneHot_test3/Defect19Class_L8B51.npy
x shape: torch.Size([3654, 4])
y shape: torch.Size([3654])
Pair 2:
Data file: /home/nishioka/GNN/Defect_4x4_Normalized1/Normalized1_Defect4x4_ELNOD_L8B51.npy
Label file: /home/nishioka/GNN/Defect19Class_OneHot_test3/Defect19Class_L8B51.npy
x shape: torch.Size([3654, 4])
y shape: torch.Size([3654])
Sample x: tensor([[0.0110, 0.0000, 0.0000, 0.7479],
        [0.0110, 0.0000, 0.0357, 0.7406]])
Sample x: tensor([[0.0110, 0.0000, 0.0000, 0.7479],
        [0.0110, 0.0000, 0.0357, 0.7406]])
Pair 2:
Data file: /home/nishioka/GNN/Defect_4x4_Normalized1/Normalized1_Defect4x4_ELNOD_L8B51.npy
Label file: /home/nishioka/GNN/Defect19Class_OneHot_test3/Defect19Class_L8B51.npy
x shape: torch.Size([3654, 4])
y shape: torch.Size([3654])
Sample y: tensor([0, 0])
Sample y: tensor([0, 0])
Sample x: tensor([[0.0110, 0.0000, 0.0000, 0.7479],
        [0.0110, 0.0000, 0.0357, 0.7406]])Sample x: tensor([[0.0110, 0.0000, 0.0000, 0.7479],
        [0.0110, 0.0000, 0.0357, 0.7406]])

Sample y: tensor([0, 0])
Sample y: tensor([0, 0])
Pair 3:Pair 3:

Data file: /home/nishioka/GNN/Defect_4x4_Normalized1/Normalized1_Defect4x4_ELNOD_L6B40.npyData file: /home/nishioka/GNN/Defect_4x4_Normalized1/Normalized1_Defect4x4_ELNOD_L6B40.npy

Label file: /home/nishioka/GNN/Defect19Class_OneHot_test3/Defect19Class_L6B40.npyLabel file: /home/nishioka/GNN/Defect19Class_OneHot_test3/Defect19Class_L6B40.npy

x shape: torch.Size([3654, 4])x shape: torch.Size([3654, 4])

y shape: torch.Size([3654])y shape: torch.Size([3654])

Pair 3:
Data file: /home/nishioka/GNN/Defect_4x4_Normalized1/Normalized1_Defect4x4_ELNOD_L6B40.npy
Label file: /home/nishioka/GNN/Defect19Class_OneHot_test3/Defect19Class_L6B40.npy
x shape: torch.Size([3654, 4])
y shape: torch.Size([3654])
Sample x: tensor([[0.0110, 0.0000, 0.0000, 0.7031],
        [0.0110, 0.0000, 0.0357, 0.6937]])Sample x: tensor([[0.0110, 0.0000, 0.0000, 0.7031],
        [0.0110, 0.0000, 0.0357, 0.6937]])

Sample x: tensor([[0.0110, 0.0000, 0.0000, 0.7031],
        [0.0110, 0.0000, 0.0357, 0.6937]])
Sample y: tensor([0, 0])
Sample y: tensor([0, 0])
Pair 3:
Data file: /home/nishioka/GNN/Defect_4x4_Normalized1/Normalized1_Defect4x4_ELNOD_L6B40.npy
Label file: /home/nishioka/GNN/Defect19Class_OneHot_test3/Defect19Class_L6B40.npy
x shape: torch.Size([3654, 4])
y shape: torch.Size([3654])
Sample y: tensor([0, 0])
Sample x: tensor([[0.0110, 0.0000, 0.0000, 0.7031],
        [0.0110, 0.0000, 0.0357, 0.6937]])
Sample y: tensor([0, 0])
Class weights: [1.96882259e-05 4.87354469e-02 4.87354469e-02 4.02597170e-02
 4.62986745e-02 5.78733431e-02 5.78733431e-02 9.25973490e-02
 4.02597170e-02 4.87354469e-02 3.70389396e-02 7.12287300e-02
 5.78733431e-02 3.85822288e-02 4.62986745e-02 1.02885943e-01
 5.44690288e-02 6.61409636e-02 4.40939757e-02]
Class weights: [1.96882259e-05 4.87354469e-02 4.87354469e-02 4.02597170e-02
 4.62986745e-02 5.78733431e-02 5.78733431e-02 9.25973490e-02
 4.02597170e-02 4.87354469e-02 3.70389396e-02 7.12287300e-02
 5.78733431e-02 3.85822288e-02 4.62986745e-02 1.02885943e-01
 5.44690288e-02 6.61409636e-02 4.40939757e-02]
Class weights: [1.96882259e-05 4.87354469e-02 4.87354469e-02 4.02597170e-02
 4.62986745e-02 5.78733431e-02 5.78733431e-02 9.25973490e-02
 4.02597170e-02 4.87354469e-02 3.70389396e-02 7.12287300e-02
 5.78733431e-02 3.85822288e-02 4.62986745e-02 1.02885943e-01
 5.44690288e-02 6.61409636e-02 4.40939757e-02]
Class weights: [1.96882259e-05 4.87354469e-02 4.87354469e-02 4.02597170e-02
 4.62986745e-02 5.78733431e-02 5.78733431e-02 9.25973490e-02
 4.02597170e-02 4.87354469e-02 3.70389396e-02 7.12287300e-02
 5.78733431e-02 3.85822288e-02 4.62986745e-02 1.02885943e-01
 5.44690288e-02 6.61409636e-02 4.40939757e-02]
Precision: 0.0000, Recall: 0.0003, F1-Score: 0.0000
Fold 1, Epoch 1, Train Loss: 2.9478, Val Loss: 2.9469, Val Acc: 0.0004
Precision: 0.9929, Recall: 0.3881, F1-Score: 0.5577
Fold 1, Epoch 2, Train Loss: 2.9426, Val Loss: 2.9422, Val Acc: 0.3700
Pair 1:Pair 1:
Pair 1:
Data file: /home/nishioka/GNN/Defect_4x4_Normalized1/Normalized1_Defect4x4_ELNOD_L17B5.npyData file: /home/nishioka/GNN/Defect_4x4_Normalized1/Normalized1_Defect4x4_ELNOD_L17B5.npy


Data file: /home/nishioka/GNN/Defect_4x4_Normalized1/Normalized1_Defect4x4_ELNOD_L17B5.npyLabel file: /home/nishioka/GNN/Defect19Class_OneHot_test3/Defect19Class_L17B5.npyLabel file: /home/nishioka/GNN/Defect19Class_OneHot_test3/Defect19Class_L17B5.npy


Label file: /home/nishioka/GNN/Defect19Class_OneHot_test3/Defect19Class_L17B5.npyx shape: torch.Size([3654, 4])
x shape: torch.Size([3654, 4])

y shape: torch.Size([3654])y shape: torch.Size([3654])
x shape: torch.Size([3654, 4])

y shape: torch.Size([3654])
Sample x: tensor([[0.0110, 0.0000, 0.0000, 0.7766],
        [0.0110, 0.0000, 0.0357, 0.7705]])Sample x: tensor([[0.0110, 0.0000, 0.0000, 0.7766],
        [0.0110, 0.0000, 0.0357, 0.7705]])Sample x: tensor([[0.0110, 0.0000, 0.0000, 0.7766],
        [0.0110, 0.0000, 0.0357, 0.7705]])


Sample y: tensor([0, 0])Sample y: tensor([0, 0])

Sample y: tensor([0, 0])
Pair 2:
Data file: /home/nishioka/GNN/Defect_4x4_Normalized1/Normalized1_Defect4x4_ELNOD_L11B87.npy
Label file: /home/nishioka/GNN/Defect19Class_OneHot_test3/Defect19Class_L11B87.npy
x shape: torch.Size([3654, 4])
y shape: torch.Size([3654])
Pair 2:Pair 2:

Data file: /home/nishioka/GNN/Defect_4x4_Normalized1/Normalized1_Defect4x4_ELNOD_L11B87.npyData file: /home/nishioka/GNN/Defect_4x4_Normalized1/Normalized1_Defect4x4_ELNOD_L11B87.npy

Label file: /home/nishioka/GNN/Defect19Class_OneHot_test3/Defect19Class_L11B87.npyLabel file: /home/nishioka/GNN/Defect19Class_OneHot_test3/Defect19Class_L11B87.npy

x shape: torch.Size([3654, 4])
x shape: torch.Size([3654, 4])y shape: torch.Size([3654])

y shape: torch.Size([3654])
Sample x: tensor([[0.0110, 0.0000, 0.0000, 0.7021],
        [0.0110, 0.0000, 0.0357, 0.6920]])
Sample x: tensor([[0.0110, 0.0000, 0.0000, 0.7021],
        [0.0110, 0.0000, 0.0357, 0.6920]])Sample x: tensor([[0.0110, 0.0000, 0.0000, 0.7021],
        [0.0110, 0.0000, 0.0357, 0.6920]])

Sample y: tensor([0, 0])
Sample y: tensor([0, 0])
Sample y: tensor([0, 0])
Pair 3:
Data file: /home/nishioka/GNN/Defect_4x4_Normalized1/Normalized1_Defect4x4_ELNOD_L2B9.npy
Label file: /home/nishioka/GNN/Defect19Class_OneHot_test3/Defect19Class_L2B9.npy
x shape: torch.Size([3654, 4])
y shape: torch.Size([3654])
Pair 3:
Data file: /home/nishioka/GNN/Defect_4x4_Normalized1/Normalized1_Defect4x4_ELNOD_L2B9.npy
Label file: /home/nishioka/GNN/Defect19Class_OneHot_test3/Defect19Class_L2B9.npy
x shape: torch.Size([3654, 4])
Pair 3:y shape: torch.Size([3654])

Data file: /home/nishioka/GNN/Defect_4x4_Normalized1/Normalized1_Defect4x4_ELNOD_L2B9.npy
Label file: /home/nishioka/GNN/Defect19Class_OneHot_test3/Defect19Class_L2B9.npy
x shape: torch.Size([3654, 4])
y shape: torch.Size([3654])
Sample x: tensor([[0.0110, 0.0000, 0.0000, 0.5476],
        [0.0110, 0.0000, 0.0357, 0.5359]])
Sample y: tensor([0, 0])
Sample x: tensor([[0.0110, 0.0000, 0.0000, 0.5476],
        [0.0110, 0.0000, 0.0357, 0.5359]])
Sample x: tensor([[0.0110, 0.0000, 0.0000, 0.5476],
        [0.0110, 0.0000, 0.0357, 0.5359]])
Sample y: tensor([0, 0])
Sample y: tensor([0, 0])
Precision: 0.9898, Recall: 0.9622, F1-Score: 0.9757
Fold 1, Epoch 3, Train Loss: 2.9388, Val Loss: 2.9390, Val Acc: 0.9625
Completed Fold 1
Starting Fold 2
Pair 1:
Data file: /home/nishioka/GNN/Defect_4x4_Normalized1/Normalized1_Defect4x4_ELNOD_L17B5.npy
Label file: /home/nishioka/GNN/Defect19Class_OneHot_test3/Defect19Class_L17B5.npy
x shape: torch.Size([3654, 4])
y shape: torch.Size([3654])
Sample x: tensor([[0.0110, 0.0000, 0.0000, 0.7766],
        [0.0110, 0.0000, 0.0357, 0.7705]])
Sample y: tensor([0, 0])
Pair 2:
Data file: /home/nishioka/GNN/Defect_4x4_Normalized1/Normalized1_Defect4x4_ELNOD_L11B87.npy
Label file: /home/nishioka/GNN/Defect19Class_OneHot_test3/Defect19Class_L11B87.npy
x shape: torch.Size([3654, 4])
y shape: torch.Size([3654])
Sample x: tensor([[0.0110, 0.0000, 0.0000, 0.7021],
        [0.0110, 0.0000, 0.0357, 0.6920]])
Sample y: tensor([0, 0])
Pair 3:
Data file: /home/nishioka/GNN/Defect_4x4_Normalized1/Normalized1_Defect4x4_ELNOD_L2B9.npy
Label file: /home/nishioka/GNN/Defect19Class_OneHot_test3/Defect19Class_L2B9.npy
x shape: torch.Size([3654, 4])
y shape: torch.Size([3654])
Sample x: tensor([[0.0110, 0.0000, 0.0000, 0.5476],
        [0.0110, 0.0000, 0.0357, 0.5359]])
Sample y: tensor([0, 0])
Class weights: [2.12166641e-05 5.70205001e-02 5.46771919e-02 5.54365974e-02
 4.92769754e-02 5.46771919e-02 5.54365974e-02 5.70205001e-02
 5.25188817e-02 5.70205001e-02 5.25188817e-02 5.54365974e-02
 5.39383109e-02 5.70205001e-02 6.04762880e-02 5.86975737e-02
 5.39383109e-02 5.78468842e-02 5.70205001e-02]
Class weights: [2.12166641e-05 5.70205001e-02 5.46771919e-02 5.54365974e-02
 4.92769754e-02 5.46771919e-02 5.54365974e-02 5.70205001e-02
 5.25188817e-02 5.70205001e-02 5.25188817e-02 5.54365974e-02
 5.39383109e-02 5.70205001e-02 6.04762880e-02 5.86975737e-02
 5.39383109e-02 5.78468842e-02 5.70205001e-02]
Pair 1:
Data file: /home/nishioka/GNN/Defect_4x4_Normalized1/Normalized1_Defect4x4_ELNOD_L11B44.npy
Label file: /home/nishioka/GNN/Defect19Class_OneHot_test3/Defect19Class_L11B44.npy
x shape: torch.Size([3654, 4])
y shape: torch.Size([3654])
Sample x: tensor([[0.0110, 0.0000, 0.0000, 0.6208],
        [0.0110, 0.0000, 0.0357, 0.6121]])
Sample y: tensor([0, 0])
Pair 2:
Data file: /home/nishioka/GNN/Defect_4x4_Normalized1/Normalized1_Defect4x4_ELNOD_L18B60.npy
Label file: /home/nishioka/GNN/Defect19Class_OneHot_test3/Defect19Class_L18B60.npy
x shape: torch.Size([3654, 4])
y shape: torch.Size([3654])
Sample x: tensor([[0.0110, 0.0000, 0.0000, 0.5756],
        [0.0110, 0.0000, 0.0357, 0.5702]])
Sample y: tensor([0, 0])
Pair 1:
Data file: /home/nishioka/GNN/Defect_4x4_Normalized1/Normalized1_Defect4x4_ELNOD_L11B44.npy
Label file: /home/nishioka/GNN/Defect19Class_OneHot_test3/Defect19Class_L11B44.npy
x shape: torch.Size([3654, 4])
y shape: torch.Size([3654])Pair 3:

Data file: /home/nishioka/GNN/Defect_4x4_Normalized1/Normalized1_Defect4x4_ELNOD_L15B7.npy
Label file: /home/nishioka/GNN/Defect19Class_OneHot_test3/Defect19Class_L15B7.npy
x shape: torch.Size([3654, 4])
y shape: torch.Size([3654])
Sample x: tensor([[0.0110, 0.0000, 0.0000, 0.5735],
        [0.0110, 0.0000, 0.0357, 0.5670]])
Sample x: tensor([[0.0110, 0.0000, 0.0000, 0.6208],
        [0.0110, 0.0000, 0.0357, 0.6121]])
Sample y: tensor([0, 0])
Sample y: tensor([0, 0])
Pair 2:
Data file: /home/nishioka/GNN/Defect_4x4_Normalized1/Normalized1_Defect4x4_ELNOD_L18B60.npy
Label file: /home/nishioka/GNN/Defect19Class_OneHot_test3/Defect19Class_L18B60.npy
x shape: torch.Size([3654, 4])
y shape: torch.Size([3654])
Sample x: tensor([[0.0110, 0.0000, 0.0000, 0.5756],
        [0.0110, 0.0000, 0.0357, 0.5702]])
Sample y: tensor([0, 0])
Pair 3:
Data file: /home/nishioka/GNN/Defect_4x4_Normalized1/Normalized1_Defect4x4_ELNOD_L15B7.npy
Label file: /home/nishioka/GNN/Defect19Class_OneHot_test3/Defect19Class_L15B7.npy
x shape: torch.Size([3654, 4])
y shape: torch.Size([3654])
Sample x: tensor([[0.0110, 0.0000, 0.0000, 0.5735],
        [0.0110, 0.0000, 0.0357, 0.5670]])
Sample y: tensor([0, 0])
Class weights: [2.12166641e-05 5.70205001e-02 5.46771919e-02 5.54365974e-02
 4.92769754e-02 5.46771919e-02 5.54365974e-02 5.70205001e-02
 5.25188817e-02 5.70205001e-02 5.25188817e-02 5.54365974e-02
 5.39383109e-02 5.70205001e-02 6.04762880e-02 5.86975737e-02
 5.39383109e-02 5.78468842e-02 5.70205001e-02]
Pair 1:
Data file: /home/nishioka/GNN/Defect_4x4_Normalized1/Normalized1_Defect4x4_ELNOD_L11B44.npy
Label file: /home/nishioka/GNN/Defect19Class_OneHot_test3/Defect19Class_L11B44.npy
x shape: torch.Size([3654, 4])
y shape: torch.Size([3654])
Sample x: tensor([[0.0110, 0.0000, 0.0000, 0.6208],
        [0.0110, 0.0000, 0.0357, 0.6121]])
Sample y: tensor([0, 0])
Pair 2:
Data file: /home/nishioka/GNN/Defect_4x4_Normalized1/Normalized1_Defect4x4_ELNOD_L18B60.npy
Label file: /home/nishioka/GNN/Defect19Class_OneHot_test3/Defect19Class_L18B60.npy
x shape: torch.Size([3654, 4])
y shape: torch.Size([3654])
Sample x: tensor([[0.0110, 0.0000, 0.0000, 0.5756],
        [0.0110, 0.0000, 0.0357, 0.5702]])
Sample y: tensor([0, 0])
Pair 3:
Data file: /home/nishioka/GNN/Defect_4x4_Normalized1/Normalized1_Defect4x4_ELNOD_L15B7.npy
Label file: /home/nishioka/GNN/Defect19Class_OneHot_test3/Defect19Class_L15B7.npy
x shape: torch.Size([3654, 4])
y shape: torch.Size([3654])
Sample x: tensor([[0.0110, 0.0000, 0.0000, 0.5735],
        [0.0110, 0.0000, 0.0357, 0.5670]])
Sample y: tensor([0, 0])
Class weights: [2.02875088e-05 4.77079434e-02 5.61269922e-02 5.30088260e-02
 1.06017652e-01 5.61269922e-02 5.30088260e-02 4.77079434e-02
 6.81542048e-02 4.77079434e-02 6.81542048e-02 5.30088260e-02
 5.96349292e-02 4.77079434e-02 3.97566195e-02 4.33708576e-02
 5.96349292e-02 4.54361365e-02 4.77079434e-02]
Class weights: [2.02875088e-05 4.77079434e-02 5.61269922e-02 5.30088260e-02
 1.06017652e-01 5.61269922e-02 5.30088260e-02 4.77079434e-02
 6.81542048e-02 4.77079434e-02 6.81542048e-02 5.30088260e-02
 5.96349292e-02 4.77079434e-02 3.97566195e-02 4.33708576e-02
 5.96349292e-02 4.54361365e-02 4.77079434e-02]
Class weights: [2.02875088e-05 4.77079434e-02 5.61269922e-02 5.30088260e-02
 1.06017652e-01 5.61269922e-02 5.30088260e-02 4.77079434e-02
 6.81542048e-02 4.77079434e-02 6.81542048e-02 5.30088260e-02
 5.96349292e-02 4.77079434e-02 3.97566195e-02 4.33708576e-02
 5.96349292e-02 4.54361365e-02 4.77079434e-02]
Class weights: [2.12166641e-05 5.70205001e-02 5.46771919e-02 5.54365974e-02
 4.92769754e-02 5.46771919e-02 5.54365974e-02 5.70205001e-02
 5.25188817e-02 5.70205001e-02 5.25188817e-02 5.54365974e-02
 5.39383109e-02 5.70205001e-02 6.04762880e-02 5.86975737e-02
 5.39383109e-02 5.78468842e-02 5.70205001e-02]
Pair 1:
Data file: /home/nishioka/GNN/Defect_4x4_Normalized1/Normalized1_Defect4x4_ELNOD_L11B44.npy
Label file: /home/nishioka/GNN/Defect19Class_OneHot_test3/Defect19Class_L11B44.npy
x shape: torch.Size([3654, 4])
y shape: torch.Size([3654])
Sample x: tensor([[0.0110, 0.0000, 0.0000, 0.6208],
        [0.0110, 0.0000, 0.0357, 0.6121]])
Sample y: tensor([0, 0])
Pair 2:
Data file: /home/nishioka/GNN/Defect_4x4_Normalized1/Normalized1_Defect4x4_ELNOD_L18B60.npy
Label file: /home/nishioka/GNN/Defect19Class_OneHot_test3/Defect19Class_L18B60.npy
x shape: torch.Size([3654, 4])
y shape: torch.Size([3654])
Sample x: tensor([[0.0110, 0.0000, 0.0000, 0.5756],
        [0.0110, 0.0000, 0.0357, 0.5702]])
Sample y: tensor([0, 0])
Pair 3:
Data file: /home/nishioka/GNN/Defect_4x4_Normalized1/Normalized1_Defect4x4_ELNOD_L15B7.npy
Label file: /home/nishioka/GNN/Defect19Class_OneHot_test3/Defect19Class_L15B7.npy
x shape: torch.Size([3654, 4])
y shape: torch.Size([3654])
Sample x: tensor([[0.0110, 0.0000, 0.0000, 0.5735],
        [0.0110, 0.0000, 0.0357, 0.5670]])
Sample y: tensor([0, 0])
Class weights: [2.02875088e-05 4.77079434e-02 5.61269922e-02 5.30088260e-02
 1.06017652e-01 5.61269922e-02 5.30088260e-02 4.77079434e-02
 6.81542048e-02 4.77079434e-02 6.81542048e-02 5.30088260e-02
 5.96349292e-02 4.77079434e-02 3.97566195e-02 4.33708576e-02
 5.96349292e-02 4.54361365e-02 4.77079434e-02]
Precision: 0.9896, Recall: 0.9761, F1-Score: 0.9827
Fold 2, Epoch 1, Train Loss: 2.9363, Val Loss: 2.9232, Val Acc: 0.9752
Precision: 0.9890, Recall: 0.9906, F1-Score: 0.9898
Fold 2, Epoch 2, Train Loss: 2.9246, Val Loss: 2.9095, Val Acc: 0.9905
Pair 1:Pair 1:
Pair 1:
Data file: /home/nishioka/GNN/Defect_4x4_Normalized1/Normalized1_Defect4x4_ELNOD_L11B87.npy
Data file: /home/nishioka/GNN/Defect_4x4_Normalized1/Normalized1_Defect4x4_ELNOD_L11B87.npy
Data file: /home/nishioka/GNN/Defect_4x4_Normalized1/Normalized1_Defect4x4_ELNOD_L11B87.npy
Label file: /home/nishioka/GNN/Defect19Class_OneHot_test3/Defect19Class_L11B87.npy
Label file: /home/nishioka/GNN/Defect19Class_OneHot_test3/Defect19Class_L11B87.npy
Label file: /home/nishioka/GNN/Defect19Class_OneHot_test3/Defect19Class_L11B87.npy

x shape: torch.Size([3654, 4])x shape: torch.Size([3654, 4])
x shape: torch.Size([3654, 4])
y shape: torch.Size([3654])
y shape: torch.Size([3654])
y shape: torch.Size([3654])

Sample x: tensor([[0.0110, 0.0000, 0.0000, 0.7021],
        [0.0110, 0.0000, 0.0357, 0.6920]])Sample x: tensor([[0.0110, 0.0000, 0.0000, 0.7021],
        [0.0110, 0.0000, 0.0357, 0.6920]])Sample x: tensor([[0.0110, 0.0000, 0.0000, 0.7021],
        [0.0110, 0.0000, 0.0357, 0.6920]])


Sample y: tensor([0, 0])Sample y: tensor([0, 0])
Sample y: tensor([0, 0])

Pair 2:
Data file: /home/nishioka/GNN/Defect_4x4_Normalized1/Normalized1_Defect4x4_ELNOD_L16B71.npy
Label file: /home/nishioka/GNN/Defect19Class_OneHot_test3/Defect19Class_L16B71.npy
x shape: torch.Size([3654, 4])Pair 2:Pair 2:


y shape: torch.Size([3654])Data file: /home/nishioka/GNN/Defect_4x4_Normalized1/Normalized1_Defect4x4_ELNOD_L16B71.npyData file: /home/nishioka/GNN/Defect_4x4_Normalized1/Normalized1_Defect4x4_ELNOD_L16B71.npy


Label file: /home/nishioka/GNN/Defect19Class_OneHot_test3/Defect19Class_L16B71.npyLabel file: /home/nishioka/GNN/Defect19Class_OneHot_test3/Defect19Class_L16B71.npy

x shape: torch.Size([3654, 4])x shape: torch.Size([3654, 4])

y shape: torch.Size([3654])y shape: torch.Size([3654])

Sample x: tensor([[0.0110, 0.0000, 0.0000, 0.6866],
        [0.0110, 0.0000, 0.0357, 0.6787]])
Sample x: tensor([[0.0110, 0.0000, 0.0000, 0.6866],
        [0.0110, 0.0000, 0.0357, 0.6787]])Sample x: tensor([[0.0110, 0.0000, 0.0000, 0.6866],
        [0.0110, 0.0000, 0.0357, 0.6787]])

Sample y: tensor([0, 0])
Sample y: tensor([0, 0])Sample y: tensor([0, 0])

Pair 3:
Data file: /home/nishioka/GNN/Defect_4x4_Normalized1/Normalized1_Defect4x4_ELNOD_L18B48.npy
Pair 3:Label file: /home/nishioka/GNN/Defect19Class_OneHot_test3/Defect19Class_L18B48.npy

Data file: /home/nishioka/GNN/Defect_4x4_Normalized1/Normalized1_Defect4x4_ELNOD_L18B48.npy
Label file: /home/nishioka/GNN/Defect19Class_OneHot_test3/Defect19Class_L18B48.npy
x shape: torch.Size([3654, 4])
y shape: torch.Size([3654])x shape: torch.Size([3654, 4])

y shape: torch.Size([3654])
Pair 3:
Data file: /home/nishioka/GNN/Defect_4x4_Normalized1/Normalized1_Defect4x4_ELNOD_L18B48.npy
Label file: /home/nishioka/GNN/Defect19Class_OneHot_test3/Defect19Class_L18B48.npy
x shape: torch.Size([3654, 4])
y shape: torch.Size([3654])
Sample x: tensor([[0.0110, 0.0000, 0.0000, 0.6054],
        [0.0110, 0.0000, 0.0357, 0.6009]])
Sample x: tensor([[0.0110, 0.0000, 0.0000, 0.6054],
        [0.0110, 0.0000, 0.0357, 0.6009]])
Sample y: tensor([0, 0])
Sample y: tensor([0, 0])
Sample x: tensor([[0.0110, 0.0000, 0.0000, 0.6054],
        [0.0110, 0.0000, 0.0357, 0.6009]])
Sample y: tensor([0, 0])
Precision: 0.9909, Recall: 0.8056, F1-Score: 0.8885
Fold 2, Epoch 3, Train Loss: 2.9103, Val Loss: 2.8888, Val Acc: 0.8065
Completed Fold 2
Starting Fold 3
Pair 1:
Data file: /home/nishioka/GNN/Defect_4x4_Normalized1/Normalized1_Defect4x4_ELNOD_L11B87.npy
Label file: /home/nishioka/GNN/Defect19Class_OneHot_test3/Defect19Class_L11B87.npy
x shape: torch.Size([3654, 4])
y shape: torch.Size([3654])
Sample x: tensor([[0.0110, 0.0000, 0.0000, 0.7021],
        [0.0110, 0.0000, 0.0357, 0.6920]])
Sample y: tensor([0, 0])
Pair 2:
Data file: /home/nishioka/GNN/Defect_4x4_Normalized1/Normalized1_Defect4x4_ELNOD_L16B71.npy
Label file: /home/nishioka/GNN/Defect19Class_OneHot_test3/Defect19Class_L16B71.npy
x shape: torch.Size([3654, 4])
y shape: torch.Size([3654])
Sample x: tensor([[0.0110, 0.0000, 0.0000, 0.6866],
        [0.0110, 0.0000, 0.0357, 0.6787]])
Sample y: tensor([0, 0])
Pair 3:
Data file: /home/nishioka/GNN/Defect_4x4_Normalized1/Normalized1_Defect4x4_ELNOD_L18B48.npy
Label file: /home/nishioka/GNN/Defect19Class_OneHot_test3/Defect19Class_L18B48.npy
x shape: torch.Size([3654, 4])
y shape: torch.Size([3654])
Sample x: tensor([[0.0110, 0.0000, 0.0000, 0.6054],
        [0.0110, 0.0000, 0.0357, 0.6009]])
Sample y: tensor([0, 0])
Class weights: [2.12006644e-05 5.24792767e-02 5.46359593e-02 5.38976355e-02
 6.04306823e-02 5.53947921e-02 5.95287318e-02 5.78032613e-02
 5.04863928e-02 5.17977277e-02 5.53947921e-02 5.78032613e-02
 6.04306823e-02 5.38976355e-02 5.31790004e-02 5.95287318e-02
 5.46359593e-02 5.24792767e-02 5.61750004e-02]
Pair 1:
Data file: /home/nishioka/GNN/Defect_4x4_Normalized1/Normalized1_Defect4x4_ELNOD_L17B5.npy
Label file: /home/nishioka/GNN/Defect19Class_OneHot_test3/Defect19Class_L17B5.npy
x shape: torch.Size([3654, 4])
y shape: torch.Size([3654])
Sample x: tensor([[0.0110, 0.0000, 0.0000, 0.7766],
        [0.0110, 0.0000, 0.0357, 0.7705]])
Sample y: tensor([0, 0])
Pair 2:
Data file: /home/nishioka/GNN/Defect_4x4_Normalized1/Normalized1_Defect4x4_ELNOD_L2B9.npy
Label file: /home/nishioka/GNN/Defect19Class_OneHot_test3/Defect19Class_L2B9.npy
x shape: torch.Size([3654, 4])
y shape: torch.Size([3654])
Sample x: tensor([[0.0110, 0.0000, 0.0000, 0.5476],
        [0.0110, 0.0000, 0.0357, 0.5359]])
Sample y: tensor([0, 0])
Pair 3:
Data file: /home/nishioka/GNN/Defect_4x4_Normalized1/Normalized1_Defect4x4_ELNOD_L11B78.npy
Label file: /home/nishioka/GNN/Defect19Class_OneHot_test3/Defect19Class_L11B78.npy
x shape: torch.Size([3654, 4])
y shape: torch.Size([3654])
Sample x: tensor([[0.0110, 0.0000, 0.0000, 0.5790],
        [0.0110, 0.0000, 0.0357, 0.5722]])
Sample y: tensor([0, 0])
Class weights: [2.12006644e-05 5.24792767e-02 5.46359593e-02 5.38976355e-02
 6.04306823e-02 5.53947921e-02 5.95287318e-02 5.78032613e-02
 5.04863928e-02 5.17977277e-02 5.53947921e-02 5.78032613e-02
 6.04306823e-02 5.38976355e-02 5.31790004e-02 5.95287318e-02
 5.46359593e-02 5.24792767e-02 5.61750004e-02]
Pair 1:
Data file: /home/nishioka/GNN/Defect_4x4_Normalized1/Normalized1_Defect4x4_ELNOD_L17B5.npy
Label file: /home/nishioka/GNN/Defect19Class_OneHot_test3/Defect19Class_L17B5.npy
x shape: torch.Size([3654, 4])
y shape: torch.Size([3654])
Sample x: tensor([[0.0110, 0.0000, 0.0000, 0.7766],
        [0.0110, 0.0000, 0.0357, 0.7705]])
Sample y: tensor([0, 0])
Pair 2:
Data file: /home/nishioka/GNN/Defect_4x4_Normalized1/Normalized1_Defect4x4_ELNOD_L2B9.npy
Label file: /home/nishioka/GNN/Defect19Class_OneHot_test3/Defect19Class_L2B9.npy
x shape: torch.Size([3654, 4])
y shape: torch.Size([3654])
Sample x: tensor([[0.0110, 0.0000, 0.0000, 0.5476],
        [0.0110, 0.0000, 0.0357, 0.5359]])
Sample y: tensor([0, 0])
Pair 3:
Data file: /home/nishioka/GNN/Defect_4x4_Normalized1/Normalized1_Defect4x4_ELNOD_L11B78.npy
Label file: /home/nishioka/GNN/Defect19Class_OneHot_test3/Defect19Class_L11B78.npy
x shape: torch.Size([3654, 4])
y shape: torch.Size([3654])
Sample x: tensor([[0.0110, 0.0000, 0.0000, 0.5790],
        [0.0110, 0.0000, 0.0357, 0.5722]])
Sample y: tensor([0, 0])
Class weights: [2.12006644e-05 5.24792767e-02 5.46359593e-02 5.38976355e-02
 6.04306823e-02 5.53947921e-02 5.95287318e-02 5.78032613e-02
 5.04863928e-02 5.17977277e-02 5.53947921e-02 5.78032613e-02
 6.04306823e-02 5.38976355e-02 5.31790004e-02 5.95287318e-02
 5.46359593e-02 5.24792767e-02 5.61750004e-02]
Pair 1:
Data file: /home/nishioka/GNN/Defect_4x4_Normalized1/Normalized1_Defect4x4_ELNOD_L17B5.npy
Label file: /home/nishioka/GNN/Defect19Class_OneHot_test3/Defect19Class_L17B5.npy
x shape: torch.Size([3654, 4])
y shape: torch.Size([3654])
Sample x: tensor([[0.0110, 0.0000, 0.0000, 0.7766],
        [0.0110, 0.0000, 0.0357, 0.7705]])
Sample y: tensor([0, 0])
Pair 2:
Data file: /home/nishioka/GNN/Defect_4x4_Normalized1/Normalized1_Defect4x4_ELNOD_L2B9.npy
Label file: /home/nishioka/GNN/Defect19Class_OneHot_test3/Defect19Class_L2B9.npy
x shape: torch.Size([3654, 4])
y shape: torch.Size([3654])
Sample x: tensor([[0.0110, 0.0000, 0.0000, 0.5476],
        [0.0110, 0.0000, 0.0357, 0.5359]])
Sample y: tensor([0, 0])
Pair 3:
Data file: /home/nishioka/GNN/Defect_4x4_Normalized1/Normalized1_Defect4x4_ELNOD_L11B78.npy
Label file: /home/nishioka/GNN/Defect19Class_OneHot_test3/Defect19Class_L11B78.npy
x shape: torch.Size([3654, 4])
y shape: torch.Size([3654])
Sample x: tensor([[0.0110, 0.0000, 0.0000, 0.5790],
        [0.0110, 0.0000, 0.0357, 0.5722]])
Sample y: tensor([0, 0])
Class weights: [2.02633130e-05 6.80729210e-02 5.60600526e-02 5.95638058e-02
 3.97092039e-02 5.29456052e-02 4.14356910e-02 4.53819473e-02
 8.66382630e-02 7.33092995e-02 5.29456052e-02 4.53819473e-02
 3.97092039e-02 5.95638058e-02 6.35347262e-02 4.14356910e-02
 5.60600526e-02 6.80729210e-02 5.01589944e-02]
Class weights: [2.02633130e-05 6.80729210e-02 5.60600526e-02 5.95638058e-02
 3.97092039e-02 5.29456052e-02 4.14356910e-02 4.53819473e-02
 8.66382630e-02 7.33092995e-02 5.29456052e-02 4.53819473e-02
 3.97092039e-02 5.95638058e-02 6.35347262e-02 4.14356910e-02
 5.60600526e-02 6.80729210e-02 5.01589944e-02]
Class weights: [2.12006644e-05 5.24792767e-02 5.46359593e-02 5.38976355e-02
 6.04306823e-02 5.53947921e-02 5.95287318e-02 5.78032613e-02
 5.04863928e-02 5.17977277e-02 5.53947921e-02 5.78032613e-02
 6.04306823e-02 5.38976355e-02 5.31790004e-02 5.95287318e-02
 5.46359593e-02 5.24792767e-02 5.61750004e-02]
Class weights: [2.02633130e-05 6.80729210e-02 5.60600526e-02 5.95638058e-02
 3.97092039e-02 5.29456052e-02 4.14356910e-02 4.53819473e-02
 8.66382630e-02 7.33092995e-02 5.29456052e-02 4.53819473e-02
 3.97092039e-02 5.95638058e-02 6.35347262e-02 4.14356910e-02
 5.60600526e-02 6.80729210e-02 5.01589944e-02]
Pair 1:
Data file: /home/nishioka/GNN/Defect_4x4_Normalized1/Normalized1_Defect4x4_ELNOD_L17B5.npy
Label file: /home/nishioka/GNN/Defect19Class_OneHot_test3/Defect19Class_L17B5.npy
x shape: torch.Size([3654, 4])
y shape: torch.Size([3654])
Sample x: tensor([[0.0110, 0.0000, 0.0000, 0.7766],
        [0.0110, 0.0000, 0.0357, 0.7705]])
Sample y: tensor([0, 0])
Pair 2:
Data file: /home/nishioka/GNN/Defect_4x4_Normalized1/Normalized1_Defect4x4_ELNOD_L2B9.npy
Label file: /home/nishioka/GNN/Defect19Class_OneHot_test3/Defect19Class_L2B9.npy
x shape: torch.Size([3654, 4])
y shape: torch.Size([3654])
Sample x: tensor([[0.0110, 0.0000, 0.0000, 0.5476],
        [0.0110, 0.0000, 0.0357, 0.5359]])
Sample y: tensor([0, 0])
Pair 3:
Data file: /home/nishioka/GNN/Defect_4x4_Normalized1/Normalized1_Defect4x4_ELNOD_L11B78.npy
Label file: /home/nishioka/GNN/Defect19Class_OneHot_test3/Defect19Class_L11B78.npy
x shape: torch.Size([3654, 4])
y shape: torch.Size([3654])
Sample x: tensor([[0.0110, 0.0000, 0.0000, 0.5790],
        [0.0110, 0.0000, 0.0357, 0.5722]])
Sample y: tensor([0, 0])
Class weights: [2.02633130e-05 6.80729210e-02 5.60600526e-02 5.95638058e-02
 3.97092039e-02 5.29456052e-02 4.14356910e-02 4.53819473e-02
 8.66382630e-02 7.33092995e-02 5.29456052e-02 4.53819473e-02
 3.97092039e-02 5.95638058e-02 6.35347262e-02 4.14356910e-02
 5.60600526e-02 6.80729210e-02 5.01589944e-02]
Precision: 0.9902, Recall: 0.9813, F1-Score: 0.9856
Fold 3, Epoch 1, Train Loss: 2.8966, Val Loss: 2.8790, Val Acc: 0.9759
Precision: 0.9909, Recall: 0.9601, F1-Score: 0.9751
Fold 3, Epoch 2, Train Loss: 2.8794, Val Loss: 2.8691, Val Acc: 0.9482
Pair 1:Pair 1:Pair 1:


Data file: /home/nishioka/GNN/Defect_4x4_Normalized1/Normalized1_Defect4x4_ELNOD_L17B5.npyData file: /home/nishioka/GNN/Defect_4x4_Normalized1/Normalized1_Defect4x4_ELNOD_L17B5.npyData file: /home/nishioka/GNN/Defect_4x4_Normalized1/Normalized1_Defect4x4_ELNOD_L17B5.npy


Label file: /home/nishioka/GNN/Defect19Class_OneHot_test3/Defect19Class_L17B5.npyLabel file: /home/nishioka/GNN/Defect19Class_OneHot_test3/Defect19Class_L17B5.npyLabel file: /home/nishioka/GNN/Defect19Class_OneHot_test3/Defect19Class_L17B5.npy


x shape: torch.Size([3654, 4])x shape: torch.Size([3654, 4])x shape: torch.Size([3654, 4])


y shape: torch.Size([3654])y shape: torch.Size([3654])y shape: torch.Size([3654])


Sample x: tensor([[0.0110, 0.0000, 0.0000, 0.7766],
        [0.0110, 0.0000, 0.0357, 0.7705]])Sample x: tensor([[0.0110, 0.0000, 0.0000, 0.7766],
        [0.0110, 0.0000, 0.0357, 0.7705]])Sample x: tensor([[0.0110, 0.0000, 0.0000, 0.7766],
        [0.0110, 0.0000, 0.0357, 0.7705]])


Sample y: tensor([0, 0])Sample y: tensor([0, 0])

Sample y: tensor([0, 0])
Pair 2:Pair 2:
Pair 2:
Data file: /home/nishioka/GNN/Defect_4x4_Normalized1/Normalized1_Defect4x4_ELNOD_L11B87.npyData file: /home/nishioka/GNN/Defect_4x4_Normalized1/Normalized1_Defect4x4_ELNOD_L11B87.npy

Label file: /home/nishioka/GNN/Defect19Class_OneHot_test3/Defect19Class_L11B87.npyLabel file: /home/nishioka/GNN/Defect19Class_OneHot_test3/Defect19Class_L11B87.npy

Data file: /home/nishioka/GNN/Defect_4x4_Normalized1/Normalized1_Defect4x4_ELNOD_L11B87.npy

Label file: /home/nishioka/GNN/Defect19Class_OneHot_test3/Defect19Class_L11B87.npy
x shape: torch.Size([3654, 4])
x shape: torch.Size([3654, 4])y shape: torch.Size([3654])

x shape: torch.Size([3654, 4])y shape: torch.Size([3654])

y shape: torch.Size([3654])
Sample x: tensor([[0.0110, 0.0000, 0.0000, 0.7021],
        [0.0110, 0.0000, 0.0357, 0.6920]])Sample x: tensor([[0.0110, 0.0000, 0.0000, 0.7021],
        [0.0110, 0.0000, 0.0357, 0.6920]])
Sample x: tensor([[0.0110, 0.0000, 0.0000, 0.7021],
        [0.0110, 0.0000, 0.0357, 0.6920]])

Sample y: tensor([0, 0])
Sample y: tensor([0, 0])
Sample y: tensor([0, 0])
Pair 3:
Data file: /home/nishioka/GNN/Defect_4x4_Normalized1/Normalized1_Defect4x4_ELNOD_L2B9.npy
Label file: /home/nishioka/GNN/Defect19Class_OneHot_test3/Defect19Class_L2B9.npyPair 3:

Data file: /home/nishioka/GNN/Defect_4x4_Normalized1/Normalized1_Defect4x4_ELNOD_L2B9.npy
Label file: /home/nishioka/GNN/Defect19Class_OneHot_test3/Defect19Class_L2B9.npyPair 3:
x shape: torch.Size([3654, 4])

Data file: /home/nishioka/GNN/Defect_4x4_Normalized1/Normalized1_Defect4x4_ELNOD_L2B9.npyx shape: torch.Size([3654, 4])y shape: torch.Size([3654])


Label file: /home/nishioka/GNN/Defect19Class_OneHot_test3/Defect19Class_L2B9.npyy shape: torch.Size([3654])

x shape: torch.Size([3654, 4])
y shape: torch.Size([3654])
Sample x: tensor([[0.0110, 0.0000, 0.0000, 0.5476],
        [0.0110, 0.0000, 0.0357, 0.5359]])
Sample x: tensor([[0.0110, 0.0000, 0.0000, 0.5476],
        [0.0110, 0.0000, 0.0357, 0.5359]])
Sample x: tensor([[0.0110, 0.0000, 0.0000, 0.5476],
        [0.0110, 0.0000, 0.0357, 0.5359]])
Sample y: tensor([0, 0])
Sample y: tensor([0, 0])
Sample y: tensor([0, 0])
Precision: 0.9917, Recall: 0.8477, F1-Score: 0.9138
Fold 3, Epoch 3, Train Loss: 2.8588, Val Loss: 2.8608, Val Acc: 0.8313
Completed Fold 3
Starting Fold 4
Pair 1:
Data file: /home/nishioka/GNN/Defect_4x4_Normalized1/Normalized1_Defect4x4_ELNOD_L17B5.npy
Label file: /home/nishioka/GNN/Defect19Class_OneHot_test3/Defect19Class_L17B5.npy
x shape: torch.Size([3654, 4])
y shape: torch.Size([3654])
Sample x: tensor([[0.0110, 0.0000, 0.0000, 0.7766],
        [0.0110, 0.0000, 0.0357, 0.7705]])
Sample y: tensor([0, 0])
Pair 2:
Data file: /home/nishioka/GNN/Defect_4x4_Normalized1/Normalized1_Defect4x4_ELNOD_L11B87.npy
Label file: /home/nishioka/GNN/Defect19Class_OneHot_test3/Defect19Class_L11B87.npy
x shape: torch.Size([3654, 4])
y shape: torch.Size([3654])
Sample x: tensor([[0.0110, 0.0000, 0.0000, 0.7021],
        [0.0110, 0.0000, 0.0357, 0.6920]])
Sample y: tensor([0, 0])
Pair 3:
Data file: /home/nishioka/GNN/Defect_4x4_Normalized1/Normalized1_Defect4x4_ELNOD_L2B9.npy
Label file: /home/nishioka/GNN/Defect19Class_OneHot_test3/Defect19Class_L2B9.npy
x shape: torch.Size([3654, 4])
y shape: torch.Size([3654])
Sample x: tensor([[0.0110, 0.0000, 0.0000, 0.5476],
        [0.0110, 0.0000, 0.0357, 0.5359]])
Sample y: tensor([0, 0])
Class weights: [2.12139744e-05 5.54295695e-02 5.78395507e-02 5.39314730e-02
 5.54295695e-02 5.70132714e-02 5.54295695e-02 5.54295695e-02
 5.39314730e-02 5.70132714e-02 5.39314730e-02 6.23582656e-02
 5.46702603e-02 5.39314730e-02 5.32123867e-02 5.11657564e-02
 5.39314730e-02 6.13989077e-02 5.39314730e-02]
Pair 1:
Data file: /home/nishioka/GNN/Defect_4x4_Normalized1/Normalized1_Defect4x4_ELNOD_L16B71.npy
Label file: /home/nishioka/GNN/Defect19Class_OneHot_test3/Defect19Class_L16B71.npy
x shape: torch.Size([3654, 4])
y shape: torch.Size([3654])
Sample x: tensor([[0.0110, 0.0000, 0.0000, 0.6866],
        [0.0110, 0.0000, 0.0357, 0.6787]])
Sample y: tensor([0, 0])
Pair 2:
Data file: /home/nishioka/GNN/Defect_4x4_Normalized1/Normalized1_Defect4x4_ELNOD_L18B48.npy
Label file: /home/nishioka/GNN/Defect19Class_OneHot_test3/Defect19Class_L18B48.npy
x shape: torch.Size([3654, 4])
y shape: torch.Size([3654])
Sample x: tensor([[0.0110, 0.0000, 0.0000, 0.6054],
        [0.0110, 0.0000, 0.0357, 0.6009]])
Sample y: tensor([0, 0])
Pair 3:
Data file: /home/nishioka/GNN/Defect_4x4_Normalized1/Normalized1_Defect4x4_ELNOD_L2B30.npy
Label file: /home/nishioka/GNN/Defect19Class_OneHot_test3/Defect19Class_L2B30.npy
x shape: torch.Size([3654, 4])
y shape: torch.Size([3654])
Sample x: tensor([[0.0110, 0.0000, 0.0000, 0.6080],
        [0.0110, 0.0000, 0.0357, 0.6036]])
Sample y: tensor([0, 0])
Class weights: [2.12139744e-05 5.54295695e-02 5.78395507e-02 5.39314730e-02
 5.54295695e-02 5.70132714e-02 5.54295695e-02 5.54295695e-02
 5.39314730e-02 5.70132714e-02 5.39314730e-02 6.23582656e-02
 5.46702603e-02 5.39314730e-02 5.32123867e-02 5.11657564e-02
 5.39314730e-02 6.13989077e-02 5.39314730e-02]
Class weights: [2.12139744e-05 5.54295695e-02 5.78395507e-02 5.39314730e-02
 5.54295695e-02 5.70132714e-02 5.54295695e-02 5.54295695e-02
 5.39314730e-02 5.70132714e-02 5.39314730e-02 6.23582656e-02
 5.46702603e-02 5.39314730e-02 5.32123867e-02 5.11657564e-02
 5.39314730e-02 6.13989077e-02 5.39314730e-02]
Pair 1:
Data file: /home/nishioka/GNN/Defect_4x4_Normalized1/Normalized1_Defect4x4_ELNOD_L16B71.npy
Label file: /home/nishioka/GNN/Defect19Class_OneHot_test3/Defect19Class_L16B71.npy
x shape: torch.Size([3654, 4])
y shape: torch.Size([3654])
Sample x: tensor([[0.0110, 0.0000, 0.0000, 0.6866],
        [0.0110, 0.0000, 0.0357, 0.6787]])
Sample y: tensor([0, 0])
Pair 1:
Data file: /home/nishioka/GNN/Defect_4x4_Normalized1/Normalized1_Defect4x4_ELNOD_L16B71.npy
Label file: /home/nishioka/GNN/Defect19Class_OneHot_test3/Defect19Class_L16B71.npy
x shape: torch.Size([3654, 4])
y shape: torch.Size([3654])
Sample x: tensor([[0.0110, 0.0000, 0.0000, 0.6866],
        [0.0110, 0.0000, 0.0357, 0.6787]])
Sample y: tensor([0, 0])
Pair 2:
Data file: /home/nishioka/GNN/Defect_4x4_Normalized1/Normalized1_Defect4x4_ELNOD_L18B48.npy
Label file: /home/nishioka/GNN/Defect19Class_OneHot_test3/Defect19Class_L18B48.npy
x shape: torch.Size([3654, 4])
y shape: torch.Size([3654])
Pair 2:
Data file: /home/nishioka/GNN/Defect_4x4_Normalized1/Normalized1_Defect4x4_ELNOD_L18B48.npy
Label file: /home/nishioka/GNN/Defect19Class_OneHot_test3/Defect19Class_L18B48.npy
Sample x: tensor([[0.0110, 0.0000, 0.0000, 0.6054],
        [0.0110, 0.0000, 0.0357, 0.6009]])x shape: torch.Size([3654, 4])

y shape: torch.Size([3654])
Sample y: tensor([0, 0])
Sample x: tensor([[0.0110, 0.0000, 0.0000, 0.6054],
        [0.0110, 0.0000, 0.0357, 0.6009]])
Sample y: tensor([0, 0])
Pair 3:
Data file: /home/nishioka/GNN/Defect_4x4_Normalized1/Normalized1_Defect4x4_ELNOD_L2B30.npy
Label file: /home/nishioka/GNN/Defect19Class_OneHot_test3/Defect19Class_L2B30.npy
x shape: torch.Size([3654, 4])
y shape: torch.Size([3654])
Sample x: tensor([[0.0110, 0.0000, 0.0000, 0.6080],
        [0.0110, 0.0000, 0.0357, 0.6036]])
Sample y: tensor([0, 0])
Pair 3:
Data file: /home/nishioka/GNN/Defect_4x4_Normalized1/Normalized1_Defect4x4_ELNOD_L2B30.npy
Label file: /home/nishioka/GNN/Defect19Class_OneHot_test3/Defect19Class_L2B30.npy
x shape: torch.Size([3654, 4])
y shape: torch.Size([3654])
Sample x: tensor([[0.0110, 0.0000, 0.0000, 0.6080],
        [0.0110, 0.0000, 0.0357, 0.6036]])
Sample y: tensor([0, 0])
Class weights: [2.05999527e-05 5.38252044e-02 4.61358895e-02 6.05533550e-02
 5.38252044e-02 4.84426840e-02 5.38252044e-02 5.38252044e-02
 6.05533550e-02 4.84426840e-02 6.05533550e-02 3.72636031e-02
 5.69913929e-02 6.05533550e-02 6.45902453e-02 8.07378066e-02
 6.05533550e-02 3.87541472e-02 6.05533550e-02]
Class weights: [2.05999527e-05 5.38252044e-02 4.61358895e-02 6.05533550e-02
 5.38252044e-02 4.84426840e-02 5.38252044e-02 5.38252044e-02
 6.05533550e-02 4.84426840e-02 6.05533550e-02 3.72636031e-02
 5.69913929e-02 6.05533550e-02 6.45902453e-02 8.07378066e-02
 6.05533550e-02 3.87541472e-02 6.05533550e-02]
Class weights: [2.05999527e-05 5.38252044e-02 4.61358895e-02 6.05533550e-02
 5.38252044e-02 4.84426840e-02 5.38252044e-02 5.38252044e-02
 6.05533550e-02 4.84426840e-02 6.05533550e-02 3.72636031e-02
 5.69913929e-02 6.05533550e-02 6.45902453e-02 8.07378066e-02
 6.05533550e-02 3.87541472e-02 6.05533550e-02]
Class weights: [2.12139744e-05 5.54295695e-02 5.78395507e-02 5.39314730e-02
 5.54295695e-02 5.70132714e-02 5.54295695e-02 5.54295695e-02
 5.39314730e-02 5.70132714e-02 5.39314730e-02 6.23582656e-02
 5.46702603e-02 5.39314730e-02 5.32123867e-02 5.11657564e-02
 5.39314730e-02 6.13989077e-02 5.39314730e-02]
Pair 1:
Data file: /home/nishioka/GNN/Defect_4x4_Normalized1/Normalized1_Defect4x4_ELNOD_L16B71.npy
Label file: /home/nishioka/GNN/Defect19Class_OneHot_test3/Defect19Class_L16B71.npy
x shape: torch.Size([3654, 4])
y shape: torch.Size([3654])
Sample x: tensor([[0.0110, 0.0000, 0.0000, 0.6866],
        [0.0110, 0.0000, 0.0357, 0.6787]])
Sample y: tensor([0, 0])
Pair 2:
Data file: /home/nishioka/GNN/Defect_4x4_Normalized1/Normalized1_Defect4x4_ELNOD_L18B48.npy
Label file: /home/nishioka/GNN/Defect19Class_OneHot_test3/Defect19Class_L18B48.npy
x shape: torch.Size([3654, 4])
y shape: torch.Size([3654])
Sample x: tensor([[0.0110, 0.0000, 0.0000, 0.6054],
        [0.0110, 0.0000, 0.0357, 0.6009]])
Sample y: tensor([0, 0])
Pair 3:
Data file: /home/nishioka/GNN/Defect_4x4_Normalized1/Normalized1_Defect4x4_ELNOD_L2B30.npy
Label file: /home/nishioka/GNN/Defect19Class_OneHot_test3/Defect19Class_L2B30.npy
x shape: torch.Size([3654, 4])
y shape: torch.Size([3654])
Sample x: tensor([[0.0110, 0.0000, 0.0000, 0.6080],
        [0.0110, 0.0000, 0.0357, 0.6036]])
Sample y: tensor([0, 0])
Class weights: [2.05999527e-05 5.38252044e-02 4.61358895e-02 6.05533550e-02
 5.38252044e-02 4.84426840e-02 5.38252044e-02 5.38252044e-02
 6.05533550e-02 4.84426840e-02 6.05533550e-02 3.72636031e-02
 5.69913929e-02 6.05533550e-02 6.45902453e-02 8.07378066e-02
 6.05533550e-02 3.87541472e-02 6.05533550e-02]
Precision: 0.9920, Recall: 0.7766, F1-Score: 0.8709
Fold 4, Epoch 1, Train Loss: 2.8742, Val Loss: 2.8541, Val Acc: 0.7929
Precision: 0.9914, Recall: 0.9707, F1-Score: 0.9808
Fold 4, Epoch 2, Train Loss: 2.8485, Val Loss: 2.8444, Val Acc: 0.9706
Pair 1:
Data file: /home/nishioka/GNN/Defect_4x4_Normalized1/Normalized1_Defect4x4_ELNOD_L17B5.npy
Label file: /home/nishioka/GNN/Defect19Class_OneHot_test3/Defect19Class_L17B5.npy
Pair 1:Pair 1:
x shape: torch.Size([3654, 4])
Data file: /home/nishioka/GNN/Defect_4x4_Normalized1/Normalized1_Defect4x4_ELNOD_L17B5.npy
Data file: /home/nishioka/GNN/Defect_4x4_Normalized1/Normalized1_Defect4x4_ELNOD_L17B5.npy
y shape: torch.Size([3654])
Label file: /home/nishioka/GNN/Defect19Class_OneHot_test3/Defect19Class_L17B5.npy
Label file: /home/nishioka/GNN/Defect19Class_OneHot_test3/Defect19Class_L17B5.npy

x shape: torch.Size([3654, 4])x shape: torch.Size([3654, 4])

y shape: torch.Size([3654])y shape: torch.Size([3654])

Sample x: tensor([[0.0110, 0.0000, 0.0000, 0.7766],
        [0.0110, 0.0000, 0.0357, 0.7705]])
Sample x: tensor([[0.0110, 0.0000, 0.0000, 0.7766],
        [0.0110, 0.0000, 0.0357, 0.7705]])Sample x: tensor([[0.0110, 0.0000, 0.0000, 0.7766],
        [0.0110, 0.0000, 0.0357, 0.7705]])

Sample y: tensor([0, 0])
Sample y: tensor([0, 0])Sample y: tensor([0, 0])

Pair 2:
Data file: /home/nishioka/GNN/Defect_4x4_Normalized1/Normalized1_Defect4x4_ELNOD_L2B9.npy
Label file: /home/nishioka/GNN/Defect19Class_OneHot_test3/Defect19Class_L2B9.npy
x shape: torch.Size([3654, 4])Pair 2:Pair 2:


y shape: torch.Size([3654])Data file: /home/nishioka/GNN/Defect_4x4_Normalized1/Normalized1_Defect4x4_ELNOD_L2B9.npyData file: /home/nishioka/GNN/Defect_4x4_Normalized1/Normalized1_Defect4x4_ELNOD_L2B9.npy


Label file: /home/nishioka/GNN/Defect19Class_OneHot_test3/Defect19Class_L2B9.npyLabel file: /home/nishioka/GNN/Defect19Class_OneHot_test3/Defect19Class_L2B9.npy

x shape: torch.Size([3654, 4])x shape: torch.Size([3654, 4])

y shape: torch.Size([3654])y shape: torch.Size([3654])

Sample x: tensor([[0.0110, 0.0000, 0.0000, 0.5476],
        [0.0110, 0.0000, 0.0357, 0.5359]])
Sample x: tensor([[0.0110, 0.0000, 0.0000, 0.5476],
        [0.0110, 0.0000, 0.0357, 0.5359]])Sample x: tensor([[0.0110, 0.0000, 0.0000, 0.5476],
        [0.0110, 0.0000, 0.0357, 0.5359]])

Sample y: tensor([0, 0])
Sample y: tensor([0, 0])
Sample y: tensor([0, 0])
Pair 3:
Data file: /home/nishioka/GNN/Defect_4x4_Normalized1/Normalized1_Defect4x4_ELNOD_L11B78.npy
Label file: /home/nishioka/GNN/Defect19Class_OneHot_test3/Defect19Class_L11B78.npy
x shape: torch.Size([3654, 4])
y shape: torch.Size([3654])
Pair 3:Pair 3:

Data file: /home/nishioka/GNN/Defect_4x4_Normalized1/Normalized1_Defect4x4_ELNOD_L11B78.npyData file: /home/nishioka/GNN/Defect_4x4_Normalized1/Normalized1_Defect4x4_ELNOD_L11B78.npy

Label file: /home/nishioka/GNN/Defect19Class_OneHot_test3/Defect19Class_L11B78.npyLabel file: /home/nishioka/GNN/Defect19Class_OneHot_test3/Defect19Class_L11B78.npy

x shape: torch.Size([3654, 4])x shape: torch.Size([3654, 4])

y shape: torch.Size([3654])y shape: torch.Size([3654])

Sample x: tensor([[0.0110, 0.0000, 0.0000, 0.5790],
        [0.0110, 0.0000, 0.0357, 0.5722]])
Sample y: tensor([0, 0])
Sample x: tensor([[0.0110, 0.0000, 0.0000, 0.5790],
        [0.0110, 0.0000, 0.0357, 0.5722]])Sample x: tensor([[0.0110, 0.0000, 0.0000, 0.5790],
        [0.0110, 0.0000, 0.0357, 0.5722]])

Sample y: tensor([0, 0])Sample y: tensor([0, 0])

Precision: 0.9918, Recall: 0.8975, F1-Score: 0.9421
Fold 4, Epoch 3, Train Loss: 2.8362, Val Loss: 2.8349, Val Acc: 0.9155
Completed Fold 4
Starting Fold 5
Pair 1:
Data file: /home/nishioka/GNN/Defect_4x4_Normalized1/Normalized1_Defect4x4_ELNOD_L17B5.npy
Label file: /home/nishioka/GNN/Defect19Class_OneHot_test3/Defect19Class_L17B5.npy
x shape: torch.Size([3654, 4])
y shape: torch.Size([3654])
Sample x: tensor([[0.0110, 0.0000, 0.0000, 0.7766],
        [0.0110, 0.0000, 0.0357, 0.7705]])
Sample y: tensor([0, 0])
Pair 2:
Data file: /home/nishioka/GNN/Defect_4x4_Normalized1/Normalized1_Defect4x4_ELNOD_L2B9.npy
Label file: /home/nishioka/GNN/Defect19Class_OneHot_test3/Defect19Class_L2B9.npy
x shape: torch.Size([3654, 4])
y shape: torch.Size([3654])
Sample x: tensor([[0.0110, 0.0000, 0.0000, 0.5476],
        [0.0110, 0.0000, 0.0357, 0.5359]])
Sample y: tensor([0, 0])
Pair 3:
Data file: /home/nishioka/GNN/Defect_4x4_Normalized1/Normalized1_Defect4x4_ELNOD_L11B78.npy
Label file: /home/nishioka/GNN/Defect19Class_OneHot_test3/Defect19Class_L11B78.npy
x shape: torch.Size([3654, 4])
y shape: torch.Size([3654])
Sample x: tensor([[0.0110, 0.0000, 0.0000, 0.5790],
        [0.0110, 0.0000, 0.0357, 0.5722]])
Sample y: tensor([0, 0])
Class weights: [2.12049743e-05 5.61864201e-02 5.39085923e-02 5.46470661e-02
 5.61864201e-02 5.61864201e-02 5.31898110e-02 5.78150120e-02
 6.23318098e-02 5.54060532e-02 5.46470661e-02 5.11440491e-02
 5.46470661e-02 5.24899451e-02 5.39085923e-02 6.04429671e-02
 6.04429671e-02 5.39085923e-02 5.24899451e-02]
Pair 1:
Data file: /home/nishioka/GNN/Defect_4x4_Normalized1/Normalized1_Defect4x4_ELNOD_L11B87.npy
Label file: /home/nishioka/GNN/Defect19Class_OneHot_test3/Defect19Class_L11B87.npy
x shape: torch.Size([3654, 4])
y shape: torch.Size([3654])
Sample x: tensor([[0.0110, 0.0000, 0.0000, 0.7021],
        [0.0110, 0.0000, 0.0357, 0.6920]])
Sample y: tensor([0, 0])
Pair 2:
Data file: /home/nishioka/GNN/Defect_4x4_Normalized1/Normalized1_Defect4x4_ELNOD_L5B11.npy
Label file: /home/nishioka/GNN/Defect19Class_OneHot_test3/Defect19Class_L5B11.npy
x shape: torch.Size([3654, 4])
y shape: torch.Size([3654])
Sample x: tensor([[0.0110, 0.0000, 0.0000, 0.7512],
        [0.0110, 0.0000, 0.0357, 0.7422]])
Sample y: tensor([0, 0])
Pair 3:
Data file: /home/nishioka/GNN/Defect_4x4_Normalized1/Normalized1_Defect4x4_ELNOD_L2B24.npy
Label file: /home/nishioka/GNN/Defect19Class_OneHot_test3/Defect19Class_L2B24.npy
x shape: torch.Size([3654, 4])
y shape: torch.Size([3654])
Sample x: tensor([[0.0110, 0.0000, 0.0000, 0.6084],
        [0.0110, 0.0000, 0.0357, 0.6040]])
Sample y: tensor([0, 0])
Class weights: [2.12049743e-05 5.61864201e-02 5.39085923e-02 5.46470661e-02
 5.61864201e-02 5.61864201e-02 5.31898110e-02 5.78150120e-02
 6.23318098e-02 5.54060532e-02 5.46470661e-02 5.11440491e-02
 5.46470661e-02 5.24899451e-02 5.39085923e-02 6.04429671e-02
 6.04429671e-02 5.39085923e-02 5.24899451e-02]
Pair 1:
Data file: /home/nishioka/GNN/Defect_4x4_Normalized1/Normalized1_Defect4x4_ELNOD_L11B87.npy
Label file: /home/nishioka/GNN/Defect19Class_OneHot_test3/Defect19Class_L11B87.npy
x shape: torch.Size([3654, 4])
y shape: torch.Size([3654])
Sample x: tensor([[0.0110, 0.0000, 0.0000, 0.7021],
        [0.0110, 0.0000, 0.0357, 0.6920]])
Sample y: tensor([0, 0])
Pair 2:
Data file: /home/nishioka/GNN/Defect_4x4_Normalized1/Normalized1_Defect4x4_ELNOD_L5B11.npy
Label file: /home/nishioka/GNN/Defect19Class_OneHot_test3/Defect19Class_L5B11.npy
x shape: torch.Size([3654, 4])
y shape: torch.Size([3654])
Sample x: tensor([[0.0110, 0.0000, 0.0000, 0.7512],
        [0.0110, 0.0000, 0.0357, 0.7422]])
Sample y: tensor([0, 0])
Pair 3:
Data file: /home/nishioka/GNN/Defect_4x4_Normalized1/Normalized1_Defect4x4_ELNOD_L2B24.npy
Label file: /home/nishioka/GNN/Defect19Class_OneHot_test3/Defect19Class_L2B24.npy
x shape: torch.Size([3654, 4])
y shape: torch.Size([3654])
Sample x: tensor([[0.0110, 0.0000, 0.0000, 0.6084],
        [0.0110, 0.0000, 0.0357, 0.6040]])
Sample y: tensor([0, 0])
Class weights: [2.12049743e-05 5.61864201e-02 5.39085923e-02 5.46470661e-02
 5.61864201e-02 5.61864201e-02 5.31898110e-02 5.78150120e-02
 6.23318098e-02 5.54060532e-02 5.46470661e-02 5.11440491e-02
 5.46470661e-02 5.24899451e-02 5.39085923e-02 6.04429671e-02
 6.04429671e-02 5.39085923e-02 5.24899451e-02]
Pair 1:
Data file: /home/nishioka/GNN/Defect_4x4_Normalized1/Normalized1_Defect4x4_ELNOD_L11B87.npy
Label file: /home/nishioka/GNN/Defect19Class_OneHot_test3/Defect19Class_L11B87.npy
x shape: torch.Size([3654, 4])
y shape: torch.Size([3654])
Sample x: tensor([[0.0110, 0.0000, 0.0000, 0.7021],
        [0.0110, 0.0000, 0.0357, 0.6920]])
Sample y: tensor([0, 0])
Pair 2:
Data file: /home/nishioka/GNN/Defect_4x4_Normalized1/Normalized1_Defect4x4_ELNOD_L5B11.npy
Label file: /home/nishioka/GNN/Defect19Class_OneHot_test3/Defect19Class_L5B11.npy
x shape: torch.Size([3654, 4])
y shape: torch.Size([3654])
Sample x: tensor([[0.0110, 0.0000, 0.0000, 0.7512],
        [0.0110, 0.0000, 0.0357, 0.7422]])
Sample y: tensor([0, 0])
Pair 3:
Data file: /home/nishioka/GNN/Defect_4x4_Normalized1/Normalized1_Defect4x4_ELNOD_L2B24.npy
Label file: /home/nishioka/GNN/Defect19Class_OneHot_test3/Defect19Class_L2B24.npy
x shape: torch.Size([3654, 4])
y shape: torch.Size([3654])
Sample x: tensor([[0.0110, 0.0000, 0.0000, 0.6084],
        [0.0110, 0.0000, 0.0357, 0.6040]])
Sample y: tensor([0, 0])
Class weights: [2.04500545e-05 5.06212470e-02 6.01127308e-02 5.65766878e-02
 5.06212470e-02 5.06212470e-02 6.41202462e-02 4.58001758e-02
 3.69924497e-02 5.34335385e-02 5.65766878e-02 8.01503077e-02
 5.65766878e-02 6.87002638e-02 6.01127308e-02 4.00751539e-02
 4.00751539e-02 6.01127308e-02 6.87002638e-02]
Class weights: [2.04500545e-05 5.06212470e-02 6.01127308e-02 5.65766878e-02
 5.06212470e-02 5.06212470e-02 6.41202462e-02 4.58001758e-02
 3.69924497e-02 5.34335385e-02 5.65766878e-02 8.01503077e-02
 5.65766878e-02 6.87002638e-02 6.01127308e-02 4.00751539e-02
 4.00751539e-02 6.01127308e-02 6.87002638e-02]
Class weights: [2.04500545e-05 5.06212470e-02 6.01127308e-02 5.65766878e-02
 5.06212470e-02 5.06212470e-02 6.41202462e-02 4.58001758e-02
 3.69924497e-02 5.34335385e-02 5.65766878e-02 8.01503077e-02
 5.65766878e-02 6.87002638e-02 6.01127308e-02 4.00751539e-02
 4.00751539e-02 6.01127308e-02 6.87002638e-02]
Class weights: [2.12049743e-05 5.61864201e-02 5.39085923e-02 5.46470661e-02
 5.61864201e-02 5.61864201e-02 5.31898110e-02 5.78150120e-02
 6.23318098e-02 5.54060532e-02 5.46470661e-02 5.11440491e-02
 5.46470661e-02 5.24899451e-02 5.39085923e-02 6.04429671e-02
 6.04429671e-02 5.39085923e-02 5.24899451e-02]
Pair 1:
Data file: /home/nishioka/GNN/Defect_4x4_Normalized1/Normalized1_Defect4x4_ELNOD_L11B87.npy
Label file: /home/nishioka/GNN/Defect19Class_OneHot_test3/Defect19Class_L11B87.npy
x shape: torch.Size([3654, 4])
y shape: torch.Size([3654])
Sample x: tensor([[0.0110, 0.0000, 0.0000, 0.7021],
        [0.0110, 0.0000, 0.0357, 0.6920]])
Sample y: tensor([0, 0])
Pair 2:
Data file: /home/nishioka/GNN/Defect_4x4_Normalized1/Normalized1_Defect4x4_ELNOD_L5B11.npy
Label file: /home/nishioka/GNN/Defect19Class_OneHot_test3/Defect19Class_L5B11.npy
x shape: torch.Size([3654, 4])
y shape: torch.Size([3654])
Sample x: tensor([[0.0110, 0.0000, 0.0000, 0.7512],
        [0.0110, 0.0000, 0.0357, 0.7422]])
Sample y: tensor([0, 0])
Pair 3:
Data file: /home/nishioka/GNN/Defect_4x4_Normalized1/Normalized1_Defect4x4_ELNOD_L2B24.npy
Label file: /home/nishioka/GNN/Defect19Class_OneHot_test3/Defect19Class_L2B24.npy
x shape: torch.Size([3654, 4])
y shape: torch.Size([3654])
Sample x: tensor([[0.0110, 0.0000, 0.0000, 0.6084],
        [0.0110, 0.0000, 0.0357, 0.6040]])
Sample y: tensor([0, 0])
Class weights: [2.04500545e-05 5.06212470e-02 6.01127308e-02 5.65766878e-02
 5.06212470e-02 5.06212470e-02 6.41202462e-02 4.58001758e-02
 3.69924497e-02 5.34335385e-02 5.65766878e-02 8.01503077e-02
 5.65766878e-02 6.87002638e-02 6.01127308e-02 4.00751539e-02
 4.00751539e-02 6.01127308e-02 6.87002638e-02]
Precision: 0.9923, Recall: 0.8560, F1-Score: 0.9190
Fold 5, Epoch 1, Train Loss: 2.8577, Val Loss: 2.8321, Val Acc: 0.8827
Precision: 0.9919, Recall: 0.9412, F1-Score: 0.9658
Fold 5, Epoch 2, Train Loss: 2.8329, Val Loss: 2.8237, Val Acc: 0.9551
Precision: 0.9923, Recall: 0.9082, F1-Score: 0.9482
Fold 5, Epoch 3, Train Loss: 2.8248, Val Loss: 2.8175, Val Acc: 0.9294
Completed Fold 5
Starting final training on all data...
Pair 1:
Data file: /home/nishioka/GNN/Defect_4x4_Normalized1/Normalized1_Defect4x4_ELNOD_L4B24.npy
Label file: /home/nishioka/GNN/Defect19Class_OneHot_test3/Defect19Class_L4B24.npy
x shape: torch.Size([3654, 4])
y shape: torch.Size([3654])
Sample x: tensor([[0.0110, 0.0000, 0.0000, 0.6828],
        [0.0110, 0.0000, 0.0357, 0.6772]])
Sample y: tensor([0, 0])
Pair 2:
Data file: /home/nishioka/GNN/Defect_4x4_Normalized1/Normalized1_Defect4x4_ELNOD_L6B23.npy
Label file: /home/nishioka/GNN/Defect19Class_OneHot_test3/Defect19Class_L6B23.npy
x shape: torch.Size([3654, 4])
y shape: torch.Size([3654])
Sample x: tensor([[0.0110, 0.0000, 0.0000, 0.7105],
        [0.0110, 0.0000, 0.0357, 0.7009]])
Sample y: tensor([0, 0])
Pair 3:
Data file: /home/nishioka/GNN/Defect_4x4_Normalized1/Normalized1_Defect4x4_ELNOD_L7B86.npy
Label file: /home/nishioka/GNN/Defect19Class_OneHot_test3/Defect19Class_L7B86.npy
x shape: torch.Size([3654, 4])
y shape: torch.Size([3654])
Sample x: tensor([[0.0110, 0.0000, 0.0000, 0.7604],
        [0.0110, 0.0000, 0.0357, 0.7529]])
Sample y: tensor([0, 0])
Class weights: [2.11825747e-05 5.61270683e-02 5.61270683e-02 5.94779380e-02
 5.69288835e-02 5.38516466e-02 5.38516466e-02 4.98127731e-02
 5.94779380e-02 5.61270683e-02 6.13080284e-02 5.17535305e-02
 5.38516466e-02 6.03791189e-02 5.69288835e-02 4.91978006e-02
 5.45893404e-02 5.24344980e-02 5.77539398e-02]
Pair 1:
Data file: /home/nishioka/GNN/Defect_4x4_Normalized1/Normalized1_Defect4x4_ELNOD_L6B43.npy
Label file: /home/nishioka/GNN/Defect19Class_OneHot_test3/Defect19Class_L6B43.npy
x shape: torch.Size([3654, 4])
y shape: torch.Size([3654])
Sample x: tensor([[0.0110, 0.0000, 0.0000, 0.7178],
        [0.0110, 0.0000, 0.0357, 0.7089]])
Sample y: tensor([0, 0])
Pair 2:
Data file: /home/nishioka/GNN/Defect_4x4_Normalized1/Normalized1_Defect4x4_ELNOD_L8B33.npy
Label file: /home/nishioka/GNN/Defect19Class_OneHot_test3/Defect19Class_L8B33.npy
x shape: torch.Size([3654, 4])
y shape: torch.Size([3654])
Sample x: tensor([[0.0110, 0.0000, 0.0000, 0.7886],
        [0.0110, 0.0000, 0.0357, 0.7828]])
Sample y: tensor([0, 0])
Pair 3:
Data file: /home/nishioka/GNN/Defect_4x4_Normalized1/Normalized1_Defect4x4_ELNOD_L9B20.npy
Label file: /home/nishioka/GNN/Defect19Class_OneHot_test3/Defect19Class_L9B20.npy
x shape: torch.Size([3654, 4])
y shape: torch.Size([3654])
Sample x: tensor([[0.0110, 0.0000, 0.0000, 0.7661],
        [0.0110, 0.0000, 0.0357, 0.7600]])
Sample y: tensor([0, 0])
Class weights: [1.96882259e-05 4.87354469e-02 4.87354469e-02 4.02597170e-02
 4.62986745e-02 5.78733431e-02 5.78733431e-02 9.25973490e-02
 4.02597170e-02 4.87354469e-02 3.70389396e-02 7.12287300e-02
 5.78733431e-02 3.85822288e-02 4.62986745e-02 1.02885943e-01
 5.44690288e-02 6.61409636e-02 4.40939757e-02]

Classification Report:
               precision    recall  f1-score   support

           0       1.00      0.97      0.98   1175796
           1       0.00      0.00      0.00       475
           2       0.00      0.00      0.00       475
           3       0.00      0.00      0.00       575
           4       0.00      0.00      0.00       500
           5       0.00      0.00      0.00       400
           6       0.00      0.00      0.00       400
           7       0.00      0.00      0.00       250
           8       0.00      0.00      0.00       575
           9       0.04      0.02      0.02       475
          10       0.01      0.48      0.01       625
          11       0.00      0.00      0.00       325
          12       0.00      0.00      0.00       400
          13       0.00      0.00      0.00       600
          14       0.00      0.00      0.00       500
          15       0.00      0.00      0.00       225
          16       0.00      0.00      0.00       425
          17       0.00      0.00      0.00       350
          18       0.05      0.02      0.03       525

    accuracy                           0.96   1183896
   macro avg       0.06      0.08      0.06   1183896
weighted avg       0.99      0.96      0.98   1183896

Test Loss: 2.9387, Test Accuracy: 0.9625
Precision: 0.9898, Recall: 0.9625, F1-Score: 0.9758
