nohup: ignoring input
Using device: NVIDIA GeForce RTX 3090
Using device: NVIDIA GeForce RTX 3090
Using device: NVIDIA GeForce RTX 3090
Using device: NVIDIA GeForce RTX 3090
Rank: 0, World Size: 4, Master Addr: 127.0.0.1, Master Port: 12355
Rank 0 using device: cuda:0
Rank 3 using device: cuda:3
Rank 2 using device: cuda:2
Rank 1 using device: cuda:1
Starting Fold 1
Precision: 0.9876, Recall: 0.9931, F1-Score: 0.9903
Fold 1, Epoch 1, Train Loss: 2.2592, Val Loss: 2.2441, Val Acc: 0.9931
Completed Fold 1
Starting Fold 2
Precision: 0.9917, Recall: 0.4310, F1-Score: 0.6006
Fold 2, Epoch 1, Train Loss: 2.2134, Val Loss: 2.1832, Val Acc: 0.4368
Completed Fold 2
Starting Fold 3
Precision: 0.9927, Recall: 0.1796, F1-Score: 0.3035
Fold 3, Epoch 1, Train Loss: 2.2747, Val Loss: 2.2194, Val Acc: 0.1788
Completed Fold 3
Starting Fold 4
Precision: 0.9918, Recall: 0.9066, F1-Score: 0.9471
Fold 4, Epoch 1, Train Loss: 2.2164, Val Loss: 2.1609, Val Acc: 0.9172
Completed Fold 4
Starting Fold 5
Precision: 0.9918, Recall: 0.9818, F1-Score: 0.9867
Fold 5, Epoch 1, Train Loss: 2.2118, Val Loss: 2.1681, Val Acc: 0.9836
Completed Fold 5
Starting final training on all data...
Evaluating and Visualizing on Test Data
Test data predictions saved for all test samples in: /home/nishioka/GNN/Predict_data/Predict19Class4x4_Test20241104_160042
Traceback (most recent call last):
  File "/home/nishioka/GNN/DDP/DDPGAT19class4x4_focal_loss_vtk.py", line 825, in <module>
    main(args)
  File "/home/nishioka/GNN/DDP/DDPGAT19class4x4_focal_loss_vtk.py", line 758, in main
    evaluate_and_visualize(final_test_loader, ddp_model, device, class_weights, test_pairs=test_pairs)
  File "/home/nishioka/GNN/DDP/DDPGAT19class4x4_focal_loss_vtk.py", line 220, in evaluate_and_visualize
    f.write(f"POINT_DATA {len(values)}\n")
                              ^^^^^^
NameError: name 'values' is not defined. Did you mean: 'value'?
[2024-11-04 16:01:34,678] torch.distributed.elastic.multiprocessing.api: [ERROR] failed (exitcode: 1) local_rank: 0 (pid: 2236534) of binary: /home/nishioka/miniconda3/envs/interstage_gnn_first/bin/python
Traceback (most recent call last):
  File "/home/nishioka/miniconda3/envs/interstage_gnn_first/bin/torchrun", line 33, in <module>
    sys.exit(load_entry_point('torch==2.2.2', 'console_scripts', 'torchrun')())
             ^^^^^^^^^^^^^^^^^^^^^^^^^^^^^^^^^^^^^^^^^^^^^^^^^^^^^^^^^^^^^^^^^
  File "/home/nishioka/miniconda3/envs/interstage_gnn_first/lib/python3.12/site-packages/torch/distributed/elastic/multiprocessing/errors/__init__.py", line 347, in wrapper
    return f(*args, **kwargs)
           ^^^^^^^^^^^^^^^^^^
  File "/home/nishioka/miniconda3/envs/interstage_gnn_first/lib/python3.12/site-packages/torch/distributed/run.py", line 812, in main
    run(args)
  File "/home/nishioka/miniconda3/envs/interstage_gnn_first/lib/python3.12/site-packages/torch/distributed/run.py", line 803, in run
    elastic_launch(
  File "/home/nishioka/miniconda3/envs/interstage_gnn_first/lib/python3.12/site-packages/torch/distributed/launcher/api.py", line 135, in __call__
    return launch_agent(self._config, self._entrypoint, list(args))
           ^^^^^^^^^^^^^^^^^^^^^^^^^^^^^^^^^^^^^^^^^^^^^^^^^^^^^^^^
  File "/home/nishioka/miniconda3/envs/interstage_gnn_first/lib/python3.12/site-packages/torch/distributed/launcher/api.py", line 268, in launch_agent
    raise ChildFailedError(
torch.distributed.elastic.multiprocessing.errors.ChildFailedError: 
============================================================
DDPGAT19class4x4_focal_loss_vtk.py FAILED
------------------------------------------------------------
Failures:
  <NO_OTHER_FAILURES>
------------------------------------------------------------
Root Cause (first observed failure):
[0]:
  time      : 2024-11-04_16:01:34
  host      : stuttgart02
  rank      : 0 (local_rank: 0)
  exitcode  : 1 (pid: 2236534)
  error_file: <N/A>
  traceback : To enable traceback see: https://pytorch.org/docs/stable/elastic/errors.html
============================================================
