nohup: ignoring input
Using device: NVIDIA GeForce RTX 3090
Using device: NVIDIA GeForce RTX 3090
Using device: NVIDIA GeForce RTX 3090
Rank: 0, World Size: 4, Master Addr: 127.0.0.1, Master Port: 12355
Rank 0 using device: cuda:0
Using device: NVIDIA GeForce RTX 3090
Rank 1 using device: cuda:1
Rank 3 using device: cuda:3
Rank 2 using device: cuda:2
Starting Fold 1
Class weights: [2.11825747e-05 2.80635341e-01 2.80635341e-01 2.97389690e-01
 2.84644418e-01 2.69258233e-01 2.69258233e-01 2.49063865e-01
 2.97389690e-01 2.80635341e-01 3.06540142e-01 2.58767652e-01
 2.69258233e-01 3.01895595e-01 2.84644418e-01 2.45989003e-01
 2.72946702e-01 2.62172490e-01 2.88769699e-01]
Class weights: Class weights: [2.11825747e-05 2.80635341e-01 2.80635341e-01 2.97389690e-01
 2.84644418e-01 2.69258233e-01 2.69258233e-01 2.49063865e-01
 2.97389690e-01 2.80635341e-01 3.06540142e-01 2.58767652e-01
 2.69258233e-01 3.01895595e-01 2.84644418e-01 2.45989003e-01
 2.72946702e-01 2.62172490e-01 2.88769699e-01]
[2.11825747e-05 2.80635341e-01 2.80635341e-01 2.97389690e-01
 2.84644418e-01 2.69258233e-01 2.69258233e-01 2.49063865e-01
 2.97389690e-01 2.80635341e-01 3.06540142e-01 2.58767652e-01
 2.69258233e-01 3.01895595e-01 2.84644418e-01 2.45989003e-01
 2.72946702e-01 2.62172490e-01 2.88769699e-01]
Class weights: [2.11825747e-05 2.80635341e-01 2.80635341e-01 2.97389690e-01
 2.84644418e-01 2.69258233e-01 2.69258233e-01 2.49063865e-01
 2.97389690e-01 2.80635341e-01 3.06540142e-01 2.58767652e-01
 2.69258233e-01 3.01895595e-01 2.84644418e-01 2.45989003e-01
 2.72946702e-01 2.62172490e-01 2.88769699e-01]
Class weights: [1.96882259e-05 2.43677234e-01 2.43677234e-01 2.01298585e-01
 2.31493373e-01 2.89366716e-01 2.89366716e-01 4.62986745e-01
 2.01298585e-01 2.43677234e-01 1.85194698e-01 3.56143650e-01
 2.89366716e-01 1.92911144e-01 2.31493373e-01 5.14429717e-01
 2.72345144e-01 3.30704818e-01 2.20469879e-01]
Class weights: [1.96882259e-05 2.43677234e-01 2.43677234e-01 2.01298585e-01
 2.31493373e-01 2.89366716e-01 2.89366716e-01 4.62986745e-01
 2.01298585e-01 2.43677234e-01 1.85194698e-01 3.56143650e-01
 2.89366716e-01 1.92911144e-01 2.31493373e-01 5.14429717e-01
 2.72345144e-01 3.30704818e-01 2.20469879e-01]
Class weights: [1.96882259e-05 2.43677234e-01 2.43677234e-01 2.01298585e-01
 2.31493373e-01 2.89366716e-01 2.89366716e-01 4.62986745e-01
 2.01298585e-01 2.43677234e-01 1.85194698e-01 3.56143650e-01
 2.89366716e-01 1.92911144e-01 2.31493373e-01 5.14429717e-01
 2.72345144e-01 3.30704818e-01 2.20469879e-01]
Class weights: [1.96882259e-05 2.43677234e-01 2.43677234e-01 2.01298585e-01
 2.31493373e-01 2.89366716e-01 2.89366716e-01 4.62986745e-01
 2.01298585e-01 2.43677234e-01 1.85194698e-01 3.56143650e-01
 2.89366716e-01 1.92911144e-01 2.31493373e-01 5.14429717e-01
 2.72345144e-01 3.30704818e-01 2.20469879e-01]
Precision: 0.0000, Recall: 0.0003, F1-Score: 0.0000
Fold 1, Epoch 1, Train Loss: 0.0045, Val Loss: 0.0046, Val Acc: 0.0003
Precision: 0.0000, Recall: 0.0003, F1-Score: 0.0000
Fold 1, Epoch 2, Train Loss: 0.0045, Val Loss: 0.0046, Val Acc: 0.0003
Precision: 0.0000, Recall: 0.0004, F1-Score: 0.0000
Fold 1, Epoch 3, Train Loss: 0.0045, Val Loss: 0.0046, Val Acc: 0.0005
Precision: 0.0000, Recall: 0.0004, F1-Score: 0.0000
Fold 1, Epoch 4, Train Loss: 0.0045, Val Loss: 0.0046, Val Acc: 0.0005
Precision: 0.0000, Recall: 0.0003, F1-Score: 0.0000
Fold 1, Epoch 5, Train Loss: 0.0045, Val Loss: 0.0046, Val Acc: 0.0002
Completed Fold 1
Starting Fold 2
Class weights: [2.12166641e-05 2.85102501e-01 2.73385960e-01 2.77182987e-01
 2.46384877e-01 2.73385960e-01 2.77182987e-01 2.85102501e-01
 2.62594409e-01 2.85102501e-01 2.62594409e-01 2.77182987e-01
 2.69691555e-01 2.85102501e-01 3.02381440e-01 2.93487868e-01
 2.69691555e-01 2.89234421e-01 2.85102501e-01]
Class weights: [2.12166641e-05 2.85102501e-01 2.73385960e-01 2.77182987e-01
 2.46384877e-01 2.73385960e-01 2.77182987e-01 2.85102501e-01
 2.62594409e-01 2.85102501e-01 2.62594409e-01 2.77182987e-01
 2.69691555e-01 2.85102501e-01 3.02381440e-01 2.93487868e-01
 2.69691555e-01 2.89234421e-01 2.85102501e-01]
Class weights: [2.12166641e-05 2.85102501e-01 2.73385960e-01 2.77182987e-01
 2.46384877e-01 2.73385960e-01 2.77182987e-01 2.85102501e-01
 2.62594409e-01 2.85102501e-01 2.62594409e-01 2.77182987e-01
 2.69691555e-01 2.85102501e-01 3.02381440e-01 2.93487868e-01
 2.69691555e-01 2.89234421e-01 2.85102501e-01]
Class weights: [2.12166641e-05 2.85102501e-01 2.73385960e-01 2.77182987e-01
 2.46384877e-01 2.73385960e-01 2.77182987e-01 2.85102501e-01
 2.62594409e-01 2.85102501e-01 2.62594409e-01 2.77182987e-01
 2.69691555e-01 2.85102501e-01 3.02381440e-01 2.93487868e-01
 2.69691555e-01 2.89234421e-01 2.85102501e-01]
Class weights: [2.02875088e-05 2.38539717e-01 2.80634961e-01 2.65044130e-01
 5.30088260e-01 2.80634961e-01 2.65044130e-01 2.38539717e-01
 3.40771024e-01 2.38539717e-01 3.40771024e-01 2.65044130e-01
 2.98174646e-01 2.38539717e-01 1.98783097e-01 2.16854288e-01
 2.98174646e-01 2.27180683e-01 2.38539717e-01]
Class weights: [2.02875088e-05 2.38539717e-01 2.80634961e-01 2.65044130e-01
 5.30088260e-01 2.80634961e-01 2.65044130e-01 2.38539717e-01
 3.40771024e-01 2.38539717e-01 3.40771024e-01 2.65044130e-01
 2.98174646e-01 2.38539717e-01 1.98783097e-01 2.16854288e-01
 2.98174646e-01 2.27180683e-01 2.38539717e-01]
Class weights: [2.02875088e-05 2.38539717e-01 2.80634961e-01 2.65044130e-01
 5.30088260e-01 2.80634961e-01 2.65044130e-01 2.38539717e-01
 3.40771024e-01 2.38539717e-01 3.40771024e-01 2.65044130e-01
 2.98174646e-01 2.38539717e-01 1.98783097e-01 2.16854288e-01
 2.98174646e-01 2.27180683e-01 2.38539717e-01]
Class weights: [2.02875088e-05 2.38539717e-01 2.80634961e-01 2.65044130e-01
 5.30088260e-01 2.80634961e-01 2.65044130e-01 2.38539717e-01
 3.40771024e-01 2.38539717e-01 3.40771024e-01 2.65044130e-01
 2.98174646e-01 2.38539717e-01 1.98783097e-01 2.16854288e-01
 2.98174646e-01 2.27180683e-01 2.38539717e-01]
Precision: 0.0000, Recall: 0.0003, F1-Score: 0.0000
Fold 2, Epoch 1, Train Loss: 0.0045, Val Loss: 0.0046, Val Acc: 0.0004
Precision: 0.0000, Recall: 0.0003, F1-Score: 0.0000
Fold 2, Epoch 2, Train Loss: 0.0045, Val Loss: 0.0046, Val Acc: 0.0004
Precision: 0.0000, Recall: 0.0003, F1-Score: 0.0000
Fold 2, Epoch 3, Train Loss: 0.0045, Val Loss: 0.0046, Val Acc: 0.0004
Precision: 0.0000, Recall: 0.0005, F1-Score: 0.0000
Fold 2, Epoch 4, Train Loss: 0.0045, Val Loss: 0.0046, Val Acc: 0.0004
Precision: 0.0000, Recall: 0.0005, F1-Score: 0.0000
Fold 2, Epoch 5, Train Loss: 0.0045, Val Loss: 0.0046, Val Acc: 0.0004
Completed Fold 2
Starting Fold 3
Class weights: [2.12006644e-05 2.62396384e-01 2.73179797e-01 2.69488178e-01
 3.02153411e-01 2.76973960e-01 2.97643659e-01 2.89016307e-01
 2.52431964e-01 2.58988638e-01 2.76973960e-01 2.89016307e-01
 3.02153411e-01 2.69488178e-01 2.65895002e-01 2.97643659e-01
 2.73179797e-01 2.62396384e-01 2.80875002e-01]
Class weights: [2.12006644e-05 2.62396384e-01 2.73179797e-01 2.69488178e-01
 3.02153411e-01 2.76973960e-01 2.97643659e-01 2.89016307e-01
 2.52431964e-01 2.58988638e-01 2.76973960e-01 2.89016307e-01
 3.02153411e-01 2.69488178e-01 2.65895002e-01 2.97643659e-01
 2.73179797e-01 2.62396384e-01 2.80875002e-01]
Class weights: [2.12006644e-05 2.62396384e-01 2.73179797e-01 2.69488178e-01
 3.02153411e-01 2.76973960e-01 2.97643659e-01 2.89016307e-01
 2.52431964e-01 2.58988638e-01 2.76973960e-01 2.89016307e-01
 3.02153411e-01 2.69488178e-01 2.65895002e-01 2.97643659e-01
 2.73179797e-01 2.62396384e-01 2.80875002e-01]
Class weights: [2.12006644e-05 2.62396384e-01 2.73179797e-01 2.69488178e-01
 3.02153411e-01 2.76973960e-01 2.97643659e-01 2.89016307e-01
 2.52431964e-01 2.58988638e-01 2.76973960e-01 2.89016307e-01
 3.02153411e-01 2.69488178e-01 2.65895002e-01 2.97643659e-01
 2.73179797e-01 2.62396384e-01 2.80875002e-01]
Class weights: [2.02633130e-05 3.40364605e-01 2.80300263e-01 2.97819029e-01
 1.98546019e-01 2.64728026e-01 2.07178455e-01 2.26909737e-01
 4.33191315e-01 3.66546497e-01 2.64728026e-01 2.26909737e-01
 1.98546019e-01 2.97819029e-01 3.17673631e-01 2.07178455e-01
 2.80300263e-01 3.40364605e-01 2.50794972e-01]
Class weights: [2.02633130e-05 3.40364605e-01 2.80300263e-01 2.97819029e-01
 1.98546019e-01 2.64728026e-01 2.07178455e-01 2.26909737e-01
 4.33191315e-01 3.66546497e-01 2.64728026e-01 2.26909737e-01
 1.98546019e-01 2.97819029e-01 3.17673631e-01 2.07178455e-01
 2.80300263e-01 3.40364605e-01 2.50794972e-01]
Class weights: [2.02633130e-05 3.40364605e-01 2.80300263e-01 2.97819029e-01
 1.98546019e-01 2.64728026e-01 2.07178455e-01 2.26909737e-01
 4.33191315e-01 3.66546497e-01 2.64728026e-01 2.26909737e-01
 1.98546019e-01 2.97819029e-01 3.17673631e-01 2.07178455e-01
 2.80300263e-01 3.40364605e-01 2.50794972e-01]
Class weights: [2.02633130e-05 3.40364605e-01 2.80300263e-01 2.97819029e-01
 1.98546019e-01 2.64728026e-01 2.07178455e-01 2.26909737e-01
 4.33191315e-01 3.66546497e-01 2.64728026e-01 2.26909737e-01
 1.98546019e-01 2.97819029e-01 3.17673631e-01 2.07178455e-01
 2.80300263e-01 3.40364605e-01 2.50794972e-01]
Precision: 0.0000, Recall: 0.0005, F1-Score: 0.0000
Fold 3, Epoch 1, Train Loss: 0.0045, Val Loss: 0.0046, Val Acc: 0.0005
Precision: 0.0000, Recall: 0.0003, F1-Score: 0.0000
Fold 3, Epoch 2, Train Loss: 0.0045, Val Loss: 0.0046, Val Acc: 0.0004
Precision: 0.0000, Recall: 0.0003, F1-Score: 0.0000
Fold 3, Epoch 3, Train Loss: 0.0045, Val Loss: 0.0046, Val Acc: 0.0004
Precision: 0.0000, Recall: 0.0008, F1-Score: 0.0000
Fold 3, Epoch 4, Train Loss: 0.0045, Val Loss: 0.0046, Val Acc: 0.0005
Precision: 0.0000, Recall: 0.0003, F1-Score: 0.0000
Fold 3, Epoch 5, Train Loss: 0.0045, Val Loss: 0.0046, Val Acc: 0.0003
Completed Fold 3
Starting Fold 4
Class weights: [2.12139744e-05 2.77147847e-01 2.89197754e-01 2.69657365e-01
 2.77147847e-01 2.85066357e-01 2.77147847e-01 2.77147847e-01
 2.69657365e-01 2.85066357e-01 2.69657365e-01 3.11791328e-01
 2.73351301e-01 2.69657365e-01 2.66061933e-01 2.55828782e-01
 2.69657365e-01 3.06994539e-01 2.69657365e-01]
Class weights: [2.12139744e-05 2.77147847e-01 2.89197754e-01 2.69657365e-01
 2.77147847e-01 2.85066357e-01 2.77147847e-01 2.77147847e-01
 2.69657365e-01 2.85066357e-01 2.69657365e-01 3.11791328e-01
 2.73351301e-01 2.69657365e-01 2.66061933e-01 2.55828782e-01
 2.69657365e-01 3.06994539e-01 2.69657365e-01]
Class weights: [2.12139744e-05 2.77147847e-01 2.89197754e-01 2.69657365e-01
 2.77147847e-01 2.85066357e-01 2.77147847e-01 2.77147847e-01
 2.69657365e-01 2.85066357e-01 2.69657365e-01 3.11791328e-01
 2.73351301e-01 2.69657365e-01 2.66061933e-01 2.55828782e-01
 2.69657365e-01 3.06994539e-01 2.69657365e-01]
Class weights: [2.12139744e-05 2.77147847e-01 2.89197754e-01 2.69657365e-01
 2.77147847e-01 2.85066357e-01 2.77147847e-01 2.77147847e-01
 2.69657365e-01 2.85066357e-01 2.69657365e-01 3.11791328e-01
 2.73351301e-01 2.69657365e-01 2.66061933e-01 2.55828782e-01
 2.69657365e-01 3.06994539e-01 2.69657365e-01]
Class weights: [2.05999527e-05 2.69126022e-01 2.30679448e-01 3.02766775e-01
 2.69126022e-01 2.42213420e-01 2.69126022e-01 2.69126022e-01
 3.02766775e-01 2.42213420e-01 3.02766775e-01 1.86318015e-01
 2.84956965e-01 3.02766775e-01 3.22951227e-01 4.03689033e-01
 3.02766775e-01 1.93770736e-01 3.02766775e-01]
Class weights: [2.05999527e-05 2.69126022e-01 2.30679448e-01 3.02766775e-01
 2.69126022e-01 2.42213420e-01 2.69126022e-01 2.69126022e-01
 3.02766775e-01 2.42213420e-01 3.02766775e-01 1.86318015e-01
 2.84956965e-01 3.02766775e-01 3.22951227e-01 4.03689033e-01
 3.02766775e-01 1.93770736e-01 3.02766775e-01]
Class weights: [2.05999527e-05 2.69126022e-01 2.30679448e-01 3.02766775e-01
 2.69126022e-01 2.42213420e-01 2.69126022e-01 2.69126022e-01
 3.02766775e-01 2.42213420e-01 3.02766775e-01 1.86318015e-01
 2.84956965e-01 3.02766775e-01 3.22951227e-01 4.03689033e-01
 3.02766775e-01 1.93770736e-01 3.02766775e-01]
Class weights: [2.05999527e-05 2.69126022e-01 2.30679448e-01 3.02766775e-01
 2.69126022e-01 2.42213420e-01 2.69126022e-01 2.69126022e-01
 3.02766775e-01 2.42213420e-01 3.02766775e-01 1.86318015e-01
 2.84956965e-01 3.02766775e-01 3.22951227e-01 4.03689033e-01
 3.02766775e-01 1.93770736e-01 3.02766775e-01]
Precision: 0.0000, Recall: 0.0004, F1-Score: 0.0000
Fold 4, Epoch 1, Train Loss: 0.0045, Val Loss: 0.0046, Val Acc: 0.0003
Precision: 0.0000, Recall: 0.0003, F1-Score: 0.0000
Fold 4, Epoch 2, Train Loss: 0.0045, Val Loss: 0.0046, Val Acc: 0.0004
Precision: 0.0000, Recall: 0.0004, F1-Score: 0.0000
Fold 4, Epoch 3, Train Loss: 0.0045, Val Loss: 0.0046, Val Acc: 0.0003
Precision: 0.0000, Recall: 0.0004, F1-Score: 0.0000
Fold 4, Epoch 4, Train Loss: 0.0045, Val Loss: 0.0046, Val Acc: 0.0003
Precision: 0.0000, Recall: 0.0004, F1-Score: 0.0000
Fold 4, Epoch 5, Train Loss: 0.0045, Val Loss: 0.0046, Val Acc: 0.0003
Completed Fold 4
Starting Fold 5
Class weights: [2.12049743e-05 2.80932101e-01 2.69542961e-01 2.73235331e-01
 2.80932101e-01 2.80932101e-01 2.65949055e-01 2.89075060e-01
 3.11659049e-01 2.77030266e-01 2.73235331e-01 2.55720245e-01
 2.73235331e-01 2.62449726e-01 2.69542961e-01 3.02214835e-01
 3.02214835e-01 2.69542961e-01 2.62449726e-01]
Class weights: [2.12049743e-05 2.80932101e-01 2.69542961e-01 2.73235331e-01
 2.80932101e-01 2.80932101e-01 2.65949055e-01 2.89075060e-01
 3.11659049e-01 2.77030266e-01 2.73235331e-01 2.55720245e-01
 2.73235331e-01 2.62449726e-01 2.69542961e-01 3.02214835e-01
 3.02214835e-01 2.69542961e-01 2.62449726e-01]
Class weights: [2.12049743e-05 2.80932101e-01 2.69542961e-01 2.73235331e-01
 2.80932101e-01 2.80932101e-01 2.65949055e-01 2.89075060e-01
 3.11659049e-01 2.77030266e-01 2.73235331e-01 2.55720245e-01
 2.73235331e-01 2.62449726e-01 2.69542961e-01 3.02214835e-01
 3.02214835e-01 2.69542961e-01 2.62449726e-01]
Class weights: [2.12049743e-05 2.80932101e-01 2.69542961e-01 2.73235331e-01
 2.80932101e-01 2.80932101e-01 2.65949055e-01 2.89075060e-01
 3.11659049e-01 2.77030266e-01 2.73235331e-01 2.55720245e-01
 2.73235331e-01 2.62449726e-01 2.69542961e-01 3.02214835e-01
 3.02214835e-01 2.69542961e-01 2.62449726e-01]
Class weights: [2.04500545e-05 2.53106235e-01 3.00563654e-01 2.82883439e-01
 2.53106235e-01 2.53106235e-01 3.20601231e-01 2.29000879e-01
 1.84962249e-01 2.67167692e-01 2.82883439e-01 4.00751539e-01
 2.82883439e-01 3.43501319e-01 3.00563654e-01 2.00375769e-01
 2.00375769e-01 3.00563654e-01 3.43501319e-01]
Class weights: [2.04500545e-05 2.53106235e-01 3.00563654e-01 2.82883439e-01
 2.53106235e-01 2.53106235e-01 3.20601231e-01 2.29000879e-01
 1.84962249e-01 2.67167692e-01 2.82883439e-01 4.00751539e-01
 2.82883439e-01 3.43501319e-01 3.00563654e-01 2.00375769e-01
 2.00375769e-01 3.00563654e-01 3.43501319e-01]
Class weights: [2.04500545e-05 2.53106235e-01 3.00563654e-01 2.82883439e-01
 2.53106235e-01 2.53106235e-01 3.20601231e-01 2.29000879e-01
 1.84962249e-01 2.67167692e-01 2.82883439e-01 4.00751539e-01
 2.82883439e-01 3.43501319e-01 3.00563654e-01 2.00375769e-01
 2.00375769e-01 3.00563654e-01 3.43501319e-01]
Class weights: [2.04500545e-05 2.53106235e-01 3.00563654e-01 2.82883439e-01
 2.53106235e-01 2.53106235e-01 3.20601231e-01 2.29000879e-01
 1.84962249e-01 2.67167692e-01 2.82883439e-01 4.00751539e-01
 2.82883439e-01 3.43501319e-01 3.00563654e-01 2.00375769e-01
 2.00375769e-01 3.00563654e-01 3.43501319e-01]
Precision: 0.0000, Recall: 0.0003, F1-Score: 0.0000
Fold 5, Epoch 1, Train Loss: 0.0045, Val Loss: 0.0046, Val Acc: 0.0004
Precision: 0.0000, Recall: 0.0003, F1-Score: 0.0000
Fold 5, Epoch 2, Train Loss: 0.0045, Val Loss: 0.0046, Val Acc: 0.0004
Precision: 0.0000, Recall: 0.0003, F1-Score: 0.0000
Fold 5, Epoch 3, Train Loss: 0.0045, Val Loss: 0.0046, Val Acc: 0.0004
Precision: 0.0000, Recall: 0.0003, F1-Score: 0.0000
Fold 5, Epoch 4, Train Loss: 0.0045, Val Loss: 0.0046, Val Acc: 0.0004
Precision: 0.0000, Recall: 0.0003, F1-Score: 0.0000
Fold 5, Epoch 5, Train Loss: 0.0045, Val Loss: 0.0046, Val Acc: 0.0004
Completed Fold 5
Starting final training on all data...
Class weights: [2.11825747e-05 2.80635341e-01 2.80635341e-01 2.97389690e-01
 2.84644418e-01 2.69258233e-01 2.69258233e-01 2.49063865e-01
 2.97389690e-01 2.80635341e-01 3.06540142e-01 2.58767652e-01
 2.69258233e-01 3.01895595e-01 2.84644418e-01 2.45989003e-01
 2.72946702e-01 2.62172490e-01 2.88769699e-01]
Class weights: [1.96882259e-05 2.43677234e-01 2.43677234e-01 2.01298585e-01
 2.31493373e-01 2.89366716e-01 2.89366716e-01 4.62986745e-01
 2.01298585e-01 2.43677234e-01 1.85194698e-01 3.56143650e-01
 2.89366716e-01 1.92911144e-01 2.31493373e-01 5.14429717e-01
 2.72345144e-01 3.30704818e-01 2.20469879e-01]
Test Loss: 0.0046, Test Accuracy: 0.0003
Precision: 0.0000, Recall: 0.0003, F1-Score: 0.0000
