nohup: ignoring input
Using device: NVIDIA GeForce RTX 3090
Using device: NVIDIA GeForce RTX 3090
Using device: NVIDIA GeForce RTX 3090
Using device: NVIDIA GeForce RTX 3090
Rank: 0, World Size: 4, Master Addr: 127.0.0.1, Master Port: 12355
Rank 0 using device: cuda:0
Rank 3 using device: cuda:3
Rank 1 using device: cuda:1
Rank 2 using device: cuda:2
Starting Fold 1
Class weights: [2.11825747e-05 2.80635341e-01 2.80635341e-01 2.97389690e-01
 2.84644418e-01 2.69258233e-01 2.69258233e-01 2.49063865e-01
 2.97389690e-01 2.80635341e-01 3.06540142e-01 2.58767652e-01
 2.69258233e-01 3.01895595e-01 2.84644418e-01 2.45989003e-01
 2.72946702e-01 2.62172490e-01 2.88769699e-01]
Class weights: [2.11825747e-05 2.80635341e-01 2.80635341e-01 2.97389690e-01
 2.84644418e-01 2.69258233e-01 2.69258233e-01 2.49063865e-01
 2.97389690e-01 2.80635341e-01 3.06540142e-01 2.58767652e-01
 2.69258233e-01 3.01895595e-01 2.84644418e-01 2.45989003e-01
 2.72946702e-01 2.62172490e-01 2.88769699e-01]
Class weights: [2.11825747e-05 2.80635341e-01 2.80635341e-01 2.97389690e-01
 2.84644418e-01 2.69258233e-01 2.69258233e-01 2.49063865e-01
 2.97389690e-01 2.80635341e-01 3.06540142e-01 2.58767652e-01
 2.69258233e-01 3.01895595e-01 2.84644418e-01 2.45989003e-01
 2.72946702e-01 2.62172490e-01 2.88769699e-01]
Class weights: [2.11825747e-05 2.80635341e-01 2.80635341e-01 2.97389690e-01
 2.84644418e-01 2.69258233e-01 2.69258233e-01 2.49063865e-01
 2.97389690e-01 2.80635341e-01 3.06540142e-01 2.58767652e-01
 2.69258233e-01 3.01895595e-01 2.84644418e-01 2.45989003e-01
 2.72946702e-01 2.62172490e-01 2.88769699e-01]
Class weights: [1.96882259e-05 2.43677234e-01 2.43677234e-01 2.01298585e-01
 2.31493373e-01 2.89366716e-01 2.89366716e-01 4.62986745e-01
 2.01298585e-01 2.43677234e-01 1.85194698e-01 3.56143650e-01
 2.89366716e-01 1.92911144e-01 2.31493373e-01 5.14429717e-01
 2.72345144e-01 3.30704818e-01 2.20469879e-01]
Class weights: [1.96882259e-05 2.43677234e-01 2.43677234e-01 2.01298585e-01
 2.31493373e-01 2.89366716e-01 2.89366716e-01 4.62986745e-01
 2.01298585e-01 2.43677234e-01 1.85194698e-01 3.56143650e-01
 2.89366716e-01 1.92911144e-01 2.31493373e-01 5.14429717e-01
 2.72345144e-01 3.30704818e-01 2.20469879e-01]
Class weights: [1.96882259e-05 2.43677234e-01 2.43677234e-01 2.01298585e-01
 2.31493373e-01 2.89366716e-01 2.89366716e-01 4.62986745e-01
 2.01298585e-01 2.43677234e-01 1.85194698e-01 3.56143650e-01
 2.89366716e-01 1.92911144e-01 2.31493373e-01 5.14429717e-01
 2.72345144e-01 3.30704818e-01 2.20469879e-01]
Class weights: [1.96882259e-05 2.43677234e-01 2.43677234e-01 2.01298585e-01
 2.31493373e-01 2.89366716e-01 2.89366716e-01 4.62986745e-01
 2.01298585e-01 2.43677234e-01 1.85194698e-01 3.56143650e-01
 2.89366716e-01 1.92911144e-01 2.31493373e-01 5.14429717e-01
 2.72345144e-01 3.30704818e-01 2.20469879e-01]
Traceback (most recent call last):
  File "/home/nishioka/GNN/DDP/DDPGAT19class4x4_2_focal_loss.py", line 593, in <module>
    main(args)
  File "/home/nishioka/GNN/DDP/DDPGAT19class4x4_2_focal_loss.py", line 408, in main
    loss.backward()
  File "/home/nishioka/miniconda3/envs/interstage_gnn_first/lib/python3.12/site-packages/torch/_tensor.py", line 522, in backward
Traceback (most recent call last):
  File "/home/nishioka/GNN/DDP/DDPGAT19class4x4_2_focal_loss.py", line 593, in <module>
    main(args)
  File "/home/nishioka/GNN/DDP/DDPGAT19class4x4_2_focal_loss.py", line 408, in main
    loss.backward()
  File "/home/nishioka/miniconda3/envs/interstage_gnn_first/lib/python3.12/site-packages/torch/_tensor.py", line 522, in backward
    torch.autograd.backward(    
torch.autograd.backward(
  File "/home/nishioka/miniconda3/envs/interstage_gnn_first/lib/python3.12/site-packages/torch/autograd/__init__.py", line 259, in backward
  File "/home/nishioka/miniconda3/envs/interstage_gnn_first/lib/python3.12/site-packages/torch/autograd/__init__.py", line 259, in backward
    grad_tensors_ = _make_grads(tensors, grad_tensors_, is_grads_batched=False)
                    grad_tensors_ = _make_grads(tensors, grad_tensors_, is_grads_batched=False) 
   ^^^^^^^^^^^^^^^^^^^^^^^^^^^^^^^^^^ ^ ^ ^ ^ ^ ^ ^ ^ ^ ^ ^ ^ ^ ^ ^ ^ ^ ^ ^ ^^^^^^^^^^^^
^^^  File "/home/nishioka/miniconda3/envs/interstage_gnn_first/lib/python3.12/site-packages/torch/autograd/__init__.py", line 132, in _make_grads
^^^^^^^^^^^^^^^^^^^^^^^^^^^^^^^^^^^^^^^^^^^^^^^^^^
  File "/home/nishioka/miniconda3/envs/interstage_gnn_first/lib/python3.12/site-packages/torch/autograd/__init__.py", line 132, in _make_grads
    raise RuntimeError(
RuntimeError: grad can be implicitly created only for scalar outputs
    raise RuntimeError(
RuntimeError: grad can be implicitly created only for scalar outputs
Traceback (most recent call last):
  File "/home/nishioka/GNN/DDP/DDPGAT19class4x4_2_focal_loss.py", line 593, in <module>
    main(args)
  File "/home/nishioka/GNN/DDP/DDPGAT19class4x4_2_focal_loss.py", line 408, in main
    loss.backward()
  File "/home/nishioka/miniconda3/envs/interstage_gnn_first/lib/python3.12/site-packages/torch/_tensor.py", line 522, in backward
    torch.autograd.backward(
  File "/home/nishioka/miniconda3/envs/interstage_gnn_first/lib/python3.12/site-packages/torch/autograd/__init__.py", line 259, in backward
    grad_tensors_ = _make_grads(tensors, grad_tensors_, is_grads_batched=False)
                    ^^^^^^^^^^^^^^^^^^^^^^^^^^^^^^^^^^^^^^^^^^^^^^^^^^^^^^^^^^^
  File "/home/nishioka/miniconda3/envs/interstage_gnn_first/lib/python3.12/site-packages/torch/autograd/__init__.py", line 132, in _make_grads
    raise RuntimeError(
RuntimeError: grad can be implicitly created only for scalar outputs
Traceback (most recent call last):
  File "/home/nishioka/GNN/DDP/DDPGAT19class4x4_2_focal_loss.py", line 593, in <module>
    main(args)
  File "/home/nishioka/GNN/DDP/DDPGAT19class4x4_2_focal_loss.py", line 408, in main
    loss.backward()
  File "/home/nishioka/miniconda3/envs/interstage_gnn_first/lib/python3.12/site-packages/torch/_tensor.py", line 522, in backward
    torch.autograd.backward(
  File "/home/nishioka/miniconda3/envs/interstage_gnn_first/lib/python3.12/site-packages/torch/autograd/__init__.py", line 259, in backward
    grad_tensors_ = _make_grads(tensors, grad_tensors_, is_grads_batched=False)
                    ^^^^^^^^^^^^^^^^^^^^^^^^^^^^^^^^^^^^^^^^^^^^^^^^^^^^^^^^^^^
  File "/home/nishioka/miniconda3/envs/interstage_gnn_first/lib/python3.12/site-packages/torch/autograd/__init__.py", line 132, in _make_grads
    raise RuntimeError(
RuntimeError: grad can be implicitly created only for scalar outputs
[2024-10-31 14:53:57,691] torch.distributed.elastic.multiprocessing.api: [ERROR] failed (exitcode: 1) local_rank: 0 (pid: 3699718) of binary: /home/nishioka/miniconda3/envs/interstage_gnn_first/bin/python
Traceback (most recent call last):
  File "/home/nishioka/miniconda3/envs/interstage_gnn_first/bin/torchrun", line 33, in <module>
    sys.exit(load_entry_point('torch==2.2.2', 'console_scripts', 'torchrun')())
             ^^^^^^^^^^^^^^^^^^^^^^^^^^^^^^^^^^^^^^^^^^^^^^^^^^^^^^^^^^^^^^^^^
  File "/home/nishioka/miniconda3/envs/interstage_gnn_first/lib/python3.12/site-packages/torch/distributed/elastic/multiprocessing/errors/__init__.py", line 347, in wrapper
    return f(*args, **kwargs)
           ^^^^^^^^^^^^^^^^^^
  File "/home/nishioka/miniconda3/envs/interstage_gnn_first/lib/python3.12/site-packages/torch/distributed/run.py", line 812, in main
    run(args)
  File "/home/nishioka/miniconda3/envs/interstage_gnn_first/lib/python3.12/site-packages/torch/distributed/run.py", line 803, in run
    elastic_launch(
  File "/home/nishioka/miniconda3/envs/interstage_gnn_first/lib/python3.12/site-packages/torch/distributed/launcher/api.py", line 135, in __call__
    return launch_agent(self._config, self._entrypoint, list(args))
           ^^^^^^^^^^^^^^^^^^^^^^^^^^^^^^^^^^^^^^^^^^^^^^^^^^^^^^^^
  File "/home/nishioka/miniconda3/envs/interstage_gnn_first/lib/python3.12/site-packages/torch/distributed/launcher/api.py", line 268, in launch_agent
    raise ChildFailedError(
torch.distributed.elastic.multiprocessing.errors.ChildFailedError: 
============================================================
DDPGAT19class4x4_2_focal_loss.py FAILED
------------------------------------------------------------
Failures:
[1]:
  time      : 2024-10-31_14:53:57
  host      : stuttgart01
  rank      : 1 (local_rank: 1)
  exitcode  : 1 (pid: 3699719)
  error_file: <N/A>
  traceback : To enable traceback see: https://pytorch.org/docs/stable/elastic/errors.html
[2]:
  time      : 2024-10-31_14:53:57
  host      : stuttgart01
  rank      : 2 (local_rank: 2)
  exitcode  : 1 (pid: 3699720)
  error_file: <N/A>
  traceback : To enable traceback see: https://pytorch.org/docs/stable/elastic/errors.html
[3]:
  time      : 2024-10-31_14:53:57
  host      : stuttgart01
  rank      : 3 (local_rank: 3)
  exitcode  : 1 (pid: 3699721)
  error_file: <N/A>
  traceback : To enable traceback see: https://pytorch.org/docs/stable/elastic/errors.html
------------------------------------------------------------
Root Cause (first observed failure):
[0]:
  time      : 2024-10-31_14:53:57
  host      : stuttgart01
  rank      : 0 (local_rank: 0)
  exitcode  : 1 (pid: 3699718)
  error_file: <N/A>
  traceback : To enable traceback see: https://pytorch.org/docs/stable/elastic/errors.html
============================================================
