nohup: ignoring input
Using device: CPU
Using device: CPU
Using device: CPU
Using device: CPU
Rank: 0, World Size: 4, Master Addr: 127.0.0.1, Master Port: 12355
Traceback (most recent call last):
Traceback (most recent call last):
Traceback (most recent call last):
  File "/home/nishioka/GNN/DDP/DDP10class4x4_1.py", line 351, in <module>
  File "/home/nishioka/GNN/DDP/DDP10class4x4_1.py", line 351, in <module>
  File "/home/nishioka/GNN/DDP/DDP10class4x4_1.py", line 351, in <module>
            main(args)main(args)main(args)


  File "/home/nishioka/GNN/DDP/DDP10class4x4_1.py", line 152, in main
  File "/home/nishioka/GNN/DDP/DDP10class4x4_1.py", line 152, in main
  File "/home/nishioka/GNN/DDP/DDP10class4x4_1.py", line 152, in main
    setup(rank, world_size)
        setup(rank, world_size)setup(rank, world_size)

  File "/home/nishioka/GNN/DDP/DDP10class4x4_1.py", line 125, in setup
  File "/home/nishioka/GNN/DDP/DDP10class4x4_1.py", line 125, in setup
  File "/home/nishioka/GNN/DDP/DDP10class4x4_1.py", line 125, in setup
    dist.init_process_group(
    dist.init_process_group(  File "/home/nishioka/miniconda3/envs/interstage_gnn_first/lib/python3.12/site-packages/torch/distributed/c10d_logger.py", line 86, in wrapper
    
dist.init_process_group(
  File "/home/nishioka/miniconda3/envs/interstage_gnn_first/lib/python3.12/site-packages/torch/distributed/c10d_logger.py", line 86, in wrapper
  File "/home/nishioka/miniconda3/envs/interstage_gnn_first/lib/python3.12/site-packages/torch/distributed/c10d_logger.py", line 86, in wrapper
        func_return = func(*args, **kwargs)func_return = func(*args, **kwargs)
    
func_return = func(*args, **kwargs)
                                                   ^  ^^ ^^^^^^^^^^^^^^^^^^^^^^^^^^^^^^^^^^^^^^^^^^^^^^^^^^^^^^^^^^
^
^  File "/home/nishioka/miniconda3/envs/interstage_gnn_first/lib/python3.12/site-packages/torch/distributed/distributed_c10d.py", line 1184, in init_process_group

  File "/home/nishioka/miniconda3/envs/interstage_gnn_first/lib/python3.12/site-packages/torch/distributed/distributed_c10d.py", line 1184, in init_process_group
  File "/home/nishioka/miniconda3/envs/interstage_gnn_first/lib/python3.12/site-packages/torch/distributed/distributed_c10d.py", line 1184, in init_process_group
    default_pg, _ = _new_process_group_helper(        
default_pg, _ = _new_process_group_helper(default_pg, _ = _new_process_group_helper(

                                                         ^  ^ ^^^^^^^^^^^^^^^^^^^^^^^^^^^^^^^^^^^^^^^^^^^^^^^^^^^^^^^^^^^^^^^^^^^^^^^^^
^^^

  File "/home/nishioka/miniconda3/envs/interstage_gnn_first/lib/python3.12/site-packages/torch/distributed/distributed_c10d.py", line 1339, in _new_process_group_helper
  File "/home/nishioka/miniconda3/envs/interstage_gnn_first/lib/python3.12/site-packages/torch/distributed/distributed_c10d.py", line 1339, in _new_process_group_helper
  File "/home/nishioka/miniconda3/envs/interstage_gnn_first/lib/python3.12/site-packages/torch/distributed/distributed_c10d.py", line 1339, in _new_process_group_helper
    backend_class = ProcessGroupNCCL(
        backend_class = ProcessGroupNCCL(
backend_class = ProcessGroupNCCL( 
                                                      ^  ^  ^^ ^^^^^^^^^^^^^^^^^^^^^^^^^^^^^^^^^^^^^^^^^^
^^^^
ValueError^: 
ValueErrorProcessGroupNCCL is only supported with GPUs, no GPUs found!: 
ValueErrorProcessGroupNCCL is only supported with GPUs, no GPUs found!: 
ProcessGroupNCCL is only supported with GPUs, no GPUs found!
Traceback (most recent call last):
  File "/home/nishioka/GNN/DDP/DDP10class4x4_1.py", line 351, in <module>
    main(args)
  File "/home/nishioka/GNN/DDP/DDP10class4x4_1.py", line 152, in main
    setup(rank, world_size)
  File "/home/nishioka/GNN/DDP/DDP10class4x4_1.py", line 125, in setup
    dist.init_process_group(
  File "/home/nishioka/miniconda3/envs/interstage_gnn_first/lib/python3.12/site-packages/torch/distributed/c10d_logger.py", line 86, in wrapper
    func_return = func(*args, **kwargs)
                  ^^^^^^^^^^^^^^^^^^^^^
  File "/home/nishioka/miniconda3/envs/interstage_gnn_first/lib/python3.12/site-packages/torch/distributed/distributed_c10d.py", line 1184, in init_process_group
    default_pg, _ = _new_process_group_helper(
                    ^^^^^^^^^^^^^^^^^^^^^^^^^^
  File "/home/nishioka/miniconda3/envs/interstage_gnn_first/lib/python3.12/site-packages/torch/distributed/distributed_c10d.py", line 1339, in _new_process_group_helper
    backend_class = ProcessGroupNCCL(
                    ^^^^^^^^^^^^^^^^^
ValueError: ProcessGroupNCCL is only supported with GPUs, no GPUs found!
[2024-10-21 18:13:04,880] torch.distributed.elastic.multiprocessing.api: [ERROR] failed (exitcode: 1) local_rank: 0 (pid: 2721889) of binary: /home/nishioka/miniconda3/envs/interstage_gnn_first/bin/python
Traceback (most recent call last):
  File "/home/nishioka/miniconda3/envs/interstage_gnn_first/bin/torchrun", line 33, in <module>
    sys.exit(load_entry_point('torch==2.2.2', 'console_scripts', 'torchrun')())
             ^^^^^^^^^^^^^^^^^^^^^^^^^^^^^^^^^^^^^^^^^^^^^^^^^^^^^^^^^^^^^^^^^
  File "/home/nishioka/miniconda3/envs/interstage_gnn_first/lib/python3.12/site-packages/torch/distributed/elastic/multiprocessing/errors/__init__.py", line 347, in wrapper
    return f(*args, **kwargs)
           ^^^^^^^^^^^^^^^^^^
  File "/home/nishioka/miniconda3/envs/interstage_gnn_first/lib/python3.12/site-packages/torch/distributed/run.py", line 812, in main
    run(args)
  File "/home/nishioka/miniconda3/envs/interstage_gnn_first/lib/python3.12/site-packages/torch/distributed/run.py", line 803, in run
    elastic_launch(
  File "/home/nishioka/miniconda3/envs/interstage_gnn_first/lib/python3.12/site-packages/torch/distributed/launcher/api.py", line 135, in __call__
    return launch_agent(self._config, self._entrypoint, list(args))
           ^^^^^^^^^^^^^^^^^^^^^^^^^^^^^^^^^^^^^^^^^^^^^^^^^^^^^^^^
  File "/home/nishioka/miniconda3/envs/interstage_gnn_first/lib/python3.12/site-packages/torch/distributed/launcher/api.py", line 268, in launch_agent
    raise ChildFailedError(
torch.distributed.elastic.multiprocessing.errors.ChildFailedError: 
============================================================
DDP10class4x4_1.py FAILED
------------------------------------------------------------
Failures:
[1]:
  time      : 2024-10-21_18:13:04
  host      : copaam
  rank      : 1 (local_rank: 1)
  exitcode  : 1 (pid: 2721890)
  error_file: <N/A>
  traceback : To enable traceback see: https://pytorch.org/docs/stable/elastic/errors.html
[2]:
  time      : 2024-10-21_18:13:04
  host      : copaam
  rank      : 2 (local_rank: 2)
  exitcode  : 1 (pid: 2721891)
  error_file: <N/A>
  traceback : To enable traceback see: https://pytorch.org/docs/stable/elastic/errors.html
[3]:
  time      : 2024-10-21_18:13:04
  host      : copaam
  rank      : 3 (local_rank: 3)
  exitcode  : 1 (pid: 2721892)
  error_file: <N/A>
  traceback : To enable traceback see: https://pytorch.org/docs/stable/elastic/errors.html
------------------------------------------------------------
Root Cause (first observed failure):
[0]:
  time      : 2024-10-21_18:13:04
  host      : copaam
  rank      : 0 (local_rank: 0)
  exitcode  : 1 (pid: 2721889)
  error_file: <N/A>
  traceback : To enable traceback see: https://pytorch.org/docs/stable/elastic/errors.html
============================================================
