nohup: ignoring input
Using device: NVIDIA GeForce RTX 3090
Using device: NVIDIA GeForce RTX 3090
Using device: NVIDIA GeForce RTX 3090
Using device: NVIDIA GeForce RTX 3090
Rank: 0, World Size: 4, Master Addr: 127.0.0.1, Master Port: 12355
Rank 0 using device: cuda:0
Rank 3 using device: cuda:3
Rank 2 using device: cuda:2
Rank 1 using device: cuda:1
Total valid pairs: 1620
Total valid pairs: 1620
Total valid pairs: 1620
Total valid pairs: 1620
Starting Fold 1
Class counts: [4703184    3500    3675    3500    3775    3600    3500    3850    3600
    3400]
Class weights (before normalization): [2.12621917e-07 2.85714286e-04 2.72108844e-04 2.85714286e-04
 2.64900662e-04 2.77777778e-04 2.85714286e-04 2.59740260e-04
 2.77777778e-04 2.94117647e-04]
Normalized class weights: [8.49204200e-05 1.14113246e-01 1.08679282e-01 1.14113246e-01
 1.05800360e-01 1.10943434e-01 1.14113246e-01 1.03739314e-01
 1.10943434e-01 1.17469518e-01]
Class counts: [4703184    3500    3675    3500    3775    3600    3500    3850    3600
    3400]
Class weights (before normalization): [2.12621917e-07 2.85714286e-04 2.72108844e-04 2.85714286e-04
 2.64900662e-04 2.77777778e-04 2.85714286e-04 2.59740260e-04
 2.77777778e-04 2.94117647e-04]
Class counts: [4703184    3500    3675    3500    3775    3600    3500    3850    3600
    3400]
Normalized class weights: [8.49204200e-05 1.14113246e-01 1.08679282e-01 1.14113246e-01
 1.05800360e-01 1.10943434e-01 1.14113246e-01 1.03739314e-01
 1.10943434e-01 1.17469518e-01]
Class counts: [4703184    3500    3675    3500    3775    3600    3500    3850    3600
    3400]
Class weights (before normalization): [2.12621917e-07 2.85714286e-04 2.72108844e-04 2.85714286e-04
 2.64900662e-04 2.77777778e-04 2.85714286e-04 2.59740260e-04
 2.77777778e-04 2.94117647e-04]
Normalized class weights: [8.49204200e-05 1.14113246e-01 1.08679282e-01 1.14113246e-01
 1.05800360e-01 1.10943434e-01 1.14113246e-01 1.03739314e-01
 1.10943434e-01 1.17469518e-01]
Class weights (before normalization): [2.12621917e-07 2.85714286e-04 2.72108844e-04 2.85714286e-04
 2.64900662e-04 2.77777778e-04 2.85714286e-04 2.59740260e-04
 2.77777778e-04 2.94117647e-04]
Normalized class weights: [8.49204200e-05 1.14113246e-01 1.08679282e-01 1.14113246e-01
 1.05800360e-01 1.10943434e-01 1.14113246e-01 1.03739314e-01
 1.10943434e-01 1.17469518e-01]
Class counts: [1175796    1000     825    1000     725     900    1000     650     900
    1100]
Class weights (before normalization): [8.50487670e-07 1.00000000e-03 1.21212121e-03 1.00000000e-03
 1.37931034e-03 1.11111111e-03 1.00000000e-03 1.53846154e-03
 1.11111111e-03 9.09090909e-04]
Class counts: [1175796    1000     825    1000     725     900    1000     650     900
    1100]
Normalized class weights: [8.28769216e-05 9.74463529e-02 1.18116791e-01 9.74463529e-02
 1.34408763e-01 1.08273725e-01 9.74463529e-02 1.49917466e-01
 1.08273725e-01 8.85875935e-02]
Class weights (before normalization): [8.50487670e-07 1.00000000e-03 1.21212121e-03 1.00000000e-03
 1.37931034e-03 1.11111111e-03 1.00000000e-03 1.53846154e-03
 1.11111111e-03 9.09090909e-04]
Normalized class weights: [8.28769216e-05 9.74463529e-02 1.18116791e-01 9.74463529e-02
 1.34408763e-01 1.08273725e-01 9.74463529e-02 1.49917466e-01
 1.08273725e-01 8.85875935e-02]
Class counts: [1175796    1000     825    1000     725     900    1000     650     900
    1100]
Class weights (before normalization): [8.50487670e-07 1.00000000e-03 1.21212121e-03 1.00000000e-03
 1.37931034e-03 1.11111111e-03 1.00000000e-03 1.53846154e-03
 1.11111111e-03 9.09090909e-04]
Normalized class weights: [8.28769216e-05 9.74463529e-02 1.18116791e-01 9.74463529e-02
 1.34408763e-01 1.08273725e-01 9.74463529e-02 1.49917466e-01
 1.08273725e-01 8.85875935e-02]
Class counts: [1175796    1000     825    1000     725     900    1000     650     900
    1100]
Class weights (before normalization): [8.50487670e-07 1.00000000e-03 1.21212121e-03 1.00000000e-03
 1.37931034e-03 1.11111111e-03 1.00000000e-03 1.53846154e-03
 1.11111111e-03 9.09090909e-04]
Normalized class weights: [8.28769216e-05 9.74463529e-02 1.18116791e-01 9.74463529e-02
 1.34408763e-01 1.08273725e-01 9.74463529e-02 1.49917466e-01
 1.08273725e-01 8.85875935e-02]
Precision: 0.9904, Recall: 0.9372, F1-Score: 0.9629
Fold 1, Epoch 1, Train Loss: 2.2883, Val Loss: 2.2262, Val Acc: 0.9353
Completed Fold 1
Starting Fold 2
Class counts: [4703184    3500    3550    3650    3725    3475    3550    3600    3700
    3650]
Class weights (before normalization): [2.12621917e-07 2.85714286e-04 2.81690141e-04 2.73972603e-04
 2.68456376e-04 2.87769784e-04 2.81690141e-04 2.77777778e-04
 2.70270270e-04 2.73972603e-04]
Normalized class weights: [8.49968644e-05 1.14215969e-01 1.12607294e-01 1.09522162e-01
 1.07317018e-01 1.15037667e-01 1.12607294e-01 1.11043304e-01
 1.08042133e-01 1.09522162e-01]
Class counts: [4703184    3500    3550    3650    3725    3475    3550    3600    3700
    3650]
Class weights (before normalization): [2.12621917e-07 2.85714286e-04 2.81690141e-04 2.73972603e-04
 2.68456376e-04 2.87769784e-04 2.81690141e-04 2.77777778e-04
 2.70270270e-04 2.73972603e-04]
Normalized class weights: [8.49968644e-05 1.14215969e-01 1.12607294e-01 1.09522162e-01
 1.07317018e-01 1.15037667e-01 1.12607294e-01 1.11043304e-01
 1.08042133e-01 1.09522162e-01]
Class counts: [4703184    3500    3550    3650    3725    3475    3550    3600    3700
    3650]
Class weights (before normalization): [2.12621917e-07 2.85714286e-04 2.81690141e-04 2.73972603e-04
 2.68456376e-04 2.87769784e-04 2.81690141e-04 2.77777778e-04
 2.70270270e-04 2.73972603e-04]
Normalized class weights: [8.49968644e-05 1.14215969e-01 1.12607294e-01 1.09522162e-01
 1.07317018e-01 1.15037667e-01 1.12607294e-01 1.11043304e-01
 1.08042133e-01 1.09522162e-01]
Class counts: [4703184    3500    3550    3650    3725    3475    3550    3600    3700
    3650]
Class weights (before normalization): [2.12621917e-07 2.85714286e-04 2.81690141e-04 2.73972603e-04
 2.68456376e-04 2.87769784e-04 2.81690141e-04 2.77777778e-04
 2.70270270e-04 2.73972603e-04]
Normalized class weights: [8.49968644e-05 1.14215969e-01 1.12607294e-01 1.09522162e-01
 1.07317018e-01 1.15037667e-01 1.12607294e-01 1.11043304e-01
 1.08042133e-01 1.09522162e-01]
Class counts: [1175796    1000     950     850     775    1025     950     900     800
     850]
Class weights (before normalization): [8.50487670e-07 1.00000000e-03 1.05263158e-03 1.17647059e-03
 1.29032258e-03 9.75609756e-04 1.05263158e-03 1.11111111e-03
 1.25000000e-03 1.17647059e-03]
Normalized class weights: [8.43227626e-05 9.91463669e-02 1.04364597e-01 1.16642785e-01
 1.27930796e-01 9.67281629e-02 1.04364597e-01 1.10162630e-01
 1.23932959e-01 1.16642785e-01]
Class counts: [1175796    1000     950     850     775    1025     950     900     800
     850]
Class weights (before normalization): [8.50487670e-07 1.00000000e-03 1.05263158e-03 1.17647059e-03
 1.29032258e-03 9.75609756e-04 1.05263158e-03 1.11111111e-03
 1.25000000e-03 1.17647059e-03]
Normalized class weights: [8.43227626e-05 9.91463669e-02 1.04364597e-01 1.16642785e-01
 1.27930796e-01 9.67281629e-02 1.04364597e-01 1.10162630e-01
 1.23932959e-01 1.16642785e-01]
Class counts: [1175796    1000     950     850     775    1025     950     900     800
     850]
Class weights (before normalization): [8.50487670e-07 1.00000000e-03 1.05263158e-03 1.17647059e-03
 1.29032258e-03 9.75609756e-04 1.05263158e-03 1.11111111e-03
 1.25000000e-03 1.17647059e-03]
Normalized class weights: [8.43227626e-05 9.91463669e-02 1.04364597e-01 1.16642785e-01
 1.27930796e-01 9.67281629e-02 1.04364597e-01 1.10162630e-01
 1.23932959e-01 1.16642785e-01]
Class counts: [1175796    1000     950     850     775    1025     950     900     800
     850]
Class weights (before normalization): [8.50487670e-07 1.00000000e-03 1.05263158e-03 1.17647059e-03
 1.29032258e-03 9.75609756e-04 1.05263158e-03 1.11111111e-03
 1.25000000e-03 1.17647059e-03]
Normalized class weights: [8.43227626e-05 9.91463669e-02 1.04364597e-01 1.16642785e-01
 1.27930796e-01 9.67281629e-02 1.04364597e-01 1.10162630e-01
 1.23932959e-01 1.16642785e-01]
Precision: 0.9915, Recall: 0.8467, F1-Score: 0.9131
Fold 2, Epoch 1, Train Loss: 2.2234, Val Loss: 2.1823, Val Acc: 0.8446
Completed Fold 2
Starting Fold 3
Class counts: [4703184    3675    3725    3675    3325    3675    3525    3375    3700
    3725]
Class weights (before normalization): [2.12621917e-07 2.72108844e-04 2.68456376e-04 2.72108844e-04
 3.00751880e-04 2.72108844e-04 2.83687943e-04 2.96296296e-04
 2.70270270e-04 2.68456376e-04]
Normalized class weights: [8.48973680e-05 1.08649780e-01 1.07191394e-01 1.08649780e-01
 1.20086599e-01 1.08649780e-01 1.13273175e-01 1.18307539e-01
 1.07915660e-01 1.07191394e-01]
Class counts: [4703184    3675    3725    3675    3325    3675    3525    3375    3700
    3725]
Class weights (before normalization): [2.12621917e-07 2.72108844e-04 2.68456376e-04 2.72108844e-04
 3.00751880e-04 2.72108844e-04 2.83687943e-04 2.96296296e-04
 2.70270270e-04 2.68456376e-04]
Normalized class weights: [8.48973680e-05 1.08649780e-01 1.07191394e-01 1.08649780e-01
 1.20086599e-01 1.08649780e-01 1.13273175e-01 1.18307539e-01
 1.07915660e-01 1.07191394e-01]
Class counts: [4703184    3675    3725    3675    3325    3675    3525    3375    3700
    3725]
Class weights (before normalization): [2.12621917e-07 2.72108844e-04 2.68456376e-04 2.72108844e-04
 3.00751880e-04 2.72108844e-04 2.83687943e-04 2.96296296e-04
 2.70270270e-04 2.68456376e-04]
Normalized class weights: [8.48973680e-05 1.08649780e-01 1.07191394e-01 1.08649780e-01
 1.20086599e-01 1.08649780e-01 1.13273175e-01 1.18307539e-01
 1.07915660e-01 1.07191394e-01]
Class counts: [1175796     825     775     825    1175     825     975    1125     800
     775]
Class weights (before normalization): [8.50487670e-07 1.21212121e-03 1.29032258e-03 1.21212121e-03
 8.51063830e-04 1.21212121e-03 1.02564103e-03 8.88888889e-04
 1.25000000e-03 1.29032258e-03]
Normalized class weights: [8.31085722e-05 1.18446941e-01 1.26088680e-01 1.18446941e-01
 8.31648738e-02 1.18446941e-01 1.00224335e-01 8.68610904e-02
 1.22148408e-01 1.26088680e-01]
Class counts: [1175796     825     775     825    1175     825     975    1125     800
     775]
Class weights (before normalization): [8.50487670e-07 1.21212121e-03 1.29032258e-03 1.21212121e-03
 8.51063830e-04 1.21212121e-03 1.02564103e-03 8.88888889e-04
 1.25000000e-03 1.29032258e-03]
Normalized class weights: [8.31085722e-05 1.18446941e-01 1.26088680e-01 1.18446941e-01
 8.31648738e-02 1.18446941e-01 1.00224335e-01 8.68610904e-02
 1.22148408e-01 1.26088680e-01]
Class counts: [1175796     825     775     825    1175     825     975    1125     800
     775]
Class weights (before normalization): [8.50487670e-07 1.21212121e-03 1.29032258e-03 1.21212121e-03
 8.51063830e-04 1.21212121e-03 1.02564103e-03 8.88888889e-04
 1.25000000e-03 1.29032258e-03]
Normalized class weights: [8.31085722e-05 1.18446941e-01 1.26088680e-01 1.18446941e-01
 8.31648738e-02 1.18446941e-01 1.00224335e-01 8.68610904e-02
 1.22148408e-01 1.26088680e-01]
Class counts: [4703184    3675    3725    3675    3325    3675    3525    3375    3700
    3725]
Class weights (before normalization): [2.12621917e-07 2.72108844e-04 2.68456376e-04 2.72108844e-04
 3.00751880e-04 2.72108844e-04 2.83687943e-04 2.96296296e-04
 2.70270270e-04 2.68456376e-04]
Normalized class weights: [8.48973680e-05 1.08649780e-01 1.07191394e-01 1.08649780e-01
 1.20086599e-01 1.08649780e-01 1.13273175e-01 1.18307539e-01
 1.07915660e-01 1.07191394e-01]
Class counts: [1175796     825     775     825    1175     825     975    1125     800
     775]
Class weights (before normalization): [8.50487670e-07 1.21212121e-03 1.29032258e-03 1.21212121e-03
 8.51063830e-04 1.21212121e-03 1.02564103e-03 8.88888889e-04
 1.25000000e-03 1.29032258e-03]
Normalized class weights: [8.31085722e-05 1.18446941e-01 1.26088680e-01 1.18446941e-01
 8.31648738e-02 1.18446941e-01 1.00224335e-01 8.68610904e-02
 1.22148408e-01 1.26088680e-01]
Precision: 0.9901, Recall: 0.9923, F1-Score: 0.9911
Fold 3, Epoch 1, Train Loss: 2.2825, Val Loss: 2.2348, Val Acc: 0.9919
Completed Fold 3
Starting Fold 4
Class counts: [4703184    3650    3350    3700    3750    3625    3650    3625    3450
    3600]
Class weights (before normalization): [2.12621917e-07 2.73972603e-04 2.98507463e-04 2.70270270e-04
 2.66666667e-04 2.75862069e-04 2.73972603e-04 2.75862069e-04
 2.89855072e-04 2.77777778e-04]
Normalized class weights: [8.49482149e-05 1.09459475e-01 1.19261817e-01 1.07980293e-01
 1.06540556e-01 1.10214368e-01 1.09459475e-01 1.10214368e-01
 1.15804952e-01 1.10979746e-01]
Class counts: [4703184    3650    3350    3700    3750    3625    3650    3625    3450
    3600]
Class weights (before normalization): [2.12621917e-07 2.73972603e-04 2.98507463e-04 2.70270270e-04
 2.66666667e-04 2.75862069e-04 2.73972603e-04 2.75862069e-04
 2.89855072e-04 2.77777778e-04]
Normalized class weights: [8.49482149e-05 1.09459475e-01 1.19261817e-01 1.07980293e-01
 1.06540556e-01 1.10214368e-01 1.09459475e-01 1.10214368e-01
 1.15804952e-01 1.10979746e-01]
Class counts: [4703184    3650    3350    3700    3750    3625    3650    3625    3450
    3600]
Class weights (before normalization): [2.12621917e-07 2.73972603e-04 2.98507463e-04 2.70270270e-04
 2.66666667e-04 2.75862069e-04 2.73972603e-04 2.75862069e-04
 2.89855072e-04 2.77777778e-04]
Normalized class weights: [8.49482149e-05 1.09459475e-01 1.19261817e-01 1.07980293e-01
 1.06540556e-01 1.10214368e-01 1.09459475e-01 1.10214368e-01
 1.15804952e-01 1.10979746e-01]
Class counts: [1175796     850    1150     800     750     875     850     875    1050
     900]
Class weights (before normalization): [8.50487670e-07 1.17647059e-03 8.69565217e-04 1.25000000e-03
 1.33333333e-03 1.14285714e-03 1.17647059e-03 1.14285714e-03
 9.52380952e-04 1.11111111e-03]
Normalized class weights: [8.37432386e-05 1.15841135e-01 8.56217087e-02 1.23081206e-01
 1.31286620e-01 1.12531389e-01 1.15841135e-01 1.12531389e-01
 9.37761572e-02 1.09405517e-01]
Class counts: [1175796     850    1150     800     750     875     850     875    1050
     900]
Class weights (before normalization): [8.50487670e-07 1.17647059e-03 8.69565217e-04 1.25000000e-03
 1.33333333e-03 1.14285714e-03 1.17647059e-03 1.14285714e-03
 9.52380952e-04 1.11111111e-03]
Normalized class weights: [8.37432386e-05 1.15841135e-01 8.56217087e-02 1.23081206e-01
 1.31286620e-01 1.12531389e-01 1.15841135e-01 1.12531389e-01
 9.37761572e-02 1.09405517e-01]
Class counts: [1175796     850    1150     800     750     875     850     875    1050
     900]
Class weights (before normalization): [8.50487670e-07 1.17647059e-03 8.69565217e-04 1.25000000e-03
 1.33333333e-03 1.14285714e-03 1.17647059e-03 1.14285714e-03
 9.52380952e-04 1.11111111e-03]
Normalized class weights: [8.37432386e-05 1.15841135e-01 8.56217087e-02 1.23081206e-01
 1.31286620e-01 1.12531389e-01 1.15841135e-01 1.12531389e-01
 9.37761572e-02 1.09405517e-01]
Class counts: [4703184    3650    3350    3700    3750    3625    3650    3625    3450
    3600]
Class weights (before normalization): [2.12621917e-07 2.73972603e-04 2.98507463e-04 2.70270270e-04
 2.66666667e-04 2.75862069e-04 2.73972603e-04 2.75862069e-04
 2.89855072e-04 2.77777778e-04]
Normalized class weights: [8.49482149e-05 1.09459475e-01 1.19261817e-01 1.07980293e-01
 1.06540556e-01 1.10214368e-01 1.09459475e-01 1.10214368e-01
 1.15804952e-01 1.10979746e-01]
Class counts: [1175796     850    1150     800     750     875     850     875    1050
     900]
Class weights (before normalization): [8.50487670e-07 1.17647059e-03 8.69565217e-04 1.25000000e-03
 1.33333333e-03 1.14285714e-03 1.17647059e-03 1.14285714e-03
 9.52380952e-04 1.11111111e-03]
Normalized class weights: [8.37432386e-05 1.15841135e-01 8.56217087e-02 1.23081206e-01
 1.31286620e-01 1.12531389e-01 1.15841135e-01 1.12531389e-01
 9.37761572e-02 1.09405517e-01]
Precision: 0.9922, Recall: 0.8693, F1-Score: 0.9263
Fold 4, Epoch 1, Train Loss: 2.1890, Val Loss: 2.1802, Val Acc: 0.8935
Completed Fold 4
Starting Fold 5
Class counts: [4703184    3675    3700    3475    3425    3625    3775    3550    3550
    3625]
Class weights (before normalization): [2.12621917e-07 2.72108844e-04 2.70270270e-04 2.87769784e-04
 2.91970803e-04 2.75862069e-04 2.64900662e-04 2.81690141e-04
 2.81690141e-04 2.75862069e-04]
Normalized class weights: [8.49693239e-05 1.08741868e-01 1.08007126e-01 1.15000393e-01
 1.16679231e-01 1.10241756e-01 1.05861289e-01 1.12570807e-01
 1.12570807e-01 1.10241756e-01]
Class counts: [4703184    3675    3700    3475    3425    3625    3775    3550    3550
    3625]
Class weights (before normalization): [2.12621917e-07 2.72108844e-04 2.70270270e-04 2.87769784e-04
 2.91970803e-04 2.75862069e-04 2.64900662e-04 2.81690141e-04
 2.81690141e-04 2.75862069e-04]
Normalized class weights: [8.49693239e-05 1.08741868e-01 1.08007126e-01 1.15000393e-01
 1.16679231e-01 1.10241756e-01 1.05861289e-01 1.12570807e-01
 1.12570807e-01 1.10241756e-01]
Class counts: [4703184    3675    3700    3475    3425    3625    3775    3550    3550
    3625]
Class weights (before normalization): [2.12621917e-07 2.72108844e-04 2.70270270e-04 2.87769784e-04
 2.91970803e-04 2.75862069e-04 2.64900662e-04 2.81690141e-04
 2.81690141e-04 2.75862069e-04]
Normalized class weights: [8.49693239e-05 1.08741868e-01 1.08007126e-01 1.15000393e-01
 1.16679231e-01 1.10241756e-01 1.05861289e-01 1.12570807e-01
 1.12570807e-01 1.10241756e-01]
Class counts: [1175796     825     800    1025    1075     875     725     950     950
     875]
Class weights (before normalization): [8.50487670e-07 1.21212121e-03 1.25000000e-03 9.75609756e-04
 9.30232558e-04 1.14285714e-03 1.37931034e-03 1.05263158e-03
 1.05263158e-03 1.14285714e-03]
Normalized class weights: [8.38819539e-05 1.19549171e-01 1.23285082e-01 9.62225032e-02
 9.17470380e-02 1.12717790e-01 1.36038711e-01 1.03819017e-01
 1.03819017e-01 1.12717790e-01]
Class counts: [1175796     825     800    1025    1075     875     725     950     950
     875]
Class weights (before normalization): [8.50487670e-07 1.21212121e-03 1.25000000e-03 9.75609756e-04
 9.30232558e-04 1.14285714e-03 1.37931034e-03 1.05263158e-03
 1.05263158e-03 1.14285714e-03]
Normalized class weights: [8.38819539e-05 1.19549171e-01 1.23285082e-01 9.62225032e-02
 9.17470380e-02 1.12717790e-01 1.36038711e-01 1.03819017e-01
 1.03819017e-01 1.12717790e-01]
Class counts: [1175796     825     800    1025    1075     875     725     950     950
     875]
Class weights (before normalization): [8.50487670e-07 1.21212121e-03 1.25000000e-03 9.75609756e-04
 9.30232558e-04 1.14285714e-03 1.37931034e-03 1.05263158e-03
 1.05263158e-03 1.14285714e-03]
Normalized class weights: [8.38819539e-05 1.19549171e-01 1.23285082e-01 9.62225032e-02
 9.17470380e-02 1.12717790e-01 1.36038711e-01 1.03819017e-01
 1.03819017e-01 1.12717790e-01]
Class counts: [4703184    3675    3700    3475    3425    3625    3775    3550    3550
    3625]
Class weights (before normalization): [2.12621917e-07 2.72108844e-04 2.70270270e-04 2.87769784e-04
 2.91970803e-04 2.75862069e-04 2.64900662e-04 2.81690141e-04
 2.81690141e-04 2.75862069e-04]
Normalized class weights: [8.49693239e-05 1.08741868e-01 1.08007126e-01 1.15000393e-01
 1.16679231e-01 1.10241756e-01 1.05861289e-01 1.12570807e-01
 1.12570807e-01 1.10241756e-01]
Class counts: [1175796     825     800    1025    1075     875     725     950     950
     875]
Class weights (before normalization): [8.50487670e-07 1.21212121e-03 1.25000000e-03 9.75609756e-04
 9.30232558e-04 1.14285714e-03 1.37931034e-03 1.05263158e-03
 1.05263158e-03 1.14285714e-03]
Normalized class weights: [8.38819539e-05 1.19549171e-01 1.23285082e-01 9.62225032e-02
 9.17470380e-02 1.12717790e-01 1.36038711e-01 1.03819017e-01
 1.03819017e-01 1.12717790e-01]
Precision: 0.9908, Recall: 0.9900, F1-Score: 0.9903
Fold 5, Epoch 1, Train Loss: 2.2323, Val Loss: 2.1884, Val Acc: 0.9904
Completed Fold 5
Starting final training on all data...
Class counts: [4703184    3500    3675    3500    3775    3600    3500    3850    3600
    3400]
Class weights (before normalization): [2.12621917e-07 2.85714286e-04 2.72108844e-04 2.85714286e-04
 2.64900662e-04 2.77777778e-04 2.85714286e-04 2.59740260e-04
 2.77777778e-04 2.94117647e-04]
Normalized class weights: [8.49204200e-05 1.14113246e-01 1.08679282e-01 1.14113246e-01
 1.05800360e-01 1.10943434e-01 1.14113246e-01 1.03739314e-01
 1.10943434e-01 1.17469518e-01]
Class counts: [1175796    1000     825    1000     725     900    1000     650     900
    1100]
Class weights (before normalization): [8.50487670e-07 1.00000000e-03 1.21212121e-03 1.00000000e-03
 1.37931034e-03 1.11111111e-03 1.00000000e-03 1.53846154e-03
 1.11111111e-03 9.09090909e-04]
Normalized class weights: [8.28769216e-05 9.74463529e-02 1.18116791e-01 9.74463529e-02
 1.34408763e-01 1.08273725e-01 9.74463529e-02 1.49917466e-01
 1.08273725e-01 8.85875935e-02]
Test Loss: 2.2330, Test Accuracy: 0.9353
Precision: 0.9908, Recall: 0.9353, F1-Score: 0.9618
