nohup: ignoring input
Using device: NVIDIA GeForce RTX 3090
Using device: NVIDIA GeForce RTX 3090
Using device: NVIDIA GeForce RTX 3090
Traceback (most recent call last):
Traceback (most recent call last):
  File "/home/nishioka/GNN/DDP/DDPGAT19class4x4_2_focal_loss.py", line 34, in <module>
  File "/home/nishioka/GNN/DDP/DDPGAT19class4x4_2_focal_loss.py", line 34, in <module>
    class GATModel(torch.nn.Module):    
class GATModel(torch.nn.Module):
  File "/home/nishioka/GNN/DDP/DDPGAT19class4x4_2_focal_loss.py", line 45, in GATModel
  File "/home/nishioka/GNN/DDP/DDPGAT19class4x4_2_focal_loss.py", line 45, in GATModel
    for layer in self.modules():
    for layer in self.modules():
                  Traceback (most recent call last):
        File "/home/nishioka/GNN/DDP/DDPGAT19class4x4_2_focal_loss.py", line 34, in <module>
      ^ ^ ^ ^ 
^^NameError^: ^name 'self' is not defined
NameError: name 'self' is not defined

    class GATModel(torch.nn.Module):
  File "/home/nishioka/GNN/DDP/DDPGAT19class4x4_2_focal_loss.py", line 45, in GATModel
    for layer in self.modules():
                 ^^^^
NameError: name 'self' is not defined
Using device: NVIDIA GeForce RTX 3090
Traceback (most recent call last):
  File "/home/nishioka/GNN/DDP/DDPGAT19class4x4_2_focal_loss.py", line 34, in <module>
    class GATModel(torch.nn.Module):
  File "/home/nishioka/GNN/DDP/DDPGAT19class4x4_2_focal_loss.py", line 45, in GATModel
    for layer in self.modules():
                 ^^^^
NameError: name 'self' is not defined
[2024-10-31 13:50:39,788] torch.distributed.elastic.multiprocessing.api: [ERROR] failed (exitcode: 1) local_rank: 0 (pid: 3689716) of binary: /home/nishioka/miniconda3/envs/interstage_gnn_first/bin/python
Traceback (most recent call last):
  File "/home/nishioka/miniconda3/envs/interstage_gnn_first/bin/torchrun", line 33, in <module>
    sys.exit(load_entry_point('torch==2.2.2', 'console_scripts', 'torchrun')())
             ^^^^^^^^^^^^^^^^^^^^^^^^^^^^^^^^^^^^^^^^^^^^^^^^^^^^^^^^^^^^^^^^^
  File "/home/nishioka/miniconda3/envs/interstage_gnn_first/lib/python3.12/site-packages/torch/distributed/elastic/multiprocessing/errors/__init__.py", line 347, in wrapper
    return f(*args, **kwargs)
           ^^^^^^^^^^^^^^^^^^
  File "/home/nishioka/miniconda3/envs/interstage_gnn_first/lib/python3.12/site-packages/torch/distributed/run.py", line 812, in main
    run(args)
  File "/home/nishioka/miniconda3/envs/interstage_gnn_first/lib/python3.12/site-packages/torch/distributed/run.py", line 803, in run
    elastic_launch(
  File "/home/nishioka/miniconda3/envs/interstage_gnn_first/lib/python3.12/site-packages/torch/distributed/launcher/api.py", line 135, in __call__
    return launch_agent(self._config, self._entrypoint, list(args))
           ^^^^^^^^^^^^^^^^^^^^^^^^^^^^^^^^^^^^^^^^^^^^^^^^^^^^^^^^
  File "/home/nishioka/miniconda3/envs/interstage_gnn_first/lib/python3.12/site-packages/torch/distributed/launcher/api.py", line 268, in launch_agent
    raise ChildFailedError(
torch.distributed.elastic.multiprocessing.errors.ChildFailedError: 
============================================================
DDPGAT19class4x4_2_focal_loss.py FAILED
------------------------------------------------------------
Failures:
[1]:
  time      : 2024-10-31_13:50:39
  host      : stuttgart01
  rank      : 1 (local_rank: 1)
  exitcode  : 1 (pid: 3689717)
  error_file: <N/A>
  traceback : To enable traceback see: https://pytorch.org/docs/stable/elastic/errors.html
[2]:
  time      : 2024-10-31_13:50:39
  host      : stuttgart01
  rank      : 2 (local_rank: 2)
  exitcode  : 1 (pid: 3689718)
  error_file: <N/A>
  traceback : To enable traceback see: https://pytorch.org/docs/stable/elastic/errors.html
[3]:
  time      : 2024-10-31_13:50:39
  host      : stuttgart01
  rank      : 3 (local_rank: 3)
  exitcode  : 1 (pid: 3689719)
  error_file: <N/A>
  traceback : To enable traceback see: https://pytorch.org/docs/stable/elastic/errors.html
------------------------------------------------------------
Root Cause (first observed failure):
[0]:
  time      : 2024-10-31_13:50:39
  host      : stuttgart01
  rank      : 0 (local_rank: 0)
  exitcode  : 1 (pid: 3689716)
  error_file: <N/A>
  traceback : To enable traceback see: https://pytorch.org/docs/stable/elastic/errors.html
============================================================
