nohup: ignoring input
Using device: NVIDIA GeForce RTX 3090
Using device: NVIDIA GeForce RTX 3090
Using device: NVIDIA GeForce RTX 3090
Rank: 0, World Size: 4, Master Addr: 127.0.0.1, Master Port: 12355
Rank 0 using device: cuda:0
Using device: NVIDIA GeForce RTX 3090
Rank 3 using device: cuda:3
Rank 2 using device: cuda:2
Rank 1 using device: cuda:1
Starting Fold 1
Precision: 0.9875, Recall: 0.9931, F1-Score: 0.9903
Fold 1, Epoch 1, Train Loss: 2.6530, Val Loss: 2.6405, Val Acc: 0.9932
Completed Fold 1
Starting Fold 2
Precision: 0.9916, Recall: 0.5460, F1-Score: 0.7041
Fold 2, Epoch 1, Train Loss: 2.6167, Val Loss: 2.5746, Val Acc: 0.5494
Completed Fold 2
Starting Fold 3
Precision: 0.9928, Recall: 0.1538, F1-Score: 0.2657
Fold 3, Epoch 1, Train Loss: 2.6897, Val Loss: 2.6224, Val Acc: 0.1532
Completed Fold 3
Starting Fold 4
Precision: 0.9922, Recall: 0.7307, F1-Score: 0.8413
Fold 4, Epoch 1, Train Loss: 2.6288, Val Loss: 2.5822, Val Acc: 0.7404
Completed Fold 4
Starting Fold 5
Precision: 0.9914, Recall: 0.9871, F1-Score: 0.9892
Fold 5, Epoch 1, Train Loss: 2.5979, Val Loss: 2.5653, Val Acc: 0.9882
Completed Fold 5
Starting final training on all data...
Evaluating and Visualizing on Test Data
Traceback (most recent call last):
  File "/home/nishioka/GNN/DDP/DDPGAT19class4x4_2_focal_loss.py", line 755, in <module>
    main(args)
  File "/home/nishioka/GNN/DDP/DDPGAT19class4x4_2_focal_loss.py", line 688, in main
    evaluate_and_visualize(final_test_loader, ddp_model, device, class_weights, test_pairs=test_pairs)
  File "/home/nishioka/GNN/DDP/DDPGAT19class4x4_2_focal_loss.py", line 185, in evaluate_and_visualize
    base_filename = os.path.splitext(filename)[0]  # Remove the original file extension
                    ^^^^^^^^^^^^^^^^^^^^^^^^^^
  File "<frozen posixpath>", line 118, in splitext
TypeError: expected str, bytes or os.PathLike object, not tuple
[2024-11-04 14:14:57,690] torch.distributed.elastic.multiprocessing.api: [ERROR] failed (exitcode: 1) local_rank: 0 (pid: 1596909) of binary: /home/nishioka/miniconda3/envs/interstage_gnn_first/bin/python
Traceback (most recent call last):
  File "/home/nishioka/miniconda3/envs/interstage_gnn_first/bin/torchrun", line 33, in <module>
    sys.exit(load_entry_point('torch==2.2.2', 'console_scripts', 'torchrun')())
             ^^^^^^^^^^^^^^^^^^^^^^^^^^^^^^^^^^^^^^^^^^^^^^^^^^^^^^^^^^^^^^^^^
  File "/home/nishioka/miniconda3/envs/interstage_gnn_first/lib/python3.12/site-packages/torch/distributed/elastic/multiprocessing/errors/__init__.py", line 347, in wrapper
    return f(*args, **kwargs)
           ^^^^^^^^^^^^^^^^^^
  File "/home/nishioka/miniconda3/envs/interstage_gnn_first/lib/python3.12/site-packages/torch/distributed/run.py", line 812, in main
    run(args)
  File "/home/nishioka/miniconda3/envs/interstage_gnn_first/lib/python3.12/site-packages/torch/distributed/run.py", line 803, in run
    elastic_launch(
  File "/home/nishioka/miniconda3/envs/interstage_gnn_first/lib/python3.12/site-packages/torch/distributed/launcher/api.py", line 135, in __call__
    return launch_agent(self._config, self._entrypoint, list(args))
           ^^^^^^^^^^^^^^^^^^^^^^^^^^^^^^^^^^^^^^^^^^^^^^^^^^^^^^^^
  File "/home/nishioka/miniconda3/envs/interstage_gnn_first/lib/python3.12/site-packages/torch/distributed/launcher/api.py", line 268, in launch_agent
    raise ChildFailedError(
torch.distributed.elastic.multiprocessing.errors.ChildFailedError: 
============================================================
DDPGAT19class4x4_2_focal_loss.py FAILED
------------------------------------------------------------
Failures:
  <NO_OTHER_FAILURES>
------------------------------------------------------------
Root Cause (first observed failure):
[0]:
  time      : 2024-11-04_14:14:57
  host      : stuttgart03
  rank      : 0 (local_rank: 0)
  exitcode  : 1 (pid: 1596909)
  error_file: <N/A>
  traceback : To enable traceback see: https://pytorch.org/docs/stable/elastic/errors.html
============================================================
