nohup: ignoring input
Using device: NVIDIA GeForce RTX 3090
Using device: NVIDIA GeForce RTX 3090
Using device: NVIDIA GeForce RTX 3090
Using device: NVIDIA GeForce RTX 3090
Rank: 0, World Size: 4, Master Addr: 127.0.0.1, Master Port: 12355
Rank 0 using device: cuda:0
Rank 1 using device: cuda:1
Rank 3 using device: cuda:3
Rank 2 using device: cuda:2
Starting Fold 1
Precision: 0.9895, Recall: 0.9764, F1-Score: 0.9829
Fold 1, Epoch 1, Train Loss: 2.7190, Val Loss: 2.7173, Val Acc: 0.9791
Completed Fold 1
Starting Fold 2
Precision: 0.9904, Recall: 0.8277, F1-Score: 0.9016
Fold 2, Epoch 1, Train Loss: 2.7115, Val Loss: 2.6946, Val Acc: 0.8290
Completed Fold 2
Starting Fold 3
Precision: 0.9903, Recall: 0.9040, F1-Score: 0.9449
Fold 3, Epoch 1, Train Loss: 2.6958, Val Loss: 2.6766, Val Acc: 0.8959
Completed Fold 3
Starting Fold 4
Precision: 0.9904, Recall: 0.9205, F1-Score: 0.9540
Fold 4, Epoch 1, Train Loss: 2.6702, Val Loss: 2.6495, Val Acc: 0.9274
Completed Fold 4
Starting Fold 5
Precision: 0.9901, Recall: 0.9902, F1-Score: 0.9901
Fold 5, Epoch 1, Train Loss: 2.6493, Val Loss: 2.6518, Val Acc: 0.9906
Completed Fold 5
Starting final training on all data...

Classification Report:
               precision    recall  f1-score   support

           0       1.00      0.99      0.99   1175796
           1       0.00      0.00      0.00       475
           2       0.00      0.00      0.00       475
           3       0.00      0.00      0.00       575
           4       0.00      0.00      0.00       500
           5       0.04      0.17      0.07       400
           6       0.01      0.24      0.01       400
           7       0.00      0.00      0.00       250
           8       0.00      0.00      0.00       575
           9       0.00      0.00      0.00       475
          10       0.00      0.00      0.00       625
          11       0.00      0.00      0.00       325
          12       0.00      0.00      0.00       400
          13       0.00      0.00      0.00       600
          14       0.00      0.00      0.00       500
          15       0.00      0.00      0.00       225
          16       0.00      0.00      0.00       425
          17       0.00      0.00      0.00       350
          18       0.00      0.00      0.00       525

    accuracy                           0.98   1183896
   macro avg       0.05      0.07      0.06   1183896
weighted avg       0.99      0.98      0.98   1183896

Test Loss: 2.7171, Test Accuracy: 0.9791
Precision: 0.9893, Recall: 0.9791, F1-Score: 0.9842
