nohup: ignoring input
Using device: NVIDIA GeForce RTX 3090
Using device: NVIDIA GeForce RTX 3090
Using device: NVIDIA GeForce RTX 3090
Using device: NVIDIA GeForce RTX 3090
Rank: 0, World Size: 4, Master Addr: 127.0.0.1, Master Port: 12355
Rank 0 using device: cuda:0
Rank 3 using device: cuda:3
Rank 2 using device: cuda:2
Rank 1 using device: cuda:1
Total valid pairs: 1620
Total valid pairs: 1620
Total valid pairs: 1620
Total valid pairs: 1620
Starting Fold 1
Pair 1:
Data file: /home/nishioka/GNN/Defect_4x4_Normalized1/Normalized1_Defect4x4_ELNOD_L17B5.npy
Label file: /home/nishioka/GNN/Defect19Class_OneHot_test3/Defect19Class_L17B5.npy
x shape: torch.Size([3654, 4])
y shape: torch.Size([3654])
Pair 1:
Data file: /home/nishioka/GNN/Defect_4x4_Normalized1/Normalized1_Defect4x4_ELNOD_L17B5.npy
Pair 1:Label file: /home/nishioka/GNN/Defect19Class_OneHot_test3/Defect19Class_L17B5.npy

Data file: /home/nishioka/GNN/Defect_4x4_Normalized1/Normalized1_Defect4x4_ELNOD_L17B5.npy
Label file: /home/nishioka/GNN/Defect19Class_OneHot_test3/Defect19Class_L17B5.npy
x shape: torch.Size([3654, 4])
y shape: torch.Size([3654])x shape: torch.Size([3654, 4])

y shape: torch.Size([3654])
Pair 1:
Data file: /home/nishioka/GNN/Defect_4x4_Normalized1/Normalized1_Defect4x4_ELNOD_L17B5.npy
Label file: /home/nishioka/GNN/Defect19Class_OneHot_test3/Defect19Class_L17B5.npy
x shape: torch.Size([3654, 4])
y shape: torch.Size([3654])
Sample x: tensor([[0.0110, 0.0000, 0.0000, 0.7766],
        [0.0110, 0.0000, 0.0357, 0.7705]])Sample x: tensor([[0.0110, 0.0000, 0.0000, 0.7766],
        [0.0110, 0.0000, 0.0357, 0.7705]])

Sample x: tensor([[0.0110, 0.0000, 0.0000, 0.7766],
        [0.0110, 0.0000, 0.0357, 0.7705]])
Sample x: tensor([[0.0110, 0.0000, 0.0000, 0.7766],
        [0.0110, 0.0000, 0.0357, 0.7705]])
Sample y: tensor([0, 0])Sample y: tensor([0, 0])

Sample y: tensor([0, 0])
Sample y: tensor([0, 0])
Pair 2:Pair 2:
Pair 2:
Data file: /home/nishioka/GNN/Defect_4x4_Normalized1/Normalized1_Defect4x4_ELNOD_L11B87.npyPair 2:
Data file: /home/nishioka/GNN/Defect_4x4_Normalized1/Normalized1_Defect4x4_ELNOD_L11B87.npy

Data file: /home/nishioka/GNN/Defect_4x4_Normalized1/Normalized1_Defect4x4_ELNOD_L11B87.npy
Label file: /home/nishioka/GNN/Defect19Class_OneHot_test3/Defect19Class_L11B87.npyData file: /home/nishioka/GNN/Defect_4x4_Normalized1/Normalized1_Defect4x4_ELNOD_L11B87.npy
Label file: /home/nishioka/GNN/Defect19Class_OneHot_test3/Defect19Class_L11B87.npy

Label file: /home/nishioka/GNN/Defect19Class_OneHot_test3/Defect19Class_L11B87.npy
Label file: /home/nishioka/GNN/Defect19Class_OneHot_test3/Defect19Class_L11B87.npy

x shape: torch.Size([3654, 4])
x shape: torch.Size([3654, 4])y shape: torch.Size([3654])x shape: torch.Size([3654, 4])
x shape: torch.Size([3654, 4])

y shape: torch.Size([3654])
y shape: torch.Size([3654])
y shape: torch.Size([3654])

Sample x: tensor([[0.0110, 0.0000, 0.0000, 0.7021],
        [0.0110, 0.0000, 0.0357, 0.6920]])Sample x: tensor([[0.0110, 0.0000, 0.0000, 0.7021],
        [0.0110, 0.0000, 0.0357, 0.6920]])Sample x: tensor([[0.0110, 0.0000, 0.0000, 0.7021],
        [0.0110, 0.0000, 0.0357, 0.6920]])Sample x: tensor([[0.0110, 0.0000, 0.0000, 0.7021],
        [0.0110, 0.0000, 0.0357, 0.6920]])



Sample y: tensor([0, 0])Sample y: tensor([0, 0])
Sample y: tensor([0, 0])Sample y: tensor([0, 0])


Pair 3:
Data file: /home/nishioka/GNN/Defect_4x4_Normalized1/Normalized1_Defect4x4_ELNOD_L2B9.npy
Label file: /home/nishioka/GNN/Defect19Class_OneHot_test3/Defect19Class_L2B9.npy
Pair 3:x shape: torch.Size([3654, 4])

Pair 3:Data file: /home/nishioka/GNN/Defect_4x4_Normalized1/Normalized1_Defect4x4_ELNOD_L2B9.npyy shape: torch.Size([3654])


Data file: /home/nishioka/GNN/Defect_4x4_Normalized1/Normalized1_Defect4x4_ELNOD_L2B9.npyLabel file: /home/nishioka/GNN/Defect19Class_OneHot_test3/Defect19Class_L2B9.npy

Label file: /home/nishioka/GNN/Defect19Class_OneHot_test3/Defect19Class_L2B9.npy
x shape: torch.Size([3654, 4])
x shape: torch.Size([3654, 4])y shape: torch.Size([3654])Pair 3:


y shape: torch.Size([3654])Data file: /home/nishioka/GNN/Defect_4x4_Normalized1/Normalized1_Defect4x4_ELNOD_L2B9.npy

Label file: /home/nishioka/GNN/Defect19Class_OneHot_test3/Defect19Class_L2B9.npy
x shape: torch.Size([3654, 4])
y shape: torch.Size([3654])
Sample x: tensor([[0.0110, 0.0000, 0.0000, 0.5476],
        [0.0110, 0.0000, 0.0357, 0.5359]])
Sample x: tensor([[0.0110, 0.0000, 0.0000, 0.5476],
        [0.0110, 0.0000, 0.0357, 0.5359]])
Sample x: tensor([[0.0110, 0.0000, 0.0000, 0.5476],
        [0.0110, 0.0000, 0.0357, 0.5359]])
Sample x: tensor([[0.0110, 0.0000, 0.0000, 0.5476],
        [0.0110, 0.0000, 0.0357, 0.5359]])
Sample y: tensor([0, 0])
Sample y: tensor([0, 0])
Sample y: tensor([0, 0])
Sample y: tensor([0, 0])
Class weights: [2.12621917e-07 2.81690141e-03 2.81690141e-03 2.98507463e-03
 2.85714286e-03 2.70270270e-03 2.70270270e-03 2.50000000e-03
 2.98507463e-03 2.81690141e-03 3.07692308e-03 2.59740260e-03
 2.70270270e-03 3.03030303e-03 2.85714286e-03 2.46913580e-03
 2.73972603e-03 2.63157895e-03 2.89855072e-03]
Pair 1:
Data file: /home/nishioka/GNN/Defect_4x4_Normalized1/Normalized1_Defect4x4_ELNOD_L18B74.npy
Label file: /home/nishioka/GNN/Defect19Class_OneHot_test3/Defect19Class_L18B74.npy
x shape: torch.Size([3654, 4])
y shape: torch.Size([3654])
Sample x: tensor([[0.0110, 0.0000, 0.0000, 0.6969],
        [0.0110, 0.0000, 0.0357, 0.6920]])
Sample y: tensor([0, 0])
Pair 2:
Data file: /home/nishioka/GNN/Defect_4x4_Normalized1/Normalized1_Defect4x4_ELNOD_L8B51.npy
Label file: /home/nishioka/GNN/Defect19Class_OneHot_test3/Defect19Class_L8B51.npy
x shape: torch.Size([3654, 4])
y shape: torch.Size([3654])
Sample x: tensor([[0.0110, 0.0000, 0.0000, 0.7479],
        [0.0110, 0.0000, 0.0357, 0.7406]])
Sample y: tensor([0, 0])
Pair 3:
Data file: /home/nishioka/GNN/Defect_4x4_Normalized1/Normalized1_Defect4x4_ELNOD_L6B40.npy
Label file: /home/nishioka/GNN/Defect19Class_OneHot_test3/Defect19Class_L6B40.npy
x shape: torch.Size([3654, 4])
y shape: torch.Size([3654])
Sample x: tensor([[0.0110, 0.0000, 0.0000, 0.7031],
        [0.0110, 0.0000, 0.0357, 0.6937]])
Sample y: tensor([0, 0])
Class weights: [2.12621917e-07 2.81690141e-03 2.81690141e-03 2.98507463e-03
 2.85714286e-03 2.70270270e-03 2.70270270e-03 2.50000000e-03
 2.98507463e-03 2.81690141e-03 3.07692308e-03 2.59740260e-03
 2.70270270e-03 3.03030303e-03 2.85714286e-03 2.46913580e-03
 2.73972603e-03 2.63157895e-03 2.89855072e-03]
Class weights: [2.12621917e-07 2.81690141e-03 2.81690141e-03 2.98507463e-03
 2.85714286e-03 2.70270270e-03 2.70270270e-03 2.50000000e-03
 2.98507463e-03 2.81690141e-03 3.07692308e-03 2.59740260e-03
 2.70270270e-03 3.03030303e-03 2.85714286e-03 2.46913580e-03
 2.73972603e-03 2.63157895e-03 2.89855072e-03]
Pair 1:
Data file: /home/nishioka/GNN/Defect_4x4_Normalized1/Normalized1_Defect4x4_ELNOD_L18B74.npy
Label file: /home/nishioka/GNN/Defect19Class_OneHot_test3/Defect19Class_L18B74.npy
x shape: torch.Size([3654, 4])
y shape: torch.Size([3654])
Sample x: tensor([[0.0110, 0.0000, 0.0000, 0.6969],
        [0.0110, 0.0000, 0.0357, 0.6920]])
Sample y: tensor([0, 0])
Pair 2:
Data file: /home/nishioka/GNN/Defect_4x4_Normalized1/Normalized1_Defect4x4_ELNOD_L8B51.npy
Label file: /home/nishioka/GNN/Defect19Class_OneHot_test3/Defect19Class_L8B51.npy
x shape: torch.Size([3654, 4])
y shape: torch.Size([3654])
Sample x: tensor([[0.0110, 0.0000, 0.0000, 0.7479],
        [0.0110, 0.0000, 0.0357, 0.7406]])
Sample y: tensor([0, 0])
Pair 3:
Data file: /home/nishioka/GNN/Defect_4x4_Normalized1/Normalized1_Defect4x4_ELNOD_L6B40.npy
Label file: /home/nishioka/GNN/Defect19Class_OneHot_test3/Defect19Class_L6B40.npy
x shape: torch.Size([3654, 4])
y shape: torch.Size([3654])
Pair 1:
Data file: /home/nishioka/GNN/Defect_4x4_Normalized1/Normalized1_Defect4x4_ELNOD_L18B74.npy
Label file: /home/nishioka/GNN/Defect19Class_OneHot_test3/Defect19Class_L18B74.npy
x shape: torch.Size([3654, 4])
y shape: torch.Size([3654])
Sample x: tensor([[0.0110, 0.0000, 0.0000, 0.7031],
        [0.0110, 0.0000, 0.0357, 0.6937]])
Sample y: tensor([0, 0])
Sample x: tensor([[0.0110, 0.0000, 0.0000, 0.6969],
        [0.0110, 0.0000, 0.0357, 0.6920]])
Sample y: tensor([0, 0])
Pair 2:
Data file: /home/nishioka/GNN/Defect_4x4_Normalized1/Normalized1_Defect4x4_ELNOD_L8B51.npy
Label file: /home/nishioka/GNN/Defect19Class_OneHot_test3/Defect19Class_L8B51.npy
x shape: torch.Size([3654, 4])
y shape: torch.Size([3654])
Sample x: tensor([[0.0110, 0.0000, 0.0000, 0.7479],
        [0.0110, 0.0000, 0.0357, 0.7406]])
Sample y: tensor([0, 0])
Pair 3:
Data file: /home/nishioka/GNN/Defect_4x4_Normalized1/Normalized1_Defect4x4_ELNOD_L6B40.npy
Label file: /home/nishioka/GNN/Defect19Class_OneHot_test3/Defect19Class_L6B40.npy
x shape: torch.Size([3654, 4])
y shape: torch.Size([3654])
Sample x: tensor([[0.0110, 0.0000, 0.0000, 0.7031],
        [0.0110, 0.0000, 0.0357, 0.6937]])
Sample y: tensor([0, 0])
Class weights: [2.12621917e-07 2.81690141e-03 2.81690141e-03 2.98507463e-03
 2.85714286e-03 2.70270270e-03 2.70270270e-03 2.50000000e-03
 2.98507463e-03 2.81690141e-03 3.07692308e-03 2.59740260e-03
 2.70270270e-03 3.03030303e-03 2.85714286e-03 2.46913580e-03
 2.73972603e-03 2.63157895e-03 2.89855072e-03]
Pair 1:
Data file: /home/nishioka/GNN/Defect_4x4_Normalized1/Normalized1_Defect4x4_ELNOD_L18B74.npy
Label file: /home/nishioka/GNN/Defect19Class_OneHot_test3/Defect19Class_L18B74.npy
x shape: torch.Size([3654, 4])
y shape: torch.Size([3654])
Sample x: tensor([[0.0110, 0.0000, 0.0000, 0.6969],
        [0.0110, 0.0000, 0.0357, 0.6920]])
Sample y: tensor([0, 0])
Pair 2:
Data file: /home/nishioka/GNN/Defect_4x4_Normalized1/Normalized1_Defect4x4_ELNOD_L8B51.npy
Label file: /home/nishioka/GNN/Defect19Class_OneHot_test3/Defect19Class_L8B51.npy
x shape: torch.Size([3654, 4])
y shape: torch.Size([3654])
Sample x: tensor([[0.0110, 0.0000, 0.0000, 0.7479],
        [0.0110, 0.0000, 0.0357, 0.7406]])
Sample y: tensor([0, 0])
Pair 3:
Data file: /home/nishioka/GNN/Defect_4x4_Normalized1/Normalized1_Defect4x4_ELNOD_L6B40.npy
Label file: /home/nishioka/GNN/Defect19Class_OneHot_test3/Defect19Class_L6B40.npy
x shape: torch.Size([3654, 4])
y shape: torch.Size([3654])
Sample x: tensor([[0.0110, 0.0000, 0.0000, 0.7031],
        [0.0110, 0.0000, 0.0357, 0.6937]])
Sample y: tensor([0, 0])
Class weights: [8.50487670e-07 1.05263158e-02 1.05263158e-02 8.69565217e-03
 1.00000000e-02 1.25000000e-02 1.25000000e-02 2.00000000e-02
 8.69565217e-03 1.05263158e-02 8.00000000e-03 1.53846154e-02
 1.25000000e-02 8.33333333e-03 1.00000000e-02 2.22222222e-02
 1.17647059e-02 1.42857143e-02 9.52380952e-03]
Class weights: [8.50487670e-07 1.05263158e-02 1.05263158e-02 8.69565217e-03
 1.00000000e-02 1.25000000e-02 1.25000000e-02 2.00000000e-02
 8.69565217e-03 1.05263158e-02 8.00000000e-03 1.53846154e-02
 1.25000000e-02 8.33333333e-03 1.00000000e-02 2.22222222e-02
 1.17647059e-02 1.42857143e-02 9.52380952e-03]
Class weights: [8.50487670e-07 1.05263158e-02 1.05263158e-02 8.69565217e-03
 1.00000000e-02 1.25000000e-02 1.25000000e-02 2.00000000e-02
 8.69565217e-03 1.05263158e-02 8.00000000e-03 1.53846154e-02
 1.25000000e-02 8.33333333e-03 1.00000000e-02 2.22222222e-02
 1.17647059e-02 1.42857143e-02 9.52380952e-03]
Class weights: [8.50487670e-07 1.05263158e-02 1.05263158e-02 8.69565217e-03
 1.00000000e-02 1.25000000e-02 1.25000000e-02 2.00000000e-02
 8.69565217e-03 1.05263158e-02 8.00000000e-03 1.53846154e-02
 1.25000000e-02 8.33333333e-03 1.00000000e-02 2.22222222e-02
 1.17647059e-02 1.42857143e-02 9.52380952e-03]
Precision: 0.0000, Recall: 0.0005, F1-Score: 0.0000
Fold 1, Epoch 1, Train Loss: 2.9445, Val Loss: 2.9388, Val Acc: 0.0004
Precision: 0.0000, Recall: 0.0003, F1-Score: 0.0000
Fold 1, Epoch 2, Train Loss: 2.9317, Val Loss: 2.9284, Val Acc: 0.0003
Precision: 0.0000, Recall: 0.0004, F1-Score: 0.0000
Fold 1, Epoch 3, Train Loss: 2.9244, Val Loss: 2.9221, Val Acc: 0.0005
Precision: 0.0000, Recall: 0.0004, F1-Score: 0.0000
Fold 1, Epoch 4, Train Loss: 2.9395, Val Loss: 2.9302, Val Acc: 0.0005
Pair 1:
Data file: /home/nishioka/GNN/Defect_4x4_Normalized1/Normalized1_Defect4x4_ELNOD_L17B5.npy
Label file: /home/nishioka/GNN/Defect19Class_OneHot_test3/Defect19Class_L17B5.npy
x shape: torch.Size([3654, 4])
y shape: torch.Size([3654])
Pair 1:
Data file: /home/nishioka/GNN/Defect_4x4_Normalized1/Normalized1_Defect4x4_ELNOD_L17B5.npy
Label file: /home/nishioka/GNN/Defect19Class_OneHot_test3/Defect19Class_L17B5.npy
x shape: torch.Size([3654, 4])
y shape: torch.Size([3654])
Pair 1:
Data file: /home/nishioka/GNN/Defect_4x4_Normalized1/Normalized1_Defect4x4_ELNOD_L17B5.npy
Label file: /home/nishioka/GNN/Defect19Class_OneHot_test3/Defect19Class_L17B5.npy
x shape: torch.Size([3654, 4])
y shape: torch.Size([3654])
Sample x: tensor([[0.0110, 0.0000, 0.0000, 0.7766],
        [0.0110, 0.0000, 0.0357, 0.7705]])
Sample x: tensor([[0.0110, 0.0000, 0.0000, 0.7766],
        [0.0110, 0.0000, 0.0357, 0.7705]])
Sample y: tensor([0, 0])
Sample y: tensor([0, 0])
Sample x: tensor([[0.0110, 0.0000, 0.0000, 0.7766],
        [0.0110, 0.0000, 0.0357, 0.7705]])
Sample y: tensor([0, 0])
Pair 2:
Data file: /home/nishioka/GNN/Defect_4x4_Normalized1/Normalized1_Defect4x4_ELNOD_L11B87.npy
Label file: /home/nishioka/GNN/Defect19Class_OneHot_test3/Defect19Class_L11B87.npy
x shape: torch.Size([3654, 4])
y shape: torch.Size([3654])
Pair 2:
Data file: /home/nishioka/GNN/Defect_4x4_Normalized1/Normalized1_Defect4x4_ELNOD_L11B87.npy
Label file: /home/nishioka/GNN/Defect19Class_OneHot_test3/Defect19Class_L11B87.npy
x shape: torch.Size([3654, 4])
y shape: torch.Size([3654])
Pair 2:
Data file: /home/nishioka/GNN/Defect_4x4_Normalized1/Normalized1_Defect4x4_ELNOD_L11B87.npy
Label file: /home/nishioka/GNN/Defect19Class_OneHot_test3/Defect19Class_L11B87.npy
x shape: torch.Size([3654, 4])
y shape: torch.Size([3654])
Sample x: tensor([[0.0110, 0.0000, 0.0000, 0.7021],
        [0.0110, 0.0000, 0.0357, 0.6920]])
Sample x: tensor([[0.0110, 0.0000, 0.0000, 0.7021],
        [0.0110, 0.0000, 0.0357, 0.6920]])
Sample y: tensor([0, 0])
Sample y: tensor([0, 0])
Sample x: tensor([[0.0110, 0.0000, 0.0000, 0.7021],
        [0.0110, 0.0000, 0.0357, 0.6920]])
Sample y: tensor([0, 0])
Pair 3:
Data file: /home/nishioka/GNN/Defect_4x4_Normalized1/Normalized1_Defect4x4_ELNOD_L2B9.npy
Label file: /home/nishioka/GNN/Defect19Class_OneHot_test3/Defect19Class_L2B9.npy
x shape: torch.Size([3654, 4])
Pair 3:y shape: torch.Size([3654])

Pair 3:Data file: /home/nishioka/GNN/Defect_4x4_Normalized1/Normalized1_Defect4x4_ELNOD_L2B9.npy

Data file: /home/nishioka/GNN/Defect_4x4_Normalized1/Normalized1_Defect4x4_ELNOD_L2B9.npyLabel file: /home/nishioka/GNN/Defect19Class_OneHot_test3/Defect19Class_L2B9.npy

Label file: /home/nishioka/GNN/Defect19Class_OneHot_test3/Defect19Class_L2B9.npy
x shape: torch.Size([3654, 4])
x shape: torch.Size([3654, 4])y shape: torch.Size([3654])

y shape: torch.Size([3654])
Sample x: tensor([[0.0110, 0.0000, 0.0000, 0.5476],
        [0.0110, 0.0000, 0.0357, 0.5359]])
Sample x: tensor([[0.0110, 0.0000, 0.0000, 0.5476],
        [0.0110, 0.0000, 0.0357, 0.5359]])Sample x: tensor([[0.0110, 0.0000, 0.0000, 0.5476],
        [0.0110, 0.0000, 0.0357, 0.5359]])

Sample y: tensor([0, 0])
Sample y: tensor([0, 0])Sample y: tensor([0, 0])

Precision: 0.0000, Recall: 0.0003, F1-Score: 0.0000
Fold 1, Epoch 5, Train Loss: 2.9270, Val Loss: 2.9331, Val Acc: 0.0002
Completed Fold 1
Starting Fold 2
Pair 1:
Data file: /home/nishioka/GNN/Defect_4x4_Normalized1/Normalized1_Defect4x4_ELNOD_L17B5.npy
Label file: /home/nishioka/GNN/Defect19Class_OneHot_test3/Defect19Class_L17B5.npy
x shape: torch.Size([3654, 4])
y shape: torch.Size([3654])
Sample x: tensor([[0.0110, 0.0000, 0.0000, 0.7766],
        [0.0110, 0.0000, 0.0357, 0.7705]])
Sample y: tensor([0, 0])
Pair 2:
Data file: /home/nishioka/GNN/Defect_4x4_Normalized1/Normalized1_Defect4x4_ELNOD_L11B87.npy
Label file: /home/nishioka/GNN/Defect19Class_OneHot_test3/Defect19Class_L11B87.npy
x shape: torch.Size([3654, 4])
y shape: torch.Size([3654])
Sample x: tensor([[0.0110, 0.0000, 0.0000, 0.7021],
        [0.0110, 0.0000, 0.0357, 0.6920]])
Sample y: tensor([0, 0])
Pair 3:
Data file: /home/nishioka/GNN/Defect_4x4_Normalized1/Normalized1_Defect4x4_ELNOD_L2B9.npy
Label file: /home/nishioka/GNN/Defect19Class_OneHot_test3/Defect19Class_L2B9.npy
x shape: torch.Size([3654, 4])
y shape: torch.Size([3654])
Sample x: tensor([[0.0110, 0.0000, 0.0000, 0.5476],
        [0.0110, 0.0000, 0.0357, 0.5359]])
Sample y: tensor([0, 0])
Class weights: [2.12621917e-07 2.85714286e-03 2.73972603e-03 2.77777778e-03
 2.46913580e-03 2.73972603e-03 2.77777778e-03 2.85714286e-03
 2.63157895e-03 2.85714286e-03 2.63157895e-03 2.77777778e-03
 2.70270270e-03 2.85714286e-03 3.03030303e-03 2.94117647e-03
 2.70270270e-03 2.89855072e-03 2.85714286e-03]
Pair 1:
Data file: /home/nishioka/GNN/Defect_4x4_Normalized1/Normalized1_Defect4x4_ELNOD_L11B44.npy
Label file: /home/nishioka/GNN/Defect19Class_OneHot_test3/Defect19Class_L11B44.npy
x shape: torch.Size([3654, 4])
y shape: torch.Size([3654])
Sample x: tensor([[0.0110, 0.0000, 0.0000, 0.6208],
        [0.0110, 0.0000, 0.0357, 0.6121]])
Sample y: tensor([0, 0])
Pair 2:
Data file: /home/nishioka/GNN/Defect_4x4_Normalized1/Normalized1_Defect4x4_ELNOD_L18B60.npy
Label file: /home/nishioka/GNN/Defect19Class_OneHot_test3/Defect19Class_L18B60.npy
x shape: torch.Size([3654, 4])
y shape: torch.Size([3654])
Sample x: tensor([[0.0110, 0.0000, 0.0000, 0.5756],
        [0.0110, 0.0000, 0.0357, 0.5702]])
Sample y: tensor([0, 0])
Pair 3:
Data file: /home/nishioka/GNN/Defect_4x4_Normalized1/Normalized1_Defect4x4_ELNOD_L15B7.npy
Label file: /home/nishioka/GNN/Defect19Class_OneHot_test3/Defect19Class_L15B7.npy
x shape: torch.Size([3654, 4])
y shape: torch.Size([3654])
Sample x: tensor([[0.0110, 0.0000, 0.0000, 0.5735],
        [0.0110, 0.0000, 0.0357, 0.5670]])
Sample y: tensor([0, 0])
Class weights: [2.12621917e-07 2.85714286e-03 2.73972603e-03 2.77777778e-03
 2.46913580e-03 2.73972603e-03 2.77777778e-03 2.85714286e-03
 2.63157895e-03 2.85714286e-03 2.63157895e-03 2.77777778e-03
 2.70270270e-03 2.85714286e-03 3.03030303e-03 2.94117647e-03
 2.70270270e-03 2.89855072e-03 2.85714286e-03]
Pair 1:
Data file: /home/nishioka/GNN/Defect_4x4_Normalized1/Normalized1_Defect4x4_ELNOD_L11B44.npy
Label file: /home/nishioka/GNN/Defect19Class_OneHot_test3/Defect19Class_L11B44.npy
x shape: torch.Size([3654, 4])
y shape: torch.Size([3654])
Sample x: tensor([[0.0110, 0.0000, 0.0000, 0.6208],
        [0.0110, 0.0000, 0.0357, 0.6121]])
Sample y: tensor([0, 0])
Pair 2:
Data file: /home/nishioka/GNN/Defect_4x4_Normalized1/Normalized1_Defect4x4_ELNOD_L18B60.npy
Label file: /home/nishioka/GNN/Defect19Class_OneHot_test3/Defect19Class_L18B60.npy
x shape: torch.Size([3654, 4])
y shape: torch.Size([3654])
Sample x: tensor([[0.0110, 0.0000, 0.0000, 0.5756],
        [0.0110, 0.0000, 0.0357, 0.5702]])
Sample y: tensor([0, 0])
Pair 3:
Data file: /home/nishioka/GNN/Defect_4x4_Normalized1/Normalized1_Defect4x4_ELNOD_L15B7.npy
Label file: /home/nishioka/GNN/Defect19Class_OneHot_test3/Defect19Class_L15B7.npy
x shape: torch.Size([3654, 4])
y shape: torch.Size([3654])
Sample x: tensor([[0.0110, 0.0000, 0.0000, 0.5735],
        [0.0110, 0.0000, 0.0357, 0.5670]])
Sample y: tensor([0, 0])
Class weights: [2.12621917e-07 2.85714286e-03 2.73972603e-03 2.77777778e-03
 2.46913580e-03 2.73972603e-03 2.77777778e-03 2.85714286e-03
 2.63157895e-03 2.85714286e-03 2.63157895e-03 2.77777778e-03
 2.70270270e-03 2.85714286e-03 3.03030303e-03 2.94117647e-03
 2.70270270e-03 2.89855072e-03 2.85714286e-03]
Pair 1:
Data file: /home/nishioka/GNN/Defect_4x4_Normalized1/Normalized1_Defect4x4_ELNOD_L11B44.npy
Label file: /home/nishioka/GNN/Defect19Class_OneHot_test3/Defect19Class_L11B44.npy
x shape: torch.Size([3654, 4])
y shape: torch.Size([3654])
Sample x: tensor([[0.0110, 0.0000, 0.0000, 0.6208],
        [0.0110, 0.0000, 0.0357, 0.6121]])
Sample y: tensor([0, 0])
Pair 2:
Data file: /home/nishioka/GNN/Defect_4x4_Normalized1/Normalized1_Defect4x4_ELNOD_L18B60.npy
Label file: /home/nishioka/GNN/Defect19Class_OneHot_test3/Defect19Class_L18B60.npy
x shape: torch.Size([3654, 4])
y shape: torch.Size([3654])
Sample x: tensor([[0.0110, 0.0000, 0.0000, 0.5756],
        [0.0110, 0.0000, 0.0357, 0.5702]])
Sample y: tensor([0, 0])
Pair 3:
Data file: /home/nishioka/GNN/Defect_4x4_Normalized1/Normalized1_Defect4x4_ELNOD_L15B7.npy
Label file: /home/nishioka/GNN/Defect19Class_OneHot_test3/Defect19Class_L15B7.npy
x shape: torch.Size([3654, 4])
y shape: torch.Size([3654])
Sample x: tensor([[0.0110, 0.0000, 0.0000, 0.5735],
        [0.0110, 0.0000, 0.0357, 0.5670]])
Sample y: tensor([0, 0])
Class weights: [2.12621917e-07 2.85714286e-03 2.73972603e-03 2.77777778e-03
 2.46913580e-03 2.73972603e-03 2.77777778e-03 2.85714286e-03
 2.63157895e-03 2.85714286e-03 2.63157895e-03 2.77777778e-03
 2.70270270e-03 2.85714286e-03 3.03030303e-03 2.94117647e-03
 2.70270270e-03 2.89855072e-03 2.85714286e-03]
Pair 1:
Data file: /home/nishioka/GNN/Defect_4x4_Normalized1/Normalized1_Defect4x4_ELNOD_L11B44.npy
Label file: /home/nishioka/GNN/Defect19Class_OneHot_test3/Defect19Class_L11B44.npy
x shape: torch.Size([3654, 4])
y shape: torch.Size([3654])
Sample x: tensor([[0.0110, 0.0000, 0.0000, 0.6208],
        [0.0110, 0.0000, 0.0357, 0.6121]])
Sample y: tensor([0, 0])
Pair 2:
Data file: /home/nishioka/GNN/Defect_4x4_Normalized1/Normalized1_Defect4x4_ELNOD_L18B60.npy
Label file: /home/nishioka/GNN/Defect19Class_OneHot_test3/Defect19Class_L18B60.npy
x shape: torch.Size([3654, 4])
y shape: torch.Size([3654])
Sample x: tensor([[0.0110, 0.0000, 0.0000, 0.5756],
        [0.0110, 0.0000, 0.0357, 0.5702]])
Sample y: tensor([0, 0])
Pair 3:
Data file: /home/nishioka/GNN/Defect_4x4_Normalized1/Normalized1_Defect4x4_ELNOD_L15B7.npy
Label file: /home/nishioka/GNN/Defect19Class_OneHot_test3/Defect19Class_L15B7.npy
x shape: torch.Size([3654, 4])
y shape: torch.Size([3654])
Sample x: tensor([[0.0110, 0.0000, 0.0000, 0.5735],
        [0.0110, 0.0000, 0.0357, 0.5670]])
Sample y: tensor([0, 0])
Class weights: [8.50487670e-07 1.00000000e-02 1.17647059e-02 1.11111111e-02
 2.22222222e-02 1.17647059e-02 1.11111111e-02 1.00000000e-02
 1.42857143e-02 1.00000000e-02 1.42857143e-02 1.11111111e-02
 1.25000000e-02 1.00000000e-02 8.33333333e-03 9.09090909e-03
 1.25000000e-02 9.52380952e-03 1.00000000e-02]
Class weights: [8.50487670e-07 1.00000000e-02 1.17647059e-02 1.11111111e-02
 2.22222222e-02 1.17647059e-02 1.11111111e-02 1.00000000e-02
 1.42857143e-02 1.00000000e-02 1.42857143e-02 1.11111111e-02
 1.25000000e-02 1.00000000e-02 8.33333333e-03 9.09090909e-03
 1.25000000e-02 9.52380952e-03 1.00000000e-02]
Class weights: [8.50487670e-07 1.00000000e-02 1.17647059e-02 1.11111111e-02
 2.22222222e-02 1.17647059e-02 1.11111111e-02 1.00000000e-02
 1.42857143e-02 1.00000000e-02 1.42857143e-02 1.11111111e-02
 1.25000000e-02 1.00000000e-02 8.33333333e-03 9.09090909e-03
 1.25000000e-02 9.52380952e-03 1.00000000e-02]
Class weights: [8.50487670e-07 1.00000000e-02 1.17647059e-02 1.11111111e-02
 2.22222222e-02 1.17647059e-02 1.11111111e-02 1.00000000e-02
 1.42857143e-02 1.00000000e-02 1.42857143e-02 1.11111111e-02
 1.25000000e-02 1.00000000e-02 8.33333333e-03 9.09090909e-03
 1.25000000e-02 9.52380952e-03 1.00000000e-02]
Precision: 0.0000, Recall: 0.0004, F1-Score: 0.0000
Fold 2, Epoch 1, Train Loss: 2.9266, Val Loss: 2.9200, Val Acc: 0.0005
Precision: 0.0000, Recall: 0.0003, F1-Score: 0.0000
Fold 2, Epoch 2, Train Loss: 2.9239, Val Loss: 2.9175, Val Acc: 0.0004
Precision: 0.0000, Recall: 0.0003, F1-Score: 0.0000
Fold 2, Epoch 3, Train Loss: 2.9195, Val Loss: 2.9154, Val Acc: 0.0004
Precision: 0.0000, Recall: 0.0003, F1-Score: 0.0000
Fold 2, Epoch 4, Train Loss: 2.9207, Val Loss: 2.9129, Val Acc: 0.0004
Pair 1:Pair 1:

Data file: /home/nishioka/GNN/Defect_4x4_Normalized1/Normalized1_Defect4x4_ELNOD_L11B87.npyData file: /home/nishioka/GNN/Defect_4x4_Normalized1/Normalized1_Defect4x4_ELNOD_L11B87.npy

Label file: /home/nishioka/GNN/Defect19Class_OneHot_test3/Defect19Class_L11B87.npyLabel file: /home/nishioka/GNN/Defect19Class_OneHot_test3/Defect19Class_L11B87.npy

x shape: torch.Size([3654, 4])x shape: torch.Size([3654, 4])

y shape: torch.Size([3654])y shape: torch.Size([3654])

Pair 1:
Data file: /home/nishioka/GNN/Defect_4x4_Normalized1/Normalized1_Defect4x4_ELNOD_L11B87.npy
Label file: /home/nishioka/GNN/Defect19Class_OneHot_test3/Defect19Class_L11B87.npy
x shape: torch.Size([3654, 4])
y shape: torch.Size([3654])
Sample x: tensor([[0.0110, 0.0000, 0.0000, 0.7021],
        [0.0110, 0.0000, 0.0357, 0.6920]])Sample x: tensor([[0.0110, 0.0000, 0.0000, 0.7021],
        [0.0110, 0.0000, 0.0357, 0.6920]])

Sample y: tensor([0, 0])Sample y: tensor([0, 0])

Sample x: tensor([[0.0110, 0.0000, 0.0000, 0.7021],
        [0.0110, 0.0000, 0.0357, 0.6920]])
Sample y: tensor([0, 0])
Pair 2:Pair 2:

Data file: /home/nishioka/GNN/Defect_4x4_Normalized1/Normalized1_Defect4x4_ELNOD_L16B71.npyData file: /home/nishioka/GNN/Defect_4x4_Normalized1/Normalized1_Defect4x4_ELNOD_L16B71.npy

Label file: /home/nishioka/GNN/Defect19Class_OneHot_test3/Defect19Class_L16B71.npyLabel file: /home/nishioka/GNN/Defect19Class_OneHot_test3/Defect19Class_L16B71.npy

x shape: torch.Size([3654, 4])x shape: torch.Size([3654, 4])

y shape: torch.Size([3654])y shape: torch.Size([3654])

Pair 2:
Data file: /home/nishioka/GNN/Defect_4x4_Normalized1/Normalized1_Defect4x4_ELNOD_L16B71.npy
Label file: /home/nishioka/GNN/Defect19Class_OneHot_test3/Defect19Class_L16B71.npy
x shape: torch.Size([3654, 4])
y shape: torch.Size([3654])
Sample x: tensor([[0.0110, 0.0000, 0.0000, 0.6866],
        [0.0110, 0.0000, 0.0357, 0.6787]])Sample x: tensor([[0.0110, 0.0000, 0.0000, 0.6866],
        [0.0110, 0.0000, 0.0357, 0.6787]])

Sample y: tensor([0, 0])
Sample y: tensor([0, 0])
Sample x: tensor([[0.0110, 0.0000, 0.0000, 0.6866],
        [0.0110, 0.0000, 0.0357, 0.6787]])
Sample y: tensor([0, 0])
Pair 3:Pair 3:

Data file: /home/nishioka/GNN/Defect_4x4_Normalized1/Normalized1_Defect4x4_ELNOD_L18B48.npyData file: /home/nishioka/GNN/Defect_4x4_Normalized1/Normalized1_Defect4x4_ELNOD_L18B48.npy

Label file: /home/nishioka/GNN/Defect19Class_OneHot_test3/Defect19Class_L18B48.npyLabel file: /home/nishioka/GNN/Defect19Class_OneHot_test3/Defect19Class_L18B48.npy

x shape: torch.Size([3654, 4])x shape: torch.Size([3654, 4])

y shape: torch.Size([3654])y shape: torch.Size([3654])

Pair 3:
Data file: /home/nishioka/GNN/Defect_4x4_Normalized1/Normalized1_Defect4x4_ELNOD_L18B48.npy
Label file: /home/nishioka/GNN/Defect19Class_OneHot_test3/Defect19Class_L18B48.npy
x shape: torch.Size([3654, 4])
y shape: torch.Size([3654])
Sample x: tensor([[0.0110, 0.0000, 0.0000, 0.6054],
        [0.0110, 0.0000, 0.0357, 0.6009]])
Sample x: tensor([[0.0110, 0.0000, 0.0000, 0.6054],
        [0.0110, 0.0000, 0.0357, 0.6009]])
Sample x: tensor([[0.0110, 0.0000, 0.0000, 0.6054],
        [0.0110, 0.0000, 0.0357, 0.6009]])Sample y: tensor([0, 0])

Sample y: tensor([0, 0])
Sample y: tensor([0, 0])
Precision: 0.0001, Recall: 0.0004, F1-Score: 0.0000
Fold 2, Epoch 5, Train Loss: 2.9150, Val Loss: 2.9083, Val Acc: 0.0004
Completed Fold 2
Starting Fold 3
Pair 1:
Data file: /home/nishioka/GNN/Defect_4x4_Normalized1/Normalized1_Defect4x4_ELNOD_L11B87.npy
Label file: /home/nishioka/GNN/Defect19Class_OneHot_test3/Defect19Class_L11B87.npy
x shape: torch.Size([3654, 4])
y shape: torch.Size([3654])
Sample x: tensor([[0.0110, 0.0000, 0.0000, 0.7021],
        [0.0110, 0.0000, 0.0357, 0.6920]])
Sample y: tensor([0, 0])
Pair 2:
Data file: /home/nishioka/GNN/Defect_4x4_Normalized1/Normalized1_Defect4x4_ELNOD_L16B71.npy
Label file: /home/nishioka/GNN/Defect19Class_OneHot_test3/Defect19Class_L16B71.npy
x shape: torch.Size([3654, 4])
y shape: torch.Size([3654])
Sample x: tensor([[0.0110, 0.0000, 0.0000, 0.6866],
        [0.0110, 0.0000, 0.0357, 0.6787]])
Sample y: tensor([0, 0])
Pair 3:
Data file: /home/nishioka/GNN/Defect_4x4_Normalized1/Normalized1_Defect4x4_ELNOD_L18B48.npy
Label file: /home/nishioka/GNN/Defect19Class_OneHot_test3/Defect19Class_L18B48.npy
x shape: torch.Size([3654, 4])
y shape: torch.Size([3654])
Sample x: tensor([[0.0110, 0.0000, 0.0000, 0.6054],
        [0.0110, 0.0000, 0.0357, 0.6009]])
Sample y: tensor([0, 0])
Class weights: [2.12621917e-07 2.63157895e-03 2.73972603e-03 2.70270270e-03
 3.03030303e-03 2.77777778e-03 2.98507463e-03 2.89855072e-03
 2.53164557e-03 2.59740260e-03 2.77777778e-03 2.89855072e-03
 3.03030303e-03 2.70270270e-03 2.66666667e-03 2.98507463e-03
 2.73972603e-03 2.63157895e-03 2.81690141e-03]
Pair 1:
Data file: /home/nishioka/GNN/Defect_4x4_Normalized1/Normalized1_Defect4x4_ELNOD_L17B5.npy
Label file: /home/nishioka/GNN/Defect19Class_OneHot_test3/Defect19Class_L17B5.npy
x shape: torch.Size([3654, 4])
y shape: torch.Size([3654])
Sample x: tensor([[0.0110, 0.0000, 0.0000, 0.7766],
        [0.0110, 0.0000, 0.0357, 0.7705]])
Sample y: tensor([0, 0])
Pair 2:
Data file: /home/nishioka/GNN/Defect_4x4_Normalized1/Normalized1_Defect4x4_ELNOD_L2B9.npy
Label file: /home/nishioka/GNN/Defect19Class_OneHot_test3/Defect19Class_L2B9.npy
x shape: torch.Size([3654, 4])
y shape: torch.Size([3654])
Sample x: tensor([[0.0110, 0.0000, 0.0000, 0.5476],
        [0.0110, 0.0000, 0.0357, 0.5359]])
Sample y: tensor([0, 0])
Pair 3:
Data file: /home/nishioka/GNN/Defect_4x4_Normalized1/Normalized1_Defect4x4_ELNOD_L11B78.npy
Label file: /home/nishioka/GNN/Defect19Class_OneHot_test3/Defect19Class_L11B78.npy
x shape: torch.Size([3654, 4])
y shape: torch.Size([3654])
Sample x: tensor([[0.0110, 0.0000, 0.0000, 0.5790],
        [0.0110, 0.0000, 0.0357, 0.5722]])
Sample y: tensor([0, 0])
Class weights: [2.12621917e-07 2.63157895e-03 2.73972603e-03 2.70270270e-03
 3.03030303e-03 2.77777778e-03 2.98507463e-03 2.89855072e-03
 2.53164557e-03 2.59740260e-03 2.77777778e-03 2.89855072e-03
 3.03030303e-03 2.70270270e-03 2.66666667e-03 2.98507463e-03
 2.73972603e-03 2.63157895e-03 2.81690141e-03]
Class weights: [2.12621917e-07 2.63157895e-03 2.73972603e-03 2.70270270e-03
 3.03030303e-03 2.77777778e-03 2.98507463e-03 2.89855072e-03
 2.53164557e-03 2.59740260e-03 2.77777778e-03 2.89855072e-03
 3.03030303e-03 2.70270270e-03 2.66666667e-03 2.98507463e-03
 2.73972603e-03 2.63157895e-03 2.81690141e-03]
Pair 1:
Data file: /home/nishioka/GNN/Defect_4x4_Normalized1/Normalized1_Defect4x4_ELNOD_L17B5.npy
Label file: /home/nishioka/GNN/Defect19Class_OneHot_test3/Defect19Class_L17B5.npy
x shape: torch.Size([3654, 4])
y shape: torch.Size([3654])
Sample x: tensor([[0.0110, 0.0000, 0.0000, 0.7766],
        [0.0110, 0.0000, 0.0357, 0.7705]])
Sample y: tensor([0, 0])
Pair 2:
Data file: /home/nishioka/GNN/Defect_4x4_Normalized1/Normalized1_Defect4x4_ELNOD_L2B9.npy
Label file: /home/nishioka/GNN/Defect19Class_OneHot_test3/Defect19Class_L2B9.npy
x shape: torch.Size([3654, 4])
y shape: torch.Size([3654])
Sample x: tensor([[0.0110, 0.0000, 0.0000, 0.5476],
        [0.0110, 0.0000, 0.0357, 0.5359]])
Sample y: tensor([0, 0])
Pair 3:
Data file: /home/nishioka/GNN/Defect_4x4_Normalized1/Normalized1_Defect4x4_ELNOD_L11B78.npy
Label file: /home/nishioka/GNN/Defect19Class_OneHot_test3/Defect19Class_L11B78.npy
x shape: torch.Size([3654, 4])
y shape: torch.Size([3654])
Sample x: tensor([[0.0110, 0.0000, 0.0000, 0.5790],
        [0.0110, 0.0000, 0.0357, 0.5722]])
Sample y: tensor([0, 0])
Pair 1:
Data file: /home/nishioka/GNN/Defect_4x4_Normalized1/Normalized1_Defect4x4_ELNOD_L17B5.npy
Label file: /home/nishioka/GNN/Defect19Class_OneHot_test3/Defect19Class_L17B5.npy
x shape: torch.Size([3654, 4])
y shape: torch.Size([3654])
Sample x: tensor([[0.0110, 0.0000, 0.0000, 0.7766],
        [0.0110, 0.0000, 0.0357, 0.7705]])
Sample y: tensor([0, 0])
Pair 2:
Data file: /home/nishioka/GNN/Defect_4x4_Normalized1/Normalized1_Defect4x4_ELNOD_L2B9.npy
Label file: /home/nishioka/GNN/Defect19Class_OneHot_test3/Defect19Class_L2B9.npy
x shape: torch.Size([3654, 4])
y shape: torch.Size([3654])
Sample x: tensor([[0.0110, 0.0000, 0.0000, 0.5476],
        [0.0110, 0.0000, 0.0357, 0.5359]])
Sample y: tensor([0, 0])
Pair 3:
Data file: /home/nishioka/GNN/Defect_4x4_Normalized1/Normalized1_Defect4x4_ELNOD_L11B78.npy
Label file: /home/nishioka/GNN/Defect19Class_OneHot_test3/Defect19Class_L11B78.npy
x shape: torch.Size([3654, 4])
y shape: torch.Size([3654])
Sample x: tensor([[0.0110, 0.0000, 0.0000, 0.5790],
        [0.0110, 0.0000, 0.0357, 0.5722]])
Sample y: tensor([0, 0])
Class weights: [8.50487670e-07 1.42857143e-02 1.17647059e-02 1.25000000e-02
 8.33333333e-03 1.11111111e-02 8.69565217e-03 9.52380952e-03
 1.81818182e-02 1.53846154e-02 1.11111111e-02 9.52380952e-03
 8.33333333e-03 1.25000000e-02 1.33333333e-02 8.69565217e-03
 1.17647059e-02 1.42857143e-02 1.05263158e-02]
Class weights: [8.50487670e-07 1.42857143e-02 1.17647059e-02 1.25000000e-02
 8.33333333e-03 1.11111111e-02 8.69565217e-03 9.52380952e-03
 1.81818182e-02 1.53846154e-02 1.11111111e-02 9.52380952e-03
 8.33333333e-03 1.25000000e-02 1.33333333e-02 8.69565217e-03
 1.17647059e-02 1.42857143e-02 1.05263158e-02]
Class weights: [8.50487670e-07 1.42857143e-02 1.17647059e-02 1.25000000e-02
 8.33333333e-03 1.11111111e-02 8.69565217e-03 9.52380952e-03
 1.81818182e-02 1.53846154e-02 1.11111111e-02 9.52380952e-03
 8.33333333e-03 1.25000000e-02 1.33333333e-02 8.69565217e-03
 1.17647059e-02 1.42857143e-02 1.05263158e-02]
Class weights: [2.12621917e-07 2.63157895e-03 2.73972603e-03 2.70270270e-03
 3.03030303e-03 2.77777778e-03 2.98507463e-03 2.89855072e-03
 2.53164557e-03 2.59740260e-03 2.77777778e-03 2.89855072e-03
 3.03030303e-03 2.70270270e-03 2.66666667e-03 2.98507463e-03
 2.73972603e-03 2.63157895e-03 2.81690141e-03]
Pair 1:
Data file: /home/nishioka/GNN/Defect_4x4_Normalized1/Normalized1_Defect4x4_ELNOD_L17B5.npy
Label file: /home/nishioka/GNN/Defect19Class_OneHot_test3/Defect19Class_L17B5.npy
x shape: torch.Size([3654, 4])
y shape: torch.Size([3654])
Sample x: tensor([[0.0110, 0.0000, 0.0000, 0.7766],
        [0.0110, 0.0000, 0.0357, 0.7705]])
Sample y: tensor([0, 0])
Pair 2:
Data file: /home/nishioka/GNN/Defect_4x4_Normalized1/Normalized1_Defect4x4_ELNOD_L2B9.npy
Label file: /home/nishioka/GNN/Defect19Class_OneHot_test3/Defect19Class_L2B9.npy
x shape: torch.Size([3654, 4])
y shape: torch.Size([3654])
Sample x: tensor([[0.0110, 0.0000, 0.0000, 0.5476],
        [0.0110, 0.0000, 0.0357, 0.5359]])
Sample y: tensor([0, 0])
Pair 3:
Data file: /home/nishioka/GNN/Defect_4x4_Normalized1/Normalized1_Defect4x4_ELNOD_L11B78.npy
Label file: /home/nishioka/GNN/Defect19Class_OneHot_test3/Defect19Class_L11B78.npy
x shape: torch.Size([3654, 4])
y shape: torch.Size([3654])
Sample x: tensor([[0.0110, 0.0000, 0.0000, 0.5790],
        [0.0110, 0.0000, 0.0357, 0.5722]])
Sample y: tensor([0, 0])
Class weights: [8.50487670e-07 1.42857143e-02 1.17647059e-02 1.25000000e-02
 8.33333333e-03 1.11111111e-02 8.69565217e-03 9.52380952e-03
 1.81818182e-02 1.53846154e-02 1.11111111e-02 9.52380952e-03
 8.33333333e-03 1.25000000e-02 1.33333333e-02 8.69565217e-03
 1.17647059e-02 1.42857143e-02 1.05263158e-02]
Precision: 0.0002, Recall: 0.0006, F1-Score: 0.0002
Fold 3, Epoch 1, Train Loss: 2.9184, Val Loss: 2.9052, Val Acc: 0.0006
Precision: 0.0001, Recall: 0.0007, F1-Score: 0.0002
Fold 3, Epoch 2, Train Loss: 2.9095, Val Loss: 2.9006, Val Acc: 0.0006
Precision: 0.0001, Recall: 0.0007, F1-Score: 0.0002
Fold 3, Epoch 3, Train Loss: 2.9027, Val Loss: 2.9045, Val Acc: 0.0006
Precision: 0.0001, Recall: 0.0008, F1-Score: 0.0001
Fold 3, Epoch 4, Train Loss: 2.8995, Val Loss: 2.9064, Val Acc: 0.0006
Pair 1:Pair 1:Pair 1:


Data file: /home/nishioka/GNN/Defect_4x4_Normalized1/Normalized1_Defect4x4_ELNOD_L17B5.npyData file: /home/nishioka/GNN/Defect_4x4_Normalized1/Normalized1_Defect4x4_ELNOD_L17B5.npyData file: /home/nishioka/GNN/Defect_4x4_Normalized1/Normalized1_Defect4x4_ELNOD_L17B5.npy


Label file: /home/nishioka/GNN/Defect19Class_OneHot_test3/Defect19Class_L17B5.npyLabel file: /home/nishioka/GNN/Defect19Class_OneHot_test3/Defect19Class_L17B5.npyLabel file: /home/nishioka/GNN/Defect19Class_OneHot_test3/Defect19Class_L17B5.npy


x shape: torch.Size([3654, 4])x shape: torch.Size([3654, 4])
x shape: torch.Size([3654, 4])
y shape: torch.Size([3654])
y shape: torch.Size([3654])
y shape: torch.Size([3654])

Sample x: tensor([[0.0110, 0.0000, 0.0000, 0.7766],
        [0.0110, 0.0000, 0.0357, 0.7705]])Sample x: tensor([[0.0110, 0.0000, 0.0000, 0.7766],
        [0.0110, 0.0000, 0.0357, 0.7705]])Sample x: tensor([[0.0110, 0.0000, 0.0000, 0.7766],
        [0.0110, 0.0000, 0.0357, 0.7705]])


Sample y: tensor([0, 0])Sample y: tensor([0, 0])Sample y: tensor([0, 0])


Pair 2:
Data file: /home/nishioka/GNN/Defect_4x4_Normalized1/Normalized1_Defect4x4_ELNOD_L11B87.npy
Label file: /home/nishioka/GNN/Defect19Class_OneHot_test3/Defect19Class_L11B87.npy
Pair 2:Pair 2:
x shape: torch.Size([3654, 4])
Data file: /home/nishioka/GNN/Defect_4x4_Normalized1/Normalized1_Defect4x4_ELNOD_L11B87.npy
Data file: /home/nishioka/GNN/Defect_4x4_Normalized1/Normalized1_Defect4x4_ELNOD_L11B87.npy
y shape: torch.Size([3654])
Label file: /home/nishioka/GNN/Defect19Class_OneHot_test3/Defect19Class_L11B87.npy
Label file: /home/nishioka/GNN/Defect19Class_OneHot_test3/Defect19Class_L11B87.npy

x shape: torch.Size([3654, 4])x shape: torch.Size([3654, 4])

y shape: torch.Size([3654])y shape: torch.Size([3654])

Sample x: tensor([[0.0110, 0.0000, 0.0000, 0.7021],
        [0.0110, 0.0000, 0.0357, 0.6920]])
Sample x: tensor([[0.0110, 0.0000, 0.0000, 0.7021],
        [0.0110, 0.0000, 0.0357, 0.6920]])Sample x: tensor([[0.0110, 0.0000, 0.0000, 0.7021],
        [0.0110, 0.0000, 0.0357, 0.6920]])

Sample y: tensor([0, 0])
Sample y: tensor([0, 0])Sample y: tensor([0, 0])

Pair 3:
Data file: /home/nishioka/GNN/Defect_4x4_Normalized1/Normalized1_Defect4x4_ELNOD_L2B9.npy
Label file: /home/nishioka/GNN/Defect19Class_OneHot_test3/Defect19Class_L2B9.npy
x shape: torch.Size([3654, 4])
Pair 3:y shape: torch.Size([3654])Pair 3:


Data file: /home/nishioka/GNN/Defect_4x4_Normalized1/Normalized1_Defect4x4_ELNOD_L2B9.npyData file: /home/nishioka/GNN/Defect_4x4_Normalized1/Normalized1_Defect4x4_ELNOD_L2B9.npy

Label file: /home/nishioka/GNN/Defect19Class_OneHot_test3/Defect19Class_L2B9.npyLabel file: /home/nishioka/GNN/Defect19Class_OneHot_test3/Defect19Class_L2B9.npy

x shape: torch.Size([3654, 4])x shape: torch.Size([3654, 4])

y shape: torch.Size([3654])y shape: torch.Size([3654])

Sample x: tensor([[0.0110, 0.0000, 0.0000, 0.5476],
        [0.0110, 0.0000, 0.0357, 0.5359]])
Sample x: tensor([[0.0110, 0.0000, 0.0000, 0.5476],
        [0.0110, 0.0000, 0.0357, 0.5359]])Sample x: tensor([[0.0110, 0.0000, 0.0000, 0.5476],
        [0.0110, 0.0000, 0.0357, 0.5359]])

Sample y: tensor([0, 0])
Sample y: tensor([0, 0])Sample y: tensor([0, 0])

Precision: 0.0001, Recall: 0.0007, F1-Score: 0.0002
Fold 3, Epoch 5, Train Loss: 2.8953, Val Loss: 2.9073, Val Acc: 0.0005
Completed Fold 3
Starting Fold 4
Pair 1:
Data file: /home/nishioka/GNN/Defect_4x4_Normalized1/Normalized1_Defect4x4_ELNOD_L17B5.npy
Label file: /home/nishioka/GNN/Defect19Class_OneHot_test3/Defect19Class_L17B5.npy
x shape: torch.Size([3654, 4])
y shape: torch.Size([3654])
Sample x: tensor([[0.0110, 0.0000, 0.0000, 0.7766],
        [0.0110, 0.0000, 0.0357, 0.7705]])
Sample y: tensor([0, 0])
Pair 2:
Data file: /home/nishioka/GNN/Defect_4x4_Normalized1/Normalized1_Defect4x4_ELNOD_L11B87.npy
Label file: /home/nishioka/GNN/Defect19Class_OneHot_test3/Defect19Class_L11B87.npy
x shape: torch.Size([3654, 4])
y shape: torch.Size([3654])
Sample x: tensor([[0.0110, 0.0000, 0.0000, 0.7021],
        [0.0110, 0.0000, 0.0357, 0.6920]])
Sample y: tensor([0, 0])
Pair 3:
Data file: /home/nishioka/GNN/Defect_4x4_Normalized1/Normalized1_Defect4x4_ELNOD_L2B9.npy
Label file: /home/nishioka/GNN/Defect19Class_OneHot_test3/Defect19Class_L2B9.npy
x shape: torch.Size([3654, 4])
y shape: torch.Size([3654])
Sample x: tensor([[0.0110, 0.0000, 0.0000, 0.5476],
        [0.0110, 0.0000, 0.0357, 0.5359]])
Sample y: tensor([0, 0])
Class weights: [2.12621917e-07 2.77777778e-03 2.89855072e-03 2.70270270e-03
 2.77777778e-03 2.85714286e-03 2.77777778e-03 2.77777778e-03
 2.70270270e-03 2.85714286e-03 2.70270270e-03 3.12500000e-03
 2.73972603e-03 2.70270270e-03 2.66666667e-03 2.56410256e-03
 2.70270270e-03 3.07692308e-03 2.70270270e-03]
Class weights: [2.12621917e-07 2.77777778e-03 2.89855072e-03 2.70270270e-03
 2.77777778e-03 2.85714286e-03 2.77777778e-03 2.77777778e-03
 2.70270270e-03 2.85714286e-03 2.70270270e-03 3.12500000e-03
 2.73972603e-03 2.70270270e-03 2.66666667e-03 2.56410256e-03
 2.70270270e-03 3.07692308e-03 2.70270270e-03]
Pair 1:
Data file: /home/nishioka/GNN/Defect_4x4_Normalized1/Normalized1_Defect4x4_ELNOD_L16B71.npy
Label file: /home/nishioka/GNN/Defect19Class_OneHot_test3/Defect19Class_L16B71.npy
x shape: torch.Size([3654, 4])
y shape: torch.Size([3654])
Sample x: tensor([[0.0110, 0.0000, 0.0000, 0.6866],
        [0.0110, 0.0000, 0.0357, 0.6787]])
Sample y: tensor([0, 0])
Pair 2:
Data file: /home/nishioka/GNN/Defect_4x4_Normalized1/Normalized1_Defect4x4_ELNOD_L18B48.npy
Label file: /home/nishioka/GNN/Defect19Class_OneHot_test3/Defect19Class_L18B48.npy
x shape: torch.Size([3654, 4])
y shape: torch.Size([3654])
Sample x: tensor([[0.0110, 0.0000, 0.0000, 0.6054],
        [0.0110, 0.0000, 0.0357, 0.6009]])
Sample y: tensor([0, 0])
Pair 3:
Data file: /home/nishioka/GNN/Defect_4x4_Normalized1/Normalized1_Defect4x4_ELNOD_L2B30.npy
Label file: /home/nishioka/GNN/Defect19Class_OneHot_test3/Defect19Class_L2B30.npy
x shape: torch.Size([3654, 4])
y shape: torch.Size([3654])
Sample x: tensor([[0.0110, 0.0000, 0.0000, 0.6080],
        [0.0110, 0.0000, 0.0357, 0.6036]])
Sample y: tensor([0, 0])
Pair 1:
Data file: /home/nishioka/GNN/Defect_4x4_Normalized1/Normalized1_Defect4x4_ELNOD_L16B71.npy
Label file: /home/nishioka/GNN/Defect19Class_OneHot_test3/Defect19Class_L16B71.npy
x shape: torch.Size([3654, 4])
y shape: torch.Size([3654])
Sample x: tensor([[0.0110, 0.0000, 0.0000, 0.6866],
        [0.0110, 0.0000, 0.0357, 0.6787]])
Sample y: tensor([0, 0])
Pair 2:
Data file: /home/nishioka/GNN/Defect_4x4_Normalized1/Normalized1_Defect4x4_ELNOD_L18B48.npy
Label file: /home/nishioka/GNN/Defect19Class_OneHot_test3/Defect19Class_L18B48.npy
x shape: torch.Size([3654, 4])
y shape: torch.Size([3654])
Sample x: tensor([[0.0110, 0.0000, 0.0000, 0.6054],
        [0.0110, 0.0000, 0.0357, 0.6009]])
Sample y: tensor([0, 0])
Pair 3:
Data file: /home/nishioka/GNN/Defect_4x4_Normalized1/Normalized1_Defect4x4_ELNOD_L2B30.npy
Label file: /home/nishioka/GNN/Defect19Class_OneHot_test3/Defect19Class_L2B30.npy
x shape: torch.Size([3654, 4])
y shape: torch.Size([3654])
Sample x: tensor([[0.0110, 0.0000, 0.0000, 0.6080],
        [0.0110, 0.0000, 0.0357, 0.6036]])
Sample y: tensor([0, 0])
Class weights: [2.12621917e-07 2.77777778e-03 2.89855072e-03 2.70270270e-03
 2.77777778e-03 2.85714286e-03 2.77777778e-03 2.77777778e-03
 2.70270270e-03 2.85714286e-03 2.70270270e-03 3.12500000e-03
 2.73972603e-03 2.70270270e-03 2.66666667e-03 2.56410256e-03
 2.70270270e-03 3.07692308e-03 2.70270270e-03]
Pair 1:
Data file: /home/nishioka/GNN/Defect_4x4_Normalized1/Normalized1_Defect4x4_ELNOD_L16B71.npy
Label file: /home/nishioka/GNN/Defect19Class_OneHot_test3/Defect19Class_L16B71.npy
x shape: torch.Size([3654, 4])
y shape: torch.Size([3654])
Sample x: tensor([[0.0110, 0.0000, 0.0000, 0.6866],
        [0.0110, 0.0000, 0.0357, 0.6787]])
Sample y: tensor([0, 0])
Pair 2:
Data file: /home/nishioka/GNN/Defect_4x4_Normalized1/Normalized1_Defect4x4_ELNOD_L18B48.npy
Label file: /home/nishioka/GNN/Defect19Class_OneHot_test3/Defect19Class_L18B48.npy
x shape: torch.Size([3654, 4])
y shape: torch.Size([3654])
Sample x: tensor([[0.0110, 0.0000, 0.0000, 0.6054],
        [0.0110, 0.0000, 0.0357, 0.6009]])
Sample y: tensor([0, 0])
Pair 3:
Data file: /home/nishioka/GNN/Defect_4x4_Normalized1/Normalized1_Defect4x4_ELNOD_L2B30.npy
Label file: /home/nishioka/GNN/Defect19Class_OneHot_test3/Defect19Class_L2B30.npy
x shape: torch.Size([3654, 4])
y shape: torch.Size([3654])
Sample x: tensor([[0.0110, 0.0000, 0.0000, 0.6080],
        [0.0110, 0.0000, 0.0357, 0.6036]])
Sample y: tensor([0, 0])
Class weights: [8.50487670e-07 1.11111111e-02 9.52380952e-03 1.25000000e-02
 1.11111111e-02 1.00000000e-02 1.11111111e-02 1.11111111e-02
 1.25000000e-02 1.00000000e-02 1.25000000e-02 7.69230769e-03
 1.17647059e-02 1.25000000e-02 1.33333333e-02 1.66666667e-02
 1.25000000e-02 8.00000000e-03 1.25000000e-02]
Class weights: [8.50487670e-07 1.11111111e-02 9.52380952e-03 1.25000000e-02
 1.11111111e-02 1.00000000e-02 1.11111111e-02 1.11111111e-02
 1.25000000e-02 1.00000000e-02 1.25000000e-02 7.69230769e-03
 1.17647059e-02 1.25000000e-02 1.33333333e-02 1.66666667e-02
 1.25000000e-02 8.00000000e-03 1.25000000e-02]
Class weights: [8.50487670e-07 1.11111111e-02 9.52380952e-03 1.25000000e-02
 1.11111111e-02 1.00000000e-02 1.11111111e-02 1.11111111e-02
 1.25000000e-02 1.00000000e-02 1.25000000e-02 7.69230769e-03
 1.17647059e-02 1.25000000e-02 1.33333333e-02 1.66666667e-02
 1.25000000e-02 8.00000000e-03 1.25000000e-02]
Class weights: [2.12621917e-07 2.77777778e-03 2.89855072e-03 2.70270270e-03
 2.77777778e-03 2.85714286e-03 2.77777778e-03 2.77777778e-03
 2.70270270e-03 2.85714286e-03 2.70270270e-03 3.12500000e-03
 2.73972603e-03 2.70270270e-03 2.66666667e-03 2.56410256e-03
 2.70270270e-03 3.07692308e-03 2.70270270e-03]
Pair 1:
Data file: /home/nishioka/GNN/Defect_4x4_Normalized1/Normalized1_Defect4x4_ELNOD_L16B71.npy
Label file: /home/nishioka/GNN/Defect19Class_OneHot_test3/Defect19Class_L16B71.npy
x shape: torch.Size([3654, 4])
y shape: torch.Size([3654])
Sample x: tensor([[0.0110, 0.0000, 0.0000, 0.6866],
        [0.0110, 0.0000, 0.0357, 0.6787]])
Sample y: tensor([0, 0])
Pair 2:
Data file: /home/nishioka/GNN/Defect_4x4_Normalized1/Normalized1_Defect4x4_ELNOD_L18B48.npy
Label file: /home/nishioka/GNN/Defect19Class_OneHot_test3/Defect19Class_L18B48.npy
x shape: torch.Size([3654, 4])
y shape: torch.Size([3654])
Sample x: tensor([[0.0110, 0.0000, 0.0000, 0.6054],
        [0.0110, 0.0000, 0.0357, 0.6009]])
Sample y: tensor([0, 0])
Pair 3:
Data file: /home/nishioka/GNN/Defect_4x4_Normalized1/Normalized1_Defect4x4_ELNOD_L2B30.npy
Label file: /home/nishioka/GNN/Defect19Class_OneHot_test3/Defect19Class_L2B30.npy
x shape: torch.Size([3654, 4])
y shape: torch.Size([3654])
Sample x: tensor([[0.0110, 0.0000, 0.0000, 0.6080],
        [0.0110, 0.0000, 0.0357, 0.6036]])
Sample y: tensor([0, 0])
Class weights: [8.50487670e-07 1.11111111e-02 9.52380952e-03 1.25000000e-02
 1.11111111e-02 1.00000000e-02 1.11111111e-02 1.11111111e-02
 1.25000000e-02 1.00000000e-02 1.25000000e-02 7.69230769e-03
 1.17647059e-02 1.25000000e-02 1.33333333e-02 1.66666667e-02
 1.25000000e-02 8.00000000e-03 1.25000000e-02]
Precision: 0.0000, Recall: 0.0003, F1-Score: 0.0000
Fold 4, Epoch 1, Train Loss: 2.8945, Val Loss: 2.8871, Val Acc: 0.0004
Precision: 0.0000, Recall: 0.0005, F1-Score: 0.0000
Fold 4, Epoch 2, Train Loss: 2.8833, Val Loss: 2.8855, Val Acc: 0.0005
Precision: 0.0000, Recall: 0.0006, F1-Score: 0.0000
Fold 4, Epoch 3, Train Loss: 2.8820, Val Loss: 2.8887, Val Acc: 0.0005
Precision: 0.0000, Recall: 0.0005, F1-Score: 0.0000
Fold 4, Epoch 4, Train Loss: 2.8773, Val Loss: 2.9025, Val Acc: 0.0004
Pair 1:
Pair 1:Pair 1:Data file: /home/nishioka/GNN/Defect_4x4_Normalized1/Normalized1_Defect4x4_ELNOD_L17B5.npy


Data file: /home/nishioka/GNN/Defect_4x4_Normalized1/Normalized1_Defect4x4_ELNOD_L17B5.npyData file: /home/nishioka/GNN/Defect_4x4_Normalized1/Normalized1_Defect4x4_ELNOD_L17B5.npyLabel file: /home/nishioka/GNN/Defect19Class_OneHot_test3/Defect19Class_L17B5.npy


Label file: /home/nishioka/GNN/Defect19Class_OneHot_test3/Defect19Class_L17B5.npyLabel file: /home/nishioka/GNN/Defect19Class_OneHot_test3/Defect19Class_L17B5.npy

x shape: torch.Size([3654, 4])
x shape: torch.Size([3654, 4])y shape: torch.Size([3654])x shape: torch.Size([3654, 4])


y shape: torch.Size([3654])y shape: torch.Size([3654])

Sample x: tensor([[0.0110, 0.0000, 0.0000, 0.7766],
        [0.0110, 0.0000, 0.0357, 0.7705]])Sample x: tensor([[0.0110, 0.0000, 0.0000, 0.7766],
        [0.0110, 0.0000, 0.0357, 0.7705]])Sample x: tensor([[0.0110, 0.0000, 0.0000, 0.7766],
        [0.0110, 0.0000, 0.0357, 0.7705]])


Sample y: tensor([0, 0])
Sample y: tensor([0, 0])
Sample y: tensor([0, 0])
Pair 2:
Data file: /home/nishioka/GNN/Defect_4x4_Normalized1/Normalized1_Defect4x4_ELNOD_L2B9.npy
Label file: /home/nishioka/GNN/Defect19Class_OneHot_test3/Defect19Class_L2B9.npy
Pair 2:Pair 2:x shape: torch.Size([3654, 4])


Data file: /home/nishioka/GNN/Defect_4x4_Normalized1/Normalized1_Defect4x4_ELNOD_L2B9.npyData file: /home/nishioka/GNN/Defect_4x4_Normalized1/Normalized1_Defect4x4_ELNOD_L2B9.npyy shape: torch.Size([3654])


Label file: /home/nishioka/GNN/Defect19Class_OneHot_test3/Defect19Class_L2B9.npyLabel file: /home/nishioka/GNN/Defect19Class_OneHot_test3/Defect19Class_L2B9.npy

x shape: torch.Size([3654, 4])x shape: torch.Size([3654, 4])

y shape: torch.Size([3654])y shape: torch.Size([3654])

Sample x: tensor([[0.0110, 0.0000, 0.0000, 0.5476],
        [0.0110, 0.0000, 0.0357, 0.5359]])
Sample x: tensor([[0.0110, 0.0000, 0.0000, 0.5476],
        [0.0110, 0.0000, 0.0357, 0.5359]])Sample x: tensor([[0.0110, 0.0000, 0.0000, 0.5476],
        [0.0110, 0.0000, 0.0357, 0.5359]])

Sample y: tensor([0, 0])
Sample y: tensor([0, 0])Sample y: tensor([0, 0])

Pair 3:
Data file: /home/nishioka/GNN/Defect_4x4_Normalized1/Normalized1_Defect4x4_ELNOD_L11B78.npy
Label file: /home/nishioka/GNN/Defect19Class_OneHot_test3/Defect19Class_L11B78.npy
x shape: torch.Size([3654, 4])
y shape: torch.Size([3654])
Pair 3:
Data file: /home/nishioka/GNN/Defect_4x4_Normalized1/Normalized1_Defect4x4_ELNOD_L11B78.npy
Label file: /home/nishioka/GNN/Defect19Class_OneHot_test3/Defect19Class_L11B78.npy
Pair 3:x shape: torch.Size([3654, 4])

Data file: /home/nishioka/GNN/Defect_4x4_Normalized1/Normalized1_Defect4x4_ELNOD_L11B78.npyy shape: torch.Size([3654])

Label file: /home/nishioka/GNN/Defect19Class_OneHot_test3/Defect19Class_L11B78.npy
x shape: torch.Size([3654, 4])
y shape: torch.Size([3654])
Sample x: tensor([[0.0110, 0.0000, 0.0000, 0.5790],
        [0.0110, 0.0000, 0.0357, 0.5722]])
Sample x: tensor([[0.0110, 0.0000, 0.0000, 0.5790],
        [0.0110, 0.0000, 0.0357, 0.5722]])
Sample y: tensor([0, 0])Sample x: tensor([[0.0110, 0.0000, 0.0000, 0.5790],
        [0.0110, 0.0000, 0.0357, 0.5722]])

Sample y: tensor([0, 0])
Sample y: tensor([0, 0])
Precision: 0.0000, Recall: 0.0006, F1-Score: 0.0000
Fold 4, Epoch 5, Train Loss: 2.8865, Val Loss: 2.8895, Val Acc: 0.0005
Completed Fold 4
Starting Fold 5
Pair 1:
Data file: /home/nishioka/GNN/Defect_4x4_Normalized1/Normalized1_Defect4x4_ELNOD_L17B5.npy
Label file: /home/nishioka/GNN/Defect19Class_OneHot_test3/Defect19Class_L17B5.npy
x shape: torch.Size([3654, 4])
y shape: torch.Size([3654])
Sample x: tensor([[0.0110, 0.0000, 0.0000, 0.7766],
        [0.0110, 0.0000, 0.0357, 0.7705]])
Sample y: tensor([0, 0])
Pair 2:
Data file: /home/nishioka/GNN/Defect_4x4_Normalized1/Normalized1_Defect4x4_ELNOD_L2B9.npy
Label file: /home/nishioka/GNN/Defect19Class_OneHot_test3/Defect19Class_L2B9.npy
x shape: torch.Size([3654, 4])
y shape: torch.Size([3654])
Sample x: tensor([[0.0110, 0.0000, 0.0000, 0.5476],
        [0.0110, 0.0000, 0.0357, 0.5359]])
Sample y: tensor([0, 0])
Pair 3:
Data file: /home/nishioka/GNN/Defect_4x4_Normalized1/Normalized1_Defect4x4_ELNOD_L11B78.npy
Label file: /home/nishioka/GNN/Defect19Class_OneHot_test3/Defect19Class_L11B78.npy
x shape: torch.Size([3654, 4])
y shape: torch.Size([3654])
Sample x: tensor([[0.0110, 0.0000, 0.0000, 0.5790],
        [0.0110, 0.0000, 0.0357, 0.5722]])
Sample y: tensor([0, 0])
Class weights: [2.12621917e-07 2.81690141e-03 2.70270270e-03 2.73972603e-03
 2.81690141e-03 2.81690141e-03 2.66666667e-03 2.89855072e-03
 3.12500000e-03 2.77777778e-03 2.73972603e-03 2.56410256e-03
 2.73972603e-03 2.63157895e-03 2.70270270e-03 3.03030303e-03
 3.03030303e-03 2.70270270e-03 2.63157895e-03]
Class weights: [2.12621917e-07 2.81690141e-03 2.70270270e-03 2.73972603e-03
 2.81690141e-03 2.81690141e-03 2.66666667e-03 2.89855072e-03
 3.12500000e-03 2.77777778e-03 2.73972603e-03 2.56410256e-03
 2.73972603e-03 2.63157895e-03 2.70270270e-03 3.03030303e-03
 3.03030303e-03 2.70270270e-03 2.63157895e-03]
Pair 1:
Data file: /home/nishioka/GNN/Defect_4x4_Normalized1/Normalized1_Defect4x4_ELNOD_L11B87.npy
Label file: /home/nishioka/GNN/Defect19Class_OneHot_test3/Defect19Class_L11B87.npy
x shape: torch.Size([3654, 4])
y shape: torch.Size([3654])
Sample x: tensor([[0.0110, 0.0000, 0.0000, 0.7021],
        [0.0110, 0.0000, 0.0357, 0.6920]])
Sample y: tensor([0, 0])
Pair 1:
Data file: /home/nishioka/GNN/Defect_4x4_Normalized1/Normalized1_Defect4x4_ELNOD_L11B87.npy
Label file: /home/nishioka/GNN/Defect19Class_OneHot_test3/Defect19Class_L11B87.npy
x shape: torch.Size([3654, 4])
y shape: torch.Size([3654])
Pair 2:
Data file: /home/nishioka/GNN/Defect_4x4_Normalized1/Normalized1_Defect4x4_ELNOD_L5B11.npy
Label file: /home/nishioka/GNN/Defect19Class_OneHot_test3/Defect19Class_L5B11.npy
x shape: torch.Size([3654, 4])
y shape: torch.Size([3654])
Sample x: tensor([[0.0110, 0.0000, 0.0000, 0.7021],
        [0.0110, 0.0000, 0.0357, 0.6920]])
Sample y: tensor([0, 0])
Sample x: tensor([[0.0110, 0.0000, 0.0000, 0.7512],
        [0.0110, 0.0000, 0.0357, 0.7422]])
Sample y: tensor([0, 0])
Pair 2:
Data file: /home/nishioka/GNN/Defect_4x4_Normalized1/Normalized1_Defect4x4_ELNOD_L5B11.npy
Label file: /home/nishioka/GNN/Defect19Class_OneHot_test3/Defect19Class_L5B11.npy
x shape: torch.Size([3654, 4])
y shape: torch.Size([3654])
Pair 3:
Data file: /home/nishioka/GNN/Defect_4x4_Normalized1/Normalized1_Defect4x4_ELNOD_L2B24.npy
Label file: /home/nishioka/GNN/Defect19Class_OneHot_test3/Defect19Class_L2B24.npy
x shape: torch.Size([3654, 4])
y shape: torch.Size([3654])
Sample x: tensor([[0.0110, 0.0000, 0.0000, 0.7512],
        [0.0110, 0.0000, 0.0357, 0.7422]])
Sample y: tensor([0, 0])
Sample x: tensor([[0.0110, 0.0000, 0.0000, 0.6084],
        [0.0110, 0.0000, 0.0357, 0.6040]])Class weights:
 Sample y: tensor([0, 0])
[2.12621917e-07 2.81690141e-03 2.70270270e-03 2.73972603e-03
 2.81690141e-03 2.81690141e-03 2.66666667e-03 2.89855072e-03
 3.12500000e-03 2.77777778e-03 2.73972603e-03 2.56410256e-03
 2.73972603e-03 2.63157895e-03 2.70270270e-03 3.03030303e-03
 3.03030303e-03 2.70270270e-03 2.63157895e-03]
Pair 3:
Data file: /home/nishioka/GNN/Defect_4x4_Normalized1/Normalized1_Defect4x4_ELNOD_L2B24.npy
Label file: /home/nishioka/GNN/Defect19Class_OneHot_test3/Defect19Class_L2B24.npy
x shape: torch.Size([3654, 4])
y shape: torch.Size([3654])
Sample x: tensor([[0.0110, 0.0000, 0.0000, 0.6084],
        [0.0110, 0.0000, 0.0357, 0.6040]])
Sample y: tensor([0, 0])
Pair 1:
Data file: /home/nishioka/GNN/Defect_4x4_Normalized1/Normalized1_Defect4x4_ELNOD_L11B87.npy
Label file: /home/nishioka/GNN/Defect19Class_OneHot_test3/Defect19Class_L11B87.npy
x shape: torch.Size([3654, 4])
y shape: torch.Size([3654])
Sample x: tensor([[0.0110, 0.0000, 0.0000, 0.7021],
        [0.0110, 0.0000, 0.0357, 0.6920]])
Sample y: tensor([0, 0])
Pair 2:
Data file: /home/nishioka/GNN/Defect_4x4_Normalized1/Normalized1_Defect4x4_ELNOD_L5B11.npy
Label file: /home/nishioka/GNN/Defect19Class_OneHot_test3/Defect19Class_L5B11.npy
x shape: torch.Size([3654, 4])
y shape: torch.Size([3654])
Sample x: tensor([[0.0110, 0.0000, 0.0000, 0.7512],
        [0.0110, 0.0000, 0.0357, 0.7422]])
Sample y: tensor([0, 0])
Pair 3:
Data file: /home/nishioka/GNN/Defect_4x4_Normalized1/Normalized1_Defect4x4_ELNOD_L2B24.npy
Label file: /home/nishioka/GNN/Defect19Class_OneHot_test3/Defect19Class_L2B24.npy
x shape: torch.Size([3654, 4])
y shape: torch.Size([3654])
Sample x: tensor([[0.0110, 0.0000, 0.0000, 0.6084],
        [0.0110, 0.0000, 0.0357, 0.6040]])
Sample y: tensor([0, 0])
Class weights: [8.50487670e-07 1.05263158e-02 1.25000000e-02 1.17647059e-02
 1.05263158e-02 1.05263158e-02 1.33333333e-02 9.52380952e-03
 7.69230769e-03 1.11111111e-02 1.17647059e-02 1.66666667e-02
 1.17647059e-02 1.42857143e-02 1.25000000e-02 8.33333333e-03
 8.33333333e-03 1.25000000e-02 1.42857143e-02]
Class weights: [8.50487670e-07 1.05263158e-02 1.25000000e-02 1.17647059e-02
 1.05263158e-02 1.05263158e-02 1.33333333e-02 9.52380952e-03
 7.69230769e-03 1.11111111e-02 1.17647059e-02 1.66666667e-02
 1.17647059e-02 1.42857143e-02 1.25000000e-02 8.33333333e-03
 8.33333333e-03 1.25000000e-02 1.42857143e-02]
Class weights: [8.50487670e-07 1.05263158e-02 1.25000000e-02 1.17647059e-02
 1.05263158e-02 1.05263158e-02 1.33333333e-02 9.52380952e-03
 7.69230769e-03 1.11111111e-02 1.17647059e-02 1.66666667e-02
 1.17647059e-02 1.42857143e-02 1.25000000e-02 8.33333333e-03
 8.33333333e-03 1.25000000e-02 1.42857143e-02]
Class weights: [2.12621917e-07 2.81690141e-03 2.70270270e-03 2.73972603e-03
 2.81690141e-03 2.81690141e-03 2.66666667e-03 2.89855072e-03
 3.12500000e-03 2.77777778e-03 2.73972603e-03 2.56410256e-03
 2.73972603e-03 2.63157895e-03 2.70270270e-03 3.03030303e-03
 3.03030303e-03 2.70270270e-03 2.63157895e-03]
Pair 1:
Data file: /home/nishioka/GNN/Defect_4x4_Normalized1/Normalized1_Defect4x4_ELNOD_L11B87.npy
Label file: /home/nishioka/GNN/Defect19Class_OneHot_test3/Defect19Class_L11B87.npy
x shape: torch.Size([3654, 4])
y shape: torch.Size([3654])
Sample x: tensor([[0.0110, 0.0000, 0.0000, 0.7021],
        [0.0110, 0.0000, 0.0357, 0.6920]])
Sample y: tensor([0, 0])
Pair 2:
Data file: /home/nishioka/GNN/Defect_4x4_Normalized1/Normalized1_Defect4x4_ELNOD_L5B11.npy
Label file: /home/nishioka/GNN/Defect19Class_OneHot_test3/Defect19Class_L5B11.npy
x shape: torch.Size([3654, 4])
y shape: torch.Size([3654])
Sample x: tensor([[0.0110, 0.0000, 0.0000, 0.7512],
        [0.0110, 0.0000, 0.0357, 0.7422]])
Sample y: tensor([0, 0])
Pair 3:
Data file: /home/nishioka/GNN/Defect_4x4_Normalized1/Normalized1_Defect4x4_ELNOD_L2B24.npy
Label file: /home/nishioka/GNN/Defect19Class_OneHot_test3/Defect19Class_L2B24.npy
x shape: torch.Size([3654, 4])
y shape: torch.Size([3654])
Sample x: tensor([[0.0110, 0.0000, 0.0000, 0.6084],
        [0.0110, 0.0000, 0.0357, 0.6040]])
Sample y: tensor([0, 0])
Class weights: [8.50487670e-07 1.05263158e-02 1.25000000e-02 1.17647059e-02
 1.05263158e-02 1.05263158e-02 1.33333333e-02 9.52380952e-03
 7.69230769e-03 1.11111111e-02 1.17647059e-02 1.66666667e-02
 1.17647059e-02 1.42857143e-02 1.25000000e-02 8.33333333e-03
 8.33333333e-03 1.25000000e-02 1.42857143e-02]
Precision: 0.0001, Recall: 0.0005, F1-Score: 0.0001
Fold 5, Epoch 1, Train Loss: 2.8848, Val Loss: 2.8692, Val Acc: 0.0006
Precision: 0.0000, Recall: 0.0004, F1-Score: 0.0000
Fold 5, Epoch 2, Train Loss: 2.8737, Val Loss: 2.8724, Val Acc: 0.0005
Precision: 0.0000, Recall: 0.0005, F1-Score: 0.0000
Fold 5, Epoch 3, Train Loss: 2.8751, Val Loss: 2.8695, Val Acc: 0.0004
Precision: 0.0000, Recall: 0.0004, F1-Score: 0.0000
Fold 5, Epoch 4, Train Loss: 2.8708, Val Loss: 2.8678, Val Acc: 0.0005
Precision: 0.9932, Recall: 0.1012, F1-Score: 0.1829
Fold 5, Epoch 5, Train Loss: 2.8603, Val Loss: 2.8666, Val Acc: 0.1186
Completed Fold 5
Starting final training on all data...
Pair 1:
Data file: /home/nishioka/GNN/Defect_4x4_Normalized1/Normalized1_Defect4x4_ELNOD_L4B24.npy
Label file: /home/nishioka/GNN/Defect19Class_OneHot_test3/Defect19Class_L4B24.npy
x shape: torch.Size([3654, 4])
y shape: torch.Size([3654])
Sample x: tensor([[0.0110, 0.0000, 0.0000, 0.6828],
        [0.0110, 0.0000, 0.0357, 0.6772]])
Sample y: tensor([0, 0])
Pair 2:
Data file: /home/nishioka/GNN/Defect_4x4_Normalized1/Normalized1_Defect4x4_ELNOD_L6B23.npy
Label file: /home/nishioka/GNN/Defect19Class_OneHot_test3/Defect19Class_L6B23.npy
x shape: torch.Size([3654, 4])
y shape: torch.Size([3654])
Sample x: tensor([[0.0110, 0.0000, 0.0000, 0.7105],
        [0.0110, 0.0000, 0.0357, 0.7009]])
Sample y: tensor([0, 0])
Pair 3:
Data file: /home/nishioka/GNN/Defect_4x4_Normalized1/Normalized1_Defect4x4_ELNOD_L7B86.npy
Label file: /home/nishioka/GNN/Defect19Class_OneHot_test3/Defect19Class_L7B86.npy
x shape: torch.Size([3654, 4])
y shape: torch.Size([3654])
Sample x: tensor([[0.0110, 0.0000, 0.0000, 0.7604],
        [0.0110, 0.0000, 0.0357, 0.7529]])
Sample y: tensor([0, 0])
Class weights: [2.12621917e-07 2.81690141e-03 2.81690141e-03 2.98507463e-03
 2.85714286e-03 2.70270270e-03 2.70270270e-03 2.50000000e-03
 2.98507463e-03 2.81690141e-03 3.07692308e-03 2.59740260e-03
 2.70270270e-03 3.03030303e-03 2.85714286e-03 2.46913580e-03
 2.73972603e-03 2.63157895e-03 2.89855072e-03]
Pair 1:
Data file: /home/nishioka/GNN/Defect_4x4_Normalized1/Normalized1_Defect4x4_ELNOD_L6B43.npy
Label file: /home/nishioka/GNN/Defect19Class_OneHot_test3/Defect19Class_L6B43.npy
x shape: torch.Size([3654, 4])
y shape: torch.Size([3654])
Sample x: tensor([[0.0110, 0.0000, 0.0000, 0.7178],
        [0.0110, 0.0000, 0.0357, 0.7089]])
Sample y: tensor([0, 0])
Pair 2:
Data file: /home/nishioka/GNN/Defect_4x4_Normalized1/Normalized1_Defect4x4_ELNOD_L8B33.npy
Label file: /home/nishioka/GNN/Defect19Class_OneHot_test3/Defect19Class_L8B33.npy
x shape: torch.Size([3654, 4])
y shape: torch.Size([3654])
Sample x: tensor([[0.0110, 0.0000, 0.0000, 0.7886],
        [0.0110, 0.0000, 0.0357, 0.7828]])
Sample y: tensor([0, 0])
Pair 3:
Data file: /home/nishioka/GNN/Defect_4x4_Normalized1/Normalized1_Defect4x4_ELNOD_L9B20.npy
Label file: /home/nishioka/GNN/Defect19Class_OneHot_test3/Defect19Class_L9B20.npy
x shape: torch.Size([3654, 4])
y shape: torch.Size([3654])
Sample x: tensor([[0.0110, 0.0000, 0.0000, 0.7661],
        [0.0110, 0.0000, 0.0357, 0.7600]])
Sample y: tensor([0, 0])
Class weights: [8.50487670e-07 1.05263158e-02 1.05263158e-02 8.69565217e-03
 1.00000000e-02 1.25000000e-02 1.25000000e-02 2.00000000e-02
 8.69565217e-03 1.05263158e-02 8.00000000e-03 1.53846154e-02
 1.25000000e-02 8.33333333e-03 1.00000000e-02 2.22222222e-02
 1.17647059e-02 1.42857143e-02 9.52380952e-03]

Classification Report:
               precision    recall  f1-score   support

           0       0.00      0.00      0.00   1175796
           1       0.00      0.00      0.00       475
           2       0.00      0.00      0.00       475
           3       0.00      0.00      0.00       575
           4       0.00      0.00      0.00       500
           5       0.00      0.00      0.00       400
           6       0.00      0.00      0.00       400
           7       0.00      0.00      0.00       250
           8       0.00      0.00      0.00       575
           9       0.00      0.00      0.00       475
          10       0.00      1.00      0.00       625
          11       0.00      0.00      0.00       325
          12       0.00      0.00      0.00       400
          13       0.00      0.00      0.00       600
          14       0.00      0.00      0.00       500
          15       0.00      0.00      0.00       225
          16       0.00      0.00      0.00       425
          17       0.00      0.00      0.00       350
          18       0.00      0.00      0.00       525

    accuracy                           0.00   1183896
   macro avg       0.00      0.05      0.00   1183896
weighted avg       0.00      0.00      0.00   1183896

Test Loss: 2.9272, Test Accuracy: 0.0005
Precision: 0.0000, Recall: 0.0005, F1-Score: 0.0000
