nohup: ignoring input
Using device: NVIDIA GeForce RTX 3090
Using device: NVIDIA GeForce RTX 3090
Using device: NVIDIA GeForce RTX 3090
Using device: NVIDIA GeForce RTX 3090
Rank: 0, World Size: 4, Master Addr: 127.0.0.1, Master Port: 12355
Rank 0 using device: cuda:0
Rank 3 using device: cuda:3
Rank 2 using device: cuda:2
Rank 1 using device: cuda:1
Starting Fold 1
Precision: 0.9875, Recall: 0.9931, F1-Score: 0.9903
Fold 1, Epoch 1, Train Loss: 2.6530, Val Loss: 2.6405, Val Acc: 0.9932
Completed Fold 1
Starting Fold 2
Precision: 0.9916, Recall: 0.5460, F1-Score: 0.7040
Fold 2, Epoch 1, Train Loss: 2.6167, Val Loss: 2.5746, Val Acc: 0.5494
Completed Fold 2
Starting Fold 3
Precision: 0.9928, Recall: 0.1538, F1-Score: 0.2657
Fold 3, Epoch 1, Train Loss: 2.6896, Val Loss: 2.6223, Val Acc: 0.1531
Completed Fold 3
Starting Fold 4
Precision: 0.9922, Recall: 0.7300, F1-Score: 0.8408
Fold 4, Epoch 1, Train Loss: 2.6288, Val Loss: 2.5823, Val Acc: 0.7396
Completed Fold 4
Starting Fold 5
Precision: 0.9915, Recall: 0.9866, F1-Score: 0.9889
Fold 5, Epoch 1, Train Loss: 2.5985, Val Loss: 2.5659, Val Acc: 0.9877
Completed Fold 5
Starting final training on all data...
Evaluating and Visualizing on Test Data
Saving predictions for Normalized1_Defect4x4_ELNOD_L6B43.npy as Normalized1_Defect4x4_ELNOD_L6B43_pred.npy, Shape of predictions: (3654,)
Saving predictions for Normalized1_Defect4x4_ELNOD_L8B33.npy as Normalized1_Defect4x4_ELNOD_L8B33_pred.npy, Shape of predictions: (3654,)
Saving predictions for Normalized1_Defect4x4_ELNOD_L9B20.npy as Normalized1_Defect4x4_ELNOD_L9B20_pred.npy, Shape of predictions: (3654,)
Saving predictions for Normalized1_Defect4x4_ELNOD_L17B44.npy as Normalized1_Defect4x4_ELNOD_L17B44_pred.npy, Shape of predictions: (3654,)
Saving predictions for Normalized1_Defect4x4_ELNOD_L3B82.npy as Normalized1_Defect4x4_ELNOD_L3B82_pred.npy, Shape of predictions: (3654,)
Saving predictions for Normalized1_Defect4x4_ELNOD_L7B90.npy as Normalized1_Defect4x4_ELNOD_L7B90_pred.npy, Shape of predictions: (3654,)
Saving predictions for Normalized1_Defect4x4_ELNOD_L4B74.npy as Normalized1_Defect4x4_ELNOD_L4B74_pred.npy, Shape of predictions: (3654,)
Saving predictions for Normalized1_Defect4x4_ELNOD_L2B57.npy as Normalized1_Defect4x4_ELNOD_L2B57_pred.npy, Shape of predictions: (3654,)
Saving predictions for Normalized1_Defect4x4_ELNOD_L7B4.npy as Normalized1_Defect4x4_ELNOD_L7B4_pred.npy, Shape of predictions: (3654,)
Saving predictions for Normalized1_Defect4x4_ELNOD_L8B42.npy as Normalized1_Defect4x4_ELNOD_L8B42_pred.npy, Shape of predictions: (3654,)
Saving predictions for Normalized1_Defect4x4_ELNOD_L5B74.npy as Normalized1_Defect4x4_ELNOD_L5B74_pred.npy, Shape of predictions: (3654,)
Saving predictions for Normalized1_Defect4x4_ELNOD_L3B32.npy as Normalized1_Defect4x4_ELNOD_L3B32_pred.npy, Shape of predictions: (3654,)
Saving predictions for Normalized1_Defect4x4_ELNOD_L9B61.npy as Normalized1_Defect4x4_ELNOD_L9B61_pred.npy, Shape of predictions: (3654,)
Saving predictions for Normalized1_Defect4x4_ELNOD_L6B40.npy as Normalized1_Defect4x4_ELNOD_L6B40_pred.npy, Shape of predictions: (3654,)
Saving predictions for Normalized1_Defect4x4_ELNOD_L9B71.npy as Normalized1_Defect4x4_ELNOD_L9B71_pred.npy, Shape of predictions: (3654,)
Saving predictions for Normalized1_Defect4x4_ELNOD_L3B16.npy as Normalized1_Defect4x4_ELNOD_L3B16_pred.npy, Shape of predictions: (3654,)
Saving predictions for Normalized1_Defect4x4_ELNOD_L11B33.npy as Normalized1_Defect4x4_ELNOD_L11B33_pred.npy, Shape of predictions: (3654,)
Saving predictions for Normalized1_Defect4x4_ELNOD_L3B77.npy as Normalized1_Defect4x4_ELNOD_L3B77_pred.npy, Shape of predictions: (3654,)
Saving predictions for Normalized1_Defect4x4_ELNOD_L10B9.npy as Normalized1_Defect4x4_ELNOD_L10B9_pred.npy, Shape of predictions: (3654,)
Saving predictions for Normalized1_Defect4x4_ELNOD_L11B57.npy as Normalized1_Defect4x4_ELNOD_L11B57_pred.npy, Shape of predictions: (3654,)
Saving predictions for Normalized1_Defect4x4_ELNOD_L18B59.npy as Normalized1_Defect4x4_ELNOD_L18B59_pred.npy, Shape of predictions: (3654,)
Saving predictions for Normalized1_Defect4x4_ELNOD_L9B17.npy as Normalized1_Defect4x4_ELNOD_L9B17_pred.npy, Shape of predictions: (3654,)
Saving predictions for Normalized1_Defect4x4_ELNOD_L4B9.npy as Normalized1_Defect4x4_ELNOD_L4B9_pred.npy, Shape of predictions: (3654,)
Saving predictions for Normalized1_Defect4x4_ELNOD_L15B57.npy as Normalized1_Defect4x4_ELNOD_L15B57_pred.npy, Shape of predictions: (3654,)
Saving predictions for Normalized1_Defect4x4_ELNOD_L14B57.npy as Normalized1_Defect4x4_ELNOD_L14B57_pred.npy, Shape of predictions: (3654,)
Saving predictions for Normalized1_Defect4x4_ELNOD_L15B18.npy as Normalized1_Defect4x4_ELNOD_L15B18_pred.npy, Shape of predictions: (3654,)
Saving predictions for Normalized1_Defect4x4_ELNOD_L17B76.npy as Normalized1_Defect4x4_ELNOD_L17B76_pred.npy, Shape of predictions: (3654,)
Saving predictions for Normalized1_Defect4x4_ELNOD_L12B77.npy as Normalized1_Defect4x4_ELNOD_L12B77_pred.npy, Shape of predictions: (3654,)
Saving predictions for Normalized1_Defect4x4_ELNOD_L4B44.npy as Normalized1_Defect4x4_ELNOD_L4B44_pred.npy, Shape of predictions: (3654,)
Saving predictions for Normalized1_Defect4x4_ELNOD_L7B25.npy as Normalized1_Defect4x4_ELNOD_L7B25_pred.npy, Shape of predictions: (3654,)
Saving predictions for Normalized1_Defect4x4_ELNOD_L15B47.npy as Normalized1_Defect4x4_ELNOD_L15B47_pred.npy, Shape of predictions: (3654,)
Saving predictions for Normalized1_Defect4x4_ELNOD_L15B2.npy as Normalized1_Defect4x4_ELNOD_L15B2_pred.npy, Shape of predictions: (3654,)
Saving predictions for Normalized1_Defect4x4_ELNOD_L9B4.npy as Normalized1_Defect4x4_ELNOD_L9B4_pred.npy, Shape of predictions: (3654,)
Saving predictions for Normalized1_Defect4x4_ELNOD_L14B28.npy as Normalized1_Defect4x4_ELNOD_L14B28_pred.npy, Shape of predictions: (3654,)
Saving predictions for Normalized1_Defect4x4_ELNOD_L13B1.npy as Normalized1_Defect4x4_ELNOD_L13B1_pred.npy, Shape of predictions: (3654,)
Saving predictions for Normalized1_Defect4x4_ELNOD_L2B27.npy as Normalized1_Defect4x4_ELNOD_L2B27_pred.npy, Shape of predictions: (3654,)
Saving predictions for Normalized1_Defect4x4_ELNOD_L6B88.npy as Normalized1_Defect4x4_ELNOD_L6B88_pred.npy, Shape of predictions: (3654,)
Saving predictions for Normalized1_Defect4x4_ELNOD_L10B20.npy as Normalized1_Defect4x4_ELNOD_L10B20_pred.npy, Shape of predictions: (3654,)
Saving predictions for Normalized1_Defect4x4_ELNOD_L19B64.npy as Normalized1_Defect4x4_ELNOD_L19B64_pred.npy, Shape of predictions: (3654,)
Saving predictions for Normalized1_Defect4x4_ELNOD_L4B32.npy as Normalized1_Defect4x4_ELNOD_L4B32_pred.npy, Shape of predictions: (3654,)
Saving predictions for Normalized1_Defect4x4_ELNOD_L9B66.npy as Normalized1_Defect4x4_ELNOD_L9B66_pred.npy, Shape of predictions: (3654,)
Saving predictions for Normalized1_Defect4x4_ELNOD_L18B38.npy as Normalized1_Defect4x4_ELNOD_L18B38_pred.npy, Shape of predictions: (3654,)
Saving predictions for Normalized1_Defect4x4_ELNOD_L15B76.npy as Normalized1_Defect4x4_ELNOD_L15B76_pred.npy, Shape of predictions: (3654,)
Saving predictions for Normalized1_Defect4x4_ELNOD_L15B81.npy as Normalized1_Defect4x4_ELNOD_L15B81_pred.npy, Shape of predictions: (3654,)
Saving predictions for Normalized1_Defect4x4_ELNOD_L14B44.npy as Normalized1_Defect4x4_ELNOD_L14B44_pred.npy, Shape of predictions: (3654,)
Saving predictions for Normalized1_Defect4x4_ELNOD_L9B42.npy as Normalized1_Defect4x4_ELNOD_L9B42_pred.npy, Shape of predictions: (3654,)
Saving predictions for Normalized1_Defect4x4_ELNOD_L5B52.npy as Normalized1_Defect4x4_ELNOD_L5B52_pred.npy, Shape of predictions: (3654,)
Saving predictions for Normalized1_Defect4x4_ELNOD_L18B52.npy as Normalized1_Defect4x4_ELNOD_L18B52_pred.npy, Shape of predictions: (3654,)
Saving predictions for Normalized1_Defect4x4_ELNOD_L8B51.npy as Normalized1_Defect4x4_ELNOD_L8B51_pred.npy, Shape of predictions: (3654,)
Saving predictions for Normalized1_Defect4x4_ELNOD_L6B53.npy as Normalized1_Defect4x4_ELNOD_L6B53_pred.npy, Shape of predictions: (3654,)
Saving predictions for Normalized1_Defect4x4_ELNOD_L19B34.npy as Normalized1_Defect4x4_ELNOD_L19B34_pred.npy, Shape of predictions: (3654,)
Saving predictions for Normalized1_Defect4x4_ELNOD_L5B33.npy as Normalized1_Defect4x4_ELNOD_L5B33_pred.npy, Shape of predictions: (3654,)
Saving predictions for Normalized1_Defect4x4_ELNOD_L11B83.npy as Normalized1_Defect4x4_ELNOD_L11B83_pred.npy, Shape of predictions: (3654,)
Saving predictions for Normalized1_Defect4x4_ELNOD_L17B65.npy as Normalized1_Defect4x4_ELNOD_L17B65_pred.npy, Shape of predictions: (3654,)
Saving predictions for Normalized1_Defect4x4_ELNOD_L9B22.npy as Normalized1_Defect4x4_ELNOD_L9B22_pred.npy, Shape of predictions: (3654,)
Saving predictions for Normalized1_Defect4x4_ELNOD_L2B87.npy as Normalized1_Defect4x4_ELNOD_L2B87_pred.npy, Shape of predictions: (3654,)
Saving predictions for Normalized1_Defect4x4_ELNOD_L7B15.npy as Normalized1_Defect4x4_ELNOD_L7B15_pred.npy, Shape of predictions: (3654,)
Saving predictions for Normalized1_Defect4x4_ELNOD_L17B75.npy as Normalized1_Defect4x4_ELNOD_L17B75_pred.npy, Shape of predictions: (3654,)
Saving predictions for Normalized1_Defect4x4_ELNOD_L19B15.npy as Normalized1_Defect4x4_ELNOD_L19B15_pred.npy, Shape of predictions: (3654,)
Saving predictions for Normalized1_Defect4x4_ELNOD_L10B36.npy as Normalized1_Defect4x4_ELNOD_L10B36_pred.npy, Shape of predictions: (3654,)
Saving predictions for Normalized1_Defect4x4_ELNOD_L10B2.npy as Normalized1_Defect4x4_ELNOD_L10B2_pred.npy, Shape of predictions: (3654,)
Saving predictions for Normalized1_Defect4x4_ELNOD_L10B12.npy as Normalized1_Defect4x4_ELNOD_L10B12_pred.npy, Shape of predictions: (3654,)
Saving predictions for Normalized1_Defect4x4_ELNOD_L4B19.npy as Normalized1_Defect4x4_ELNOD_L4B19_pred.npy, Shape of predictions: (3654,)
Saving predictions for Normalized1_Defect4x4_ELNOD_L4B4.npy as Normalized1_Defect4x4_ELNOD_L4B4_pred.npy, Shape of predictions: (3654,)
Saving predictions for Normalized1_Defect4x4_ELNOD_L14B3.npy as Normalized1_Defect4x4_ELNOD_L14B3_pred.npy, Shape of predictions: (3654,)
Saving predictions for Normalized1_Defect4x4_ELNOD_L14B10.npy as Normalized1_Defect4x4_ELNOD_L14B10_pred.npy, Shape of predictions: (3654,)
Saving predictions for Normalized1_Defect4x4_ELNOD_L15B60.npy as Normalized1_Defect4x4_ELNOD_L15B60_pred.npy, Shape of predictions: (3654,)
Saving predictions for Normalized1_Defect4x4_ELNOD_L7B40.npy as Normalized1_Defect4x4_ELNOD_L7B40_pred.npy, Shape of predictions: (3654,)
Saving predictions for Normalized1_Defect4x4_ELNOD_L7B29.npy as Normalized1_Defect4x4_ELNOD_L7B29_pred.npy, Shape of predictions: (3654,)
Saving predictions for Normalized1_Defect4x4_ELNOD_L11B88.npy as Normalized1_Defect4x4_ELNOD_L11B88_pred.npy, Shape of predictions: (3654,)
Saving predictions for Normalized1_Defect4x4_ELNOD_L11B2.npy as Normalized1_Defect4x4_ELNOD_L11B2_pred.npy, Shape of predictions: (3654,)
Saving predictions for Normalized1_Defect4x4_ELNOD_L14B52.npy as Normalized1_Defect4x4_ELNOD_L14B52_pred.npy, Shape of predictions: (3654,)
Saving predictions for Normalized1_Defect4x4_ELNOD_L13B32.npy as Normalized1_Defect4x4_ELNOD_L13B32_pred.npy, Shape of predictions: (3654,)
Saving predictions for Normalized1_Defect4x4_ELNOD_L14B76.npy as Normalized1_Defect4x4_ELNOD_L14B76_pred.npy, Shape of predictions: (3654,)
Saving predictions for Normalized1_Defect4x4_ELNOD_L14B46.npy as Normalized1_Defect4x4_ELNOD_L14B46_pred.npy, Shape of predictions: (3654,)
Saving predictions for Normalized1_Defect4x4_ELNOD_L5B22.npy as Normalized1_Defect4x4_ELNOD_L5B22_pred.npy, Shape of predictions: (3654,)
Saving predictions for Normalized1_Defect4x4_ELNOD_L12B89.npy as Normalized1_Defect4x4_ELNOD_L12B89_pred.npy, Shape of predictions: (3654,)
Saving predictions for Normalized1_Defect4x4_ELNOD_L10B87.npy as Normalized1_Defect4x4_ELNOD_L10B87_pred.npy, Shape of predictions: (3654,)
Saving predictions for Normalized1_Defect4x4_ELNOD_L12B4.npy as Normalized1_Defect4x4_ELNOD_L12B4_pred.npy, Shape of predictions: (3654,)
Saving predictions for Normalized1_Defect4x4_ELNOD_L13B88.npy as Normalized1_Defect4x4_ELNOD_L13B88_pred.npy, Shape of predictions: (3654,)
Saving predictions for Normalized1_Defect4x4_ELNOD_L14B64.npy as Normalized1_Defect4x4_ELNOD_L14B64_pred.npy, Shape of predictions: (3654,)
Saving predictions for Normalized1_Defect4x4_ELNOD_L5B30.npy as Normalized1_Defect4x4_ELNOD_L5B30_pred.npy, Shape of predictions: (3654,)
Saving predictions for Normalized1_Defect4x4_ELNOD_L2B25.npy as Normalized1_Defect4x4_ELNOD_L2B25_pred.npy, Shape of predictions: (3654,)
Saving predictions for Normalized1_Defect4x4_ELNOD_L3B88.npy as Normalized1_Defect4x4_ELNOD_L3B88_pred.npy, Shape of predictions: (3654,)
Saving predictions for Normalized1_Defect4x4_ELNOD_L8B11.npy as Normalized1_Defect4x4_ELNOD_L8B11_pred.npy, Shape of predictions: (3654,)
Saving predictions for Normalized1_Defect4x4_ELNOD_L8B26.npy as Normalized1_Defect4x4_ELNOD_L8B26_pred.npy, Shape of predictions: (3654,)
Saving predictions for Normalized1_Defect4x4_ELNOD_L14B67.npy as Normalized1_Defect4x4_ELNOD_L14B67_pred.npy, Shape of predictions: (3654,)
Saving predictions for Normalized1_Defect4x4_ELNOD_L15B88.npy as Normalized1_Defect4x4_ELNOD_L15B88_pred.npy, Shape of predictions: (3654,)
Saving predictions for Normalized1_Defect4x4_ELNOD_L5B42.npy as Normalized1_Defect4x4_ELNOD_L5B42_pred.npy, Shape of predictions: (3654,)
Saving predictions for Normalized1_Defect4x4_ELNOD_L6B49.npy as Normalized1_Defect4x4_ELNOD_L6B49_pred.npy, Shape of predictions: (3654,)
Saving predictions for Normalized1_Defect4x4_ELNOD_L4B71.npy as Normalized1_Defect4x4_ELNOD_L4B71_pred.npy, Shape of predictions: (3654,)
Saving predictions for Normalized1_Defect4x4_ELNOD_L2B17.npy as Normalized1_Defect4x4_ELNOD_L2B17_pred.npy, Shape of predictions: (3654,)
Saving predictions for Normalized1_Defect4x4_ELNOD_L6B73.npy as Normalized1_Defect4x4_ELNOD_L6B73_pred.npy, Shape of predictions: (3654,)
Saving predictions for Normalized1_Defect4x4_ELNOD_L9B9.npy as Normalized1_Defect4x4_ELNOD_L9B9_pred.npy, Shape of predictions: (3654,)
Saving predictions for Normalized1_Defect4x4_ELNOD_L5B31.npy as Normalized1_Defect4x4_ELNOD_L5B31_pred.npy, Shape of predictions: (3654,)
Saving predictions for Normalized1_Defect4x4_ELNOD_L19B49.npy as Normalized1_Defect4x4_ELNOD_L19B49_pred.npy, Shape of predictions: (3654,)
Saving predictions for Normalized1_Defect4x4_ELNOD_L12B5.npy as Normalized1_Defect4x4_ELNOD_L12B5_pred.npy, Shape of predictions: (3654,)
Saving predictions for Normalized1_Defect4x4_ELNOD_L4B11.npy as Normalized1_Defect4x4_ELNOD_L4B11_pred.npy, Shape of predictions: (3654,)
Saving predictions for Normalized1_Defect4x4_ELNOD_L14B66.npy as Normalized1_Defect4x4_ELNOD_L14B66_pred.npy, Shape of predictions: (3654,)
Saving predictions for Normalized1_Defect4x4_ELNOD_L11B9.npy as Normalized1_Defect4x4_ELNOD_L11B9_pred.npy, Shape of predictions: (3654,)
Saving predictions for Normalized1_Defect4x4_ELNOD_L6B31.npy as Normalized1_Defect4x4_ELNOD_L6B31_pred.npy, Shape of predictions: (3654,)
Saving predictions for Normalized1_Defect4x4_ELNOD_L9B8.npy as Normalized1_Defect4x4_ELNOD_L9B8_pred.npy, Shape of predictions: (3654,)
Saving predictions for Normalized1_Defect4x4_ELNOD_L9B89.npy as Normalized1_Defect4x4_ELNOD_L9B89_pred.npy, Shape of predictions: (3654,)
Saving predictions for Normalized1_Defect4x4_ELNOD_L9B39.npy as Normalized1_Defect4x4_ELNOD_L9B39_pred.npy, Shape of predictions: (3654,)
Saving predictions for Normalized1_Defect4x4_ELNOD_L12B26.npy as Normalized1_Defect4x4_ELNOD_L12B26_pred.npy, Shape of predictions: (3654,)
Saving predictions for Normalized1_Defect4x4_ELNOD_L10B5.npy as Normalized1_Defect4x4_ELNOD_L10B5_pred.npy, Shape of predictions: (3654,)
Saving predictions for Normalized1_Defect4x4_ELNOD_L2B53.npy as Normalized1_Defect4x4_ELNOD_L2B53_pred.npy, Shape of predictions: (3654,)
Saving predictions for Normalized1_Defect4x4_ELNOD_L17B21.npy as Normalized1_Defect4x4_ELNOD_L17B21_pred.npy, Shape of predictions: (3654,)
Saving predictions for Normalized1_Defect4x4_ELNOD_L9B87.npy as Normalized1_Defect4x4_ELNOD_L9B87_pred.npy, Shape of predictions: (3654,)
Saving predictions for Normalized1_Defect4x4_ELNOD_L7B10.npy as Normalized1_Defect4x4_ELNOD_L7B10_pred.npy, Shape of predictions: (3654,)
Saving predictions for Normalized1_Defect4x4_ELNOD_L12B23.npy as Normalized1_Defect4x4_ELNOD_L12B23_pred.npy, Shape of predictions: (3654,)
Saving predictions for Normalized1_Defect4x4_ELNOD_L16B53.npy as Normalized1_Defect4x4_ELNOD_L16B53_pred.npy, Shape of predictions: (3654,)
Saving predictions for Normalized1_Defect4x4_ELNOD_L10B58.npy as Normalized1_Defect4x4_ELNOD_L10B58_pred.npy, Shape of predictions: (3654,)
Saving predictions for Normalized1_Defect4x4_ELNOD_L6B18.npy as Normalized1_Defect4x4_ELNOD_L6B18_pred.npy, Shape of predictions: (3654,)
Saving predictions for Normalized1_Defect4x4_ELNOD_L11B32.npy as Normalized1_Defect4x4_ELNOD_L11B32_pred.npy, Shape of predictions: (3654,)
Saving predictions for Normalized1_Defect4x4_ELNOD_L11B35.npy as Normalized1_Defect4x4_ELNOD_L11B35_pred.npy, Shape of predictions: (3654,)
Saving predictions for Normalized1_Defect4x4_ELNOD_L16B1.npy as Normalized1_Defect4x4_ELNOD_L16B1_pred.npy, Shape of predictions: (3654,)
Saving predictions for Normalized1_Defect4x4_ELNOD_L4B49.npy as Normalized1_Defect4x4_ELNOD_L4B49_pred.npy, Shape of predictions: (3654,)
Saving predictions for Normalized1_Defect4x4_ELNOD_L19B40.npy as Normalized1_Defect4x4_ELNOD_L19B40_pred.npy, Shape of predictions: (3654,)
Saving predictions for Normalized1_Defect4x4_ELNOD_L4B40.npy as Normalized1_Defect4x4_ELNOD_L4B40_pred.npy, Shape of predictions: (3654,)
Saving predictions for Normalized1_Defect4x4_ELNOD_L3B15.npy as Normalized1_Defect4x4_ELNOD_L3B15_pred.npy, Shape of predictions: (3654,)
Saving predictions for Normalized1_Defect4x4_ELNOD_L13B58.npy as Normalized1_Defect4x4_ELNOD_L13B58_pred.npy, Shape of predictions: (3654,)
Saving predictions for Normalized1_Defect4x4_ELNOD_L11B23.npy as Normalized1_Defect4x4_ELNOD_L11B23_pred.npy, Shape of predictions: (3654,)
Saving predictions for Normalized1_Defect4x4_ELNOD_L7B83.npy as Normalized1_Defect4x4_ELNOD_L7B83_pred.npy, Shape of predictions: (3654,)
Saving predictions for Normalized1_Defect4x4_ELNOD_L3B59.npy as Normalized1_Defect4x4_ELNOD_L3B59_pred.npy, Shape of predictions: (3654,)
Saving predictions for Normalized1_Defect4x4_ELNOD_L5B10.npy as Normalized1_Defect4x4_ELNOD_L5B10_pred.npy, Shape of predictions: (3654,)
Saving predictions for Normalized1_Defect4x4_ELNOD_L6B25.npy as Normalized1_Defect4x4_ELNOD_L6B25_pred.npy, Shape of predictions: (3654,)
Saving predictions for Normalized1_Defect4x4_ELNOD_L9B59.npy as Normalized1_Defect4x4_ELNOD_L9B59_pred.npy, Shape of predictions: (3654,)
Saving predictions for Normalized1_Defect4x4_ELNOD_L6B46.npy as Normalized1_Defect4x4_ELNOD_L6B46_pred.npy, Shape of predictions: (3654,)
Saving predictions for Normalized1_Defect4x4_ELNOD_L2B70.npy as Normalized1_Defect4x4_ELNOD_L2B70_pred.npy, Shape of predictions: (3654,)
Saving predictions for Normalized1_Defect4x4_ELNOD_L8B34.npy as Normalized1_Defect4x4_ELNOD_L8B34_pred.npy, Shape of predictions: (3654,)
Saving predictions for Normalized1_Defect4x4_ELNOD_L13B48.npy as Normalized1_Defect4x4_ELNOD_L13B48_pred.npy, Shape of predictions: (3654,)
Saving predictions for Normalized1_Defect4x4_ELNOD_L4B41.npy as Normalized1_Defect4x4_ELNOD_L4B41_pred.npy, Shape of predictions: (3654,)
Saving predictions for Normalized1_Defect4x4_ELNOD_L5B41.npy as Normalized1_Defect4x4_ELNOD_L5B41_pred.npy, Shape of predictions: (3654,)
Saving predictions for Normalized1_Defect4x4_ELNOD_L14B69.npy as Normalized1_Defect4x4_ELNOD_L14B69_pred.npy, Shape of predictions: (3654,)
Saving predictions for Normalized1_Defect4x4_ELNOD_L13B69.npy as Normalized1_Defect4x4_ELNOD_L13B69_pred.npy, Shape of predictions: (3654,)
Saving predictions for Normalized1_Defect4x4_ELNOD_L4B50.npy as Normalized1_Defect4x4_ELNOD_L4B50_pred.npy, Shape of predictions: (3654,)
Saving predictions for Normalized1_Defect4x4_ELNOD_L4B53.npy as Normalized1_Defect4x4_ELNOD_L4B53_pred.npy, Shape of predictions: (3654,)
Saving predictions for Normalized1_Defect4x4_ELNOD_L11B55.npy as Normalized1_Defect4x4_ELNOD_L11B55_pred.npy, Shape of predictions: (3654,)
Saving predictions for Normalized1_Defect4x4_ELNOD_L13B20.npy as Normalized1_Defect4x4_ELNOD_L13B20_pred.npy, Shape of predictions: (3654,)
Saving predictions for Normalized1_Defect4x4_ELNOD_L13B74.npy as Normalized1_Defect4x4_ELNOD_L13B74_pred.npy, Shape of predictions: (3654,)
Saving predictions for Normalized1_Defect4x4_ELNOD_L15B29.npy as Normalized1_Defect4x4_ELNOD_L15B29_pred.npy, Shape of predictions: (3654,)
Saving predictions for Normalized1_Defect4x4_ELNOD_L2B16.npy as Normalized1_Defect4x4_ELNOD_L2B16_pred.npy, Shape of predictions: (3654,)
Saving predictions for Normalized1_Defect4x4_ELNOD_L11B53.npy as Normalized1_Defect4x4_ELNOD_L11B53_pred.npy, Shape of predictions: (3654,)
Saving predictions for Normalized1_Defect4x4_ELNOD_L7B78.npy as Normalized1_Defect4x4_ELNOD_L7B78_pred.npy, Shape of predictions: (3654,)
Saving predictions for Normalized1_Defect4x4_ELNOD_L3B62.npy as Normalized1_Defect4x4_ELNOD_L3B62_pred.npy, Shape of predictions: (3654,)
Saving predictions for Normalized1_Defect4x4_ELNOD_L10B75.npy as Normalized1_Defect4x4_ELNOD_L10B75_pred.npy, Shape of predictions: (3654,)
Saving predictions for Normalized1_Defect4x4_ELNOD_L18B56.npy as Normalized1_Defect4x4_ELNOD_L18B56_pred.npy, Shape of predictions: (3654,)
Saving predictions for Normalized1_Defect4x4_ELNOD_L5B9.npy as Normalized1_Defect4x4_ELNOD_L5B9_pred.npy, Shape of predictions: (3654,)
Saving predictions for Normalized1_Defect4x4_ELNOD_L17B90.npy as Normalized1_Defect4x4_ELNOD_L17B90_pred.npy, Shape of predictions: (3654,)
Saving predictions for Normalized1_Defect4x4_ELNOD_L13B90.npy as Normalized1_Defect4x4_ELNOD_L13B90_pred.npy, Shape of predictions: (3654,)
Saving predictions for Normalized1_Defect4x4_ELNOD_L17B86.npy as Normalized1_Defect4x4_ELNOD_L17B86_pred.npy, Shape of predictions: (3654,)
Saving predictions for Normalized1_Defect4x4_ELNOD_L11B41.npy as Normalized1_Defect4x4_ELNOD_L11B41_pred.npy, Shape of predictions: (3654,)
Saving predictions for Normalized1_Defect4x4_ELNOD_L6B60.npy as Normalized1_Defect4x4_ELNOD_L6B60_pred.npy, Shape of predictions: (3654,)
Saving predictions for Normalized1_Defect4x4_ELNOD_L17B53.npy as Normalized1_Defect4x4_ELNOD_L17B53_pred.npy, Shape of predictions: (3654,)
Saving predictions for Normalized1_Defect4x4_ELNOD_L14B75.npy as Normalized1_Defect4x4_ELNOD_L14B75_pred.npy, Shape of predictions: (3654,)
Saving predictions for Normalized1_Defect4x4_ELNOD_L17B63.npy as Normalized1_Defect4x4_ELNOD_L17B63_pred.npy, Shape of predictions: (3654,)
Saving predictions for Normalized1_Defect4x4_ELNOD_L19B23.npy as Normalized1_Defect4x4_ELNOD_L19B23_pred.npy, Shape of predictions: (3654,)
Saving predictions for Normalized1_Defect4x4_ELNOD_L16B33.npy as Normalized1_Defect4x4_ELNOD_L16B33_pred.npy, Shape of predictions: (3654,)
Saving predictions for Normalized1_Defect4x4_ELNOD_L3B31.npy as Normalized1_Defect4x4_ELNOD_L3B31_pred.npy, Shape of predictions: (3654,)
Saving predictions for Normalized1_Defect4x4_ELNOD_L19B68.npy as Normalized1_Defect4x4_ELNOD_L19B68_pred.npy, Shape of predictions: (3654,)
Saving predictions for Normalized1_Defect4x4_ELNOD_L8B27.npy as Normalized1_Defect4x4_ELNOD_L8B27_pred.npy, Shape of predictions: (3654,)
Saving predictions for Normalized1_Defect4x4_ELNOD_L9B29.npy as Normalized1_Defect4x4_ELNOD_L9B29_pred.npy, Shape of predictions: (3654,)
Saving predictions for Normalized1_Defect4x4_ELNOD_L4B22.npy as Normalized1_Defect4x4_ELNOD_L4B22_pred.npy, Shape of predictions: (3654,)
Saving predictions for Normalized1_Defect4x4_ELNOD_L11B63.npy as Normalized1_Defect4x4_ELNOD_L11B63_pred.npy, Shape of predictions: (3654,)
Saving predictions for Normalized1_Defect4x4_ELNOD_L19B17.npy as Normalized1_Defect4x4_ELNOD_L19B17_pred.npy, Shape of predictions: (3654,)
Saving predictions for Normalized1_Defect4x4_ELNOD_L15B61.npy as Normalized1_Defect4x4_ELNOD_L15B61_pred.npy, Shape of predictions: (3654,)
Saving predictions for Normalized1_Defect4x4_ELNOD_L12B17.npy as Normalized1_Defect4x4_ELNOD_L12B17_pred.npy, Shape of predictions: (3654,)
Saving predictions for Normalized1_Defect4x4_ELNOD_L3B35.npy as Normalized1_Defect4x4_ELNOD_L3B35_pred.npy, Shape of predictions: (3654,)
Saving predictions for Normalized1_Defect4x4_ELNOD_L15B70.npy as Normalized1_Defect4x4_ELNOD_L15B70_pred.npy, Shape of predictions: (3654,)
Saving predictions for Normalized1_Defect4x4_ELNOD_L15B67.npy as Normalized1_Defect4x4_ELNOD_L15B67_pred.npy, Shape of predictions: (3654,)
Saving predictions for Normalized1_Defect4x4_ELNOD_L10B46.npy as Normalized1_Defect4x4_ELNOD_L10B46_pred.npy, Shape of predictions: (3654,)
Saving predictions for Normalized1_Defect4x4_ELNOD_L10B27.npy as Normalized1_Defect4x4_ELNOD_L10B27_pred.npy, Shape of predictions: (3654,)
Saving predictions for Normalized1_Defect4x4_ELNOD_L10B64.npy as Normalized1_Defect4x4_ELNOD_L10B64_pred.npy, Shape of predictions: (3654,)
Saving predictions for Normalized1_Defect4x4_ELNOD_L9B30.npy as Normalized1_Defect4x4_ELNOD_L9B30_pred.npy, Shape of predictions: (3654,)
Saving predictions for Normalized1_Defect4x4_ELNOD_L13B36.npy as Normalized1_Defect4x4_ELNOD_L13B36_pred.npy, Shape of predictions: (3654,)
Saving predictions for Normalized1_Defect4x4_ELNOD_L13B70.npy as Normalized1_Defect4x4_ELNOD_L13B70_pred.npy, Shape of predictions: (3654,)
Saving predictions for Normalized1_Defect4x4_ELNOD_L17B29.npy as Normalized1_Defect4x4_ELNOD_L17B29_pred.npy, Shape of predictions: (3654,)
Saving predictions for Normalized1_Defect4x4_ELNOD_L13B86.npy as Normalized1_Defect4x4_ELNOD_L13B86_pred.npy, Shape of predictions: (3654,)
Saving predictions for Normalized1_Defect4x4_ELNOD_L11B75.npy as Normalized1_Defect4x4_ELNOD_L11B75_pred.npy, Shape of predictions: (3654,)
Saving predictions for Normalized1_Defect4x4_ELNOD_L8B47.npy as Normalized1_Defect4x4_ELNOD_L8B47_pred.npy, Shape of predictions: (3654,)
Saving predictions for Normalized1_Defect4x4_ELNOD_L11B40.npy as Normalized1_Defect4x4_ELNOD_L11B40_pred.npy, Shape of predictions: (3654,)
Saving predictions for Normalized1_Defect4x4_ELNOD_L19B71.npy as Normalized1_Defect4x4_ELNOD_L19B71_pred.npy, Shape of predictions: (3654,)
Saving predictions for Normalized1_Defect4x4_ELNOD_L9B24.npy as Normalized1_Defect4x4_ELNOD_L9B24_pred.npy, Shape of predictions: (3654,)
Saving predictions for Normalized1_Defect4x4_ELNOD_L10B37.npy as Normalized1_Defect4x4_ELNOD_L10B37_pred.npy, Shape of predictions: (3654,)
Saving predictions for Normalized1_Defect4x4_ELNOD_L17B82.npy as Normalized1_Defect4x4_ELNOD_L17B82_pred.npy, Shape of predictions: (3654,)
Saving predictions for Normalized1_Defect4x4_ELNOD_L3B81.npy as Normalized1_Defect4x4_ELNOD_L3B81_pred.npy, Shape of predictions: (3654,)
Saving predictions for Normalized1_Defect4x4_ELNOD_L5B6.npy as Normalized1_Defect4x4_ELNOD_L5B6_pred.npy, Shape of predictions: (3654,)
Saving predictions for Normalized1_Defect4x4_ELNOD_L2B47.npy as Normalized1_Defect4x4_ELNOD_L2B47_pred.npy, Shape of predictions: (3654,)
Saving predictions for Normalized1_Defect4x4_ELNOD_L5B76.npy as Normalized1_Defect4x4_ELNOD_L5B76_pred.npy, Shape of predictions: (3654,)
Saving predictions for Normalized1_Defect4x4_ELNOD_L10B1.npy as Normalized1_Defect4x4_ELNOD_L10B1_pred.npy, Shape of predictions: (3654,)
Saving predictions for Normalized1_Defect4x4_ELNOD_L19B76.npy as Normalized1_Defect4x4_ELNOD_L19B76_pred.npy, Shape of predictions: (3654,)
Saving predictions for Normalized1_Defect4x4_ELNOD_L11B70.npy as Normalized1_Defect4x4_ELNOD_L11B70_pred.npy, Shape of predictions: (3654,)
Saving predictions for Normalized1_Defect4x4_ELNOD_L15B72.npy as Normalized1_Defect4x4_ELNOD_L15B72_pred.npy, Shape of predictions: (3654,)
Saving predictions for Normalized1_Defect4x4_ELNOD_L18B89.npy as Normalized1_Defect4x4_ELNOD_L18B89_pred.npy, Shape of predictions: (3654,)
Saving predictions for Normalized1_Defect4x4_ELNOD_L2B80.npy as Normalized1_Defect4x4_ELNOD_L2B80_pred.npy, Shape of predictions: (3654,)
Saving predictions for Normalized1_Defect4x4_ELNOD_L14B26.npy as Normalized1_Defect4x4_ELNOD_L14B26_pred.npy, Shape of predictions: (3654,)
Saving predictions for Normalized1_Defect4x4_ELNOD_L17B33.npy as Normalized1_Defect4x4_ELNOD_L17B33_pred.npy, Shape of predictions: (3654,)
Saving predictions for Normalized1_Defect4x4_ELNOD_L17B60.npy as Normalized1_Defect4x4_ELNOD_L17B60_pred.npy, Shape of predictions: (3654,)
Saving predictions for Normalized1_Defect4x4_ELNOD_L15B19.npy as Normalized1_Defect4x4_ELNOD_L15B19_pred.npy, Shape of predictions: (3654,)
Saving predictions for Normalized1_Defect4x4_ELNOD_L5B4.npy as Normalized1_Defect4x4_ELNOD_L5B4_pred.npy, Shape of predictions: (3654,)
Saving predictions for Normalized1_Defect4x4_ELNOD_L4B45.npy as Normalized1_Defect4x4_ELNOD_L4B45_pred.npy, Shape of predictions: (3654,)
Saving predictions for Normalized1_Defect4x4_ELNOD_L12B11.npy as Normalized1_Defect4x4_ELNOD_L12B11_pred.npy, Shape of predictions: (3654,)
Saving predictions for Normalized1_Defect4x4_ELNOD_L11B64.npy as Normalized1_Defect4x4_ELNOD_L11B64_pred.npy, Shape of predictions: (3654,)
Saving predictions for Normalized1_Defect4x4_ELNOD_L2B51.npy as Normalized1_Defect4x4_ELNOD_L2B51_pred.npy, Shape of predictions: (3654,)
Saving predictions for Normalized1_Defect4x4_ELNOD_L7B45.npy as Normalized1_Defect4x4_ELNOD_L7B45_pred.npy, Shape of predictions: (3654,)
Saving predictions for Normalized1_Defect4x4_ELNOD_L13B33.npy as Normalized1_Defect4x4_ELNOD_L13B33_pred.npy, Shape of predictions: (3654,)
Saving predictions for Normalized1_Defect4x4_ELNOD_L19B33.npy as Normalized1_Defect4x4_ELNOD_L19B33_pred.npy, Shape of predictions: (3654,)
Saving predictions for Normalized1_Defect4x4_ELNOD_L9B53.npy as Normalized1_Defect4x4_ELNOD_L9B53_pred.npy, Shape of predictions: (3654,)
Saving predictions for Normalized1_Defect4x4_ELNOD_L9B78.npy as Normalized1_Defect4x4_ELNOD_L9B78_pred.npy, Shape of predictions: (3654,)
Saving predictions for Normalized1_Defect4x4_ELNOD_L7B31.npy as Normalized1_Defect4x4_ELNOD_L7B31_pred.npy, Shape of predictions: (3654,)
Saving predictions for Normalized1_Defect4x4_ELNOD_L14B31.npy as Normalized1_Defect4x4_ELNOD_L14B31_pred.npy, Shape of predictions: (3654,)
Saving predictions for Normalized1_Defect4x4_ELNOD_L18B88.npy as Normalized1_Defect4x4_ELNOD_L18B88_pred.npy, Shape of predictions: (3654,)
Saving predictions for Normalized1_Defect4x4_ELNOD_L8B41.npy as Normalized1_Defect4x4_ELNOD_L8B41_pred.npy, Shape of predictions: (3654,)
Saving predictions for Normalized1_Defect4x4_ELNOD_L17B39.npy as Normalized1_Defect4x4_ELNOD_L17B39_pred.npy, Shape of predictions: (3654,)
Saving predictions for Normalized1_Defect4x4_ELNOD_L16B23.npy as Normalized1_Defect4x4_ELNOD_L16B23_pred.npy, Shape of predictions: (3654,)
Saving predictions for Normalized1_Defect4x4_ELNOD_L19B36.npy as Normalized1_Defect4x4_ELNOD_L19B36_pred.npy, Shape of predictions: (3654,)
Saving predictions for Normalized1_Defect4x4_ELNOD_L19B30.npy as Normalized1_Defect4x4_ELNOD_L19B30_pred.npy, Shape of predictions: (3654,)
Saving predictions for Normalized1_Defect4x4_ELNOD_L14B51.npy as Normalized1_Defect4x4_ELNOD_L14B51_pred.npy, Shape of predictions: (3654,)
Saving predictions for Normalized1_Defect4x4_ELNOD_L11B68.npy as Normalized1_Defect4x4_ELNOD_L11B68_pred.npy, Shape of predictions: (3654,)
Saving predictions for Normalized1_Defect4x4_ELNOD_L4B54.npy as Normalized1_Defect4x4_ELNOD_L4B54_pred.npy, Shape of predictions: (3654,)
Saving predictions for Normalized1_Defect4x4_ELNOD_L3B71.npy as Normalized1_Defect4x4_ELNOD_L3B71_pred.npy, Shape of predictions: (3654,)
Saving predictions for Normalized1_Defect4x4_ELNOD_L13B79.npy as Normalized1_Defect4x4_ELNOD_L13B79_pred.npy, Shape of predictions: (3654,)
Saving predictions for Normalized1_Defect4x4_ELNOD_L6B66.npy as Normalized1_Defect4x4_ELNOD_L6B66_pred.npy, Shape of predictions: (3654,)
Saving predictions for Normalized1_Defect4x4_ELNOD_L18B12.npy as Normalized1_Defect4x4_ELNOD_L18B12_pred.npy, Shape of predictions: (3654,)
Saving predictions for Normalized1_Defect4x4_ELNOD_L6B11.npy as Normalized1_Defect4x4_ELNOD_L6B11_pred.npy, Shape of predictions: (3654,)
Saving predictions for Normalized1_Defect4x4_ELNOD_L13B50.npy as Normalized1_Defect4x4_ELNOD_L13B50_pred.npy, Shape of predictions: (3654,)
Saving predictions for Normalized1_Defect4x4_ELNOD_L9B67.npy as Normalized1_Defect4x4_ELNOD_L9B67_pred.npy, Shape of predictions: (3654,)
Saving predictions for Normalized1_Defect4x4_ELNOD_L11B25.npy as Normalized1_Defect4x4_ELNOD_L11B25_pred.npy, Shape of predictions: (3654,)
Saving predictions for Normalized1_Defect4x4_ELNOD_L5B13.npy as Normalized1_Defect4x4_ELNOD_L5B13_pred.npy, Shape of predictions: (3654,)
Saving predictions for Normalized1_Defect4x4_ELNOD_L18B74.npy as Normalized1_Defect4x4_ELNOD_L18B74_pred.npy, Shape of predictions: (3654,)
Saving predictions for Normalized1_Defect4x4_ELNOD_L19B77.npy as Normalized1_Defect4x4_ELNOD_L19B77_pred.npy, Shape of predictions: (3654,)
Saving predictions for Normalized1_Defect4x4_ELNOD_L15B49.npy as Normalized1_Defect4x4_ELNOD_L15B49_pred.npy, Shape of predictions: (3654,)
Saving predictions for Normalized1_Defect4x4_ELNOD_L7B61.npy as Normalized1_Defect4x4_ELNOD_L7B61_pred.npy, Shape of predictions: (3654,)
Saving predictions for Normalized1_Defect4x4_ELNOD_L5B5.npy as Normalized1_Defect4x4_ELNOD_L5B5_pred.npy, Shape of predictions: (3654,)
Saving predictions for Normalized1_Defect4x4_ELNOD_L3B23.npy as Normalized1_Defect4x4_ELNOD_L3B23_pred.npy, Shape of predictions: (3654,)
Saving predictions for Normalized1_Defect4x4_ELNOD_L18B78.npy as Normalized1_Defect4x4_ELNOD_L18B78_pred.npy, Shape of predictions: (3654,)
Saving predictions for Normalized1_Defect4x4_ELNOD_L4B14.npy as Normalized1_Defect4x4_ELNOD_L4B14_pred.npy, Shape of predictions: (3654,)
Saving predictions for Normalized1_Defect4x4_ELNOD_L14B81.npy as Normalized1_Defect4x4_ELNOD_L14B81_pred.npy, Shape of predictions: (3654,)
Saving predictions for Normalized1_Defect4x4_ELNOD_L5B58.npy as Normalized1_Defect4x4_ELNOD_L5B58_pred.npy, Shape of predictions: (3654,)
Saving predictions for Normalized1_Defect4x4_ELNOD_L12B85.npy as Normalized1_Defect4x4_ELNOD_L12B85_pred.npy, Shape of predictions: (3654,)
Saving predictions for Normalized1_Defect4x4_ELNOD_L17B58.npy as Normalized1_Defect4x4_ELNOD_L17B58_pred.npy, Shape of predictions: (3654,)
Saving predictions for Normalized1_Defect4x4_ELNOD_L2B68.npy as Normalized1_Defect4x4_ELNOD_L2B68_pred.npy, Shape of predictions: (3654,)
Saving predictions for Normalized1_Defect4x4_ELNOD_L16B34.npy as Normalized1_Defect4x4_ELNOD_L16B34_pred.npy, Shape of predictions: (3654,)
Saving predictions for Normalized1_Defect4x4_ELNOD_L16B67.npy as Normalized1_Defect4x4_ELNOD_L16B67_pred.npy, Shape of predictions: (3654,)
Saving predictions for Normalized1_Defect4x4_ELNOD_L3B7.npy as Normalized1_Defect4x4_ELNOD_L3B7_pred.npy, Shape of predictions: (3654,)
Saving predictions for Normalized1_Defect4x4_ELNOD_L18B42.npy as Normalized1_Defect4x4_ELNOD_L18B42_pred.npy, Shape of predictions: (3654,)
Saving predictions for Normalized1_Defect4x4_ELNOD_L19B82.npy as Normalized1_Defect4x4_ELNOD_L19B82_pred.npy, Shape of predictions: (3654,)
Saving predictions for Normalized1_Defect4x4_ELNOD_L2B21.npy as Normalized1_Defect4x4_ELNOD_L2B21_pred.npy, Shape of predictions: (3654,)
Saving predictions for Normalized1_Defect4x4_ELNOD_L10B40.npy as Normalized1_Defect4x4_ELNOD_L10B40_pred.npy, Shape of predictions: (3654,)
Saving predictions for Normalized1_Defect4x4_ELNOD_L6B34.npy as Normalized1_Defect4x4_ELNOD_L6B34_pred.npy, Shape of predictions: (3654,)
Saving predictions for Normalized1_Defect4x4_ELNOD_L18B51.npy as Normalized1_Defect4x4_ELNOD_L18B51_pred.npy, Shape of predictions: (3654,)
Saving predictions for Normalized1_Defect4x4_ELNOD_L3B21.npy as Normalized1_Defect4x4_ELNOD_L3B21_pred.npy, Shape of predictions: (3654,)
Saving predictions for Normalized1_Defect4x4_ELNOD_L2B79.npy as Normalized1_Defect4x4_ELNOD_L2B79_pred.npy, Shape of predictions: (3654,)
Saving predictions for Normalized1_Defect4x4_ELNOD_L15B15.npy as Normalized1_Defect4x4_ELNOD_L15B15_pred.npy, Shape of predictions: (3654,)
Saving predictions for Normalized1_Defect4x4_ELNOD_L3B39.npy as Normalized1_Defect4x4_ELNOD_L3B39_pred.npy, Shape of predictions: (3654,)
Saving predictions for Normalized1_Defect4x4_ELNOD_L2B60.npy as Normalized1_Defect4x4_ELNOD_L2B60_pred.npy, Shape of predictions: (3654,)
Saving predictions for Normalized1_Defect4x4_ELNOD_L9B37.npy as Normalized1_Defect4x4_ELNOD_L9B37_pred.npy, Shape of predictions: (3654,)
Saving predictions for Normalized1_Defect4x4_ELNOD_L7B28.npy as Normalized1_Defect4x4_ELNOD_L7B28_pred.npy, Shape of predictions: (3654,)
Saving predictions for Normalized1_Defect4x4_ELNOD_L15B27.npy as Normalized1_Defect4x4_ELNOD_L15B27_pred.npy, Shape of predictions: (3654,)
Saving predictions for Normalized1_Defect4x4_ELNOD_L10B38.npy as Normalized1_Defect4x4_ELNOD_L10B38_pred.npy, Shape of predictions: (3654,)
Saving predictions for Normalized1_Defect4x4_ELNOD_L16B58.npy as Normalized1_Defect4x4_ELNOD_L16B58_pred.npy, Shape of predictions: (3654,)
Saving predictions for Normalized1_Defect4x4_ELNOD_L15B10.npy as Normalized1_Defect4x4_ELNOD_L15B10_pred.npy, Shape of predictions: (3654,)
Saving predictions for Normalized1_Defect4x4_ELNOD_L11B51.npy as Normalized1_Defect4x4_ELNOD_L11B51_pred.npy, Shape of predictions: (3654,)
Saving predictions for Normalized1_Defect4x4_ELNOD_L19B79.npy as Normalized1_Defect4x4_ELNOD_L19B79_pred.npy, Shape of predictions: (3654,)
Saving predictions for Normalized1_Defect4x4_ELNOD_L2B19.npy as Normalized1_Defect4x4_ELNOD_L2B19_pred.npy, Shape of predictions: (3654,)
Saving predictions for Normalized1_Defect4x4_ELNOD_L5B72.npy as Normalized1_Defect4x4_ELNOD_L5B72_pred.npy, Shape of predictions: (3654,)
Saving predictions for Normalized1_Defect4x4_ELNOD_L19B57.npy as Normalized1_Defect4x4_ELNOD_L19B57_pred.npy, Shape of predictions: (3654,)
Saving predictions for Normalized1_Defect4x4_ELNOD_L19B4.npy as Normalized1_Defect4x4_ELNOD_L19B4_pred.npy, Shape of predictions: (3654,)
Saving predictions for Normalized1_Defect4x4_ELNOD_L12B48.npy as Normalized1_Defect4x4_ELNOD_L12B48_pred.npy, Shape of predictions: (3654,)
Saving predictions for Normalized1_Defect4x4_ELNOD_L4B68.npy as Normalized1_Defect4x4_ELNOD_L4B68_pred.npy, Shape of predictions: (3654,)
Saving predictions for Normalized1_Defect4x4_ELNOD_L12B21.npy as Normalized1_Defect4x4_ELNOD_L12B21_pred.npy, Shape of predictions: (3654,)
Saving predictions for Normalized1_Defect4x4_ELNOD_L10B80.npy as Normalized1_Defect4x4_ELNOD_L10B80_pred.npy, Shape of predictions: (3654,)
Saving predictions for Normalized1_Defect4x4_ELNOD_L14B34.npy as Normalized1_Defect4x4_ELNOD_L14B34_pred.npy, Shape of predictions: (3654,)
Saving predictions for Normalized1_Defect4x4_ELNOD_L11B47.npy as Normalized1_Defect4x4_ELNOD_L11B47_pred.npy, Shape of predictions: (3654,)
Saving predictions for Normalized1_Defect4x4_ELNOD_L2B40.npy as Normalized1_Defect4x4_ELNOD_L2B40_pred.npy, Shape of predictions: (3654,)
Saving predictions for Normalized1_Defect4x4_ELNOD_L4B37.npy as Normalized1_Defect4x4_ELNOD_L4B37_pred.npy, Shape of predictions: (3654,)
Saving predictions for Normalized1_Defect4x4_ELNOD_L19B47.npy as Normalized1_Defect4x4_ELNOD_L19B47_pred.npy, Shape of predictions: (3654,)
Saving predictions for Normalized1_Defect4x4_ELNOD_L7B39.npy as Normalized1_Defect4x4_ELNOD_L7B39_pred.npy, Shape of predictions: (3654,)
Saving predictions for Normalized1_Defect4x4_ELNOD_L7B5.npy as Normalized1_Defect4x4_ELNOD_L7B5_pred.npy, Shape of predictions: (3654,)
Saving predictions for Normalized1_Defect4x4_ELNOD_L6B24.npy as Normalized1_Defect4x4_ELNOD_L6B24_pred.npy, Shape of predictions: (3654,)
Saving predictions for Normalized1_Defect4x4_ELNOD_L5B25.npy as Normalized1_Defect4x4_ELNOD_L5B25_pred.npy, Shape of predictions: (3654,)
Saving predictions for Normalized1_Defect4x4_ELNOD_L6B36.npy as Normalized1_Defect4x4_ELNOD_L6B36_pred.npy, Shape of predictions: (3654,)
Saving predictions for Normalized1_Defect4x4_ELNOD_L10B78.npy as Normalized1_Defect4x4_ELNOD_L10B78_pred.npy, Shape of predictions: (3654,)
Saving predictions for Normalized1_Defect4x4_ELNOD_L15B68.npy as Normalized1_Defect4x4_ELNOD_L15B68_pred.npy, Shape of predictions: (3654,)
Saving predictions for Normalized1_Defect4x4_ELNOD_L12B56.npy as Normalized1_Defect4x4_ELNOD_L12B56_pred.npy, Shape of predictions: (3654,)
Saving predictions for Normalized1_Defect4x4_ELNOD_L14B29.npy as Normalized1_Defect4x4_ELNOD_L14B29_pred.npy, Shape of predictions: (3654,)
Saving predictions for Normalized1_Defect4x4_ELNOD_L16B86.npy as Normalized1_Defect4x4_ELNOD_L16B86_pred.npy, Shape of predictions: (3654,)
Saving predictions for Normalized1_Defect4x4_ELNOD_L5B71.npy as Normalized1_Defect4x4_ELNOD_L5B71_pred.npy, Shape of predictions: (3654,)
Saving predictions for Normalized1_Defect4x4_ELNOD_L5B75.npy as Normalized1_Defect4x4_ELNOD_L5B75_pred.npy, Shape of predictions: (3654,)
Saving predictions for Normalized1_Defect4x4_ELNOD_L18B14.npy as Normalized1_Defect4x4_ELNOD_L18B14_pred.npy, Shape of predictions: (3654,)
Saving predictions for Normalized1_Defect4x4_ELNOD_L19B54.npy as Normalized1_Defect4x4_ELNOD_L19B54_pred.npy, Shape of predictions: (3654,)
Saving predictions for Normalized1_Defect4x4_ELNOD_L7B37.npy as Normalized1_Defect4x4_ELNOD_L7B37_pred.npy, Shape of predictions: (3654,)
Saving predictions for Normalized1_Defect4x4_ELNOD_L8B4.npy as Normalized1_Defect4x4_ELNOD_L8B4_pred.npy, Shape of predictions: (3654,)
Saving predictions for Normalized1_Defect4x4_ELNOD_L11B31.npy as Normalized1_Defect4x4_ELNOD_L11B31_pred.npy, Shape of predictions: (3654,)
Saving predictions for Normalized1_Defect4x4_ELNOD_L18B47.npy as Normalized1_Defect4x4_ELNOD_L18B47_pred.npy, Shape of predictions: (3654,)
Saving predictions for Normalized1_Defect4x4_ELNOD_L11B17.npy as Normalized1_Defect4x4_ELNOD_L11B17_pred.npy, Shape of predictions: (3654,)
Saving predictions for Normalized1_Defect4x4_ELNOD_L14B62.npy as Normalized1_Defect4x4_ELNOD_L14B62_pred.npy, Shape of predictions: (3654,)
Saving predictions for Normalized1_Defect4x4_ELNOD_L4B33.npy as Normalized1_Defect4x4_ELNOD_L4B33_pred.npy, Shape of predictions: (3654,)
Saving predictions for Normalized1_Defect4x4_ELNOD_L17B88.npy as Normalized1_Defect4x4_ELNOD_L17B88_pred.npy, Shape of predictions: (3654,)
Saving predictions for Normalized1_Defect4x4_ELNOD_L4B42.npy as Normalized1_Defect4x4_ELNOD_L4B42_pred.npy, Shape of predictions: (3654,)
Saving predictions for Normalized1_Defect4x4_ELNOD_L18B30.npy as Normalized1_Defect4x4_ELNOD_L18B30_pred.npy, Shape of predictions: (3654,)
Saving predictions for Normalized1_Defect4x4_ELNOD_L3B60.npy as Normalized1_Defect4x4_ELNOD_L3B60_pred.npy, Shape of predictions: (3654,)
Saving predictions for Normalized1_Defect4x4_ELNOD_L14B22.npy as Normalized1_Defect4x4_ELNOD_L14B22_pred.npy, Shape of predictions: (3654,)
Saving predictions for Normalized1_Defect4x4_ELNOD_L4B62.npy as Normalized1_Defect4x4_ELNOD_L4B62_pred.npy, Shape of predictions: (3654,)
Saving predictions for Normalized1_Defect4x4_ELNOD_L9B25.npy as Normalized1_Defect4x4_ELNOD_L9B25_pred.npy, Shape of predictions: (3654,)
Saving predictions for Normalized1_Defect4x4_ELNOD_L16B60.npy as Normalized1_Defect4x4_ELNOD_L16B60_pred.npy, Shape of predictions: (3654,)
Saving predictions for Normalized1_Defect4x4_ELNOD_L2B32.npy as Normalized1_Defect4x4_ELNOD_L2B32_pred.npy, Shape of predictions: (3654,)
Saving predictions for Normalized1_Defect4x4_ELNOD_L9B57.npy as Normalized1_Defect4x4_ELNOD_L9B57_pred.npy, Shape of predictions: (3654,)
Saving predictions for Normalized1_Defect4x4_ELNOD_L13B68.npy as Normalized1_Defect4x4_ELNOD_L13B68_pred.npy, Shape of predictions: (3654,)
Saving predictions for Normalized1_Defect4x4_ELNOD_L17B42.npy as Normalized1_Defect4x4_ELNOD_L17B42_pred.npy, Shape of predictions: (3654,)
Saving predictions for Normalized1_Defect4x4_ELNOD_L10B50.npy as Normalized1_Defect4x4_ELNOD_L10B50_pred.npy, Shape of predictions: (3654,)
Saving predictions for Normalized1_Defect4x4_ELNOD_L12B79.npy as Normalized1_Defect4x4_ELNOD_L12B79_pred.npy, Shape of predictions: (3654,)
Saving predictions for Normalized1_Defect4x4_ELNOD_L14B86.npy as Normalized1_Defect4x4_ELNOD_L14B86_pred.npy, Shape of predictions: (3654,)
Saving predictions for Normalized1_Defect4x4_ELNOD_L11B21.npy as Normalized1_Defect4x4_ELNOD_L11B21_pred.npy, Shape of predictions: (3654,)
Saving predictions for Normalized1_Defect4x4_ELNOD_L4B77.npy as Normalized1_Defect4x4_ELNOD_L4B77_pred.npy, Shape of predictions: (3654,)
Saving predictions for Normalized1_Defect4x4_ELNOD_L3B33.npy as Normalized1_Defect4x4_ELNOD_L3B33_pred.npy, Shape of predictions: (3654,)
Saving predictions for Normalized1_Defect4x4_ELNOD_L11B6.npy as Normalized1_Defect4x4_ELNOD_L11B6_pred.npy, Shape of predictions: (3654,)
Saving predictions for Normalized1_Defect4x4_ELNOD_L19B1.npy as Normalized1_Defect4x4_ELNOD_L19B1_pred.npy, Shape of predictions: (3654,)
Saving predictions for Normalized1_Defect4x4_ELNOD_L15B1.npy as Normalized1_Defect4x4_ELNOD_L15B1_pred.npy, Shape of predictions: (3654,)
Saving predictions for Normalized1_Defect4x4_ELNOD_L14B30.npy as Normalized1_Defect4x4_ELNOD_L14B30_pred.npy, Shape of predictions: (3654,)
Saving predictions for Normalized1_Defect4x4_ELNOD_L2B37.npy as Normalized1_Defect4x4_ELNOD_L2B37_pred.npy, Shape of predictions: (3654,)
Saving predictions for Normalized1_Defect4x4_ELNOD_L14B7.npy as Normalized1_Defect4x4_ELNOD_L14B7_pred.npy, Shape of predictions: (3654,)
Saving predictions for Normalized1_Defect4x4_ELNOD_L3B87.npy as Normalized1_Defect4x4_ELNOD_L3B87_pred.npy, Shape of predictions: (3654,)
Test data predictions saved for all test samples in: /home/nishioka/GNN/Predict_data/Predict19Class4x4_Test20241104_141830
Shape of all_preds: (1183896,)
Shape of all_labels: (1183896,)
Shape of all_probs: (1183896, 19)
Balanced Accuracy: 0.06102849033425241
Matthews Correlation Coefficient: 0.1969407769773735
ROC AUC Score: 0.6906816362355712

Classification Report:
              precision    recall  f1-score   support

           0       0.99      1.00      1.00   1175796
           1       0.00      0.00      0.00       475
           2       0.00      0.00      0.00       475
           3       0.00      0.00      0.00       575
           4       0.00      0.00      0.00       500
           5       0.00      0.00      0.00       400
           6       0.00      0.00      0.00       400
           7       0.00      0.00      0.00       250
           8       0.00      0.00      0.00       575
           9       0.00      0.00      0.00       475
          10       0.10      0.04      0.06       625
          11       0.00      0.00      0.00       325
          12       0.00      0.00      0.00       400
          13       0.00      0.00      0.00       600
          14       0.06      0.12      0.08       500
          15       0.00      0.00      0.00       225
          16       0.00      0.00      0.00       425
          17       0.00      0.00      0.00       350
          18       0.00      0.00      0.00       525

    accuracy                           0.99   1183896
   macro avg       0.06      0.06      0.06   1183896
weighted avg       0.99      0.99      0.99   1183896

Test Loss: 0.0000, Test Accuracy: 0.9932
Precision: 0.9874, Recall: 0.9932, F1-Score: 0.9903
Balanced Accuracy: 0.0610
Matthews Correlation Coefficient (MCC): 0.1969
ROC AUC Score: 0.6906816362355712
Images have been saved in /home/nishioka/GNN/Predict_truth/pred_vs_true_images_20241104_141830
Test Loss: 2.6424, Test Accuracy: 0.9932
Precision: 0.9874, Recall: 0.9932, F1-Score: 0.9903
