nohup: ignoring input
Using device: NVIDIA GeForce RTX 3090
Using device: NVIDIA GeForce RTX 3090
Using device: NVIDIA GeForce RTX 3090
Rank: 0, World Size: 4, Master Addr: 127.0.0.1, Master Port: 12355
Rank 0 using device: cuda:0
Using device: NVIDIA GeForce RTX 3090
Rank 1 using device: cuda:1
Rank 2 using device: cuda:2
Rank 3 using device: cuda:3
Starting Fold 1
Precision: 0.9897, Recall: 0.9692, F1-Score: 0.9793
Fold 1, Epoch 1, Train Loss: 1.7203, Val Loss: 1.7179, Val Acc: 0.9715
Completed Fold 1
Starting Fold 2
Precision: 0.9906, Recall: 0.7492, F1-Score: 0.8530
Fold 2, Epoch 1, Train Loss: 1.7098, Val Loss: 1.6881, Val Acc: 0.7500
Completed Fold 2
Starting Fold 3
Precision: 0.9905, Recall: 0.8541, F1-Score: 0.9170
Fold 3, Epoch 1, Train Loss: 1.6904, Val Loss: 1.6697, Val Acc: 0.8455
Completed Fold 3
Starting Fold 4
Precision: 0.9912, Recall: 0.8765, F1-Score: 0.9300
Fold 4, Epoch 1, Train Loss: 1.6651, Val Loss: 1.6437, Val Acc: 0.8849
Completed Fold 4
Starting Fold 5
Precision: 0.9907, Recall: 0.9804, F1-Score: 0.9854
Fold 5, Epoch 1, Train Loss: 1.6441, Val Loss: 1.6406, Val Acc: 0.9835
Completed Fold 5
Starting final training on all data...
Evaluating and Visualizing on Test Data
Balanced Accuracy: 0.07423771551133736
Matthews Correlation Coefficient: 0.12377097052883942
ROC AUC Score: 0.6182798244802135

Classification Report:
              precision    recall  f1-score   support

           0       1.00      0.98      0.99   1175796
           1       0.00      0.00      0.00       475
           2       0.00      0.00      0.00       475
           3       0.00      0.00      0.00       575
           4       0.00      0.00      0.00       500
           5       0.04      0.16      0.07       400
           6       0.00      0.28      0.01       400
           7       0.00      0.00      0.00       250
           8       0.00      0.00      0.00       575
           9       0.00      0.00      0.00       475
          10       0.00      0.00      0.00       625
          11       0.00      0.00      0.00       325
          12       0.00      0.00      0.00       400
          13       0.00      0.00      0.00       600
          14       0.00      0.00      0.00       500
          15       0.00      0.00      0.00       225
          16       0.00      0.00      0.00       425
          17       0.00      0.00      0.00       350
          18       0.00      0.00      0.00       525

    accuracy                           0.97   1183896
   macro avg       0.05      0.07      0.06   1183896
weighted avg       0.99      0.97      0.98   1183896

Test Loss: 0.0000, Test Accuracy: 0.9715
Precision: 0.9895, Recall: 0.9715, F1-Score: 0.9803
Balanced Accuracy: 0.0742
Matthews Correlation Coefficient (MCC): 0.1238
ROC AUC Score: 0.6182798244802135
Traceback (most recent call last):
  File "/home/nishioka/GNN/DDP/DDPGAT19class4x4_2_focal_loss.py", line 691, in <module>
    main(args)
  File "/home/nishioka/GNN/DDP/DDPGAT19class4x4_2_focal_loss.py", line 624, in main
    evaluate_and_visualize(final_test_loader, ddp_model, device, class_weights)
  File "/home/nishioka/GNN/DDP/DDPGAT19class4x4_2_focal_loss.py", line 262, in evaluate_and_visualize
    plt.gca().xaxis.set_major_locator(MaxNLocator(integer=True))  # 1刻みで表示
                                      ^^^^^^^^^^^
NameError: name 'MaxNLocator' is not defined
[2024-11-01 13:44:17,044] torch.distributed.elastic.multiprocessing.api: [ERROR] failed (exitcode: 1) local_rank: 0 (pid: 3801726) of binary: /home/nishioka/miniconda3/envs/interstage_gnn_first/bin/python
Traceback (most recent call last):
  File "/home/nishioka/miniconda3/envs/interstage_gnn_first/bin/torchrun", line 33, in <module>
    sys.exit(load_entry_point('torch==2.2.2', 'console_scripts', 'torchrun')())
             ^^^^^^^^^^^^^^^^^^^^^^^^^^^^^^^^^^^^^^^^^^^^^^^^^^^^^^^^^^^^^^^^^
  File "/home/nishioka/miniconda3/envs/interstage_gnn_first/lib/python3.12/site-packages/torch/distributed/elastic/multiprocessing/errors/__init__.py", line 347, in wrapper
    return f(*args, **kwargs)
           ^^^^^^^^^^^^^^^^^^
  File "/home/nishioka/miniconda3/envs/interstage_gnn_first/lib/python3.12/site-packages/torch/distributed/run.py", line 812, in main
    run(args)
  File "/home/nishioka/miniconda3/envs/interstage_gnn_first/lib/python3.12/site-packages/torch/distributed/run.py", line 803, in run
    elastic_launch(
  File "/home/nishioka/miniconda3/envs/interstage_gnn_first/lib/python3.12/site-packages/torch/distributed/launcher/api.py", line 135, in __call__
    return launch_agent(self._config, self._entrypoint, list(args))
           ^^^^^^^^^^^^^^^^^^^^^^^^^^^^^^^^^^^^^^^^^^^^^^^^^^^^^^^^
  File "/home/nishioka/miniconda3/envs/interstage_gnn_first/lib/python3.12/site-packages/torch/distributed/launcher/api.py", line 268, in launch_agent
    raise ChildFailedError(
torch.distributed.elastic.multiprocessing.errors.ChildFailedError: 
============================================================
DDPGAT19class4x4_2_focal_loss.py FAILED
------------------------------------------------------------
Failures:
  <NO_OTHER_FAILURES>
------------------------------------------------------------
Root Cause (first observed failure):
[0]:
  time      : 2024-11-01_13:44:17
  host      : stuttgart01
  rank      : 0 (local_rank: 0)
  exitcode  : 1 (pid: 3801726)
  error_file: <N/A>
  traceback : To enable traceback see: https://pytorch.org/docs/stable/elastic/errors.html
============================================================
