nohup: ignoring input
Using device: NVIDIA GeForce RTX 3090
Using device: NVIDIA GeForce RTX 3090
Using device: NVIDIA GeForce RTX 3090
Rank: 0, World Size: 4, Master Addr: 127.0.0.1, Master Port: 12355
Rank 0 using device: cuda:0
Using device: NVIDIA GeForce RTX 3090
Rank 3 using device: cuda:3
Rank 2 using device: cuda:2
Rank 1 using device: cuda:1
Starting Fold 1
Precision: 0.9923, Recall: 0.1995, F1-Score: 0.3315
Fold 1, Epoch 1, Train Loss: 2.6786, Val Loss: 2.6790, Val Acc: 0.1975
Precision: 0.9903, Recall: 0.5158, F1-Score: 0.6780
Fold 1, Epoch 2, Train Loss: 2.6762, Val Loss: 2.6769, Val Acc: 0.5107
Precision: 0.9904, Recall: 0.4521, F1-Score: 0.6205
Fold 1, Epoch 3, Train Loss: 2.6745, Val Loss: 2.6750, Val Acc: 0.4485
Completed Fold 1
Starting Fold 2
Precision: 0.9901, Recall: 0.8047, F1-Score: 0.8877
Fold 2, Epoch 1, Train Loss: 2.6787, Val Loss: 2.6722, Val Acc: 0.8066
Precision: 0.9899, Recall: 0.9042, F1-Score: 0.9450
Fold 2, Epoch 2, Train Loss: 2.6751, Val Loss: 2.6713, Val Acc: 0.9036
Precision: 0.9896, Recall: 0.9472, F1-Score: 0.9678
Fold 2, Epoch 3, Train Loss: 2.6724, Val Loss: 2.6697, Val Acc: 0.9458
Completed Fold 2
Starting Fold 3
Precision: 0.9893, Recall: 0.9578, F1-Score: 0.9732
Fold 3, Epoch 1, Train Loss: 2.6714, Val Loss: 2.6638, Val Acc: 0.9524
Precision: 0.9894, Recall: 0.9562, F1-Score: 0.9724
Fold 3, Epoch 2, Train Loss: 2.6671, Val Loss: 2.6627, Val Acc: 0.9505
Precision: 0.9894, Recall: 0.9592, F1-Score: 0.9740
Fold 3, Epoch 3, Train Loss: 2.6642, Val Loss: 2.6627, Val Acc: 0.9534
Completed Fold 3
Starting Fold 4
Precision: 0.9890, Recall: 0.9763, F1-Score: 0.9826
Fold 4, Epoch 1, Train Loss: 2.6622, Val Loss: 2.6575, Val Acc: 0.9786
Precision: 0.9892, Recall: 0.9758, F1-Score: 0.9824
Fold 4, Epoch 2, Train Loss: 2.6550, Val Loss: 2.6550, Val Acc: 0.9780
Precision: 0.9893, Recall: 0.9704, F1-Score: 0.9797
Fold 4, Epoch 3, Train Loss: 2.6525, Val Loss: 2.6526, Val Acc: 0.9732
Completed Fold 4
Starting Fold 5
Precision: 0.9898, Recall: 0.9619, F1-Score: 0.9755
Fold 5, Epoch 1, Train Loss: 2.6491, Val Loss: 2.6434, Val Acc: 0.9679
Precision: 0.9897, Recall: 0.9639, F1-Score: 0.9766
Fold 5, Epoch 2, Train Loss: 2.6421, Val Loss: 2.6389, Val Acc: 0.9696
Precision: 0.9901, Recall: 0.9398, F1-Score: 0.9642
Fold 5, Epoch 3, Train Loss: 2.6386, Val Loss: 2.6374, Val Acc: 0.9491
Completed Fold 5
Starting final training on all data...
Evaluating and Visualizing on Test Data
Test data predictions saved for all test samples in: /home/nishioka/GNN/Predict_data/Predict19Class4x4_Test20241114_113536
Training data predictions saved for all training samples in: /home/nishioka/GNN/Predict_data/Predict19Class4x4_Train20241114_113536
Shape of all_preds: (1183896,)
Shape of all_labels: (1183896,)
Shape of all_probs: (1183896, 19)
Balanced Accuracy: 0.06733469567622323
Matthews Correlation Coefficient: 0.024443139084039424
ROC AUC Score: 0.5903702481735664

Classification Report:
              precision    recall  f1-score   support

           0       1.00      0.44      0.61   1175796
           1       0.00      0.00      0.00       500
           2       0.00      0.00      0.00       475
           3       0.00      0.00      0.00       325
           4       0.00      0.00      0.00       250
           5       0.00      0.00      0.00       425
           6       0.00      0.00      0.00       450
           7       0.00      0.00      0.00       425
           8       0.00      0.00      0.00       350
           9       0.00      0.00      0.00       375
          10       0.00      0.84      0.00       550
          11       0.00      0.00      0.00       675
          12       0.00      0.00      0.00       425
          13       0.00      0.00      0.00       475
          14       0.00      0.00      0.00       525
          15       0.00      0.00      0.00       350
          16       0.00      0.00      0.00       375
          17       0.00      0.00      0.00       550
          18       0.00      0.00      0.00       600

    accuracy                           0.43   1183896
   macro avg       0.05      0.07      0.03   1183896
weighted avg       0.99      0.43      0.60   1183896

Test Loss: 0.0000, Test Accuracy: 0.4485
Precision: 0.9906, Recall: 0.4349, F1-Score: 0.6041
Balanced Accuracy: 0.0673
Matthews Correlation Coefficient (MCC): 0.0244
ROC AUC Score: 0.5903702481735664
Images have been saved in /home/nishioka/GNN/Predict_truth/pred_vs_true_images_20241114_113536
Test Loss: 2.6761, Test Accuracy: 0.4485
Precision: 0.9903, Recall: 0.4485, F1-Score: 0.6169
