nohup: ignoring input
Using device: NVIDIA GeForce RTX 3090
Using device: NVIDIA GeForce RTX 3090
Using device: NVIDIA GeForce RTX 3090
Rank: 0, World Size: 4, Master Addr: 127.0.0.1, Master Port: 12355
Rank 0 using device: cuda:0
Using device: NVIDIA GeForce RTX 3090
Rank 1 using device: cuda:1
Rank 2 using device: cuda:2
Rank 3 using device: cuda:3
Starting Fold 1
Precision: 0.0000, Recall: 0.0005, F1-Score: 0.0000
Fold 1, Epoch 1, Train Loss: 0.0011, Val Loss: 0.0011, Val Acc: 0.0005
Precision: 0.0000, Recall: 0.0004, F1-Score: 0.0000
Fold 1, Epoch 2, Train Loss: 0.0011, Val Loss: 0.0011, Val Acc: 0.0005
Precision: 0.0000, Recall: 0.0004, F1-Score: 0.0000
Fold 1, Epoch 3, Train Loss: 0.0011, Val Loss: 0.0011, Val Acc: 0.0005
Precision: 0.0000, Recall: 0.0004, F1-Score: 0.0000
Fold 1, Epoch 4, Train Loss: 0.0011, Val Loss: 0.0011, Val Acc: 0.0005
Precision: 0.0000, Recall: 0.0004, F1-Score: 0.0000
Fold 1, Epoch 5, Train Loss: 0.0011, Val Loss: 0.0011, Val Acc: 0.0002
Precision: 0.0000, Recall: 0.0003, F1-Score: 0.0000
Fold 1, Epoch 6, Train Loss: 0.0011, Val Loss: 0.0011, Val Acc: 0.0002
Precision: 0.0000, Recall: 0.0003, F1-Score: 0.0000
Fold 1, Epoch 7, Train Loss: 0.0011, Val Loss: 0.0011, Val Acc: 0.0002
Precision: 0.0000, Recall: 0.0003, F1-Score: 0.0000
Fold 1, Epoch 8, Train Loss: 0.0011, Val Loss: 0.0011, Val Acc: 0.0002
Precision: 0.0000, Recall: 0.0003, F1-Score: 0.0000
Fold 1, Epoch 9, Train Loss: 0.0011, Val Loss: 0.0011, Val Acc: 0.0002

--- Epoch 10 ---
--- Epoch 10 ---
--- Epoch 10 ---



--- Epoch 10 ---
Class Weights: [2.1182575e-05 5.6127068e-02 5.6127068e-02 5.9477936e-02 5.6928884e-02
 5.3851645e-02 5.3851645e-02 4.9812771e-02 5.9477936e-02 5.6127068e-02
 6.1308030e-02 5.1753532e-02 5.3851645e-02 6.0379118e-02 5.6928884e-02
 4.9197800e-02 5.4589339e-02 5.2434497e-02 5.7753939e-02]Class Weights: [2.1182575e-05 5.6127068e-02 5.6127068e-02 5.9477936e-02 5.6928884e-02
 5.3851645e-02 5.3851645e-02 4.9812771e-02 5.9477936e-02 5.6127068e-02
 6.1308030e-02 5.1753532e-02 5.3851645e-02 6.0379118e-02 5.6928884e-02
 4.9197800e-02 5.4589339e-02 5.2434497e-02 5.7753939e-02]
Class Weights: [2.1182575e-05 5.6127068e-02 5.6127068e-02 5.9477936e-02 5.6928884e-02
 5.3851645e-02 5.3851645e-02 4.9812771e-02 5.9477936e-02 5.6127068e-02
 6.1308030e-02 5.1753532e-02 5.3851645e-02 6.0379118e-02 5.6928884e-02
 4.9197800e-02 5.4589339e-02 5.2434497e-02 5.7753939e-02]

Learning Rate: 0.001
Learning Rate: 0.001Learning Rate: 0.001

Class Weights: [2.1182575e-05 5.6127068e-02 5.6127068e-02 5.9477936e-02 5.6928884e-02
 5.3851645e-02 5.3851645e-02 4.9812771e-02 5.9477936e-02 5.6127068e-02
 6.1308030e-02 5.1753532e-02 5.3851645e-02 6.0379118e-02 5.6928884e-02
 4.9197800e-02 5.4589339e-02 5.2434497e-02 5.7753939e-02]
Learning Rate: 0.001
Train Loss: 0.0011, Val Loss: 0.0011
Train Loss: 0.0011, Val Loss: 0.0011Train Loss: 0.0011, Val Loss: 0.0011

Train Loss: 0.0011, Val Loss: 0.0011
Per-Class Precision: [0.        0.        0.        0.        0.        0.        0.
 0.        0.        0.        0.        0.0005068 0.        0.
 0.        0.        0.        0.        0.       ]
Per-Class Recall: [0. 0. 0. 0. 0. 0. 0. 0. 0. 0. 0. 1. 0. 0. 0. 0. 0. 0. 0.]
Per-Class F1-Score: [0.         0.         0.         0.         0.         0.
 0.         0.         0.         0.         0.         0.00101309
 0.         0.         0.         0.         0.         0.
 0.        ]
Support per Class: [293949    100    150    150    100    100    100     75    100     75
    125    150    125    175     75    100    175     75     75]
Weighted Precision: 0.0000, Weighted Recall: 0.0005, Weighted F1-Score: 0.0000
Precision: 0.0000, Recall: 0.0005, F1-Score: 0.0000
Fold 1, Epoch 10, Train Loss: 0.0011, Val Loss: 0.0011, Val Acc: 0.0003
Precision: 0.0000, Recall: 0.0005, F1-Score: 0.0000
Fold 1, Epoch 11, Train Loss: 0.0011, Val Loss: 0.0011, Val Acc: 0.0003
Precision: 0.0000, Recall: 0.0003, F1-Score: 0.0000
Fold 1, Epoch 12, Train Loss: 0.0011, Val Loss: 0.0011, Val Acc: 0.0002
Precision: 0.0000, Recall: 0.0006, F1-Score: 0.0000
Fold 1, Epoch 13, Train Loss: 0.0011, Val Loss: 0.0011, Val Acc: 0.0005
Precision: 0.0000, Recall: 0.0006, F1-Score: 0.0000
Fold 1, Epoch 14, Train Loss: 0.0011, Val Loss: 0.0011, Val Acc: 0.0005
Precision: 0.0000, Recall: 0.0003, F1-Score: 0.0000
Fold 1, Epoch 15, Train Loss: 0.0011, Val Loss: 0.0011, Val Acc: 0.0002
Precision: 0.0000, Recall: 0.0003, F1-Score: 0.0000
Fold 1, Epoch 16, Train Loss: 0.0011, Val Loss: 0.0011, Val Acc: 0.0002
Precision: 0.0000, Recall: 0.0003, F1-Score: 0.0000
Fold 1, Epoch 17, Train Loss: 0.0011, Val Loss: 0.0011, Val Acc: 0.0002
Precision: 0.0000, Recall: 0.0003, F1-Score: 0.0000
Fold 1, Epoch 18, Train Loss: 0.0011, Val Loss: 0.0011, Val Acc: 0.0004
Precision: 0.0000, Recall: 0.0003, F1-Score: 0.0000
Fold 1, Epoch 19, Train Loss: 0.0011, Val Loss: 0.0011, Val Acc: 0.0003

--- Epoch 20 ---
--- Epoch 20 ---
--- Epoch 20 ---



--- Epoch 20 ---
Class Weights: [2.1182575e-05 5.6127068e-02 5.6127068e-02 5.9477936e-02 5.6928884e-02
 5.3851645e-02 5.3851645e-02 4.9812771e-02 5.9477936e-02 5.6127068e-02
 6.1308030e-02 5.1753532e-02 5.3851645e-02 6.0379118e-02 5.6928884e-02
 4.9197800e-02 5.4589339e-02 5.2434497e-02 5.7753939e-02]Class Weights: [2.1182575e-05 5.6127068e-02 5.6127068e-02 5.9477936e-02 5.6928884e-02
 5.3851645e-02 5.3851645e-02 4.9812771e-02 5.9477936e-02 5.6127068e-02
 6.1308030e-02 5.1753532e-02 5.3851645e-02 6.0379118e-02 5.6928884e-02
 4.9197800e-02 5.4589339e-02 5.2434497e-02 5.7753939e-02]Class Weights: [2.1182575e-05 5.6127068e-02 5.6127068e-02 5.9477936e-02 5.6928884e-02
 5.3851645e-02 5.3851645e-02 4.9812771e-02 5.9477936e-02 5.6127068e-02
 6.1308030e-02 5.1753532e-02 5.3851645e-02 6.0379118e-02 5.6928884e-02
 4.9197800e-02 5.4589339e-02 5.2434497e-02 5.7753939e-02]


Class Weights: [2.1182575e-05 5.6127068e-02 5.6127068e-02 5.9477936e-02 5.6928884e-02
 5.3851645e-02 5.3851645e-02 4.9812771e-02 5.9477936e-02 5.6127068e-02
 6.1308030e-02 5.1753532e-02 5.3851645e-02 6.0379118e-02 5.6928884e-02
 4.9197800e-02 5.4589339e-02 5.2434497e-02 5.7753939e-02]Learning Rate: 0.001Learning Rate: 0.001Learning Rate: 0.001



Learning Rate: 0.001
Train Loss: 0.0011, Val Loss: 0.0011Train Loss: 0.0011, Val Loss: 0.0011Train Loss: 0.0011, Val Loss: 0.0011
Train Loss: 0.0011, Val Loss: 0.0011


Per-Class Precision: [0.        0.        0.        0.        0.        0.        0.
 0.        0.        0.        0.        0.        0.        0.
 0.        0.        0.        0.0002534 0.       ]
Per-Class Recall: [0. 0. 0. 0. 0. 0. 0. 0. 0. 0. 0. 0. 0. 0. 0. 0. 0. 1. 0.]
Per-Class F1-Score: [0.         0.         0.         0.         0.         0.
 0.         0.         0.         0.         0.         0.
 0.         0.         0.         0.         0.         0.00050667
 0.        ]
Support per Class: [293949    100    150    150    100    100    100     75    100     75
    125    150    125    175     75    100    175     75     75]
Weighted Precision: 0.0000, Weighted Recall: 0.0003, Weighted F1-Score: 0.0000
Precision: 0.0000, Recall: 0.0003, F1-Score: 0.0000
Fold 1, Epoch 20, Train Loss: 0.0011, Val Loss: 0.0011, Val Acc: 0.0003
Precision: 0.0000, Recall: 0.0005, F1-Score: 0.0000
Fold 1, Epoch 21, Train Loss: 0.0011, Val Loss: 0.0011, Val Acc: 0.0003
Precision: 0.0000, Recall: 0.0005, F1-Score: 0.0000
Fold 1, Epoch 22, Train Loss: 0.0011, Val Loss: 0.0011, Val Acc: 0.0003
Precision: 0.0000, Recall: 0.0005, F1-Score: 0.0000
Fold 1, Epoch 23, Train Loss: 0.0011, Val Loss: 0.0011, Val Acc: 0.0005
Precision: 0.0000, Recall: 0.0005, F1-Score: 0.0000
Fold 1, Epoch 24, Train Loss: 0.0011, Val Loss: 0.0011, Val Acc: 0.0005
Precision: 0.0000, Recall: 0.0003, F1-Score: 0.0000
Fold 1, Epoch 25, Train Loss: 0.0011, Val Loss: 0.0011, Val Acc: 0.0004
Precision: 0.0000, Recall: 0.0006, F1-Score: 0.0000
Fold 1, Epoch 26, Train Loss: 0.0011, Val Loss: 0.0011, Val Acc: 0.0005
Precision: 0.0000, Recall: 0.0006, F1-Score: 0.0000
Fold 1, Epoch 27, Train Loss: 0.0011, Val Loss: 0.0011, Val Acc: 0.0005
Precision: 0.0000, Recall: 0.0005, F1-Score: 0.0000
Fold 1, Epoch 28, Train Loss: 0.0011, Val Loss: 0.0011, Val Acc: 0.0005
Precision: 0.0000, Recall: 0.0003, F1-Score: 0.0000
Fold 1, Epoch 29, Train Loss: 0.0011, Val Loss: 0.0011, Val Acc: 0.0002

--- Epoch 30 ---
--- Epoch 30 ---
--- Epoch 30 ---



--- Epoch 30 ---
Class Weights: [2.1182575e-05 5.6127068e-02 5.6127068e-02 5.9477936e-02 5.6928884e-02
 5.3851645e-02 5.3851645e-02 4.9812771e-02 5.9477936e-02 5.6127068e-02
 6.1308030e-02 5.1753532e-02 5.3851645e-02 6.0379118e-02 5.6928884e-02
 4.9197800e-02 5.4589339e-02 5.2434497e-02 5.7753939e-02]Class Weights: [2.1182575e-05 5.6127068e-02 5.6127068e-02 5.9477936e-02 5.6928884e-02
 5.3851645e-02 5.3851645e-02 4.9812771e-02 5.9477936e-02 5.6127068e-02
 6.1308030e-02 5.1753532e-02 5.3851645e-02 6.0379118e-02 5.6928884e-02
 4.9197800e-02 5.4589339e-02 5.2434497e-02 5.7753939e-02]Class Weights: [2.1182575e-05 5.6127068e-02 5.6127068e-02 5.9477936e-02 5.6928884e-02
 5.3851645e-02 5.3851645e-02 4.9812771e-02 5.9477936e-02 5.6127068e-02
 6.1308030e-02 5.1753532e-02 5.3851645e-02 6.0379118e-02 5.6928884e-02
 4.9197800e-02 5.4589339e-02 5.2434497e-02 5.7753939e-02]

Class Weights: [2.1182575e-05 5.6127068e-02 5.6127068e-02 5.9477936e-02 5.6928884e-02
 5.3851645e-02 5.3851645e-02 4.9812771e-02 5.9477936e-02 5.6127068e-02
 6.1308030e-02 5.1753532e-02 5.3851645e-02 6.0379118e-02 5.6928884e-02
 4.9197800e-02 5.4589339e-02 5.2434497e-02 5.7753939e-02]
Learning Rate: 0.001Learning Rate: 0.001


Learning Rate: 0.001Learning Rate: 0.001

Train Loss: 0.0011, Val Loss: 0.0011Train Loss: 0.0011, Val Loss: 0.0011

Train Loss: 0.0011, Val Loss: 0.0011Train Loss: 0.0011, Val Loss: 0.0011

Per-Class Precision: [0.        0.        0.        0.0005068 0.        0.        0.
 0.        0.        0.        0.        0.        0.        0.
 0.        0.        0.        0.        0.       ]
Per-Class Recall: [0. 0. 0. 1. 0. 0. 0. 0. 0. 0. 0. 0. 0. 0. 0. 0. 0. 0. 0.]
Per-Class F1-Score: [0.         0.         0.         0.00101309 0.         0.
 0.         0.         0.         0.         0.         0.
 0.         0.         0.         0.         0.         0.
 0.        ]
Support per Class: [293949    100    150    150    100    100    100     75    100     75
    125    150    125    175     75    100    175     75     75]
Weighted Precision: 0.0000, Weighted Recall: 0.0005, Weighted F1-Score: 0.0000
Precision: 0.0000, Recall: 0.0005, F1-Score: 0.0000
Fold 1, Epoch 30, Train Loss: 0.0011, Val Loss: 0.0011, Val Acc: 0.0005
Completed Fold 1
Starting Fold 2
Precision: 0.0000, Recall: 0.0003, F1-Score: 0.0000
Fold 2, Epoch 1, Train Loss: 0.0011, Val Loss: 0.0011, Val Acc: 0.0004
Precision: 0.0000, Recall: 0.0003, F1-Score: 0.0000
Fold 2, Epoch 2, Train Loss: 0.0011, Val Loss: 0.0011, Val Acc: 0.0004
Precision: 0.0000, Recall: 0.0005, F1-Score: 0.0000
Fold 2, Epoch 3, Train Loss: 0.0011, Val Loss: 0.0011, Val Acc: 0.0004
Precision: 0.0000, Recall: 0.0005, F1-Score: 0.0000
Fold 2, Epoch 4, Train Loss: 0.0011, Val Loss: 0.0011, Val Acc: 0.0004
Precision: 0.0000, Recall: 0.0005, F1-Score: 0.0000
Fold 2, Epoch 5, Train Loss: 0.0011, Val Loss: 0.0011, Val Acc: 0.0004
Precision: 0.0000, Recall: 0.0005, F1-Score: 0.0000
Fold 2, Epoch 6, Train Loss: 0.0011, Val Loss: 0.0011, Val Acc: 0.0004
Precision: 0.0000, Recall: 0.0005, F1-Score: 0.0000
Fold 2, Epoch 7, Train Loss: 0.0011, Val Loss: 0.0011, Val Acc: 0.0004
Precision: 0.0000, Recall: 0.0005, F1-Score: 0.0000
Fold 2, Epoch 8, Train Loss: 0.0011, Val Loss: 0.0011, Val Acc: 0.0004
Precision: 0.0000, Recall: 0.0005, F1-Score: 0.0000
Fold 2, Epoch 9, Train Loss: 0.0011, Val Loss: 0.0011, Val Acc: 0.0004

--- Epoch 10 ---
--- Epoch 10 ---

--- Epoch 10 ---


--- Epoch 10 ---
Class Weights: [2.1216663e-05 5.7020500e-02 5.4677192e-02 5.5436596e-02 4.9276974e-02
 5.4677192e-02 5.5436596e-02 5.7020500e-02 5.2518882e-02 5.7020500e-02
 5.2518882e-02 5.5436596e-02 5.3938311e-02 5.7020500e-02 6.0476288e-02
 5.8697574e-02 5.3938311e-02 5.7846885e-02 5.7020500e-02]Class Weights: [2.1216663e-05 5.7020500e-02 5.4677192e-02 5.5436596e-02 4.9276974e-02
 5.4677192e-02 5.5436596e-02 5.7020500e-02 5.2518882e-02 5.7020500e-02
 5.2518882e-02 5.5436596e-02 5.3938311e-02 5.7020500e-02 6.0476288e-02
 5.8697574e-02 5.3938311e-02 5.7846885e-02 5.7020500e-02]Class Weights: [2.1216663e-05 5.7020500e-02 5.4677192e-02 5.5436596e-02 4.9276974e-02
 5.4677192e-02 5.5436596e-02 5.7020500e-02 5.2518882e-02 5.7020500e-02
 5.2518882e-02 5.5436596e-02 5.3938311e-02 5.7020500e-02 6.0476288e-02
 5.8697574e-02 5.3938311e-02 5.7846885e-02 5.7020500e-02]


Learning Rate: 0.001Learning Rate: 0.001Learning Rate: 0.001

Class Weights: [2.1216663e-05 5.7020500e-02 5.4677192e-02 5.5436596e-02 4.9276974e-02
 5.4677192e-02 5.5436596e-02 5.7020500e-02 5.2518882e-02 5.7020500e-02
 5.2518882e-02 5.5436596e-02 5.3938311e-02 5.7020500e-02 6.0476288e-02
 5.8697574e-02 5.3938311e-02 5.7846885e-02 5.7020500e-02]

Learning Rate: 0.001
Train Loss: 0.0011, Val Loss: 0.0011Train Loss: 0.0011, Val Loss: 0.0011

Train Loss: 0.0011, Val Loss: 0.0011
Train Loss: 0.0011, Val Loss: 0.0011
Per-Class Precision: [0.        0.        0.        0.        0.        0.        0.
 0.        0.        0.        0.        0.        0.        0.
 0.        0.        0.        0.        0.0005068]
Per-Class Recall: [0. 0. 0. 0. 0. 0. 0. 0. 0. 0. 0. 0. 0. 0. 0. 0. 0. 0. 1.]
Per-Class F1-Score: [0.         0.         0.         0.         0.         0.
 0.         0.         0.         0.         0.         0.
 0.         0.         0.         0.         0.         0.
 0.00101309]
Support per Class: [293949    150     75    100     75     75    125    125    100    175
    100     50     75    125    175     75    175    100    150]
Weighted Precision: 0.0000, Weighted Recall: 0.0005, Weighted F1-Score: 0.0000
Precision: 0.0000, Recall: 0.0005, F1-Score: 0.0000
Fold 2, Epoch 10, Train Loss: 0.0011, Val Loss: 0.0011, Val Acc: 0.0004
Precision: 0.0000, Recall: 0.0005, F1-Score: 0.0000
Fold 2, Epoch 11, Train Loss: 0.0011, Val Loss: 0.0011, Val Acc: 0.0004
Precision: 0.0000, Recall: 0.0003, F1-Score: 0.0000
Fold 2, Epoch 12, Train Loss: 0.0011, Val Loss: 0.0011, Val Acc: 0.0004
Precision: 0.0000, Recall: 0.0005, F1-Score: 0.0000
Fold 2, Epoch 13, Train Loss: 0.0011, Val Loss: 0.0011, Val Acc: 0.0004
Precision: 0.0000, Recall: 0.0005, F1-Score: 0.0000
Fold 2, Epoch 14, Train Loss: 0.0011, Val Loss: 0.0011, Val Acc: 0.0004
Precision: 0.0000, Recall: 0.0003, F1-Score: 0.0000
Fold 2, Epoch 15, Train Loss: 0.0011, Val Loss: 0.0011, Val Acc: 0.0004
Precision: 0.0000, Recall: 0.0003, F1-Score: 0.0000
Fold 2, Epoch 16, Train Loss: 0.0011, Val Loss: 0.0011, Val Acc: 0.0004
Precision: 0.0000, Recall: 0.0003, F1-Score: 0.0000
Fold 2, Epoch 17, Train Loss: 0.0011, Val Loss: 0.0011, Val Acc: 0.0004
Precision: 0.0000, Recall: 0.0002, F1-Score: 0.0000
Fold 2, Epoch 18, Train Loss: 0.0011, Val Loss: 0.0011, Val Acc: 0.0004
Precision: 0.0000, Recall: 0.0002, F1-Score: 0.0000
Fold 2, Epoch 19, Train Loss: 0.0011, Val Loss: 0.0011, Val Acc: 0.0004

--- Epoch 20 ---
--- Epoch 20 ---

--- Epoch 20 ---


--- Epoch 20 ---
Class Weights: [2.1216663e-05 5.7020500e-02 5.4677192e-02 5.5436596e-02 4.9276974e-02
 5.4677192e-02 5.5436596e-02 5.7020500e-02 5.2518882e-02 5.7020500e-02
 5.2518882e-02 5.5436596e-02 5.3938311e-02 5.7020500e-02 6.0476288e-02
 5.8697574e-02 5.3938311e-02 5.7846885e-02 5.7020500e-02]Class Weights: [2.1216663e-05 5.7020500e-02 5.4677192e-02 5.5436596e-02 4.9276974e-02
 5.4677192e-02 5.5436596e-02 5.7020500e-02 5.2518882e-02 5.7020500e-02
 5.2518882e-02 5.5436596e-02 5.3938311e-02 5.7020500e-02 6.0476288e-02
 5.8697574e-02 5.3938311e-02 5.7846885e-02 5.7020500e-02]

Learning Rate: 0.001Learning Rate: 0.001
Class Weights: [2.1216663e-05 5.7020500e-02 5.4677192e-02 5.5436596e-02 4.9276974e-02
 5.4677192e-02 5.5436596e-02 5.7020500e-02 5.2518882e-02 5.7020500e-02
 5.2518882e-02 5.5436596e-02 5.3938311e-02 5.7020500e-02 6.0476288e-02
 5.8697574e-02 5.3938311e-02 5.7846885e-02 5.7020500e-02]Class Weights: [2.1216663e-05 5.7020500e-02 5.4677192e-02 5.5436596e-02 4.9276974e-02
 5.4677192e-02 5.5436596e-02 5.7020500e-02 5.2518882e-02 5.7020500e-02
 5.2518882e-02 5.5436596e-02 5.3938311e-02 5.7020500e-02 6.0476288e-02
 5.8697574e-02 5.3938311e-02 5.7846885e-02 5.7020500e-02]


Learning Rate: 0.001Learning Rate: 0.001

Train Loss: 0.0011, Val Loss: 0.0011
Train Loss: 0.0011, Val Loss: 0.0011
Train Loss: 0.0011, Val Loss: 0.0011
Train Loss: 0.0011, Val Loss: 0.0011
Per-Class Precision: [0.        0.        0.        0.        0.        0.        0.
 0.        0.        0.        0.        0.        0.        0.
 0.        0.0002534 0.        0.        0.       ]
Per-Class Recall: [0. 0. 0. 0. 0. 0. 0. 0. 0. 0. 0. 0. 0. 0. 0. 1. 0. 0. 0.]
Per-Class F1-Score: [0.         0.         0.         0.         0.         0.
 0.         0.         0.         0.         0.         0.
 0.         0.         0.         0.00050667 0.         0.
 0.        ]
Support per Class: [293949    150     75    100     75     75    125    125    100    175
    100     50     75    125    175     75    175    100    150]
Weighted Precision: 0.0000, Weighted Recall: 0.0003, Weighted F1-Score: 0.0000
Precision: 0.0000, Recall: 0.0003, F1-Score: 0.0000
Fold 2, Epoch 20, Train Loss: 0.0011, Val Loss: 0.0011, Val Acc: 0.0005
Precision: 0.0000, Recall: 0.0003, F1-Score: 0.0000
Fold 2, Epoch 21, Train Loss: 0.0011, Val Loss: 0.0011, Val Acc: 0.0005
Precision: 0.0000, Recall: 0.0002, F1-Score: 0.0000
Fold 2, Epoch 22, Train Loss: 0.0011, Val Loss: 0.0011, Val Acc: 0.0004
Precision: 0.0000, Recall: 0.0006, F1-Score: 0.0000
Fold 2, Epoch 23, Train Loss: 0.0011, Val Loss: 0.0011, Val Acc: 0.0005
Precision: 0.0000, Recall: 0.0006, F1-Score: 0.0000
Fold 2, Epoch 24, Train Loss: 0.0011, Val Loss: 0.0011, Val Acc: 0.0005
Precision: 0.0000, Recall: 0.0006, F1-Score: 0.0000
Fold 2, Epoch 25, Train Loss: 0.0011, Val Loss: 0.0011, Val Acc: 0.0003
Precision: 0.0000, Recall: 0.0006, F1-Score: 0.0000
Fold 2, Epoch 26, Train Loss: 0.0011, Val Loss: 0.0011, Val Acc: 0.0003
Precision: 0.0000, Recall: 0.0003, F1-Score: 0.0000
Fold 2, Epoch 27, Train Loss: 0.0011, Val Loss: 0.0011, Val Acc: 0.0005
Precision: 0.0000, Recall: 0.0003, F1-Score: 0.0000
Fold 2, Epoch 28, Train Loss: 0.0011, Val Loss: 0.0011, Val Acc: 0.0005
Precision: 0.0000, Recall: 0.0003, F1-Score: 0.0000
Fold 2, Epoch 29, Train Loss: 0.0011, Val Loss: 0.0011, Val Acc: 0.0005

--- Epoch 30 ---
--- Epoch 30 ---
--- Epoch 30 ---



--- Epoch 30 ---
Class Weights: [2.1216663e-05 5.7020500e-02 5.4677192e-02 5.5436596e-02 4.9276974e-02
 5.4677192e-02 5.5436596e-02 5.7020500e-02 5.2518882e-02 5.7020500e-02
 5.2518882e-02 5.5436596e-02 5.3938311e-02 5.7020500e-02 6.0476288e-02
 5.8697574e-02 5.3938311e-02 5.7846885e-02 5.7020500e-02]Class Weights: [2.1216663e-05 5.7020500e-02 5.4677192e-02 5.5436596e-02 4.9276974e-02
 5.4677192e-02 5.5436596e-02 5.7020500e-02 5.2518882e-02 5.7020500e-02
 5.2518882e-02 5.5436596e-02 5.3938311e-02 5.7020500e-02 6.0476288e-02
 5.8697574e-02 5.3938311e-02 5.7846885e-02 5.7020500e-02]Class Weights: [2.1216663e-05 5.7020500e-02 5.4677192e-02 5.5436596e-02 4.9276974e-02
 5.4677192e-02 5.5436596e-02 5.7020500e-02 5.2518882e-02 5.7020500e-02
 5.2518882e-02 5.5436596e-02 5.3938311e-02 5.7020500e-02 6.0476288e-02
 5.8697574e-02 5.3938311e-02 5.7846885e-02 5.7020500e-02]


Class Weights: [2.1216663e-05 5.7020500e-02 5.4677192e-02 5.5436596e-02 4.9276974e-02
 5.4677192e-02 5.5436596e-02 5.7020500e-02 5.2518882e-02 5.7020500e-02
 5.2518882e-02 5.5436596e-02 5.3938311e-02 5.7020500e-02 6.0476288e-02
 5.8697574e-02 5.3938311e-02 5.7846885e-02 5.7020500e-02]Learning Rate: 0.001Learning Rate: 0.001Learning Rate: 0.001



Learning Rate: 0.001
Train Loss: 0.0011, Val Loss: 0.0011Train Loss: 0.0011, Val Loss: 0.0011Train Loss: 0.0011, Val Loss: 0.0011
Train Loss: 0.0011, Val Loss: 0.0011


Per-Class Precision: [0.        0.        0.        0.        0.        0.        0.
 0.        0.        0.        0.        0.        0.        0.
 0.        0.0002534 0.        0.        0.       ]
Per-Class Recall: [0. 0. 0. 0. 0. 0. 0. 0. 0. 0. 0. 0. 0. 0. 0. 1. 0. 0. 0.]
Per-Class F1-Score: [0.         0.         0.         0.         0.         0.
 0.         0.         0.         0.         0.         0.
 0.         0.         0.         0.00050667 0.         0.
 0.        ]
Support per Class: [293949    150     75    100     75     75    125    125    100    175
    100     50     75    125    175     75    175    100    150]
Weighted Precision: 0.0000, Weighted Recall: 0.0003, Weighted F1-Score: 0.0000
Precision: 0.0000, Recall: 0.0003, F1-Score: 0.0000
Fold 2, Epoch 30, Train Loss: 0.0011, Val Loss: 0.0011, Val Acc: 0.0005
Completed Fold 2
Starting Fold 3
Precision: 0.0000, Recall: 0.0004, F1-Score: 0.0000
Fold 3, Epoch 1, Train Loss: 0.0011, Val Loss: 0.0011, Val Acc: 0.0004
Precision: 0.0000, Recall: 0.0003, F1-Score: 0.0000
Fold 3, Epoch 2, Train Loss: 0.0011, Val Loss: 0.0011, Val Acc: 0.0004
Precision: 0.0000, Recall: 0.0003, F1-Score: 0.0000
Fold 3, Epoch 3, Train Loss: 0.0011, Val Loss: 0.0011, Val Acc: 0.0004
Precision: 0.0000, Recall: 0.0003, F1-Score: 0.0000
Fold 3, Epoch 4, Train Loss: 0.0011, Val Loss: 0.0011, Val Acc: 0.0005
Precision: 0.0000, Recall: 0.0003, F1-Score: 0.0000
Fold 3, Epoch 5, Train Loss: 0.0011, Val Loss: 0.0011, Val Acc: 0.0003
Precision: 0.0000, Recall: 0.0002, F1-Score: 0.0000
Fold 3, Epoch 6, Train Loss: 0.0011, Val Loss: 0.0011, Val Acc: 0.0003
Precision: 0.0000, Recall: 0.0002, F1-Score: 0.0000
Fold 3, Epoch 7, Train Loss: 0.0011, Val Loss: 0.0011, Val Acc: 0.0003
Precision: 0.0000, Recall: 0.0002, F1-Score: 0.0000
Fold 3, Epoch 8, Train Loss: 0.0011, Val Loss: 0.0011, Val Acc: 0.0003
Precision: 0.0000, Recall: 0.0008, F1-Score: 0.0000
Fold 3, Epoch 9, Train Loss: 0.0011, Val Loss: 0.0011, Val Acc: 0.0005

--- Epoch 10 ---
--- Epoch 10 ---

--- Epoch 10 ---


--- Epoch 10 ---
Class Weights: [2.1200665e-05 5.2479278e-02 5.4635961e-02 5.3897634e-02 6.0430683e-02
 5.5394791e-02 5.9528731e-02 5.7803262e-02 5.0486393e-02 5.1797729e-02
 5.5394791e-02 5.7803262e-02 6.0430683e-02 5.3897634e-02 5.3179000e-02
 5.9528731e-02 5.4635961e-02 5.2479278e-02 5.6175001e-02]Class Weights: [2.1200665e-05 5.2479278e-02 5.4635961e-02 5.3897634e-02 6.0430683e-02
 5.5394791e-02 5.9528731e-02 5.7803262e-02 5.0486393e-02 5.1797729e-02
 5.5394791e-02 5.7803262e-02 6.0430683e-02 5.3897634e-02 5.3179000e-02
 5.9528731e-02 5.4635961e-02 5.2479278e-02 5.6175001e-02]Class Weights: [2.1200665e-05 5.2479278e-02 5.4635961e-02 5.3897634e-02 6.0430683e-02
 5.5394791e-02 5.9528731e-02 5.7803262e-02 5.0486393e-02 5.1797729e-02
 5.5394791e-02 5.7803262e-02 6.0430683e-02 5.3897634e-02 5.3179000e-02
 5.9528731e-02 5.4635961e-02 5.2479278e-02 5.6175001e-02]


Learning Rate: 0.001Learning Rate: 0.001Learning Rate: 0.001
Class Weights: [2.1200665e-05 5.2479278e-02 5.4635961e-02 5.3897634e-02 6.0430683e-02
 5.5394791e-02 5.9528731e-02 5.7803262e-02 5.0486393e-02 5.1797729e-02
 5.5394791e-02 5.7803262e-02 6.0430683e-02 5.3897634e-02 5.3179000e-02
 5.9528731e-02 5.4635961e-02 5.2479278e-02 5.6175001e-02]


Learning Rate: 0.001
Train Loss: 0.0011, Val Loss: 0.0011
Train Loss: 0.0011, Val Loss: 0.0011Train Loss: 0.0011, Val Loss: 0.0011

Train Loss: 0.0011, Val Loss: 0.0011
Per-Class Precision: [0.         0.         0.         0.         0.         0.
 0.         0.         0.00016893 0.         0.         0.
 0.         0.         0.         0.         0.         0.
 0.        ]
Per-Class Recall: [0. 0. 0. 0. 0. 0. 0. 0. 1. 0. 0. 0. 0. 0. 0. 0. 0. 0. 0.]
Per-Class F1-Score: [0.         0.         0.         0.         0.         0.
 0.         0.         0.00033781 0.         0.         0.
 0.         0.         0.         0.         0.         0.
 0.        ]
Support per Class: [293949     75    150    100    100    150    125    125     50     50
    100     50    150     75    125    250    150     75    125]
Weighted Precision: 0.0000, Weighted Recall: 0.0002, Weighted F1-Score: 0.0000
Precision: 0.0000, Recall: 0.0002, F1-Score: 0.0000
Fold 3, Epoch 10, Train Loss: 0.0011, Val Loss: 0.0011, Val Acc: 0.0002
Precision: 0.0000, Recall: 0.0002, F1-Score: 0.0000
Fold 3, Epoch 11, Train Loss: 0.0011, Val Loss: 0.0011, Val Acc: 0.0002
Precision: 0.0000, Recall: 0.0002, F1-Score: 0.0000
Fold 3, Epoch 12, Train Loss: 0.0011, Val Loss: 0.0011, Val Acc: 0.0002
Precision: 0.0000, Recall: 0.0005, F1-Score: 0.0000
Fold 3, Epoch 13, Train Loss: 0.0011, Val Loss: 0.0011, Val Acc: 0.0004
Precision: 0.0000, Recall: 0.0005, F1-Score: 0.0000
Fold 3, Epoch 14, Train Loss: 0.0011, Val Loss: 0.0011, Val Acc: 0.0004
Precision: 0.0000, Recall: 0.0005, F1-Score: 0.0000
Fold 3, Epoch 15, Train Loss: 0.0011, Val Loss: 0.0011, Val Acc: 0.0004
Precision: 0.0000, Recall: 0.0005, F1-Score: 0.0000
Fold 3, Epoch 16, Train Loss: 0.0011, Val Loss: 0.0011, Val Acc: 0.0004
Precision: 0.0000, Recall: 0.0005, F1-Score: 0.0000
Fold 3, Epoch 17, Train Loss: 0.0011, Val Loss: 0.0011, Val Acc: 0.0004
Precision: 0.0000, Recall: 0.0005, F1-Score: 0.0000
Fold 3, Epoch 18, Train Loss: 0.0011, Val Loss: 0.0011, Val Acc: 0.0004
Precision: 0.0000, Recall: 0.0005, F1-Score: 0.0000
Fold 3, Epoch 19, Train Loss: 0.0011, Val Loss: 0.0011, Val Acc: 0.0004

--- Epoch 20 ---

--- Epoch 20 ---
--- Epoch 20 ---


--- Epoch 20 ---
Class Weights: [2.1200665e-05 5.2479278e-02 5.4635961e-02 5.3897634e-02 6.0430683e-02
 5.5394791e-02 5.9528731e-02 5.7803262e-02 5.0486393e-02 5.1797729e-02
 5.5394791e-02 5.7803262e-02 6.0430683e-02 5.3897634e-02 5.3179000e-02
 5.9528731e-02 5.4635961e-02 5.2479278e-02 5.6175001e-02]
Learning Rate: 0.001
Class Weights: [2.1200665e-05 5.2479278e-02 5.4635961e-02 5.3897634e-02 6.0430683e-02
 5.5394791e-02 5.9528731e-02 5.7803262e-02 5.0486393e-02 5.1797729e-02
 5.5394791e-02 5.7803262e-02 6.0430683e-02 5.3897634e-02 5.3179000e-02
 5.9528731e-02 5.4635961e-02 5.2479278e-02 5.6175001e-02]
Learning Rate: 0.001
Class Weights: [2.1200665e-05 5.2479278e-02 5.4635961e-02 5.3897634e-02 6.0430683e-02
 5.5394791e-02 5.9528731e-02 5.7803262e-02 5.0486393e-02 5.1797729e-02
 5.5394791e-02 5.7803262e-02 6.0430683e-02 5.3897634e-02 5.3179000e-02
 5.9528731e-02 5.4635961e-02 5.2479278e-02 5.6175001e-02]Class Weights: [2.1200665e-05 5.2479278e-02 5.4635961e-02 5.3897634e-02 6.0430683e-02
 5.5394791e-02 5.9528731e-02 5.7803262e-02 5.0486393e-02 5.1797729e-02
 5.5394791e-02 5.7803262e-02 6.0430683e-02 5.3897634e-02 5.3179000e-02
 5.9528731e-02 5.4635961e-02 5.2479278e-02 5.6175001e-02]

Train Loss: 0.0011, Val Loss: 0.0011Learning Rate: 0.001
Learning Rate: 0.001

Train Loss: 0.0011, Val Loss: 0.0011
Train Loss: 0.0011, Val Loss: 0.0011Train Loss: 0.0011, Val Loss: 0.0011

Per-Class Precision: [0.        0.        0.        0.        0.        0.        0.
 0.        0.        0.        0.        0.        0.        0.
 0.        0.        0.0005068 0.        0.       ]
Per-Class Recall: [0. 0. 0. 0. 0. 0. 0. 0. 0. 0. 0. 0. 0. 0. 0. 0. 1. 0. 0.]
Per-Class F1-Score: [0.         0.         0.         0.         0.         0.
 0.         0.         0.         0.         0.         0.
 0.         0.         0.         0.         0.00101309 0.
 0.        ]
Support per Class: [293949     75    150    100    100    150    125    125     50     50
    100     50    150     75    125    250    150     75    125]
Weighted Precision: 0.0000, Weighted Recall: 0.0005, Weighted F1-Score: 0.0000
Precision: 0.0000, Recall: 0.0005, F1-Score: 0.0000
Fold 3, Epoch 20, Train Loss: 0.0011, Val Loss: 0.0011, Val Acc: 0.0004
Precision: 0.0000, Recall: 0.0005, F1-Score: 0.0000
Fold 3, Epoch 21, Train Loss: 0.0011, Val Loss: 0.0011, Val Acc: 0.0004
Precision: 0.0000, Recall: 0.0003, F1-Score: 0.0000
Fold 3, Epoch 22, Train Loss: 0.0011, Val Loss: 0.0011, Val Acc: 0.0003
Precision: 0.0000, Recall: 0.0003, F1-Score: 0.0000
Fold 3, Epoch 23, Train Loss: 0.0011, Val Loss: 0.0011, Val Acc: 0.0003
Precision: 0.0000, Recall: 0.0003, F1-Score: 0.0000
Fold 3, Epoch 24, Train Loss: 0.0011, Val Loss: 0.0011, Val Acc: 0.0003
Precision: 0.0000, Recall: 0.0003, F1-Score: 0.0000
Fold 3, Epoch 25, Train Loss: 0.0011, Val Loss: 0.0011, Val Acc: 0.0003
Precision: 0.0000, Recall: 0.0004, F1-Score: 0.0000
Fold 3, Epoch 26, Train Loss: 0.0011, Val Loss: 0.0011, Val Acc: 0.0004
Precision: 0.0000, Recall: 0.0004, F1-Score: 0.0000
Fold 3, Epoch 27, Train Loss: 0.0011, Val Loss: 0.0011, Val Acc: 0.0004
Precision: 0.0000, Recall: 0.0004, F1-Score: 0.0000
Fold 3, Epoch 28, Train Loss: 0.0011, Val Loss: 0.0011, Val Acc: 0.0004
Precision: 0.0000, Recall: 0.0004, F1-Score: 0.0000
Fold 3, Epoch 29, Train Loss: 0.0011, Val Loss: 0.0011, Val Acc: 0.0004

--- Epoch 30 ---
--- Epoch 30 ---
--- Epoch 30 ---



--- Epoch 30 ---
Class Weights: [2.1200665e-05 5.2479278e-02 5.4635961e-02 5.3897634e-02 6.0430683e-02
 5.5394791e-02 5.9528731e-02 5.7803262e-02 5.0486393e-02 5.1797729e-02
 5.5394791e-02 5.7803262e-02 6.0430683e-02 5.3897634e-02 5.3179000e-02
 5.9528731e-02 5.4635961e-02 5.2479278e-02 5.6175001e-02]Class Weights: [2.1200665e-05 5.2479278e-02 5.4635961e-02 5.3897634e-02 6.0430683e-02
 5.5394791e-02 5.9528731e-02 5.7803262e-02 5.0486393e-02 5.1797729e-02
 5.5394791e-02 5.7803262e-02 6.0430683e-02 5.3897634e-02 5.3179000e-02
 5.9528731e-02 5.4635961e-02 5.2479278e-02 5.6175001e-02]Class Weights: [2.1200665e-05 5.2479278e-02 5.4635961e-02 5.3897634e-02 6.0430683e-02
 5.5394791e-02 5.9528731e-02 5.7803262e-02 5.0486393e-02 5.1797729e-02
 5.5394791e-02 5.7803262e-02 6.0430683e-02 5.3897634e-02 5.3179000e-02
 5.9528731e-02 5.4635961e-02 5.2479278e-02 5.6175001e-02]


Class Weights: [2.1200665e-05 5.2479278e-02 5.4635961e-02 5.3897634e-02 6.0430683e-02
 5.5394791e-02 5.9528731e-02 5.7803262e-02 5.0486393e-02 5.1797729e-02
 5.5394791e-02 5.7803262e-02 6.0430683e-02 5.3897634e-02 5.3179000e-02
 5.9528731e-02 5.4635961e-02 5.2479278e-02 5.6175001e-02]Learning Rate: 0.001Learning Rate: 0.001Learning Rate: 0.001



Learning Rate: 0.001
Train Loss: 0.0011, Val Loss: 0.0011
Train Loss: 0.0011, Val Loss: 0.0011Train Loss: 0.0011, Val Loss: 0.0011
Train Loss: 0.0011, Val Loss: 0.0011

Per-Class Precision: [0.         0.         0.         0.         0.         0.
 0.         0.         0.         0.         0.         0.
 0.         0.         0.         0.         0.         0.
 0.00042233]
Per-Class Recall: [0. 0. 0. 0. 0. 0. 0. 0. 0. 0. 0. 0. 0. 0. 0. 0. 0. 0. 1.]
Per-Class F1-Score: [0.         0.         0.         0.         0.         0.
 0.         0.         0.         0.         0.         0.
 0.         0.         0.         0.         0.         0.
 0.00084431]
Support per Class: [293949     75    150    100    100    150    125    125     50     50
    100     50    150     75    125    250    150     75    125]
Weighted Precision: 0.0000, Weighted Recall: 0.0004, Weighted F1-Score: 0.0000
Precision: 0.0000, Recall: 0.0004, F1-Score: 0.0000
Fold 3, Epoch 30, Train Loss: 0.0011, Val Loss: 0.0011, Val Acc: 0.0004
Completed Fold 3
Starting Fold 4
Precision: 0.0000, Recall: 0.0003, F1-Score: 0.0000
Fold 4, Epoch 1, Train Loss: 0.0011, Val Loss: 0.0011, Val Acc: 0.0004
Precision: 0.0000, Recall: 0.0003, F1-Score: 0.0000
Fold 4, Epoch 2, Train Loss: 0.0011, Val Loss: 0.0011, Val Acc: 0.0004
Precision: 0.0000, Recall: 0.0003, F1-Score: 0.0000
Fold 4, Epoch 3, Train Loss: 0.0011, Val Loss: 0.0011, Val Acc: 0.0004
Precision: 0.0000, Recall: 0.0004, F1-Score: 0.0000
Fold 4, Epoch 4, Train Loss: 0.0011, Val Loss: 0.0011, Val Acc: 0.0003
Precision: 0.0000, Recall: 0.0004, F1-Score: 0.0000
Fold 4, Epoch 5, Train Loss: 0.0011, Val Loss: 0.0011, Val Acc: 0.0003
Precision: 0.0000, Recall: 0.0004, F1-Score: 0.0000
Fold 4, Epoch 6, Train Loss: 0.0011, Val Loss: 0.0011, Val Acc: 0.0003
Precision: 0.0000, Recall: 0.0003, F1-Score: 0.0000
Fold 4, Epoch 7, Train Loss: 0.0011, Val Loss: 0.0011, Val Acc: 0.0004
Precision: 0.0000, Recall: 0.0003, F1-Score: 0.0000
Fold 4, Epoch 8, Train Loss: 0.0011, Val Loss: 0.0011, Val Acc: 0.0004
Precision: 0.0000, Recall: 0.0004, F1-Score: 0.0000
Fold 4, Epoch 9, Train Loss: 0.0011, Val Loss: 0.0011, Val Acc: 0.0003

--- Epoch 10 ---
--- Epoch 10 ---
--- Epoch 10 ---



--- Epoch 10 ---
Class Weights: [2.1213975e-05 5.5429570e-02 5.7839550e-02 5.3931475e-02 5.5429570e-02
 5.7013273e-02 5.5429570e-02 5.5429570e-02 5.3931475e-02 5.7013273e-02
 5.3931475e-02 6.2358264e-02 5.4670259e-02 5.3931475e-02 5.3212386e-02
 5.1165756e-02 5.3931475e-02 6.1398908e-02 5.3931475e-02]Class Weights: [2.1213975e-05 5.5429570e-02 5.7839550e-02 5.3931475e-02 5.5429570e-02
 5.7013273e-02 5.5429570e-02 5.5429570e-02 5.3931475e-02 5.7013273e-02
 5.3931475e-02 6.2358264e-02 5.4670259e-02 5.3931475e-02 5.3212386e-02
 5.1165756e-02 5.3931475e-02 6.1398908e-02 5.3931475e-02]Class Weights: [2.1213975e-05 5.5429570e-02 5.7839550e-02 5.3931475e-02 5.5429570e-02
 5.7013273e-02 5.5429570e-02 5.5429570e-02 5.3931475e-02 5.7013273e-02
 5.3931475e-02 6.2358264e-02 5.4670259e-02 5.3931475e-02 5.3212386e-02
 5.1165756e-02 5.3931475e-02 6.1398908e-02 5.3931475e-02]

Class Weights: [2.1213975e-05 5.5429570e-02 5.7839550e-02 5.3931475e-02 5.5429570e-02
 5.7013273e-02 5.5429570e-02 5.5429570e-02 5.3931475e-02 5.7013273e-02
 5.3931475e-02 6.2358264e-02 5.4670259e-02 5.3931475e-02 5.3212386e-02
 5.1165756e-02 5.3931475e-02 6.1398908e-02 5.3931475e-02]
Learning Rate: 0.001
Learning Rate: 0.001
Learning Rate: 0.001
Learning Rate: 0.001

Train Loss: 0.0011, Val Loss: 0.0011
Train Loss: 0.0011, Val Loss: 0.0011Train Loss: 0.0011, Val Loss: 0.0011
Train Loss: 0.0011, Val Loss: 0.0011

Per-Class Precision: [0.         0.         0.         0.         0.         0.
 0.         0.         0.         0.         0.         0.
 0.         0.         0.         0.00042233 0.         0.
 0.        ]
Per-Class Recall: [0. 0. 0. 0. 0. 0. 0. 0. 0. 0. 0. 0. 0. 0. 0. 1. 0. 0. 0.]
Per-Class F1-Score: [0.         0.         0.         0.         0.         0.
 0.         0.         0.         0.         0.         0.
 0.         0.         0.         0.00084431 0.         0.
 0.        ]
Support per Class: [293949    150     75    175    100    100    175    125     75    150
     25    200     75    100     50    125    125    125     75]
Weighted Precision: 0.0000, Weighted Recall: 0.0004, Weighted F1-Score: 0.0000
Precision: 0.0000, Recall: 0.0004, F1-Score: 0.0000
Fold 4, Epoch 10, Train Loss: 0.0011, Val Loss: 0.0011, Val Acc: 0.0003
Precision: 0.0000, Recall: 0.0004, F1-Score: 0.0000
Fold 4, Epoch 11, Train Loss: 0.0011, Val Loss: 0.0011, Val Acc: 0.0003
Precision: 0.0000, Recall: 0.0004, F1-Score: 0.0000
Fold 4, Epoch 12, Train Loss: 0.0011, Val Loss: 0.0011, Val Acc: 0.0003
Precision: 0.0000, Recall: 0.0004, F1-Score: 0.0000
Fold 4, Epoch 13, Train Loss: 0.0011, Val Loss: 0.0011, Val Acc: 0.0003
Precision: 0.0000, Recall: 0.0004, F1-Score: 0.0000
Fold 4, Epoch 14, Train Loss: 0.0011, Val Loss: 0.0011, Val Acc: 0.0003
Precision: 0.0000, Recall: 0.0004, F1-Score: 0.0000
Fold 4, Epoch 15, Train Loss: 0.0011, Val Loss: 0.0011, Val Acc: 0.0003
Precision: 0.0000, Recall: 0.0003, F1-Score: 0.0000
Fold 4, Epoch 16, Train Loss: 0.0011, Val Loss: 0.0011, Val Acc: 0.0004
Precision: 0.0000, Recall: 0.0003, F1-Score: 0.0000
Fold 4, Epoch 17, Train Loss: 0.0011, Val Loss: 0.0011, Val Acc: 0.0004
Precision: 0.0000, Recall: 0.0006, F1-Score: 0.0000
Fold 4, Epoch 18, Train Loss: 0.0011, Val Loss: 0.0011, Val Acc: 0.0004
Precision: 0.0000, Recall: 0.0006, F1-Score: 0.0000
Fold 4, Epoch 19, Train Loss: 0.0011, Val Loss: 0.0011, Val Acc: 0.0004

--- Epoch 20 ---
--- Epoch 20 ---


--- Epoch 20 ---

--- Epoch 20 ---
Class Weights: [2.1213975e-05 5.5429570e-02 5.7839550e-02 5.3931475e-02 5.5429570e-02
 5.7013273e-02 5.5429570e-02 5.5429570e-02 5.3931475e-02 5.7013273e-02
 5.3931475e-02 6.2358264e-02 5.4670259e-02 5.3931475e-02 5.3212386e-02
 5.1165756e-02 5.3931475e-02 6.1398908e-02 5.3931475e-02]Class Weights: [2.1213975e-05 5.5429570e-02 5.7839550e-02 5.3931475e-02 5.5429570e-02
 5.7013273e-02 5.5429570e-02 5.5429570e-02 5.3931475e-02 5.7013273e-02
 5.3931475e-02 6.2358264e-02 5.4670259e-02 5.3931475e-02 5.3212386e-02
 5.1165756e-02 5.3931475e-02 6.1398908e-02 5.3931475e-02]

Learning Rate: 0.001Learning Rate: 0.001

Class Weights: [2.1213975e-05 5.5429570e-02 5.7839550e-02 5.3931475e-02 5.5429570e-02
 5.7013273e-02 5.5429570e-02 5.5429570e-02 5.3931475e-02 5.7013273e-02
 5.3931475e-02 6.2358264e-02 5.4670259e-02 5.3931475e-02 5.3212386e-02
 5.1165756e-02 5.3931475e-02 6.1398908e-02 5.3931475e-02]
Learning Rate: 0.001
Train Loss: 0.0011, Val Loss: 0.0011Train Loss: 0.0011, Val Loss: 0.0011

Train Loss: 0.0011, Val Loss: 0.0011
Class Weights: [2.1213975e-05 5.5429570e-02 5.7839550e-02 5.3931475e-02 5.5429570e-02
 5.7013273e-02 5.5429570e-02 5.5429570e-02 5.3931475e-02 5.7013273e-02
 5.3931475e-02 6.2358264e-02 5.4670259e-02 5.3931475e-02 5.3212386e-02
 5.1165756e-02 5.3931475e-02 6.1398908e-02 5.3931475e-02]
Learning Rate: 0.001
Train Loss: 0.0011, Val Loss: 0.0011
Per-Class Precision: [0.         0.         0.         0.         0.         0.
 0.00059127 0.         0.         0.         0.         0.
 0.         0.         0.         0.         0.         0.
 0.        ]
Per-Class Recall: [0. 0. 0. 0. 0. 0. 1. 0. 0. 0. 0. 0. 0. 0. 0. 0. 0. 0. 0.]
Per-Class F1-Score: [0.         0.         0.         0.         0.         0.
 0.00118184 0.         0.         0.         0.         0.
 0.         0.         0.         0.         0.         0.
 0.        ]
Support per Class: [293949    150     75    175    100    100    175    125     75    150
     25    200     75    100     50    125    125    125     75]
Weighted Precision: 0.0000, Weighted Recall: 0.0006, Weighted F1-Score: 0.0000
Precision: 0.0000, Recall: 0.0006, F1-Score: 0.0000
Fold 4, Epoch 20, Train Loss: 0.0011, Val Loss: 0.0011, Val Acc: 0.0004
Precision: 0.0000, Recall: 0.0003, F1-Score: 0.0000
Fold 4, Epoch 21, Train Loss: 0.0011, Val Loss: 0.0011, Val Acc: 0.0004
Precision: 0.0000, Recall: 0.0006, F1-Score: 0.0000
Fold 4, Epoch 22, Train Loss: 0.0011, Val Loss: 0.0011, Val Acc: 0.0004
Precision: 0.0000, Recall: 0.0003, F1-Score: 0.0000
Fold 4, Epoch 23, Train Loss: 0.0011, Val Loss: 0.0011, Val Acc: 0.0004
Precision: 0.0000, Recall: 0.0003, F1-Score: 0.0000
Fold 4, Epoch 24, Train Loss: 0.0011, Val Loss: 0.0011, Val Acc: 0.0004
Precision: 0.0000, Recall: 0.0003, F1-Score: 0.0000
Fold 4, Epoch 25, Train Loss: 0.0011, Val Loss: 0.0011, Val Acc: 0.0004
Precision: 0.0000, Recall: 0.0003, F1-Score: 0.0000
Fold 4, Epoch 26, Train Loss: 0.0011, Val Loss: 0.0011, Val Acc: 0.0004
Precision: 0.0000, Recall: 0.0004, F1-Score: 0.0000
Fold 4, Epoch 27, Train Loss: 0.0011, Val Loss: 0.0011, Val Acc: 0.0004
Precision: 0.0000, Recall: 0.0004, F1-Score: 0.0000
Fold 4, Epoch 28, Train Loss: 0.0011, Val Loss: 0.0011, Val Acc: 0.0004
Precision: 0.0000, Recall: 0.0003, F1-Score: 0.0000
Fold 4, Epoch 29, Train Loss: 0.0011, Val Loss: 0.0011, Val Acc: 0.0004

--- Epoch 30 ---
--- Epoch 30 ---
--- Epoch 30 ---



--- Epoch 30 ---
Class Weights: [2.1213975e-05 5.5429570e-02 5.7839550e-02 5.3931475e-02 5.5429570e-02
 5.7013273e-02 5.5429570e-02 5.5429570e-02 5.3931475e-02 5.7013273e-02
 5.3931475e-02 6.2358264e-02 5.4670259e-02 5.3931475e-02 5.3212386e-02
 5.1165756e-02 5.3931475e-02 6.1398908e-02 5.3931475e-02]Class Weights: [2.1213975e-05 5.5429570e-02 5.7839550e-02 5.3931475e-02 5.5429570e-02
 5.7013273e-02 5.5429570e-02 5.5429570e-02 5.3931475e-02 5.7013273e-02
 5.3931475e-02 6.2358264e-02 5.4670259e-02 5.3931475e-02 5.3212386e-02
 5.1165756e-02 5.3931475e-02 6.1398908e-02 5.3931475e-02]

Class Weights: [2.1213975e-05 5.5429570e-02 5.7839550e-02 5.3931475e-02 5.5429570e-02
 5.7013273e-02 5.5429570e-02 5.5429570e-02 5.3931475e-02 5.7013273e-02
 5.3931475e-02 6.2358264e-02 5.4670259e-02 5.3931475e-02 5.3212386e-02
 5.1165756e-02 5.3931475e-02 6.1398908e-02 5.3931475e-02]Learning Rate: 0.001Learning Rate: 0.001


Learning Rate: 0.001
Train Loss: 0.0011, Val Loss: 0.0011Train Loss: 0.0011, Val Loss: 0.0011
Train Loss: 0.0011, Val Loss: 0.0011
Class Weights: [2.1213975e-05 5.5429570e-02 5.7839550e-02 5.3931475e-02 5.5429570e-02
 5.7013273e-02 5.5429570e-02 5.5429570e-02 5.3931475e-02 5.7013273e-02
 5.3931475e-02 6.2358264e-02 5.4670259e-02 5.3931475e-02 5.3212386e-02
 5.1165756e-02 5.3931475e-02 6.1398908e-02 5.3931475e-02]

Learning Rate: 0.001
Train Loss: 0.0011, Val Loss: 0.0011
Per-Class Precision: [0.         0.         0.         0.         0.         0.
 0.00059127 0.         0.         0.         0.         0.
 0.         0.         0.         0.         0.         0.
 0.        ]
Per-Class Recall: [0. 0. 0. 0. 0. 0. 1. 0. 0. 0. 0. 0. 0. 0. 0. 0. 0. 0. 0.]
Per-Class F1-Score: [0.         0.         0.         0.         0.         0.
 0.00118184 0.         0.         0.         0.         0.
 0.         0.         0.         0.         0.         0.
 0.        ]
Support per Class: [293949    150     75    175    100    100    175    125     75    150
     25    200     75    100     50    125    125    125     75]
Weighted Precision: 0.0000, Weighted Recall: 0.0006, Weighted F1-Score: 0.0000
Precision: 0.0000, Recall: 0.0006, F1-Score: 0.0000
Fold 4, Epoch 30, Train Loss: 0.0011, Val Loss: 0.0011, Val Acc: 0.0004
Completed Fold 4
Starting Fold 5
Precision: 0.0000, Recall: 0.0003, F1-Score: 0.0000
Fold 5, Epoch 1, Train Loss: 0.0011, Val Loss: 0.0011, Val Acc: 0.0003
Precision: 0.0000, Recall: 0.0003, F1-Score: 0.0000
Fold 5, Epoch 2, Train Loss: 0.0011, Val Loss: 0.0011, Val Acc: 0.0004
Precision: 0.0000, Recall: 0.0003, F1-Score: 0.0000
Fold 5, Epoch 3, Train Loss: 0.0011, Val Loss: 0.0011, Val Acc: 0.0004
Precision: 0.0000, Recall: 0.0003, F1-Score: 0.0000
Fold 5, Epoch 4, Train Loss: 0.0011, Val Loss: 0.0011, Val Acc: 0.0004
Precision: 0.0000, Recall: 0.0003, F1-Score: 0.0000
Fold 5, Epoch 5, Train Loss: 0.0011, Val Loss: 0.0011, Val Acc: 0.0004
Precision: 0.0000, Recall: 0.0003, F1-Score: 0.0000
Fold 5, Epoch 6, Train Loss: 0.0011, Val Loss: 0.0011, Val Acc: 0.0004
Precision: 0.0000, Recall: 0.0003, F1-Score: 0.0000
Fold 5, Epoch 7, Train Loss: 0.0011, Val Loss: 0.0011, Val Acc: 0.0004
Precision: 0.0000, Recall: 0.0003, F1-Score: 0.0000
Fold 5, Epoch 8, Train Loss: 0.0011, Val Loss: 0.0011, Val Acc: 0.0004
Precision: 0.0000, Recall: 0.0003, F1-Score: 0.0000
Fold 5, Epoch 9, Train Loss: 0.0011, Val Loss: 0.0011, Val Acc: 0.0004

--- Epoch 10 ---
--- Epoch 10 ---
--- Epoch 10 ---



--- Epoch 10 ---
Class Weights: [2.1204974e-05 5.6186419e-02 5.3908594e-02 5.4647066e-02 5.6186419e-02
 5.6186419e-02 5.3189810e-02 5.7815012e-02 6.2331811e-02 5.5406053e-02
 5.4647066e-02 5.1144049e-02 5.4647066e-02 5.2489944e-02 5.3908594e-02
 6.0442965e-02 6.0442965e-02 5.3908594e-02 5.2489944e-02]Class Weights: [2.1204974e-05 5.6186419e-02 5.3908594e-02 5.4647066e-02 5.6186419e-02
 5.6186419e-02 5.3189810e-02 5.7815012e-02 6.2331811e-02 5.5406053e-02
 5.4647066e-02 5.1144049e-02 5.4647066e-02 5.2489944e-02 5.3908594e-02
 6.0442965e-02 6.0442965e-02 5.3908594e-02 5.2489944e-02]Class Weights: [2.1204974e-05 5.6186419e-02 5.3908594e-02 5.4647066e-02 5.6186419e-02
 5.6186419e-02 5.3189810e-02 5.7815012e-02 6.2331811e-02 5.5406053e-02
 5.4647066e-02 5.1144049e-02 5.4647066e-02 5.2489944e-02 5.3908594e-02
 6.0442965e-02 6.0442965e-02 5.3908594e-02 5.2489944e-02]

Class Weights: [2.1204974e-05 5.6186419e-02 5.3908594e-02 5.4647066e-02 5.6186419e-02
 5.6186419e-02 5.3189810e-02 5.7815012e-02 6.2331811e-02 5.5406053e-02
 5.4647066e-02 5.1144049e-02 5.4647066e-02 5.2489944e-02 5.3908594e-02
 6.0442965e-02 6.0442965e-02 5.3908594e-02 5.2489944e-02]
Learning Rate: 0.001
Learning Rate: 0.001
Learning Rate: 0.001
Learning Rate: 0.001

Train Loss: 0.0011, Val Loss: 0.0011
Train Loss: 0.0011, Val Loss: 0.0011Train Loss: 0.0011, Val Loss: 0.0011
Train Loss: 0.0011, Val Loss: 0.0011

Per-Class Precision: [0.        0.        0.        0.        0.        0.        0.
 0.        0.        0.        0.        0.        0.        0.0002534
 0.        0.        0.        0.        0.       ]
Per-Class Recall: [0. 0. 0. 0. 0. 0. 0. 0. 0. 0. 0. 0. 0. 1. 0. 0. 0. 0. 0.]
Per-Class F1-Score: [0.         0.         0.         0.         0.         0.
 0.         0.         0.         0.         0.         0.
 0.         0.00050667 0.         0.         0.         0.
 0.        ]
Support per Class: [293949    125    175     75     75    100    100    150     75    150
    150    100    150     75     75    125    100    150     75]
Weighted Precision: 0.0000, Weighted Recall: 0.0003, Weighted F1-Score: 0.0000
Precision: 0.0000, Recall: 0.0003, F1-Score: 0.0000
Fold 5, Epoch 10, Train Loss: 0.0011, Val Loss: 0.0011, Val Acc: 0.0003
Precision: 0.0000, Recall: 0.0005, F1-Score: 0.0000
Fold 5, Epoch 11, Train Loss: 0.0011, Val Loss: 0.0011, Val Acc: 0.0004
Precision: 0.0000, Recall: 0.0005, F1-Score: 0.0000
Fold 5, Epoch 12, Train Loss: 0.0011, Val Loss: 0.0011, Val Acc: 0.0004
Precision: 0.0000, Recall: 0.0003, F1-Score: 0.0000
Fold 5, Epoch 13, Train Loss: 0.0011, Val Loss: 0.0011, Val Acc: 0.0003
Precision: 0.0000, Recall: 0.0004, F1-Score: 0.0000
Fold 5, Epoch 14, Train Loss: 0.0011, Val Loss: 0.0011, Val Acc: 0.0005
Precision: 0.0000, Recall: 0.0003, F1-Score: 0.0000
Fold 5, Epoch 15, Train Loss: 0.0011, Val Loss: 0.0011, Val Acc: 0.0005
Precision: 0.0000, Recall: 0.0003, F1-Score: 0.0000
Fold 5, Epoch 16, Train Loss: 0.0011, Val Loss: 0.0011, Val Acc: 0.0005
Precision: 0.0000, Recall: 0.0003, F1-Score: 0.0000
Fold 5, Epoch 17, Train Loss: 0.0011, Val Loss: 0.0011, Val Acc: 0.0005
Precision: 0.0000, Recall: 0.0003, F1-Score: 0.0000
Fold 5, Epoch 18, Train Loss: 0.0011, Val Loss: 0.0011, Val Acc: 0.0003
Precision: 0.0000, Recall: 0.0003, F1-Score: 0.0000
Fold 5, Epoch 19, Train Loss: 0.0011, Val Loss: 0.0011, Val Acc: 0.0003

--- Epoch 20 ---
--- Epoch 20 ---
--- Epoch 20 ---



--- Epoch 20 ---
Class Weights: [2.1204974e-05 5.6186419e-02 5.3908594e-02 5.4647066e-02 5.6186419e-02
 5.6186419e-02 5.3189810e-02 5.7815012e-02 6.2331811e-02 5.5406053e-02
 5.4647066e-02 5.1144049e-02 5.4647066e-02 5.2489944e-02 5.3908594e-02
 6.0442965e-02 6.0442965e-02 5.3908594e-02 5.2489944e-02]Class Weights: [2.1204974e-05 5.6186419e-02 5.3908594e-02 5.4647066e-02 5.6186419e-02
 5.6186419e-02 5.3189810e-02 5.7815012e-02 6.2331811e-02 5.5406053e-02
 5.4647066e-02 5.1144049e-02 5.4647066e-02 5.2489944e-02 5.3908594e-02
 6.0442965e-02 6.0442965e-02 5.3908594e-02 5.2489944e-02]Class Weights: [2.1204974e-05 5.6186419e-02 5.3908594e-02 5.4647066e-02 5.6186419e-02
 5.6186419e-02 5.3189810e-02 5.7815012e-02 6.2331811e-02 5.5406053e-02
 5.4647066e-02 5.1144049e-02 5.4647066e-02 5.2489944e-02 5.3908594e-02
 6.0442965e-02 6.0442965e-02 5.3908594e-02 5.2489944e-02]


Learning Rate: 0.001Learning Rate: 0.001Learning Rate: 0.001


Class Weights: [2.1204974e-05 5.6186419e-02 5.3908594e-02 5.4647066e-02 5.6186419e-02
 5.6186419e-02 5.3189810e-02 5.7815012e-02 6.2331811e-02 5.5406053e-02
 5.4647066e-02 5.1144049e-02 5.4647066e-02 5.2489944e-02 5.3908594e-02
 6.0442965e-02 6.0442965e-02 5.3908594e-02 5.2489944e-02]
Learning Rate: 0.001
Train Loss: 0.0011, Val Loss: 0.0011Train Loss: 0.0011, Val Loss: 0.0011Train Loss: 0.0011, Val Loss: 0.0011


Train Loss: 0.0011, Val Loss: 0.0011
Per-Class Precision: [0.        0.        0.        0.0002534 0.        0.        0.
 0.        0.        0.        0.        0.        0.        0.
 0.        0.        0.        0.        0.       ]
Per-Class Recall: [0. 0. 0. 1. 0. 0. 0. 0. 0. 0. 0. 0. 0. 0. 0. 0. 0. 0. 0.]
Per-Class F1-Score: [0.         0.         0.         0.00050667 0.         0.
 0.         0.         0.         0.         0.         0.
 0.         0.         0.         0.         0.         0.
 0.        ]
Support per Class: [293949    125    175     75     75    100    100    150     75    150
    150    100    150     75     75    125    100    150     75]
Weighted Precision: 0.0000, Weighted Recall: 0.0003, Weighted F1-Score: 0.0000
Precision: 0.0000, Recall: 0.0003, F1-Score: 0.0000
Fold 5, Epoch 20, Train Loss: 0.0011, Val Loss: 0.0011, Val Acc: 0.0004
Precision: 0.0000, Recall: 0.0003, F1-Score: 0.0000
Fold 5, Epoch 21, Train Loss: 0.0011, Val Loss: 0.0011, Val Acc: 0.0004
Precision: 0.0000, Recall: 0.0003, F1-Score: 0.0000
Fold 5, Epoch 22, Train Loss: 0.0011, Val Loss: 0.0011, Val Acc: 0.0004
Precision: 0.0000, Recall: 0.0003, F1-Score: 0.0000
Fold 5, Epoch 23, Train Loss: 0.0011, Val Loss: 0.0011, Val Acc: 0.0004
Precision: 0.0000, Recall: 0.0005, F1-Score: 0.0000
Fold 5, Epoch 24, Train Loss: 0.0011, Val Loss: 0.0011, Val Acc: 0.0004
Precision: 0.0000, Recall: 0.0003, F1-Score: 0.0000
Fold 5, Epoch 25, Train Loss: 0.0011, Val Loss: 0.0011, Val Acc: 0.0004
Precision: 0.0000, Recall: 0.0003, F1-Score: 0.0000
Fold 5, Epoch 26, Train Loss: 0.0011, Val Loss: 0.0011, Val Acc: 0.0004
Precision: 0.0000, Recall: 0.0003, F1-Score: 0.0000
Fold 5, Epoch 27, Train Loss: 0.0011, Val Loss: 0.0011, Val Acc: 0.0004
Precision: 0.0000, Recall: 0.0003, F1-Score: 0.0000
Fold 5, Epoch 28, Train Loss: 0.0011, Val Loss: 0.0011, Val Acc: 0.0003
Precision: 0.0000, Recall: 0.0003, F1-Score: 0.0000
Fold 5, Epoch 29, Train Loss: 0.0011, Val Loss: 0.0011, Val Acc: 0.0003

--- Epoch 30 ---
--- Epoch 30 ---
--- Epoch 30 ---



--- Epoch 30 ---
Class Weights: [2.1204974e-05 5.6186419e-02 5.3908594e-02 5.4647066e-02 5.6186419e-02
 5.6186419e-02 5.3189810e-02 5.7815012e-02 6.2331811e-02 5.5406053e-02
 5.4647066e-02 5.1144049e-02 5.4647066e-02 5.2489944e-02 5.3908594e-02
 6.0442965e-02 6.0442965e-02 5.3908594e-02 5.2489944e-02]Class Weights: [2.1204974e-05 5.6186419e-02 5.3908594e-02 5.4647066e-02 5.6186419e-02
 5.6186419e-02 5.3189810e-02 5.7815012e-02 6.2331811e-02 5.5406053e-02
 5.4647066e-02 5.1144049e-02 5.4647066e-02 5.2489944e-02 5.3908594e-02
 6.0442965e-02 6.0442965e-02 5.3908594e-02 5.2489944e-02]Class Weights: [2.1204974e-05 5.6186419e-02 5.3908594e-02 5.4647066e-02 5.6186419e-02
 5.6186419e-02 5.3189810e-02 5.7815012e-02 6.2331811e-02 5.5406053e-02
 5.4647066e-02 5.1144049e-02 5.4647066e-02 5.2489944e-02 5.3908594e-02
 6.0442965e-02 6.0442965e-02 5.3908594e-02 5.2489944e-02]


Class Weights: [2.1204974e-05 5.6186419e-02 5.3908594e-02 5.4647066e-02 5.6186419e-02
 5.6186419e-02 5.3189810e-02 5.7815012e-02 6.2331811e-02 5.5406053e-02
 5.4647066e-02 5.1144049e-02 5.4647066e-02 5.2489944e-02 5.3908594e-02
 6.0442965e-02 6.0442965e-02 5.3908594e-02 5.2489944e-02]Learning Rate: 0.001Learning Rate: 0.001Learning Rate: 0.001



Learning Rate: 0.001
Train Loss: 0.0011, Val Loss: 0.0011Train Loss: 0.0011, Val Loss: 0.0011
Train Loss: 0.0011, Val Loss: 0.0011
Train Loss: 0.0011, Val Loss: 0.0011

Per-Class Precision: [0.        0.        0.        0.        0.        0.        0.
 0.        0.        0.0005068 0.        0.        0.        0.
 0.        0.        0.        0.        0.       ]
Per-Class Recall: [0. 0. 0. 0. 0. 0. 0. 0. 0. 1. 0. 0. 0. 0. 0. 0. 0. 0. 0.]
Per-Class F1-Score: [0.         0.         0.         0.         0.         0.
 0.         0.         0.         0.00101309 0.         0.
 0.         0.         0.         0.         0.         0.
 0.        ]
Support per Class: [293949    125    175     75     75    100    100    150     75    150
    150    100    150     75     75    125    100    150     75]
Weighted Precision: 0.0000, Weighted Recall: 0.0005, Weighted F1-Score: 0.0000
Precision: 0.0000, Recall: 0.0005, F1-Score: 0.0000
Fold 5, Epoch 30, Train Loss: 0.0011, Val Loss: 0.0011, Val Acc: 0.0004
Completed Fold 5
Starting final training on all data...
Test Loss: 0.0011, Test Accuracy: 0.0005
Precision: 0.0000, Recall: 0.0005, F1-Score: 0.0000
