nohup: ignoring input
Using device: NVIDIA GeForce RTX 3090
Using device: NVIDIA GeForce RTX 3090
Rank: 0, World Size: 4, Master Addr: 127.0.0.1, Master Port: 12355
Using device: NVIDIA GeForce RTX 3090
Using device: NVIDIA GeForce RTX 3090
Rank 0 using device: cuda:0
Rank 2 using device: cuda:2
Rank 3 using device: cuda:3
Rank 1 using device: cuda:1
Total valid pairs: 1620
Total valid pairs: 1620
Total valid pairs: 1620
Total valid pairs: 1620
Starting Fold 1
Fold 1, Epoch 1, Train Loss: 1.1411, Val Loss: 0.0632, Val Acc: 0.2483
Fold 1, Epoch 2, Train Loss: 0.1276, Val Loss: 0.2009, Val Acc: 0.2483
Fold 1, Epoch 3, Train Loss: 0.2169, Val Loss: 0.2142, Val Acc: 0.2483
Fold 1, Epoch 4, Train Loss: 0.1834, Val Loss: 0.1334, Val Acc: 0.2483
Fold 1, Epoch 5, Train Loss: 0.0911, Val Loss: 0.0526, Val Acc: 0.2483
Fold 1, Epoch 6, Train Loss: 0.0546, Val Loss: 0.0498, Val Acc: 0.2483
Fold 1, Epoch 7, Train Loss: 0.0500, Val Loss: 0.0461, Val Acc: 0.2483
Fold 1, Epoch 8, Train Loss: 0.0455, Val Loss: 0.0424, Val Acc: 0.2483
Fold 1, Epoch 9, Train Loss: 0.0435, Val Loss: 0.0423, Val Acc: 0.2483
Fold 1, Epoch 10, Train Loss: 0.0431, Val Loss: 0.0404, Val Acc: 0.2483
Fold 1, Epoch 11, Train Loss: 0.0416, Val Loss: 0.0400, Val Acc: 0.2483
Fold 1, Epoch 12, Train Loss: 0.0408, Val Loss: 0.0388, Val Acc: 0.2483
Fold 1, Epoch 13, Train Loss: 0.0401, Val Loss: 0.0387, Val Acc: 0.2483
Fold 1, Epoch 14, Train Loss: 0.0394, Val Loss: 0.0375, Val Acc: 0.2483
Fold 1, Epoch 15, Train Loss: 0.0385, Val Loss: 0.0365, Val Acc: 0.2483
Fold 1, Epoch 16, Train Loss: 0.0381, Val Loss: 0.0371, Val Acc: 0.2483
Fold 1, Epoch 17, Train Loss: 0.0375, Val Loss: 0.0361, Val Acc: 0.2483
Fold 1, Epoch 18, Train Loss: 0.0376, Val Loss: 0.0360, Val Acc: 0.2483
Fold 1, Epoch 19, Train Loss: 0.0373, Val Loss: 0.0354, Val Acc: 0.2483
Fold 1, Epoch 20, Train Loss: 0.0366, Val Loss: 0.0353, Val Acc: 0.2483
Fold 1, Epoch 21, Train Loss: 0.0364, Val Loss: 0.0348, Val Acc: 0.2483
Fold 1, Epoch 22, Train Loss: 0.0364, Val Loss: 0.0354, Val Acc: 0.2483
Fold 1, Epoch 23, Train Loss: 0.0364, Val Loss: 0.0353, Val Acc: 0.2483
Fold 1, Epoch 24, Train Loss: 0.0361, Val Loss: 0.0344, Val Acc: 0.2483
Fold 1, Epoch 25, Train Loss: 0.0357, Val Loss: 0.0349, Val Acc: 0.2483
Fold 1, Epoch 26, Train Loss: 0.0356, Val Loss: 0.0344, Val Acc: 0.2483
Fold 1, Epoch 27, Train Loss: 0.0355, Val Loss: 0.0341, Val Acc: 0.2483
Fold 1, Epoch 28, Train Loss: 0.0353, Val Loss: 0.0346, Val Acc: 0.2483
Fold 1, Epoch 29, Train Loss: 0.0349, Val Loss: 0.0337, Val Acc: 0.2483
Fold 1, Epoch 30, Train Loss: 0.0352, Val Loss: 0.0345, Val Acc: 0.2483
Fold 1, Epoch 31, Train Loss: 0.0347, Val Loss: 0.0335, Val Acc: 0.2483
Fold 1, Epoch 32, Train Loss: 0.0348, Val Loss: 0.0339, Val Acc: 0.2483
Fold 1, Epoch 33, Train Loss: 0.0346, Val Loss: 0.0337, Val Acc: 0.2483
Fold 1, Epoch 34, Train Loss: 0.0352, Val Loss: 0.0340, Val Acc: 0.2483
Fold 1, Epoch 35, Train Loss: 0.0349, Val Loss: 0.0334, Val Acc: 0.2483
Fold 1, Epoch 36, Train Loss: 0.0342, Val Loss: 0.0334, Val Acc: 0.2483
Fold 1, Epoch 37, Train Loss: 0.0349, Val Loss: 0.0347, Val Acc: 0.2483
Fold 1, Epoch 38, Train Loss: 0.0353, Val Loss: 0.0337, Val Acc: 0.2483
Fold 1, Epoch 39, Train Loss: 0.0348, Val Loss: 0.0339, Val Acc: 0.2483
Fold 1, Epoch 40, Train Loss: 0.0341, Val Loss: 0.0333, Val Acc: 0.2483
Fold 1, Epoch 41, Train Loss: 0.0340, Val Loss: 0.0330, Val Acc: 0.2483
Fold 1, Epoch 42, Train Loss: 0.0337, Val Loss: 0.0333, Val Acc: 0.2483
Fold 1, Epoch 43, Train Loss: 0.0337, Val Loss: 0.0328, Val Acc: 0.2483
Fold 1, Epoch 44, Train Loss: 0.0338, Val Loss: 0.0336, Val Acc: 0.2483
Fold 1, Epoch 45, Train Loss: 0.0334, Val Loss: 0.0326, Val Acc: 0.2483
Fold 1, Epoch 46, Train Loss: 0.0338, Val Loss: 0.0332, Val Acc: 0.2483
Fold 1, Epoch 47, Train Loss: 0.0336, Val Loss: 0.0327, Val Acc: 0.2483
Fold 1, Epoch 48, Train Loss: 0.0336, Val Loss: 0.0327, Val Acc: 0.2483
Fold 1, Epoch 49, Train Loss: 0.0334, Val Loss: 0.0327, Val Acc: 0.2483
Fold 1, Epoch 50, Train Loss: 0.0332, Val Loss: 0.0323, Val Acc: 0.2483
Fold 1, Epoch 51, Train Loss: 0.0336, Val Loss: 0.0333, Val Acc: 0.2483
Fold 1, Epoch 52, Train Loss: 0.0334, Val Loss: 0.0325, Val Acc: 0.2483
Fold 1, Epoch 53, Train Loss: 0.0331, Val Loss: 0.0323, Val Acc: 0.2483
Fold 1, Epoch 54, Train Loss: 0.0332, Val Loss: 0.0330, Val Acc: 0.2483
Fold 1, Epoch 55, Train Loss: 0.0332, Val Loss: 0.0323, Val Acc: 0.2483
Fold 1, Epoch 56, Train Loss: 0.0332, Val Loss: 0.0324, Val Acc: 0.2483
Fold 1, Epoch 57, Train Loss: 0.0329, Val Loss: 0.0322, Val Acc: 0.2483
Fold 1, Epoch 58, Train Loss: 0.0329, Val Loss: 0.0322, Val Acc: 0.2483
Fold 1, Epoch 59, Train Loss: 0.0333, Val Loss: 0.0336, Val Acc: 0.2483
Fold 1, Epoch 60, Train Loss: 0.0340, Val Loss: 0.0323, Val Acc: 0.2483
Fold 1, Epoch 61, Train Loss: 0.0331, Val Loss: 0.0329, Val Acc: 0.2483
Fold 1, Epoch 62, Train Loss: 0.0333, Val Loss: 0.0323, Val Acc: 0.2483
Fold 1, Epoch 63, Train Loss: 0.0331, Val Loss: 0.0321, Val Acc: 0.2483
Fold 1, Epoch 64, Train Loss: 0.0330, Val Loss: 0.0324, Val Acc: 0.2483
Fold 1, Epoch 65, Train Loss: 0.0326, Val Loss: 0.0319, Val Acc: 0.2483
Fold 1, Epoch 66, Train Loss: 0.0330, Val Loss: 0.0325, Val Acc: 0.2483
Fold 1, Epoch 67, Train Loss: 0.0329, Val Loss: 0.0320, Val Acc: 0.2483
Fold 1, Epoch 68, Train Loss: 0.0328, Val Loss: 0.0324, Val Acc: 0.2483
Fold 1, Epoch 69, Train Loss: 0.0324, Val Loss: 0.0317, Val Acc: 0.2483
Fold 1, Epoch 70, Train Loss: 0.0325, Val Loss: 0.0324, Val Acc: 0.2483
Fold 1, Epoch 71, Train Loss: 0.0325, Val Loss: 0.0319, Val Acc: 0.2483
Fold 1, Epoch 72, Train Loss: 0.0323, Val Loss: 0.0317, Val Acc: 0.2483
Fold 1, Epoch 73, Train Loss: 0.0325, Val Loss: 0.0323, Val Acc: 0.2483
Fold 1, Epoch 74, Train Loss: 0.0322, Val Loss: 0.0316, Val Acc: 0.2483
Fold 1, Epoch 75, Train Loss: 0.0324, Val Loss: 0.0317, Val Acc: 0.2483
Fold 1, Epoch 76, Train Loss: 0.0323, Val Loss: 0.0324, Val Acc: 0.2483
Fold 1, Epoch 77, Train Loss: 0.0325, Val Loss: 0.0316, Val Acc: 0.2483
Fold 1, Epoch 78, Train Loss: 0.0323, Val Loss: 0.0318, Val Acc: 0.2483
Fold 1, Epoch 79, Train Loss: 0.0323, Val Loss: 0.0321, Val Acc: 0.2483
Fold 1, Epoch 80, Train Loss: 0.0326, Val Loss: 0.0316, Val Acc: 0.2483
Fold 1, Epoch 81, Train Loss: 0.0321, Val Loss: 0.0314, Val Acc: 0.2483
Fold 1, Epoch 82, Train Loss: 0.0323, Val Loss: 0.0320, Val Acc: 0.2483
Fold 1, Epoch 83, Train Loss: 0.0322, Val Loss: 0.0315, Val Acc: 0.2483
Fold 1, Epoch 84, Train Loss: 0.0327, Val Loss: 0.0322, Val Acc: 0.2483
Fold 1, Epoch 85, Train Loss: 0.0324, Val Loss: 0.0317, Val Acc: 0.2483
Fold 1, Epoch 86, Train Loss: 0.0322, Val Loss: 0.0315, Val Acc: 0.2483
Fold 1, Epoch 87, Train Loss: 0.0320, Val Loss: 0.0314, Val Acc: 0.2483
Fold 1, Epoch 88, Train Loss: 0.0320, Val Loss: 0.0313, Val Acc: 0.2483
Fold 1, Epoch 89, Train Loss: 0.0322, Val Loss: 0.0316, Val Acc: 0.2483
Fold 1, Epoch 90, Train Loss: 0.0321, Val Loss: 0.0317, Val Acc: 0.2483
Fold 1, Epoch 91, Train Loss: 0.0319, Val Loss: 0.0313, Val Acc: 0.2483
Fold 1, Epoch 92, Train Loss: 0.0319, Val Loss: 0.0318, Val Acc: 0.2483
Fold 1, Epoch 93, Train Loss: 0.0322, Val Loss: 0.0315, Val Acc: 0.2483
Fold 1, Epoch 94, Train Loss: 0.0319, Val Loss: 0.0314, Val Acc: 0.2483
Fold 1, Epoch 95, Train Loss: 0.0321, Val Loss: 0.0314, Val Acc: 0.2483
Fold 1, Epoch 96, Train Loss: 0.0319, Val Loss: 0.0316, Val Acc: 0.2483
Fold 1, Epoch 97, Train Loss: 0.0326, Val Loss: 0.0317, Val Acc: 0.2483
Fold 1, Epoch 98, Train Loss: 0.0321, Val Loss: 0.0313, Val Acc: 0.2483
Fold 1, Epoch 99, Train Loss: 0.0323, Val Loss: 0.0317, Val Acc: 0.2483
Fold 1, Epoch 100, Train Loss: 0.0319, Val Loss: 0.0313, Val Acc: 0.2483
Fold 1, Epoch 101, Train Loss: 0.0317, Val Loss: 0.0312, Val Acc: 0.2483
Fold 1, Epoch 102, Train Loss: 0.0317, Val Loss: 0.0311, Val Acc: 0.2483
Fold 1, Epoch 103, Train Loss: 0.0318, Val Loss: 0.0318, Val Acc: 0.2483
Fold 1, Epoch 104, Train Loss: 0.0320, Val Loss: 0.0313, Val Acc: 0.2483
Fold 1, Epoch 105, Train Loss: 0.0319, Val Loss: 0.0311, Val Acc: 0.2483
Fold 1, Epoch 106, Train Loss: 0.0321, Val Loss: 0.0316, Val Acc: 0.2483
Fold 1, Epoch 107, Train Loss: 0.0317, Val Loss: 0.0311, Val Acc: 0.2483
Fold 1, Epoch 108, Train Loss: 0.0321, Val Loss: 0.0312, Val Acc: 0.2483
Fold 1, Epoch 109, Train Loss: 0.0318, Val Loss: 0.0318, Val Acc: 0.2483
Fold 1, Epoch 110, Train Loss: 0.0321, Val Loss: 0.0312, Val Acc: 0.2483
Fold 1, Epoch 111, Train Loss: 0.0318, Val Loss: 0.0310, Val Acc: 0.2483
Fold 1, Epoch 112, Train Loss: 0.0318, Val Loss: 0.0319, Val Acc: 0.2483
Fold 1, Epoch 113, Train Loss: 0.0323, Val Loss: 0.0314, Val Acc: 0.2483
Fold 1, Epoch 114, Train Loss: 0.0318, Val Loss: 0.0312, Val Acc: 0.2483
Fold 1, Epoch 115, Train Loss: 0.0317, Val Loss: 0.0313, Val Acc: 0.2483
Fold 1, Epoch 116, Train Loss: 0.0314, Val Loss: 0.0310, Val Acc: 0.2483
Fold 1, Epoch 117, Train Loss: 0.0316, Val Loss: 0.0311, Val Acc: 0.2483
Fold 1, Epoch 118, Train Loss: 0.0317, Val Loss: 0.0314, Val Acc: 0.2483
Fold 1, Epoch 119, Train Loss: 0.0315, Val Loss: 0.0310, Val Acc: 0.2483
Fold 1, Epoch 120, Train Loss: 0.0316, Val Loss: 0.0311, Val Acc: 0.2483
Fold 1, Epoch 121, Train Loss: 0.0317, Val Loss: 0.0311, Val Acc: 0.2483
Fold 1, Epoch 122, Train Loss: 0.0321, Val Loss: 0.0317, Val Acc: 0.2483
Fold 1, Epoch 123, Train Loss: 0.0319, Val Loss: 0.0314, Val Acc: 0.2483
Fold 1, Epoch 124, Train Loss: 0.0318, Val Loss: 0.0310, Val Acc: 0.2483
Fold 1, Epoch 125, Train Loss: 0.0316, Val Loss: 0.0312, Val Acc: 0.2483
Fold 1, Epoch 126, Train Loss: 0.0317, Val Loss: 0.0313, Val Acc: 0.2483
Fold 1, Epoch 127, Train Loss: 0.0316, Val Loss: 0.0312, Val Acc: 0.2483
Fold 1, Epoch 128, Train Loss: 0.0316, Val Loss: 0.0311, Val Acc: 0.2483
Fold 1, Epoch 129, Train Loss: 0.0315, Val Loss: 0.0311, Val Acc: 0.2483
Fold 1, Epoch 130, Train Loss: 0.0316, Val Loss: 0.0309, Val Acc: 0.2483
Fold 1, Epoch 131, Train Loss: 0.0318, Val Loss: 0.0314, Val Acc: 0.2483
Fold 1, Epoch 132, Train Loss: 0.0317, Val Loss: 0.0311, Val Acc: 0.2483
Fold 1, Epoch 133, Train Loss: 0.0324, Val Loss: 0.0308, Val Acc: 0.2483
Fold 1, Epoch 134, Train Loss: 0.0318, Val Loss: 0.0317, Val Acc: 0.2483
Fold 1, Epoch 135, Train Loss: 0.0317, Val Loss: 0.0311, Val Acc: 0.2483
Fold 1, Epoch 136, Train Loss: 0.0315, Val Loss: 0.0308, Val Acc: 0.2483
Fold 1, Epoch 137, Train Loss: 0.0314, Val Loss: 0.0310, Val Acc: 0.2483
Fold 1, Epoch 138, Train Loss: 0.0316, Val Loss: 0.0312, Val Acc: 0.2483
Fold 1, Epoch 139, Train Loss: 0.0315, Val Loss: 0.0314, Val Acc: 0.2483
Fold 1, Epoch 140, Train Loss: 0.0317, Val Loss: 0.0312, Val Acc: 0.2483
Fold 1, Epoch 141, Train Loss: 0.0324, Val Loss: 0.0311, Val Acc: 0.2483
Fold 1, Epoch 142, Train Loss: 0.0322, Val Loss: 0.0312, Val Acc: 0.2483
Fold 1, Epoch 143, Train Loss: 0.0315, Val Loss: 0.0309, Val Acc: 0.2483
Fold 1, Epoch 144, Train Loss: 0.0315, Val Loss: 0.0312, Val Acc: 0.2483
Fold 1, Epoch 145, Train Loss: 0.0319, Val Loss: 0.0314, Val Acc: 0.2483
Fold 1, Epoch 146, Train Loss: 0.0315, Val Loss: 0.0309, Val Acc: 0.2483
Fold 1, Epoch 147, Train Loss: 0.0315, Val Loss: 0.0309, Val Acc: 0.2483
Fold 1, Epoch 148, Train Loss: 0.0313, Val Loss: 0.0311, Val Acc: 0.2483
Fold 1, Epoch 149, Train Loss: 0.0313, Val Loss: 0.0308, Val Acc: 0.2483
Fold 1, Epoch 150, Train Loss: 0.0313, Val Loss: 0.0309, Val Acc: 0.2483
Fold 1, Epoch 151, Train Loss: 0.0314, Val Loss: 0.0311, Val Acc: 0.2483
Fold 1, Epoch 152, Train Loss: 0.0314, Val Loss: 0.0309, Val Acc: 0.2483
Fold 1, Epoch 153, Train Loss: 0.0313, Val Loss: 0.0310, Val Acc: 0.2483
Fold 1, Epoch 154, Train Loss: 0.0314, Val Loss: 0.0310, Val Acc: 0.2483
Fold 1, Epoch 155, Train Loss: 0.0313, Val Loss: 0.0308, Val Acc: 0.2483
Fold 1, Epoch 156, Train Loss: 0.0313, Val Loss: 0.0308, Val Acc: 0.2483
Fold 1, Epoch 157, Train Loss: 0.0313, Val Loss: 0.0308, Val Acc: 0.2483
Fold 1, Epoch 158, Train Loss: 0.0315, Val Loss: 0.0311, Val Acc: 0.2483
Fold 1, Epoch 159, Train Loss: 0.0314, Val Loss: 0.0313, Val Acc: 0.2483
Fold 1, Epoch 160, Train Loss: 0.0315, Val Loss: 0.0307, Val Acc: 0.2483
Fold 1, Epoch 161, Train Loss: 0.0312, Val Loss: 0.0308, Val Acc: 0.2483
Fold 1, Epoch 162, Train Loss: 0.0315, Val Loss: 0.0309, Val Acc: 0.2483
Fold 1, Epoch 163, Train Loss: 0.0314, Val Loss: 0.0308, Val Acc: 0.2483
Fold 1, Epoch 164, Train Loss: 0.0312, Val Loss: 0.0312, Val Acc: 0.2483
Fold 1, Epoch 165, Train Loss: 0.0313, Val Loss: 0.0307, Val Acc: 0.2483
Fold 1, Epoch 166, Train Loss: 0.0318, Val Loss: 0.0307, Val Acc: 0.2483
Fold 1, Epoch 167, Train Loss: 0.0314, Val Loss: 0.0310, Val Acc: 0.2483
Fold 1, Epoch 168, Train Loss: 0.0316, Val Loss: 0.0308, Val Acc: 0.2483
Fold 1, Epoch 169, Train Loss: 0.0314, Val Loss: 0.0307, Val Acc: 0.2483
Fold 1, Epoch 170, Train Loss: 0.0318, Val Loss: 0.0312, Val Acc: 0.2483
Fold 1, Epoch 171, Train Loss: 0.0317, Val Loss: 0.0309, Val Acc: 0.2483
Fold 1, Epoch 172, Train Loss: 0.0314, Val Loss: 0.0306, Val Acc: 0.2483
Fold 1, Epoch 173, Train Loss: 0.0316, Val Loss: 0.0311, Val Acc: 0.2483
Fold 1, Epoch 174, Train Loss: 0.0316, Val Loss: 0.0312, Val Acc: 0.2483
Fold 1, Epoch 175, Train Loss: 0.0314, Val Loss: 0.0307, Val Acc: 0.2483
Fold 1, Epoch 176, Train Loss: 0.0313, Val Loss: 0.0308, Val Acc: 0.2483
Fold 1, Epoch 177, Train Loss: 0.0314, Val Loss: 0.0311, Val Acc: 0.2483
Fold 1, Epoch 178, Train Loss: 0.0312, Val Loss: 0.0309, Val Acc: 0.2483
Fold 1, Epoch 179, Train Loss: 0.0311, Val Loss: 0.0308, Val Acc: 0.2483
Fold 1, Epoch 180, Train Loss: 0.0320, Val Loss: 0.0313, Val Acc: 0.2483
Fold 1, Epoch 181, Train Loss: 0.0316, Val Loss: 0.0312, Val Acc: 0.2483
Fold 1, Epoch 182, Train Loss: 0.0315, Val Loss: 0.0311, Val Acc: 0.2483
Fold 1, Epoch 183, Train Loss: 0.0315, Val Loss: 0.0309, Val Acc: 0.2483
Fold 1, Epoch 184, Train Loss: 0.0312, Val Loss: 0.0305, Val Acc: 0.2483
Fold 1, Epoch 185, Train Loss: 0.0311, Val Loss: 0.0306, Val Acc: 0.2483
Fold 1, Epoch 186, Train Loss: 0.0310, Val Loss: 0.0307, Val Acc: 0.2483
Fold 1, Epoch 187, Train Loss: 0.0315, Val Loss: 0.0310, Val Acc: 0.2483
Fold 1, Epoch 188, Train Loss: 0.0312, Val Loss: 0.0309, Val Acc: 0.2483
Fold 1, Epoch 189, Train Loss: 0.0313, Val Loss: 0.0306, Val Acc: 0.2483
Fold 1, Epoch 190, Train Loss: 0.0315, Val Loss: 0.0314, Val Acc: 0.2483
Fold 1, Epoch 191, Train Loss: 0.0315, Val Loss: 0.0314, Val Acc: 0.2483
Fold 1, Epoch 192, Train Loss: 0.0315, Val Loss: 0.0311, Val Acc: 0.2483
Fold 1, Epoch 193, Train Loss: 0.0318, Val Loss: 0.0308, Val Acc: 0.2483
Fold 1, Epoch 194, Train Loss: 0.0316, Val Loss: 0.0314, Val Acc: 0.2483
Fold 1, Epoch 195, Train Loss: 0.0313, Val Loss: 0.0307, Val Acc: 0.2483
Fold 1, Epoch 196, Train Loss: 0.0312, Val Loss: 0.0306, Val Acc: 0.2483
Fold 1, Epoch 197, Train Loss: 0.0326, Val Loss: 0.0330, Val Acc: 0.2483
Fold 1, Epoch 198, Train Loss: 0.0339, Val Loss: 0.0326, Val Acc: 0.2483
Fold 1, Epoch 199, Train Loss: 0.0325, Val Loss: 0.0309, Val Acc: 0.2483
Fold 1, Epoch 200, Train Loss: 0.0309, Val Loss: 0.0306, Val Acc: 0.2483
Fold 1, Epoch 201, Train Loss: 0.0311, Val Loss: 0.0307, Val Acc: 0.2483
Fold 1, Epoch 202, Train Loss: 0.0312, Val Loss: 0.0310, Val Acc: 0.2483
Fold 1, Epoch 203, Train Loss: 0.0314, Val Loss: 0.0311, Val Acc: 0.2483
Fold 1, Epoch 204, Train Loss: 0.0314, Val Loss: 0.0309, Val Acc: 0.2483
Fold 1, Epoch 205, Train Loss: 0.0312, Val Loss: 0.0306, Val Acc: 0.2483
Fold 1, Epoch 206, Train Loss: 0.0313, Val Loss: 0.0312, Val Acc: 0.2483
Fold 1, Epoch 207, Train Loss: 0.0312, Val Loss: 0.0307, Val Acc: 0.2483
Fold 1, Epoch 208, Train Loss: 0.0310, Val Loss: 0.0306, Val Acc: 0.2483
Fold 1, Epoch 209, Train Loss: 0.0312, Val Loss: 0.0310, Val Acc: 0.2483
Fold 1, Epoch 210, Train Loss: 0.0313, Val Loss: 0.0308, Val Acc: 0.2483
Fold 1, Epoch 211, Train Loss: 0.0311, Val Loss: 0.0306, Val Acc: 0.2483
Fold 1, Epoch 212, Train Loss: 0.0310, Val Loss: 0.0308, Val Acc: 0.2483
Fold 1, Epoch 213, Train Loss: 0.0312, Val Loss: 0.0308, Val Acc: 0.2483
Fold 1, Epoch 214, Train Loss: 0.0312, Val Loss: 0.0306, Val Acc: 0.2483
Fold 1, Epoch 215, Train Loss: 0.0312, Val Loss: 0.0306, Val Acc: 0.2483
Fold 1, Epoch 216, Train Loss: 0.0315, Val Loss: 0.0310, Val Acc: 0.2483
Fold 1, Epoch 217, Train Loss: 0.0312, Val Loss: 0.0308, Val Acc: 0.2483
Fold 1, Epoch 218, Train Loss: 0.0311, Val Loss: 0.0306, Val Acc: 0.2483
Fold 1, Epoch 219, Train Loss: 0.0312, Val Loss: 0.0307, Val Acc: 0.2483
Fold 1, Epoch 220, Train Loss: 0.0311, Val Loss: 0.0306, Val Acc: 0.2483
Fold 1, Epoch 221, Train Loss: 0.0311, Val Loss: 0.0307, Val Acc: 0.2483
Fold 1, Epoch 222, Train Loss: 0.0310, Val Loss: 0.0309, Val Acc: 0.2483
Fold 1, Epoch 223, Train Loss: 0.0310, Val Loss: 0.0307, Val Acc: 0.2483
Fold 1, Epoch 224, Train Loss: 0.0313, Val Loss: 0.0307, Val Acc: 0.2483
Fold 1, Epoch 225, Train Loss: 0.0312, Val Loss: 0.0309, Val Acc: 0.2483
Fold 1, Epoch 226, Train Loss: 0.0311, Val Loss: 0.0306, Val Acc: 0.2483
Fold 1, Epoch 227, Train Loss: 0.0310, Val Loss: 0.0312, Val Acc: 0.2483
Fold 1, Epoch 228, Train Loss: 0.0312, Val Loss: 0.0307, Val Acc: 0.2483
Fold 1, Epoch 229, Train Loss: 0.0313, Val Loss: 0.0305, Val Acc: 0.2483
Fold 1, Epoch 230, Train Loss: 0.0312, Val Loss: 0.0308, Val Acc: 0.2483
Fold 1, Epoch 231, Train Loss: 0.0320, Val Loss: 0.0316, Val Acc: 0.2483
Fold 1, Epoch 232, Train Loss: 0.0319, Val Loss: 0.0312, Val Acc: 0.2483
Fold 1, Epoch 233, Train Loss: 0.0313, Val Loss: 0.0307, Val Acc: 0.2483
Fold 1, Epoch 234, Train Loss: 0.0313, Val Loss: 0.0317, Val Acc: 0.2483
Fold 1, Epoch 235, Train Loss: 0.0319, Val Loss: 0.0310, Val Acc: 0.2483
Fold 1, Epoch 236, Train Loss: 0.0309, Val Loss: 0.0304, Val Acc: 0.2483
Fold 1, Epoch 237, Train Loss: 0.0313, Val Loss: 0.0312, Val Acc: 0.2483
Fold 1, Epoch 238, Train Loss: 0.0313, Val Loss: 0.0309, Val Acc: 0.2483
Fold 1, Epoch 239, Train Loss: 0.0310, Val Loss: 0.0304, Val Acc: 0.2483
Fold 1, Epoch 240, Train Loss: 0.0311, Val Loss: 0.0309, Val Acc: 0.2483
Fold 1, Epoch 241, Train Loss: 0.0313, Val Loss: 0.0308, Val Acc: 0.2483
Fold 1, Epoch 242, Train Loss: 0.0312, Val Loss: 0.0305, Val Acc: 0.2483
Fold 1, Epoch 243, Train Loss: 0.0312, Val Loss: 0.0308, Val Acc: 0.2483
Fold 1, Epoch 244, Train Loss: 0.0313, Val Loss: 0.0310, Val Acc: 0.2483
Fold 1, Epoch 245, Train Loss: 0.0309, Val Loss: 0.0306, Val Acc: 0.2483
Fold 1, Epoch 246, Train Loss: 0.0310, Val Loss: 0.0306, Val Acc: 0.2483
Fold 1, Epoch 247, Train Loss: 0.0311, Val Loss: 0.0310, Val Acc: 0.2483
Fold 1, Epoch 248, Train Loss: 0.0313, Val Loss: 0.0308, Val Acc: 0.2483
Fold 1, Epoch 249, Train Loss: 0.0310, Val Loss: 0.0306, Val Acc: 0.2483
Fold 1, Epoch 250, Train Loss: 0.0312, Val Loss: 0.0305, Val Acc: 0.2483
Fold 1, Epoch 251, Train Loss: 0.0311, Val Loss: 0.0308, Val Acc: 0.2483
Fold 1, Epoch 252, Train Loss: 0.0312, Val Loss: 0.0307, Val Acc: 0.2483
Fold 1, Epoch 253, Train Loss: 0.0310, Val Loss: 0.0306, Val Acc: 0.2483
Fold 1, Epoch 254, Train Loss: 0.0312, Val Loss: 0.0306, Val Acc: 0.2483
Fold 1, Epoch 255, Train Loss: 0.0312, Val Loss: 0.0307, Val Acc: 0.2483
Fold 1, Epoch 256, Train Loss: 0.0312, Val Loss: 0.0307, Val Acc: 0.2483
Fold 1, Epoch 257, Train Loss: 0.0311, Val Loss: 0.0305, Val Acc: 0.2483
Fold 1, Epoch 258, Train Loss: 0.0311, Val Loss: 0.0308, Val Acc: 0.2483
Fold 1, Epoch 259, Train Loss: 0.0315, Val Loss: 0.0308, Val Acc: 0.2483
Fold 1, Epoch 260, Train Loss: 0.0312, Val Loss: 0.0307, Val Acc: 0.2483
Fold 1, Epoch 261, Train Loss: 0.0312, Val Loss: 0.0307, Val Acc: 0.2483
Fold 1, Epoch 262, Train Loss: 0.0311, Val Loss: 0.0310, Val Acc: 0.2483
Fold 1, Epoch 263, Train Loss: 0.0310, Val Loss: 0.0305, Val Acc: 0.2483
Fold 1, Epoch 264, Train Loss: 0.0309, Val Loss: 0.0305, Val Acc: 0.2483
Fold 1, Epoch 265, Train Loss: 0.0312, Val Loss: 0.0308, Val Acc: 0.2483
Fold 1, Epoch 266, Train Loss: 0.0312, Val Loss: 0.0307, Val Acc: 0.2483
Fold 1, Epoch 267, Train Loss: 0.0311, Val Loss: 0.0305, Val Acc: 0.2483
Fold 1, Epoch 268, Train Loss: 0.0311, Val Loss: 0.0305, Val Acc: 0.2483
Fold 1, Epoch 269, Train Loss: 0.0312, Val Loss: 0.0311, Val Acc: 0.2483
Fold 1, Epoch 270, Train Loss: 0.0312, Val Loss: 0.0306, Val Acc: 0.2483
Fold 1, Epoch 271, Train Loss: 0.0309, Val Loss: 0.0305, Val Acc: 0.2483
Fold 1, Epoch 272, Train Loss: 0.0312, Val Loss: 0.0307, Val Acc: 0.2483
Fold 1, Epoch 273, Train Loss: 0.0311, Val Loss: 0.0306, Val Acc: 0.2483
Fold 1, Epoch 274, Train Loss: 0.0309, Val Loss: 0.0305, Val Acc: 0.2483
Fold 1, Epoch 275, Train Loss: 0.0311, Val Loss: 0.0305, Val Acc: 0.2483
Fold 1, Epoch 276, Train Loss: 0.0313, Val Loss: 0.0307, Val Acc: 0.2483
Fold 1, Epoch 277, Train Loss: 0.0312, Val Loss: 0.0305, Val Acc: 0.2483
Fold 1, Epoch 278, Train Loss: 0.0312, Val Loss: 0.0306, Val Acc: 0.2483
Fold 1, Epoch 279, Train Loss: 0.0310, Val Loss: 0.0308, Val Acc: 0.2483
Fold 1, Epoch 280, Train Loss: 0.0310, Val Loss: 0.0305, Val Acc: 0.2483
Fold 1, Epoch 281, Train Loss: 0.0310, Val Loss: 0.0306, Val Acc: 0.2483
Fold 1, Epoch 282, Train Loss: 0.0311, Val Loss: 0.0306, Val Acc: 0.2483
Fold 1, Epoch 283, Train Loss: 0.0311, Val Loss: 0.0306, Val Acc: 0.2483
Fold 1, Epoch 284, Train Loss: 0.0312, Val Loss: 0.0306, Val Acc: 0.2483
Fold 1, Epoch 285, Train Loss: 0.0309, Val Loss: 0.0306, Val Acc: 0.2483
Fold 1, Epoch 286, Train Loss: 0.0309, Val Loss: 0.0305, Val Acc: 0.2483
Fold 1, Epoch 287, Train Loss: 0.0311, Val Loss: 0.0306, Val Acc: 0.2483
Fold 1, Epoch 288, Train Loss: 0.0311, Val Loss: 0.0307, Val Acc: 0.2483
Fold 1, Epoch 289, Train Loss: 0.0311, Val Loss: 0.0305, Val Acc: 0.2483
Fold 1, Epoch 290, Train Loss: 0.0310, Val Loss: 0.0307, Val Acc: 0.2483
Fold 1, Epoch 291, Train Loss: 0.0311, Val Loss: 0.0307, Val Acc: 0.2483
Fold 1, Epoch 292, Train Loss: 0.0311, Val Loss: 0.0307, Val Acc: 0.2483
Fold 1, Epoch 293, Train Loss: 0.0310, Val Loss: 0.0306, Val Acc: 0.2483
Fold 1, Epoch 294, Train Loss: 0.0311, Val Loss: 0.0304, Val Acc: 0.2483
Fold 1, Epoch 295, Train Loss: 0.0312, Val Loss: 0.0314, Val Acc: 0.2483
Fold 1, Epoch 296, Train Loss: 0.0313, Val Loss: 0.0307, Val Acc: 0.2483
Fold 1, Epoch 297, Train Loss: 0.0314, Val Loss: 0.0305, Val Acc: 0.2483
Fold 1, Epoch 298, Train Loss: 0.0311, Val Loss: 0.0309, Val Acc: 0.2483
Fold 1, Epoch 299, Train Loss: 0.0312, Val Loss: 0.0305, Val Acc: 0.2483
Fold 1, Epoch 300, Train Loss: 0.0310, Val Loss: 0.0307, Val Acc: 0.2483
Fold 1, Epoch 301, Train Loss: 0.0310, Val Loss: 0.0307, Val Acc: 0.2483
Fold 1, Epoch 302, Train Loss: 0.0310, Val Loss: 0.0306, Val Acc: 0.2483
Fold 1, Epoch 303, Train Loss: 0.0309, Val Loss: 0.0309, Val Acc: 0.2483
Fold 1, Epoch 304, Train Loss: 0.0311, Val Loss: 0.0309, Val Acc: 0.2483
Fold 1, Epoch 305, Train Loss: 0.0310, Val Loss: 0.0305, Val Acc: 0.2483
Fold 1, Epoch 306, Train Loss: 0.0312, Val Loss: 0.0307, Val Acc: 0.2483
Fold 1, Epoch 307, Train Loss: 0.0310, Val Loss: 0.0306, Val Acc: 0.2483
Fold 1, Epoch 308, Train Loss: 0.0308, Val Loss: 0.0304, Val Acc: 0.2483
Fold 1, Epoch 309, Train Loss: 0.0310, Val Loss: 0.0320, Val Acc: 0.2483
Fold 1, Epoch 310, Train Loss: 0.0320, Val Loss: 0.0310, Val Acc: 0.2483
Fold 1, Epoch 311, Train Loss: 0.0309, Val Loss: 0.0306, Val Acc: 0.2483
Fold 1, Epoch 312, Train Loss: 0.0310, Val Loss: 0.0308, Val Acc: 0.2483
Fold 1, Epoch 313, Train Loss: 0.0314, Val Loss: 0.0311, Val Acc: 0.2483
Fold 1, Epoch 314, Train Loss: 0.0319, Val Loss: 0.0322, Val Acc: 0.2483
Fold 1, Epoch 315, Train Loss: 0.0320, Val Loss: 0.0310, Val Acc: 0.2483
Fold 1, Epoch 316, Train Loss: 0.0314, Val Loss: 0.0304, Val Acc: 0.2483
Fold 1, Epoch 317, Train Loss: 0.0313, Val Loss: 0.0309, Val Acc: 0.2483
Fold 1, Epoch 318, Train Loss: 0.0312, Val Loss: 0.0308, Val Acc: 0.2483
Fold 1, Epoch 319, Train Loss: 0.0310, Val Loss: 0.0307, Val Acc: 0.2483
Fold 1, Epoch 320, Train Loss: 0.0312, Val Loss: 0.0308, Val Acc: 0.2483
Fold 1, Epoch 321, Train Loss: 0.0311, Val Loss: 0.0305, Val Acc: 0.2483
Fold 1, Epoch 322, Train Loss: 0.0310, Val Loss: 0.0305, Val Acc: 0.2483
Fold 1, Epoch 323, Train Loss: 0.0314, Val Loss: 0.0307, Val Acc: 0.2483
Fold 1, Epoch 324, Train Loss: 0.0312, Val Loss: 0.0311, Val Acc: 0.2483
Fold 1, Epoch 325, Train Loss: 0.0312, Val Loss: 0.0312, Val Acc: 0.2483
Fold 1, Epoch 326, Train Loss: 0.0314, Val Loss: 0.0307, Val Acc: 0.2483
Fold 1, Epoch 327, Train Loss: 0.0309, Val Loss: 0.0303, Val Acc: 0.2483
Fold 1, Epoch 328, Train Loss: 0.0311, Val Loss: 0.0307, Val Acc: 0.2483
Fold 1, Epoch 329, Train Loss: 0.0310, Val Loss: 0.0308, Val Acc: 0.2483
Fold 1, Epoch 330, Train Loss: 0.0317, Val Loss: 0.0320, Val Acc: 0.2483
Fold 1, Epoch 331, Train Loss: 0.0329, Val Loss: 0.0322, Val Acc: 0.2483
Fold 1, Epoch 332, Train Loss: 0.0315, Val Loss: 0.0303, Val Acc: 0.2483
Fold 1, Epoch 333, Train Loss: 0.0314, Val Loss: 0.0308, Val Acc: 0.2483
Fold 1, Epoch 334, Train Loss: 0.0318, Val Loss: 0.0317, Val Acc: 0.2483
Fold 1, Epoch 335, Train Loss: 0.0315, Val Loss: 0.0307, Val Acc: 0.2483
Fold 1, Epoch 336, Train Loss: 0.0315, Val Loss: 0.0306, Val Acc: 0.2483
Fold 1, Epoch 337, Train Loss: 0.0317, Val Loss: 0.0321, Val Acc: 0.2483
Fold 1, Epoch 338, Train Loss: 0.0326, Val Loss: 0.0321, Val Acc: 0.2483
Fold 1, Epoch 339, Train Loss: 0.0313, Val Loss: 0.0304, Val Acc: 0.2483
Fold 1, Epoch 340, Train Loss: 0.0313, Val Loss: 0.0307, Val Acc: 0.2483
Fold 1, Epoch 341, Train Loss: 0.0313, Val Loss: 0.0310, Val Acc: 0.2483
Fold 1, Epoch 342, Train Loss: 0.0308, Val Loss: 0.0304, Val Acc: 0.2483
Fold 1, Epoch 343, Train Loss: 0.0309, Val Loss: 0.0306, Val Acc: 0.2483
Fold 1, Epoch 344, Train Loss: 0.0314, Val Loss: 0.0308, Val Acc: 0.2483
Fold 1, Epoch 345, Train Loss: 0.0310, Val Loss: 0.0307, Val Acc: 0.2483
Fold 1, Epoch 346, Train Loss: 0.0327, Val Loss: 0.0329, Val Acc: 0.2483
Fold 1, Epoch 347, Train Loss: 0.0343, Val Loss: 0.0337, Val Acc: 0.2483
Fold 1, Epoch 348, Train Loss: 0.0325, Val Loss: 0.0302, Val Acc: 0.2483
Fold 1, Epoch 349, Train Loss: 0.0312, Val Loss: 0.0309, Val Acc: 0.2483
Fold 1, Epoch 350, Train Loss: 0.0310, Val Loss: 0.0307, Val Acc: 0.2483
Fold 1, Epoch 351, Train Loss: 0.0309, Val Loss: 0.0304, Val Acc: 0.2483
Fold 1, Epoch 352, Train Loss: 0.0311, Val Loss: 0.0308, Val Acc: 0.2483
Fold 1, Epoch 353, Train Loss: 0.0310, Val Loss: 0.0307, Val Acc: 0.2483
Fold 1, Epoch 354, Train Loss: 0.0312, Val Loss: 0.0305, Val Acc: 0.2483
Fold 1, Epoch 355, Train Loss: 0.0310, Val Loss: 0.0305, Val Acc: 0.2483
Fold 1, Epoch 356, Train Loss: 0.0311, Val Loss: 0.0308, Val Acc: 0.2483
Fold 1, Epoch 357, Train Loss: 0.0309, Val Loss: 0.0305, Val Acc: 0.2483
Fold 1, Epoch 358, Train Loss: 0.0309, Val Loss: 0.0305, Val Acc: 0.2483
Fold 1, Epoch 359, Train Loss: 0.0309, Val Loss: 0.0305, Val Acc: 0.2483
Fold 1, Epoch 360, Train Loss: 0.0310, Val Loss: 0.0307, Val Acc: 0.2483
Fold 1, Epoch 361, Train Loss: 0.0309, Val Loss: 0.0305, Val Acc: 0.2483
Fold 1, Epoch 362, Train Loss: 0.0309, Val Loss: 0.0304, Val Acc: 0.2483
Fold 1, Epoch 363, Train Loss: 0.0310, Val Loss: 0.0306, Val Acc: 0.2483
Fold 1, Epoch 364, Train Loss: 0.0311, Val Loss: 0.0308, Val Acc: 0.2483
Fold 1, Epoch 365, Train Loss: 0.0309, Val Loss: 0.0304, Val Acc: 0.2483
Fold 1, Epoch 366, Train Loss: 0.0311, Val Loss: 0.0305, Val Acc: 0.2483
Fold 1, Epoch 367, Train Loss: 0.0310, Val Loss: 0.0310, Val Acc: 0.2483
Fold 1, Epoch 368, Train Loss: 0.0312, Val Loss: 0.0308, Val Acc: 0.2483
Fold 1, Epoch 369, Train Loss: 0.0312, Val Loss: 0.0309, Val Acc: 0.2483
Fold 1, Epoch 370, Train Loss: 0.0311, Val Loss: 0.0303, Val Acc: 0.2483
Fold 1, Epoch 371, Train Loss: 0.0314, Val Loss: 0.0312, Val Acc: 0.2483
Fold 1, Epoch 372, Train Loss: 0.0312, Val Loss: 0.0307, Val Acc: 0.2483
Fold 1, Epoch 373, Train Loss: 0.0308, Val Loss: 0.0303, Val Acc: 0.2483
Fold 1, Epoch 374, Train Loss: 0.0311, Val Loss: 0.0314, Val Acc: 0.2483
Fold 1, Epoch 375, Train Loss: 0.0313, Val Loss: 0.0307, Val Acc: 0.2483
Fold 1, Epoch 376, Train Loss: 0.0308, Val Loss: 0.0303, Val Acc: 0.2483
Fold 1, Epoch 377, Train Loss: 0.0309, Val Loss: 0.0305, Val Acc: 0.2483
Fold 1, Epoch 378, Train Loss: 0.0311, Val Loss: 0.0311, Val Acc: 0.2483
Fold 1, Epoch 379, Train Loss: 0.0311, Val Loss: 0.0304, Val Acc: 0.2483
Fold 1, Epoch 380, Train Loss: 0.0307, Val Loss: 0.0304, Val Acc: 0.2483
Fold 1, Epoch 381, Train Loss: 0.0309, Val Loss: 0.0304, Val Acc: 0.2483
Fold 1, Epoch 382, Train Loss: 0.0315, Val Loss: 0.0313, Val Acc: 0.2483
Fold 1, Epoch 383, Train Loss: 0.0312, Val Loss: 0.0308, Val Acc: 0.2483
Fold 1, Epoch 384, Train Loss: 0.0312, Val Loss: 0.0304, Val Acc: 0.2483
Fold 1, Epoch 385, Train Loss: 0.0310, Val Loss: 0.0305, Val Acc: 0.2483
Fold 1, Epoch 386, Train Loss: 0.0315, Val Loss: 0.0318, Val Acc: 0.2483
Fold 1, Epoch 387, Train Loss: 0.0316, Val Loss: 0.0309, Val Acc: 0.2483
Fold 1, Epoch 388, Train Loss: 0.0311, Val Loss: 0.0303, Val Acc: 0.2483
Fold 1, Epoch 389, Train Loss: 0.0311, Val Loss: 0.0307, Val Acc: 0.2483
Fold 1, Epoch 390, Train Loss: 0.0312, Val Loss: 0.0306, Val Acc: 0.2483
Fold 1, Epoch 391, Train Loss: 0.0310, Val Loss: 0.0306, Val Acc: 0.2483
Fold 1, Epoch 392, Train Loss: 0.0311, Val Loss: 0.0313, Val Acc: 0.2483
Fold 1, Epoch 393, Train Loss: 0.0314, Val Loss: 0.0306, Val Acc: 0.2483
Fold 1, Epoch 394, Train Loss: 0.0310, Val Loss: 0.0302, Val Acc: 0.2483
Fold 1, Epoch 395, Train Loss: 0.0308, Val Loss: 0.0304, Val Acc: 0.2483
Fold 1, Epoch 396, Train Loss: 0.0309, Val Loss: 0.0306, Val Acc: 0.2483
Fold 1, Epoch 397, Train Loss: 0.0308, Val Loss: 0.0304, Val Acc: 0.2483
Fold 1, Epoch 398, Train Loss: 0.0307, Val Loss: 0.0304, Val Acc: 0.2483
Fold 1, Epoch 399, Train Loss: 0.0308, Val Loss: 0.0306, Val Acc: 0.2483
Fold 1, Epoch 400, Train Loss: 0.0309, Val Loss: 0.0304, Val Acc: 0.2483
Fold 1, Epoch 401, Train Loss: 0.0309, Val Loss: 0.0305, Val Acc: 0.2483
Fold 1, Epoch 402, Train Loss: 0.0317, Val Loss: 0.0320, Val Acc: 0.2483
Fold 1, Epoch 403, Train Loss: 0.0326, Val Loss: 0.0320, Val Acc: 0.2483
Fold 1, Epoch 404, Train Loss: 0.0313, Val Loss: 0.0303, Val Acc: 0.2483
Fold 1, Epoch 405, Train Loss: 0.0318, Val Loss: 0.0314, Val Acc: 0.2483
Fold 1, Epoch 406, Train Loss: 0.0315, Val Loss: 0.0314, Val Acc: 0.2483
Fold 1, Epoch 407, Train Loss: 0.0314, Val Loss: 0.0303, Val Acc: 0.2483
Fold 1, Epoch 408, Train Loss: 0.0309, Val Loss: 0.0305, Val Acc: 0.2483
Fold 1, Epoch 409, Train Loss: 0.0310, Val Loss: 0.0307, Val Acc: 0.2483
Fold 1, Epoch 410, Train Loss: 0.0308, Val Loss: 0.0303, Val Acc: 0.2483
Fold 1, Epoch 411, Train Loss: 0.0308, Val Loss: 0.0304, Val Acc: 0.2483
Fold 1, Epoch 412, Train Loss: 0.0309, Val Loss: 0.0306, Val Acc: 0.2483
Fold 1, Epoch 413, Train Loss: 0.0309, Val Loss: 0.0305, Val Acc: 0.2483
Fold 1, Epoch 414, Train Loss: 0.0309, Val Loss: 0.0304, Val Acc: 0.2483
Fold 1, Epoch 415, Train Loss: 0.0308, Val Loss: 0.0304, Val Acc: 0.2483
Fold 1, Epoch 416, Train Loss: 0.0311, Val Loss: 0.0308, Val Acc: 0.2483
Fold 1, Epoch 417, Train Loss: 0.0309, Val Loss: 0.0306, Val Acc: 0.2483
Fold 1, Epoch 418, Train Loss: 0.0308, Val Loss: 0.0303, Val Acc: 0.2483
Fold 1, Epoch 419, Train Loss: 0.0308, Val Loss: 0.0304, Val Acc: 0.2483
Fold 1, Epoch 420, Train Loss: 0.0313, Val Loss: 0.0316, Val Acc: 0.2483
Fold 1, Epoch 421, Train Loss: 0.0315, Val Loss: 0.0308, Val Acc: 0.2483
Fold 1, Epoch 422, Train Loss: 0.0309, Val Loss: 0.0302, Val Acc: 0.2483
Fold 1, Epoch 423, Train Loss: 0.0310, Val Loss: 0.0305, Val Acc: 0.2483
Fold 1, Epoch 424, Train Loss: 0.0310, Val Loss: 0.0307, Val Acc: 0.2483
Fold 1, Epoch 425, Train Loss: 0.0308, Val Loss: 0.0307, Val Acc: 0.2483
Fold 1, Epoch 426, Train Loss: 0.0307, Val Loss: 0.0304, Val Acc: 0.2483
Fold 1, Epoch 427, Train Loss: 0.0308, Val Loss: 0.0304, Val Acc: 0.2483
Fold 1, Epoch 428, Train Loss: 0.0308, Val Loss: 0.0304, Val Acc: 0.2483
Fold 1, Epoch 429, Train Loss: 0.0308, Val Loss: 0.0304, Val Acc: 0.2483
Fold 1, Epoch 430, Train Loss: 0.0311, Val Loss: 0.0310, Val Acc: 0.2483
Fold 1, Epoch 431, Train Loss: 0.0310, Val Loss: 0.0304, Val Acc: 0.2483
Fold 1, Epoch 432, Train Loss: 0.0309, Val Loss: 0.0304, Val Acc: 0.2483
Fold 1, Epoch 433, Train Loss: 0.0308, Val Loss: 0.0305, Val Acc: 0.2483
Fold 1, Epoch 434, Train Loss: 0.0307, Val Loss: 0.0303, Val Acc: 0.2483
Fold 1, Epoch 435, Train Loss: 0.0307, Val Loss: 0.0303, Val Acc: 0.2483
Fold 1, Epoch 436, Train Loss: 0.0317, Val Loss: 0.0318, Val Acc: 0.2483
Fold 1, Epoch 437, Train Loss: 0.0315, Val Loss: 0.0309, Val Acc: 0.2483
Fold 1, Epoch 438, Train Loss: 0.0309, Val Loss: 0.0302, Val Acc: 0.2483
Fold 1, Epoch 439, Train Loss: 0.0310, Val Loss: 0.0306, Val Acc: 0.2483
Fold 1, Epoch 440, Train Loss: 0.0310, Val Loss: 0.0306, Val Acc: 0.2483
Fold 1, Epoch 441, Train Loss: 0.0309, Val Loss: 0.0306, Val Acc: 0.2483
Fold 1, Epoch 442, Train Loss: 0.0314, Val Loss: 0.0307, Val Acc: 0.2483
Fold 1, Epoch 443, Train Loss: 0.0312, Val Loss: 0.0306, Val Acc: 0.2483
Fold 1, Epoch 444, Train Loss: 0.0309, Val Loss: 0.0303, Val Acc: 0.2483
Fold 1, Epoch 445, Train Loss: 0.0309, Val Loss: 0.0305, Val Acc: 0.2483
Fold 1, Epoch 446, Train Loss: 0.0309, Val Loss: 0.0308, Val Acc: 0.2483
Fold 1, Epoch 447, Train Loss: 0.0308, Val Loss: 0.0306, Val Acc: 0.2483
Fold 1, Epoch 448, Train Loss: 0.0310, Val Loss: 0.0303, Val Acc: 0.2483
Fold 1, Epoch 449, Train Loss: 0.0309, Val Loss: 0.0304, Val Acc: 0.2483
Fold 1, Epoch 450, Train Loss: 0.0316, Val Loss: 0.0311, Val Acc: 0.2483
Fold 1, Epoch 451, Train Loss: 0.0311, Val Loss: 0.0305, Val Acc: 0.2483
Fold 1, Epoch 452, Train Loss: 0.0310, Val Loss: 0.0305, Val Acc: 0.2483
Fold 1, Epoch 453, Train Loss: 0.0307, Val Loss: 0.0305, Val Acc: 0.2483
Fold 1, Epoch 454, Train Loss: 0.0308, Val Loss: 0.0303, Val Acc: 0.2483
Fold 1, Epoch 455, Train Loss: 0.0306, Val Loss: 0.0303, Val Acc: 0.2483
Fold 1, Epoch 456, Train Loss: 0.0307, Val Loss: 0.0306, Val Acc: 0.2483
Fold 1, Epoch 457, Train Loss: 0.0308, Val Loss: 0.0303, Val Acc: 0.2483
Fold 1, Epoch 458, Train Loss: 0.0309, Val Loss: 0.0303, Val Acc: 0.2483
Fold 1, Epoch 459, Train Loss: 0.0309, Val Loss: 0.0307, Val Acc: 0.2483
Fold 1, Epoch 460, Train Loss: 0.0310, Val Loss: 0.0313, Val Acc: 0.2483
Fold 1, Epoch 461, Train Loss: 0.0314, Val Loss: 0.0304, Val Acc: 0.2483
Fold 1, Epoch 462, Train Loss: 0.0308, Val Loss: 0.0303, Val Acc: 0.2483
Fold 1, Epoch 463, Train Loss: 0.0308, Val Loss: 0.0302, Val Acc: 0.2483
Fold 1, Epoch 464, Train Loss: 0.0310, Val Loss: 0.0307, Val Acc: 0.2483
Fold 1, Epoch 465, Train Loss: 0.0308, Val Loss: 0.0308, Val Acc: 0.2483
Fold 1, Epoch 466, Train Loss: 0.0307, Val Loss: 0.0303, Val Acc: 0.2483
Fold 1, Epoch 467, Train Loss: 0.0308, Val Loss: 0.0303, Val Acc: 0.2483
Fold 1, Epoch 468, Train Loss: 0.0309, Val Loss: 0.0304, Val Acc: 0.2483
Fold 1, Epoch 469, Train Loss: 0.0307, Val Loss: 0.0310, Val Acc: 0.2483
Fold 1, Epoch 470, Train Loss: 0.0309, Val Loss: 0.0305, Val Acc: 0.2483
Fold 1, Epoch 471, Train Loss: 0.0307, Val Loss: 0.0304, Val Acc: 0.2483
Fold 1, Epoch 472, Train Loss: 0.0310, Val Loss: 0.0303, Val Acc: 0.2483
Fold 1, Epoch 473, Train Loss: 0.0311, Val Loss: 0.0308, Val Acc: 0.2483
Fold 1, Epoch 474, Train Loss: 0.0310, Val Loss: 0.0306, Val Acc: 0.2483
Fold 1, Epoch 475, Train Loss: 0.0309, Val Loss: 0.0304, Val Acc: 0.2483
Fold 1, Epoch 476, Train Loss: 0.0309, Val Loss: 0.0306, Val Acc: 0.2483
Fold 1, Epoch 477, Train Loss: 0.0308, Val Loss: 0.0305, Val Acc: 0.2483
Fold 1, Epoch 478, Train Loss: 0.0306, Val Loss: 0.0302, Val Acc: 0.2483
Fold 1, Epoch 479, Train Loss: 0.0308, Val Loss: 0.0304, Val Acc: 0.2483
Fold 1, Epoch 480, Train Loss: 0.0310, Val Loss: 0.0306, Val Acc: 0.2483
Fold 1, Epoch 481, Train Loss: 0.0307, Val Loss: 0.0304, Val Acc: 0.2483
Fold 1, Epoch 482, Train Loss: 0.0307, Val Loss: 0.0303, Val Acc: 0.2483
Fold 1, Epoch 483, Train Loss: 0.0308, Val Loss: 0.0303, Val Acc: 0.2483
Fold 1, Epoch 484, Train Loss: 0.0307, Val Loss: 0.0304, Val Acc: 0.2483
Fold 1, Epoch 485, Train Loss: 0.0310, Val Loss: 0.0312, Val Acc: 0.2483
Fold 1, Epoch 486, Train Loss: 0.0324, Val Loss: 0.0322, Val Acc: 0.2483
Fold 1, Epoch 487, Train Loss: 0.0332, Val Loss: 0.0328, Val Acc: 0.2483
Fold 1, Epoch 488, Train Loss: 0.0323, Val Loss: 0.0306, Val Acc: 0.2483
Fold 1, Epoch 489, Train Loss: 0.0307, Val Loss: 0.0307, Val Acc: 0.2483
Fold 1, Epoch 490, Train Loss: 0.0311, Val Loss: 0.0305, Val Acc: 0.2483
Fold 1, Epoch 491, Train Loss: 0.0316, Val Loss: 0.0304, Val Acc: 0.2483
Fold 1, Epoch 492, Train Loss: 0.0308, Val Loss: 0.0306, Val Acc: 0.2483
Fold 1, Epoch 493, Train Loss: 0.0310, Val Loss: 0.0303, Val Acc: 0.2483
Fold 1, Epoch 494, Train Loss: 0.0308, Val Loss: 0.0304, Val Acc: 0.2483
Fold 1, Epoch 495, Train Loss: 0.0308, Val Loss: 0.0305, Val Acc: 0.2483
Fold 1, Epoch 496, Train Loss: 0.0308, Val Loss: 0.0304, Val Acc: 0.2483
Fold 1, Epoch 497, Train Loss: 0.0307, Val Loss: 0.0304, Val Acc: 0.2483
Fold 1, Epoch 498, Train Loss: 0.0306, Val Loss: 0.0303, Val Acc: 0.2483
Fold 1, Epoch 499, Train Loss: 0.0307, Val Loss: 0.0306, Val Acc: 0.2483
Fold 1, Epoch 500, Train Loss: 0.0310, Val Loss: 0.0305, Val Acc: 0.2483
Fold 1, Epoch 501, Train Loss: 0.0306, Val Loss: 0.0302, Val Acc: 0.2483
Fold 1, Epoch 502, Train Loss: 0.0308, Val Loss: 0.0306, Val Acc: 0.2483
Fold 1, Epoch 503, Train Loss: 0.0308, Val Loss: 0.0307, Val Acc: 0.2483
Fold 1, Epoch 504, Train Loss: 0.0308, Val Loss: 0.0308, Val Acc: 0.2483
Fold 1, Epoch 505, Train Loss: 0.0307, Val Loss: 0.0302, Val Acc: 0.2483
Fold 1, Epoch 506, Train Loss: 0.0306, Val Loss: 0.0302, Val Acc: 0.2483
Fold 1, Epoch 507, Train Loss: 0.0313, Val Loss: 0.0322, Val Acc: 0.2483
Fold 1, Epoch 508, Train Loss: 0.0319, Val Loss: 0.0311, Val Acc: 0.2483
Fold 1, Epoch 509, Train Loss: 0.0311, Val Loss: 0.0305, Val Acc: 0.2483
Fold 1, Epoch 510, Train Loss: 0.0309, Val Loss: 0.0302, Val Acc: 0.2483
Fold 1, Epoch 511, Train Loss: 0.0309, Val Loss: 0.0308, Val Acc: 0.2483
Fold 1, Epoch 512, Train Loss: 0.0308, Val Loss: 0.0304, Val Acc: 0.2483
Fold 1, Epoch 513, Train Loss: 0.0307, Val Loss: 0.0303, Val Acc: 0.2483
Fold 1, Epoch 514, Train Loss: 0.0307, Val Loss: 0.0303, Val Acc: 0.2483
Fold 1, Epoch 515, Train Loss: 0.0308, Val Loss: 0.0304, Val Acc: 0.2483
Fold 1, Epoch 516, Train Loss: 0.0306, Val Loss: 0.0302, Val Acc: 0.2483
Fold 1, Epoch 517, Train Loss: 0.0320, Val Loss: 0.0316, Val Acc: 0.2483
Fold 1, Epoch 518, Train Loss: 0.0320, Val Loss: 0.0313, Val Acc: 0.2483
Fold 1, Epoch 519, Train Loss: 0.0309, Val Loss: 0.0305, Val Acc: 0.2483
Fold 1, Epoch 520, Train Loss: 0.0310, Val Loss: 0.0305, Val Acc: 0.2483
Fold 1, Epoch 521, Train Loss: 0.0310, Val Loss: 0.0309, Val Acc: 0.2483
Fold 1, Epoch 522, Train Loss: 0.0307, Val Loss: 0.0302, Val Acc: 0.2483
Fold 1, Epoch 523, Train Loss: 0.0306, Val Loss: 0.0302, Val Acc: 0.2483
Fold 1, Epoch 524, Train Loss: 0.0308, Val Loss: 0.0306, Val Acc: 0.2483
Fold 1, Epoch 525, Train Loss: 0.0308, Val Loss: 0.0305, Val Acc: 0.2483
Fold 1, Epoch 526, Train Loss: 0.0308, Val Loss: 0.0303, Val Acc: 0.2483
Fold 1, Epoch 527, Train Loss: 0.0305, Val Loss: 0.0303, Val Acc: 0.2483
Fold 1, Epoch 528, Train Loss: 0.0310, Val Loss: 0.0309, Val Acc: 0.2483
Fold 1, Epoch 529, Train Loss: 0.0310, Val Loss: 0.0309, Val Acc: 0.2483
Fold 1, Epoch 530, Train Loss: 0.0314, Val Loss: 0.0307, Val Acc: 0.2483
Fold 1, Epoch 531, Train Loss: 0.0320, Val Loss: 0.0308, Val Acc: 0.2483
Fold 1, Epoch 532, Train Loss: 0.0317, Val Loss: 0.0305, Val Acc: 0.2483
Fold 1, Epoch 533, Train Loss: 0.0309, Val Loss: 0.0305, Val Acc: 0.2483
Fold 1, Epoch 534, Train Loss: 0.0305, Val Loss: 0.0301, Val Acc: 0.2483
Fold 1, Epoch 535, Train Loss: 0.0307, Val Loss: 0.0303, Val Acc: 0.2483
Fold 1, Epoch 536, Train Loss: 0.0309, Val Loss: 0.0309, Val Acc: 0.2483
Fold 1, Epoch 537, Train Loss: 0.0309, Val Loss: 0.0304, Val Acc: 0.2483
Fold 1, Epoch 538, Train Loss: 0.0306, Val Loss: 0.0301, Val Acc: 0.2483
Fold 1, Epoch 539, Train Loss: 0.0306, Val Loss: 0.0303, Val Acc: 0.2483
Fold 1, Epoch 540, Train Loss: 0.0310, Val Loss: 0.0309, Val Acc: 0.2483
Fold 1, Epoch 541, Train Loss: 0.0311, Val Loss: 0.0305, Val Acc: 0.2483
Fold 1, Epoch 542, Train Loss: 0.0315, Val Loss: 0.0302, Val Acc: 0.2483
Fold 1, Epoch 543, Train Loss: 0.0308, Val Loss: 0.0304, Val Acc: 0.2483
Fold 1, Epoch 544, Train Loss: 0.0308, Val Loss: 0.0303, Val Acc: 0.2483
Fold 1, Epoch 545, Train Loss: 0.0308, Val Loss: 0.0311, Val Acc: 0.2483
Fold 1, Epoch 546, Train Loss: 0.0308, Val Loss: 0.0304, Val Acc: 0.2483
Fold 1, Epoch 547, Train Loss: 0.0315, Val Loss: 0.0321, Val Acc: 0.2483
Fold 1, Epoch 548, Train Loss: 0.0325, Val Loss: 0.0318, Val Acc: 0.2483
Fold 1, Epoch 549, Train Loss: 0.0313, Val Loss: 0.0303, Val Acc: 0.2483
Fold 1, Epoch 550, Train Loss: 0.0316, Val Loss: 0.0311, Val Acc: 0.2483
Fold 1, Epoch 551, Train Loss: 0.0314, Val Loss: 0.0311, Val Acc: 0.2483
Fold 1, Epoch 552, Train Loss: 0.0308, Val Loss: 0.0303, Val Acc: 0.2483
Fold 1, Epoch 553, Train Loss: 0.0306, Val Loss: 0.0305, Val Acc: 0.2483
Fold 1, Epoch 554, Train Loss: 0.0310, Val Loss: 0.0307, Val Acc: 0.2483
Fold 1, Epoch 555, Train Loss: 0.0307, Val Loss: 0.0303, Val Acc: 0.2483
Fold 1, Epoch 556, Train Loss: 0.0308, Val Loss: 0.0307, Val Acc: 0.2483
Fold 1, Epoch 557, Train Loss: 0.0309, Val Loss: 0.0304, Val Acc: 0.2483
Fold 1, Epoch 558, Train Loss: 0.0308, Val Loss: 0.0301, Val Acc: 0.2483
Fold 1, Epoch 559, Train Loss: 0.0309, Val Loss: 0.0303, Val Acc: 0.2483
Fold 1, Epoch 560, Train Loss: 0.0307, Val Loss: 0.0304, Val Acc: 0.2483
Fold 1, Epoch 561, Train Loss: 0.0306, Val Loss: 0.0302, Val Acc: 0.2483
Fold 1, Epoch 562, Train Loss: 0.0307, Val Loss: 0.0306, Val Acc: 0.2483
Fold 1, Epoch 563, Train Loss: 0.0307, Val Loss: 0.0308, Val Acc: 0.2483
Fold 1, Epoch 564, Train Loss: 0.0309, Val Loss: 0.0303, Val Acc: 0.2483
Fold 1, Epoch 565, Train Loss: 0.0307, Val Loss: 0.0304, Val Acc: 0.2483
Fold 1, Epoch 566, Train Loss: 0.0310, Val Loss: 0.0302, Val Acc: 0.2483
Fold 1, Epoch 567, Train Loss: 0.0308, Val Loss: 0.0303, Val Acc: 0.2483
Fold 1, Epoch 568, Train Loss: 0.0308, Val Loss: 0.0307, Val Acc: 0.2483
Fold 1, Epoch 569, Train Loss: 0.0316, Val Loss: 0.0322, Val Acc: 0.2483
Fold 1, Epoch 570, Train Loss: 0.0327, Val Loss: 0.0316, Val Acc: 0.2483
Fold 1, Epoch 571, Train Loss: 0.0314, Val Loss: 0.0301, Val Acc: 0.2483
Fold 1, Epoch 572, Train Loss: 0.0305, Val Loss: 0.0302, Val Acc: 0.2483
Fold 1, Epoch 573, Train Loss: 0.0308, Val Loss: 0.0305, Val Acc: 0.2483
Fold 1, Epoch 574, Train Loss: 0.0307, Val Loss: 0.0306, Val Acc: 0.2483
Fold 1, Epoch 575, Train Loss: 0.0308, Val Loss: 0.0306, Val Acc: 0.2483
Fold 1, Epoch 576, Train Loss: 0.0310, Val Loss: 0.0304, Val Acc: 0.2483
Fold 1, Epoch 577, Train Loss: 0.0308, Val Loss: 0.0301, Val Acc: 0.2483
Fold 1, Epoch 578, Train Loss: 0.0307, Val Loss: 0.0304, Val Acc: 0.2483
Fold 1, Epoch 579, Train Loss: 0.0305, Val Loss: 0.0304, Val Acc: 0.2483
Fold 1, Epoch 580, Train Loss: 0.0307, Val Loss: 0.0303, Val Acc: 0.2483
Fold 1, Epoch 581, Train Loss: 0.0308, Val Loss: 0.0303, Val Acc: 0.2483
Fold 1, Epoch 582, Train Loss: 0.0306, Val Loss: 0.0302, Val Acc: 0.2483
Fold 1, Epoch 583, Train Loss: 0.0307, Val Loss: 0.0302, Val Acc: 0.2483
Fold 1, Epoch 584, Train Loss: 0.0308, Val Loss: 0.0305, Val Acc: 0.2483
Fold 1, Epoch 585, Train Loss: 0.0307, Val Loss: 0.0312, Val Acc: 0.2483
Fold 1, Epoch 586, Train Loss: 0.0310, Val Loss: 0.0302, Val Acc: 0.2483
Fold 1, Epoch 587, Train Loss: 0.0307, Val Loss: 0.0302, Val Acc: 0.2483
Fold 1, Epoch 588, Train Loss: 0.0307, Val Loss: 0.0305, Val Acc: 0.2483
Fold 1, Epoch 589, Train Loss: 0.0307, Val Loss: 0.0303, Val Acc: 0.2483
Fold 1, Epoch 590, Train Loss: 0.0305, Val Loss: 0.0301, Val Acc: 0.2483
Fold 1, Epoch 591, Train Loss: 0.0307, Val Loss: 0.0302, Val Acc: 0.2483
Fold 1, Epoch 592, Train Loss: 0.0307, Val Loss: 0.0305, Val Acc: 0.2483
Fold 1, Epoch 593, Train Loss: 0.0308, Val Loss: 0.0310, Val Acc: 0.2483
Fold 1, Epoch 594, Train Loss: 0.0308, Val Loss: 0.0303, Val Acc: 0.2483
Fold 1, Epoch 595, Train Loss: 0.0307, Val Loss: 0.0301, Val Acc: 0.2483
Fold 1, Epoch 596, Train Loss: 0.0306, Val Loss: 0.0305, Val Acc: 0.2483
Fold 1, Epoch 597, Train Loss: 0.0307, Val Loss: 0.0303, Val Acc: 0.2483
Fold 1, Epoch 598, Train Loss: 0.0310, Val Loss: 0.0306, Val Acc: 0.2483
Fold 1, Epoch 599, Train Loss: 0.0309, Val Loss: 0.0306, Val Acc: 0.2483
Fold 1, Epoch 600, Train Loss: 0.0308, Val Loss: 0.0301, Val Acc: 0.2483
Fold 1, Epoch 601, Train Loss: 0.0307, Val Loss: 0.0302, Val Acc: 0.2483
Fold 1, Epoch 602, Train Loss: 0.0316, Val Loss: 0.0314, Val Acc: 0.2483
Fold 1, Epoch 603, Train Loss: 0.0316, Val Loss: 0.0310, Val Acc: 0.2483
Fold 1, Epoch 604, Train Loss: 0.0311, Val Loss: 0.0302, Val Acc: 0.2483
Fold 1, Epoch 605, Train Loss: 0.0313, Val Loss: 0.0303, Val Acc: 0.2483
Fold 1, Epoch 606, Train Loss: 0.0310, Val Loss: 0.0304, Val Acc: 0.2483
Fold 1, Epoch 607, Train Loss: 0.0308, Val Loss: 0.0304, Val Acc: 0.2483
Fold 1, Epoch 608, Train Loss: 0.0306, Val Loss: 0.0302, Val Acc: 0.2483
Fold 1, Epoch 609, Train Loss: 0.0308, Val Loss: 0.0303, Val Acc: 0.2483
Fold 1, Epoch 610, Train Loss: 0.0308, Val Loss: 0.0303, Val Acc: 0.2483
Fold 1, Epoch 611, Train Loss: 0.0307, Val Loss: 0.0301, Val Acc: 0.2483
Fold 1, Epoch 612, Train Loss: 0.0310, Val Loss: 0.0315, Val Acc: 0.2483
Fold 1, Epoch 613, Train Loss: 0.0314, Val Loss: 0.0306, Val Acc: 0.2483
Fold 1, Epoch 614, Train Loss: 0.0307, Val Loss: 0.0301, Val Acc: 0.2483
Fold 1, Epoch 615, Train Loss: 0.0311, Val Loss: 0.0305, Val Acc: 0.2483
Fold 1, Epoch 616, Train Loss: 0.0310, Val Loss: 0.0305, Val Acc: 0.2483
Fold 1, Epoch 617, Train Loss: 0.0311, Val Loss: 0.0312, Val Acc: 0.2483
Fold 1, Epoch 618, Train Loss: 0.0308, Val Loss: 0.0304, Val Acc: 0.2483
Fold 1, Epoch 619, Train Loss: 0.0305, Val Loss: 0.0302, Val Acc: 0.2483
Fold 1, Epoch 620, Train Loss: 0.0308, Val Loss: 0.0303, Val Acc: 0.2483
Fold 1, Epoch 621, Train Loss: 0.0308, Val Loss: 0.0303, Val Acc: 0.2483
Fold 1, Epoch 622, Train Loss: 0.0308, Val Loss: 0.0306, Val Acc: 0.2483
Fold 1, Epoch 623, Train Loss: 0.0307, Val Loss: 0.0306, Val Acc: 0.2483
Fold 1, Epoch 624, Train Loss: 0.0312, Val Loss: 0.0316, Val Acc: 0.2483
Fold 1, Epoch 625, Train Loss: 0.0319, Val Loss: 0.0308, Val Acc: 0.2483
Fold 1, Epoch 626, Train Loss: 0.0314, Val Loss: 0.0302, Val Acc: 0.2483
Fold 1, Epoch 627, Train Loss: 0.0308, Val Loss: 0.0303, Val Acc: 0.2483
Fold 1, Epoch 628, Train Loss: 0.0308, Val Loss: 0.0302, Val Acc: 0.2483
Fold 1, Epoch 629, Train Loss: 0.0307, Val Loss: 0.0308, Val Acc: 0.2483
Fold 1, Epoch 630, Train Loss: 0.0311, Val Loss: 0.0307, Val Acc: 0.2483
Fold 1, Epoch 631, Train Loss: 0.0311, Val Loss: 0.0304, Val Acc: 0.2483
Fold 1, Epoch 632, Train Loss: 0.0305, Val Loss: 0.0301, Val Acc: 0.2483
Fold 1, Epoch 633, Train Loss: 0.0307, Val Loss: 0.0303, Val Acc: 0.2483
Fold 1, Epoch 634, Train Loss: 0.0308, Val Loss: 0.0303, Val Acc: 0.2483
Fold 1, Epoch 635, Train Loss: 0.0306, Val Loss: 0.0302, Val Acc: 0.2483
Fold 1, Epoch 636, Train Loss: 0.0305, Val Loss: 0.0307, Val Acc: 0.2483
Fold 1, Epoch 637, Train Loss: 0.0309, Val Loss: 0.0306, Val Acc: 0.2483
Fold 1, Epoch 638, Train Loss: 0.0313, Val Loss: 0.0313, Val Acc: 0.2483
Fold 1, Epoch 639, Train Loss: 0.0317, Val Loss: 0.0306, Val Acc: 0.2483
Fold 1, Epoch 640, Train Loss: 0.0307, Val Loss: 0.0300, Val Acc: 0.2483
Fold 1, Epoch 641, Train Loss: 0.0309, Val Loss: 0.0305, Val Acc: 0.2483
Fold 1, Epoch 642, Train Loss: 0.0310, Val Loss: 0.0305, Val Acc: 0.2483
Fold 1, Epoch 643, Train Loss: 0.0305, Val Loss: 0.0303, Val Acc: 0.2483
Fold 1, Epoch 644, Train Loss: 0.0309, Val Loss: 0.0305, Val Acc: 0.2483
Fold 1, Epoch 645, Train Loss: 0.0308, Val Loss: 0.0305, Val Acc: 0.2483
Fold 1, Epoch 646, Train Loss: 0.0306, Val Loss: 0.0302, Val Acc: 0.2483
Fold 1, Epoch 647, Train Loss: 0.0307, Val Loss: 0.0304, Val Acc: 0.2483
Fold 1, Epoch 648, Train Loss: 0.0307, Val Loss: 0.0302, Val Acc: 0.2483
Fold 1, Epoch 649, Train Loss: 0.0313, Val Loss: 0.0315, Val Acc: 0.2483
Fold 1, Epoch 650, Train Loss: 0.0317, Val Loss: 0.0308, Val Acc: 0.2483
Fold 1, Epoch 651, Train Loss: 0.0311, Val Loss: 0.0301, Val Acc: 0.2483
Fold 1, Epoch 652, Train Loss: 0.0304, Val Loss: 0.0303, Val Acc: 0.2483
Fold 1, Epoch 653, Train Loss: 0.0308, Val Loss: 0.0302, Val Acc: 0.2483
Fold 1, Epoch 654, Train Loss: 0.0314, Val Loss: 0.0305, Val Acc: 0.2483
Fold 1, Epoch 655, Train Loss: 0.0307, Val Loss: 0.0308, Val Acc: 0.2483
Fold 1, Epoch 656, Train Loss: 0.0308, Val Loss: 0.0302, Val Acc: 0.2483
Fold 1, Epoch 657, Train Loss: 0.0308, Val Loss: 0.0306, Val Acc: 0.2483
Fold 1, Epoch 658, Train Loss: 0.0309, Val Loss: 0.0304, Val Acc: 0.2483
Fold 1, Epoch 659, Train Loss: 0.0310, Val Loss: 0.0306, Val Acc: 0.2483
Fold 1, Epoch 660, Train Loss: 0.0314, Val Loss: 0.0309, Val Acc: 0.2483
Fold 1, Epoch 661, Train Loss: 0.0313, Val Loss: 0.0306, Val Acc: 0.2483
Fold 1, Epoch 662, Train Loss: 0.0307, Val Loss: 0.0301, Val Acc: 0.2483
Fold 1, Epoch 663, Train Loss: 0.0309, Val Loss: 0.0314, Val Acc: 0.2483
Fold 1, Epoch 664, Train Loss: 0.0314, Val Loss: 0.0306, Val Acc: 0.2483
Fold 1, Epoch 665, Train Loss: 0.0307, Val Loss: 0.0301, Val Acc: 0.2483
Fold 1, Epoch 666, Train Loss: 0.0309, Val Loss: 0.0303, Val Acc: 0.2483
Fold 1, Epoch 667, Train Loss: 0.0308, Val Loss: 0.0308, Val Acc: 0.2483
Fold 1, Epoch 668, Train Loss: 0.0308, Val Loss: 0.0308, Val Acc: 0.2483
Fold 1, Epoch 669, Train Loss: 0.0314, Val Loss: 0.0303, Val Acc: 0.2483
Fold 1, Epoch 670, Train Loss: 0.0308, Val Loss: 0.0304, Val Acc: 0.2483
Fold 1, Epoch 671, Train Loss: 0.0312, Val Loss: 0.0302, Val Acc: 0.2483
Fold 1, Epoch 672, Train Loss: 0.0308, Val Loss: 0.0306, Val Acc: 0.2483
Fold 1, Epoch 673, Train Loss: 0.0315, Val Loss: 0.0320, Val Acc: 0.2483
Fold 1, Epoch 674, Train Loss: 0.0317, Val Loss: 0.0307, Val Acc: 0.2483
Fold 1, Epoch 675, Train Loss: 0.0310, Val Loss: 0.0301, Val Acc: 0.2483
Fold 1, Epoch 676, Train Loss: 0.0309, Val Loss: 0.0307, Val Acc: 0.2483
Fold 1, Epoch 677, Train Loss: 0.0311, Val Loss: 0.0308, Val Acc: 0.2483
Fold 1, Epoch 678, Train Loss: 0.0308, Val Loss: 0.0301, Val Acc: 0.2483
Fold 1, Epoch 679, Train Loss: 0.0315, Val Loss: 0.0310, Val Acc: 0.2483
Fold 1, Epoch 680, Train Loss: 0.0316, Val Loss: 0.0310, Val Acc: 0.2483
Fold 1, Epoch 681, Train Loss: 0.0307, Val Loss: 0.0302, Val Acc: 0.2483
Fold 1, Epoch 682, Train Loss: 0.0311, Val Loss: 0.0304, Val Acc: 0.2483
Fold 1, Epoch 683, Train Loss: 0.0315, Val Loss: 0.0319, Val Acc: 0.2483
Fold 1, Epoch 684, Train Loss: 0.0313, Val Loss: 0.0307, Val Acc: 0.2483
Fold 1, Epoch 685, Train Loss: 0.0322, Val Loss: 0.0312, Val Acc: 0.2483
Fold 1, Epoch 686, Train Loss: 0.0331, Val Loss: 0.0325, Val Acc: 0.2483
Fold 1, Epoch 687, Train Loss: 0.0323, Val Loss: 0.0303, Val Acc: 0.2483
Fold 1, Epoch 688, Train Loss: 0.0305, Val Loss: 0.0299, Val Acc: 0.2483
Fold 1, Epoch 689, Train Loss: 0.0312, Val Loss: 0.0304, Val Acc: 0.2483
Fold 1, Epoch 690, Train Loss: 0.0307, Val Loss: 0.0308, Val Acc: 0.2483
Fold 1, Epoch 691, Train Loss: 0.0317, Val Loss: 0.0323, Val Acc: 0.2483
Fold 1, Epoch 692, Train Loss: 0.0324, Val Loss: 0.0310, Val Acc: 0.2483
Fold 1, Epoch 693, Train Loss: 0.0308, Val Loss: 0.0303, Val Acc: 0.2483
Fold 1, Epoch 694, Train Loss: 0.0308, Val Loss: 0.0302, Val Acc: 0.2483
Fold 1, Epoch 695, Train Loss: 0.0307, Val Loss: 0.0308, Val Acc: 0.2483
Fold 1, Epoch 696, Train Loss: 0.0305, Val Loss: 0.0302, Val Acc: 0.2483
Fold 1, Epoch 697, Train Loss: 0.0309, Val Loss: 0.0303, Val Acc: 0.2483
Fold 1, Epoch 698, Train Loss: 0.0308, Val Loss: 0.0307, Val Acc: 0.2483
Fold 1, Epoch 699, Train Loss: 0.0308, Val Loss: 0.0303, Val Acc: 0.2483
Fold 1, Epoch 700, Train Loss: 0.0311, Val Loss: 0.0317, Val Acc: 0.2483
Fold 1, Epoch 701, Train Loss: 0.0315, Val Loss: 0.0307, Val Acc: 0.2483
Fold 1, Epoch 702, Train Loss: 0.0308, Val Loss: 0.0303, Val Acc: 0.2483
Fold 1, Epoch 703, Train Loss: 0.0314, Val Loss: 0.0309, Val Acc: 0.2483
Fold 1, Epoch 704, Train Loss: 0.0314, Val Loss: 0.0315, Val Acc: 0.2483
Fold 1, Epoch 705, Train Loss: 0.0314, Val Loss: 0.0303, Val Acc: 0.2483
Fold 1, Epoch 706, Train Loss: 0.0305, Val Loss: 0.0302, Val Acc: 0.2483
Fold 1, Epoch 707, Train Loss: 0.0309, Val Loss: 0.0305, Val Acc: 0.2483
Fold 1, Epoch 708, Train Loss: 0.0306, Val Loss: 0.0304, Val Acc: 0.2483
Fold 1, Epoch 709, Train Loss: 0.0308, Val Loss: 0.0302, Val Acc: 0.2483
Fold 1, Epoch 710, Train Loss: 0.0308, Val Loss: 0.0305, Val Acc: 0.2483
Fold 1, Epoch 711, Train Loss: 0.0310, Val Loss: 0.0304, Val Acc: 0.2483
Fold 1, Epoch 712, Train Loss: 0.0305, Val Loss: 0.0301, Val Acc: 0.2483
Fold 1, Epoch 713, Train Loss: 0.0307, Val Loss: 0.0301, Val Acc: 0.2483
Fold 1, Epoch 714, Train Loss: 0.0307, Val Loss: 0.0303, Val Acc: 0.2483
Fold 1, Epoch 715, Train Loss: 0.0305, Val Loss: 0.0301, Val Acc: 0.2483
Fold 1, Epoch 716, Train Loss: 0.0306, Val Loss: 0.0302, Val Acc: 0.2483
Fold 1, Epoch 717, Train Loss: 0.0309, Val Loss: 0.0307, Val Acc: 0.2483
Fold 1, Epoch 718, Train Loss: 0.0309, Val Loss: 0.0303, Val Acc: 0.2483
Fold 1, Epoch 719, Train Loss: 0.0308, Val Loss: 0.0301, Val Acc: 0.2483
Fold 1, Epoch 720, Train Loss: 0.0307, Val Loss: 0.0304, Val Acc: 0.2483
Fold 1, Epoch 721, Train Loss: 0.0313, Val Loss: 0.0323, Val Acc: 0.2483
Fold 1, Epoch 722, Train Loss: 0.0322, Val Loss: 0.0310, Val Acc: 0.2483
Fold 1, Epoch 723, Train Loss: 0.0311, Val Loss: 0.0305, Val Acc: 0.2483
Fold 1, Epoch 724, Train Loss: 0.0313, Val Loss: 0.0306, Val Acc: 0.2483
Fold 1, Epoch 725, Train Loss: 0.0310, Val Loss: 0.0307, Val Acc: 0.2483
Fold 1, Epoch 726, Train Loss: 0.0312, Val Loss: 0.0302, Val Acc: 0.2483
Fold 1, Epoch 727, Train Loss: 0.0313, Val Loss: 0.0305, Val Acc: 0.2483
Fold 1, Epoch 728, Train Loss: 0.0310, Val Loss: 0.0306, Val Acc: 0.2483
Fold 1, Epoch 729, Train Loss: 0.0309, Val Loss: 0.0302, Val Acc: 0.2483
Fold 1, Epoch 730, Train Loss: 0.0307, Val Loss: 0.0306, Val Acc: 0.2483
Fold 1, Epoch 731, Train Loss: 0.0308, Val Loss: 0.0305, Val Acc: 0.2483
Fold 1, Epoch 732, Train Loss: 0.0307, Val Loss: 0.0304, Val Acc: 0.2483
Fold 1, Epoch 733, Train Loss: 0.0310, Val Loss: 0.0305, Val Acc: 0.2483
Fold 1, Epoch 734, Train Loss: 0.0310, Val Loss: 0.0308, Val Acc: 0.2483
Fold 1, Epoch 735, Train Loss: 0.0308, Val Loss: 0.0300, Val Acc: 0.2483
Fold 1, Epoch 736, Train Loss: 0.0317, Val Loss: 0.0312, Val Acc: 0.2483
Fold 1, Epoch 737, Train Loss: 0.0313, Val Loss: 0.0309, Val Acc: 0.2483
Fold 1, Epoch 738, Train Loss: 0.0307, Val Loss: 0.0301, Val Acc: 0.2483
Fold 1, Epoch 739, Train Loss: 0.0308, Val Loss: 0.0304, Val Acc: 0.2483
Fold 1, Epoch 740, Train Loss: 0.0308, Val Loss: 0.0308, Val Acc: 0.2483
Fold 1, Epoch 741, Train Loss: 0.0307, Val Loss: 0.0301, Val Acc: 0.2483
Fold 1, Epoch 742, Train Loss: 0.0307, Val Loss: 0.0301, Val Acc: 0.2483
Fold 1, Epoch 743, Train Loss: 0.0310, Val Loss: 0.0307, Val Acc: 0.2483
Fold 1, Epoch 744, Train Loss: 0.0308, Val Loss: 0.0305, Val Acc: 0.2483
Fold 1, Epoch 745, Train Loss: 0.0306, Val Loss: 0.0302, Val Acc: 0.2483
Fold 1, Epoch 746, Train Loss: 0.0309, Val Loss: 0.0309, Val Acc: 0.2483
Fold 1, Epoch 747, Train Loss: 0.0313, Val Loss: 0.0308, Val Acc: 0.2483
Fold 1, Epoch 748, Train Loss: 0.0309, Val Loss: 0.0299, Val Acc: 0.2483
Fold 1, Epoch 749, Train Loss: 0.0306, Val Loss: 0.0304, Val Acc: 0.2483
Fold 1, Epoch 750, Train Loss: 0.0309, Val Loss: 0.0304, Val Acc: 0.2483
Fold 1, Epoch 751, Train Loss: 0.0306, Val Loss: 0.0302, Val Acc: 0.2483
Fold 1, Epoch 752, Train Loss: 0.0306, Val Loss: 0.0303, Val Acc: 0.2483
Fold 1, Epoch 753, Train Loss: 0.0307, Val Loss: 0.0308, Val Acc: 0.2483
Fold 1, Epoch 754, Train Loss: 0.0307, Val Loss: 0.0302, Val Acc: 0.2483
Fold 1, Epoch 755, Train Loss: 0.0304, Val Loss: 0.0301, Val Acc: 0.2483
Fold 1, Epoch 756, Train Loss: 0.0305, Val Loss: 0.0302, Val Acc: 0.2483
Fold 1, Epoch 757, Train Loss: 0.0307, Val Loss: 0.0305, Val Acc: 0.2483
Fold 1, Epoch 758, Train Loss: 0.0309, Val Loss: 0.0306, Val Acc: 0.2483
Fold 1, Epoch 759, Train Loss: 0.0315, Val Loss: 0.0304, Val Acc: 0.2483
Fold 1, Epoch 760, Train Loss: 0.0309, Val Loss: 0.0303, Val Acc: 0.2483
Fold 1, Epoch 761, Train Loss: 0.0307, Val Loss: 0.0302, Val Acc: 0.2483
Fold 1, Epoch 762, Train Loss: 0.0306, Val Loss: 0.0302, Val Acc: 0.2483
Fold 1, Epoch 763, Train Loss: 0.0307, Val Loss: 0.0302, Val Acc: 0.2483
Fold 1, Epoch 764, Train Loss: 0.0307, Val Loss: 0.0303, Val Acc: 0.2483
Fold 1, Epoch 765, Train Loss: 0.0306, Val Loss: 0.0311, Val Acc: 0.2483
Fold 1, Epoch 766, Train Loss: 0.0309, Val Loss: 0.0303, Val Acc: 0.2483
Fold 1, Epoch 767, Train Loss: 0.0307, Val Loss: 0.0300, Val Acc: 0.2483
Fold 1, Epoch 768, Train Loss: 0.0306, Val Loss: 0.0304, Val Acc: 0.2483
Fold 1, Epoch 769, Train Loss: 0.0312, Val Loss: 0.0317, Val Acc: 0.2483
Fold 1, Epoch 770, Train Loss: 0.0312, Val Loss: 0.0304, Val Acc: 0.2483
Fold 1, Epoch 771, Train Loss: 0.0305, Val Loss: 0.0301, Val Acc: 0.2483
Fold 1, Epoch 772, Train Loss: 0.0311, Val Loss: 0.0306, Val Acc: 0.2483
Fold 1, Epoch 773, Train Loss: 0.0310, Val Loss: 0.0305, Val Acc: 0.2483
Fold 1, Epoch 774, Train Loss: 0.0306, Val Loss: 0.0300, Val Acc: 0.2483
Fold 1, Epoch 775, Train Loss: 0.0305, Val Loss: 0.0303, Val Acc: 0.2483
Fold 1, Epoch 776, Train Loss: 0.0306, Val Loss: 0.0304, Val Acc: 0.2483
Fold 1, Epoch 777, Train Loss: 0.0307, Val Loss: 0.0302, Val Acc: 0.2483
Fold 1, Epoch 778, Train Loss: 0.0305, Val Loss: 0.0302, Val Acc: 0.2483
Fold 1, Epoch 779, Train Loss: 0.0309, Val Loss: 0.0303, Val Acc: 0.2483
Fold 1, Epoch 780, Train Loss: 0.0308, Val Loss: 0.0305, Val Acc: 0.2483
Fold 1, Epoch 781, Train Loss: 0.0307, Val Loss: 0.0302, Val Acc: 0.2483
Fold 1, Epoch 782, Train Loss: 0.0307, Val Loss: 0.0310, Val Acc: 0.2483
Fold 1, Epoch 783, Train Loss: 0.0308, Val Loss: 0.0302, Val Acc: 0.2483
Fold 1, Epoch 784, Train Loss: 0.0307, Val Loss: 0.0301, Val Acc: 0.2483
Fold 1, Epoch 785, Train Loss: 0.0308, Val Loss: 0.0304, Val Acc: 0.2483
Fold 1, Epoch 786, Train Loss: 0.0306, Val Loss: 0.0303, Val Acc: 0.2483
Fold 1, Epoch 787, Train Loss: 0.0313, Val Loss: 0.0308, Val Acc: 0.2483
Fold 1, Epoch 788, Train Loss: 0.0311, Val Loss: 0.0306, Val Acc: 0.2483
Fold 1, Epoch 789, Train Loss: 0.0305, Val Loss: 0.0301, Val Acc: 0.2483
Fold 1, Epoch 790, Train Loss: 0.0308, Val Loss: 0.0302, Val Acc: 0.2483
Fold 1, Epoch 791, Train Loss: 0.0309, Val Loss: 0.0304, Val Acc: 0.2483
Fold 1, Epoch 792, Train Loss: 0.0306, Val Loss: 0.0302, Val Acc: 0.2483
Fold 1, Epoch 793, Train Loss: 0.0304, Val Loss: 0.0302, Val Acc: 0.2483
Fold 1, Epoch 794, Train Loss: 0.0309, Val Loss: 0.0304, Val Acc: 0.2483
Fold 1, Epoch 795, Train Loss: 0.0306, Val Loss: 0.0303, Val Acc: 0.2483
Fold 1, Epoch 796, Train Loss: 0.0307, Val Loss: 0.0306, Val Acc: 0.2483
Fold 1, Epoch 797, Train Loss: 0.0307, Val Loss: 0.0303, Val Acc: 0.2483
Fold 1, Epoch 798, Train Loss: 0.0309, Val Loss: 0.0306, Val Acc: 0.2483
Fold 1, Epoch 799, Train Loss: 0.0312, Val Loss: 0.0305, Val Acc: 0.2483
Fold 1, Epoch 800, Train Loss: 0.0308, Val Loss: 0.0306, Val Acc: 0.2483
Fold 1, Epoch 801, Train Loss: 0.0308, Val Loss: 0.0299, Val Acc: 0.2483
Fold 1, Epoch 802, Train Loss: 0.0308, Val Loss: 0.0309, Val Acc: 0.2483
Fold 1, Epoch 803, Train Loss: 0.0311, Val Loss: 0.0306, Val Acc: 0.2483
Fold 1, Epoch 804, Train Loss: 0.0307, Val Loss: 0.0304, Val Acc: 0.2483
Fold 1, Epoch 805, Train Loss: 0.0314, Val Loss: 0.0322, Val Acc: 0.2483
Fold 1, Epoch 806, Train Loss: 0.0327, Val Loss: 0.0315, Val Acc: 0.2483
Fold 1, Epoch 807, Train Loss: 0.0309, Val Loss: 0.0308, Val Acc: 0.2483
Fold 1, Epoch 808, Train Loss: 0.0317, Val Loss: 0.0308, Val Acc: 0.2483
Fold 1, Epoch 809, Train Loss: 0.0310, Val Loss: 0.0314, Val Acc: 0.2483
Fold 1, Epoch 810, Train Loss: 0.0310, Val Loss: 0.0304, Val Acc: 0.2483
Fold 1, Epoch 811, Train Loss: 0.0311, Val Loss: 0.0304, Val Acc: 0.2483
Fold 1, Epoch 812, Train Loss: 0.0316, Val Loss: 0.0309, Val Acc: 0.2483
Fold 1, Epoch 813, Train Loss: 0.0310, Val Loss: 0.0303, Val Acc: 0.2483
Fold 1, Epoch 814, Train Loss: 0.0315, Val Loss: 0.0305, Val Acc: 0.2483
