nohup: ignoring input
Using device: NVIDIA GeForce RTX 3090
Using device: NVIDIA GeForce RTX 3090
Using device: NVIDIA GeForce RTX 3090
Using device: NVIDIA GeForce RTX 3090
Rank: 0, World Size: 4, Master Addr: 127.0.0.1, Master Port: 12355
Rank 0 using device: cuda:0
Rank 2 using device: cuda:2
Rank 3 using device: cuda:3
Rank 1 using device: cuda:1
Starting Fold 1
Precision: 0.0000, Recall: 0.0006, F1-Score: 0.0000
Fold 1, Epoch 1, Train Loss: 0.0000, Val Loss: 0.0000, Val Acc: 0.0004
Precision: 0.0000, Recall: 0.0003, F1-Score: 0.0000
Fold 1, Epoch 2, Train Loss: 0.0000, Val Loss: 0.0000, Val Acc: 0.0003
Precision: 0.9864, Recall: 0.9932, F1-Score: 0.9897
Fold 1, Epoch 3, Train Loss: 0.0000, Val Loss: 0.0000, Val Acc: 0.9932
Completed Fold 1
Starting Fold 2
Precision: 0.0000, Recall: 0.0004, F1-Score: 0.0000
Fold 2, Epoch 1, Train Loss: 0.0000, Val Loss: 0.0000, Val Acc: 0.0004
Precision: 0.0000, Recall: 0.0004, F1-Score: 0.0000
Fold 2, Epoch 2, Train Loss: 0.0000, Val Loss: 0.0000, Val Acc: 0.0004
Precision: 0.9864, Recall: 0.9932, F1-Score: 0.9897
Fold 2, Epoch 3, Train Loss: 0.0000, Val Loss: 0.0000, Val Acc: 0.9932
Completed Fold 2
Starting Fold 3
Precision: 0.9864, Recall: 0.9932, F1-Score: 0.9897
Fold 3, Epoch 1, Train Loss: 0.0000, Val Loss: 0.0000, Val Acc: 0.9932
Precision: 0.0000, Recall: 0.0005, F1-Score: 0.0000
Fold 3, Epoch 2, Train Loss: 0.0000, Val Loss: 0.0000, Val Acc: 0.0004
Precision: 0.0000, Recall: 0.0005, F1-Score: 0.0000
Fold 3, Epoch 3, Train Loss: 0.0000, Val Loss: 0.0000, Val Acc: 0.0004
Completed Fold 3
Starting Fold 4
Precision: 0.0000, Recall: 0.0007, F1-Score: 0.0000
Fold 4, Epoch 1, Train Loss: 0.0000, Val Loss: 0.0000, Val Acc: 0.0005
Precision: 0.0000, Recall: 0.0004, F1-Score: 0.0000
Fold 4, Epoch 2, Train Loss: 0.0000, Val Loss: 0.0000, Val Acc: 0.0003
Precision: 0.0000, Recall: 0.0003, F1-Score: 0.0000
Fold 4, Epoch 3, Train Loss: 0.0000, Val Loss: 0.0000, Val Acc: 0.0004
Completed Fold 4
Starting Fold 5
Precision: 0.0000, Recall: 0.0003, F1-Score: 0.0000
Fold 5, Epoch 1, Train Loss: 0.0000, Val Loss: 0.0000, Val Acc: 0.0003
Precision: 0.0000, Recall: 0.0005, F1-Score: 0.0000
Fold 5, Epoch 2, Train Loss: 0.0000, Val Loss: 0.0000, Val Acc: 0.0004
Precision: 0.0000, Recall: 0.0003, F1-Score: 0.0000
Fold 5, Epoch 3, Train Loss: 0.0000, Val Loss: 0.0000, Val Acc: 0.0005
Completed Fold 5
Starting final training on all data...
Test Loss: 0.0000, Test Accuracy: 0.9932
Precision: 0.9864, Recall: 0.9932, F1-Score: 0.9897
