nohup: ignoring input
Using device: NVIDIA GeForce RTX 3090
Using device: NVIDIA GeForce RTX 3090
Using device: NVIDIA GeForce RTX 3090
Using device: NVIDIA GeForce RTX 3090
Rank: 0, World Size: 4, Master Addr: 127.0.0.1, Master Port: 12355
Rank 0 using device: cuda:0
Rank 3 using device: cuda:3
Rank 1 using device: cuda:1Rank 2 using device: cuda:2

Starting Fold 1
Precision: 0.9875, Recall: 0.9931, F1-Score: 0.9903
Fold 1, Epoch 1, Train Loss: 2.6530, Val Loss: 2.6405, Val Acc: 0.9932
Completed Fold 1
Starting Fold 2
Precision: 0.9916, Recall: 0.5460, F1-Score: 0.7041
Fold 2, Epoch 1, Train Loss: 2.6167, Val Loss: 2.5746, Val Acc: 0.5494
Completed Fold 2
Starting Fold 3
Precision: 0.9928, Recall: 0.1538, F1-Score: 0.2657
Fold 3, Epoch 1, Train Loss: 2.6897, Val Loss: 2.6224, Val Acc: 0.1532
Completed Fold 3
Starting Fold 4
Precision: 0.9922, Recall: 0.7306, F1-Score: 0.8413
Fold 4, Epoch 1, Train Loss: 2.6288, Val Loss: 2.5822, Val Acc: 0.7403
Completed Fold 4
Starting Fold 5
Precision: 0.9915, Recall: 0.9869, F1-Score: 0.9891
Fold 5, Epoch 1, Train Loss: 2.5981, Val Loss: 2.5657, Val Acc: 0.9880
Completed Fold 5
Starting final training on all data...
Evaluating and Visualizing on Test Data
Test data predictions saved for all test samples in: /home/nishioka/GNN/Predict_data/Predict19Class4x4_Test20241104_150535
Traceback (most recent call last):
  File "/home/nishioka/GNN/DDP/DDPGAT19class4x4_2_focal_loss.py", line 826, in <module>
    main(args)
  File "/home/nishioka/GNN/DDP/DDPGAT19class4x4_2_focal_loss.py", line 759, in main
    evaluate_and_visualize(final_test_loader, ddp_model, device, class_weights, test_pairs=test_pairs)
  File "/home/nishioka/GNN/DDP/DDPGAT19class4x4_2_focal_loss.py", line 203, in evaluate_and_visualize
    f.write(f"POINTS {len(x)} float\n")
                          ^
UnboundLocalError: cannot access local variable 'x' where it is not associated with a value
[2024-11-04 15:06:41,005] torch.distributed.elastic.multiprocessing.api: [ERROR] failed (exitcode: 1) local_rank: 0 (pid: 4079033) of binary: /home/nishioka/miniconda3/envs/interstage_gnn_first/bin/python
Traceback (most recent call last):
  File "/home/nishioka/miniconda3/envs/interstage_gnn_first/bin/torchrun", line 33, in <module>
    sys.exit(load_entry_point('torch==2.2.2', 'console_scripts', 'torchrun')())
             ^^^^^^^^^^^^^^^^^^^^^^^^^^^^^^^^^^^^^^^^^^^^^^^^^^^^^^^^^^^^^^^^^
  File "/home/nishioka/miniconda3/envs/interstage_gnn_first/lib/python3.12/site-packages/torch/distributed/elastic/multiprocessing/errors/__init__.py", line 347, in wrapper
    return f(*args, **kwargs)
           ^^^^^^^^^^^^^^^^^^
  File "/home/nishioka/miniconda3/envs/interstage_gnn_first/lib/python3.12/site-packages/torch/distributed/run.py", line 812, in main
    run(args)
  File "/home/nishioka/miniconda3/envs/interstage_gnn_first/lib/python3.12/site-packages/torch/distributed/run.py", line 803, in run
    elastic_launch(
  File "/home/nishioka/miniconda3/envs/interstage_gnn_first/lib/python3.12/site-packages/torch/distributed/launcher/api.py", line 135, in __call__
    return launch_agent(self._config, self._entrypoint, list(args))
           ^^^^^^^^^^^^^^^^^^^^^^^^^^^^^^^^^^^^^^^^^^^^^^^^^^^^^^^^
  File "/home/nishioka/miniconda3/envs/interstage_gnn_first/lib/python3.12/site-packages/torch/distributed/launcher/api.py", line 268, in launch_agent
    raise ChildFailedError(
torch.distributed.elastic.multiprocessing.errors.ChildFailedError: 
============================================================
DDPGAT19class4x4_2_focal_loss.py FAILED
------------------------------------------------------------
Failures:
  <NO_OTHER_FAILURES>
------------------------------------------------------------
Root Cause (first observed failure):
[0]:
  time      : 2024-11-04_15:06:41
  host      : stuttgart01
  rank      : 0 (local_rank: 0)
  exitcode  : 1 (pid: 4079033)
  error_file: <N/A>
  traceback : To enable traceback see: https://pytorch.org/docs/stable/elastic/errors.html
============================================================
