nohup: ignoring input
Using device: NVIDIA GeForce RTX 3090
Using device: NVIDIA GeForce RTX 3090
Using device: NVIDIA GeForce RTX 3090
Using device: NVIDIA GeForce RTX 3090
Rank 0 using device: cuda:0
Rank 2 using device: cuda:2
Rank 3 using device: cuda:3
Rank 1 using device: cuda:1
Total valid pairs: 1620
Total valid pairs: 1620
Total valid pairs: 1620
Total valid pairs: 1620
Starting Fold 1
out dtype: torch.float32, out shape: torch.Size([233856, 19])
y dtype: torch.int64, y shape: torch.Size([233856])
Unique labels in y: tensor([ 0,  1,  2,  3,  4,  5,  6,  7,  8,  9, 10, 11, 12, 13, 14, 15, 16, 17,
        18], device='cuda:0')
out dtype: torch.float32, out shape: torch.Size([233856, 19])
y dtype: torch.int64, y shape: torch.Size([233856])
Unique labels in y: tensor([ 0,  1,  2,  3,  4,  5,  6,  7,  8,  9, 10, 11, 12, 14, 15, 16, 17, 18],
       device='cuda:0')
out dtype: torch.float32, out shape: torch.Size([233856, 19])
y dtype: torch.int64, y shape: torch.Size([233856])
Unique labels in y: tensor([ 0,  1,  2,  3,  4,  5,  6,  7,  8,  9, 10, 11, 13, 14, 15, 16, 17, 18],
       device='cuda:0')
out dtype: torch.float32, out shape: torch.Size([233856, 19])
y dtype: torch.int64, y shape: torch.Size([233856])
Unique labels in y: tensor([ 0,  1,  2,  3,  4,  5,  6,  7,  8,  9, 10, 11, 12, 13, 14, 15, 16, 17,
        18], device='cuda:0')
out dtype: torch.float32, out shape: torch.Size([233856, 19])
y dtype: torch.int64, y shape: torch.Size([233856])
Unique labels in y: tensor([ 0,  1,  2,  3,  4,  5,  6,  7,  8,  9, 10, 11, 12, 13, 14, 15, 16, 17,
        18], device='cuda:0')
out dtype: torch.float32, out shape: torch.Size([14616, 19])
y dtype: torch.int64, y shape: torch.Size([14616])
Unique labels in y: tensor([ 0,  8, 10, 13, 15], device='cuda:0')
Precision: 0.9864, Recall: 0.9932, F1-Score: 0.9897
Fold 1, Epoch 1, Train Loss: 2.7348, Val Loss: 2.6084, Val Acc: 0.2483
Completed Fold 1
Starting Fold 2
out dtype: torch.float32, out shape: torch.Size([233856, 19])
y dtype: torch.int64, y shape: torch.Size([233856])
Unique labels in y: tensor([ 0,  1,  2,  3,  4,  5,  6,  7,  8,  9, 10, 11, 12, 13, 14, 15, 16, 17,
        18], device='cuda:0')
out dtype: torch.float32, out shape: torch.Size([233856, 19])
y dtype: torch.int64, y shape: torch.Size([233856])
Unique labels in y: tensor([ 0,  1,  2,  3,  4,  5,  6,  7,  8,  9, 11, 12, 13, 14, 15, 16, 17, 18],
       device='cuda:0')
out dtype: torch.float32, out shape: torch.Size([233856, 19])
y dtype: torch.int64, y shape: torch.Size([233856])
Unique labels in y: tensor([ 0,  1,  2,  3,  4,  5,  6,  7,  8,  9, 10, 11, 12, 13, 14, 15, 16, 17,
        18], device='cuda:0')
out dtype: torch.float32, out shape: torch.Size([233856, 19])
y dtype: torch.int64, y shape: torch.Size([233856])
Unique labels in y: tensor([ 0,  1,  2,  3,  4,  5,  6,  7,  8,  9, 10, 11, 12, 13, 14, 15, 17, 18],
       device='cuda:0')
out dtype: torch.float32, out shape: torch.Size([233856, 19])
y dtype: torch.int64, y shape: torch.Size([233856])
Unique labels in y: tensor([ 0,  1,  2,  3,  4,  5,  6,  8,  9, 11, 12, 13, 14, 15, 16, 17, 18],
       device='cuda:0')
out dtype: torch.float32, out shape: torch.Size([14616, 19])
y dtype: torch.int64, y shape: torch.Size([14616])
Unique labels in y: tensor([ 0,  2,  7, 16], device='cuda:0')
Precision: 0.9864, Recall: 0.9932, F1-Score: 0.9897
Fold 2, Epoch 1, Train Loss: 2.4738, Val Loss: 2.2743, Val Acc: 0.2483
Completed Fold 2
Starting Fold 3
out dtype: torch.float32, out shape: torch.Size([233856, 19])
y dtype: torch.int64, y shape: torch.Size([233856])
Unique labels in y: tensor([ 0,  1,  2,  3,  4,  5,  6,  7,  8,  9, 10, 11, 12, 13, 14, 15, 16, 17,
        18], device='cuda:0')
out dtype: torch.float32, out shape: torch.Size([233856, 19])
y dtype: torch.int64, y shape: torch.Size([233856])
Unique labels in y: tensor([ 0,  1,  2,  3,  4,  5,  6,  7,  8,  9, 10, 11, 12, 13, 14, 15, 16, 17,
        18], device='cuda:0')
out dtype: torch.float32, out shape: torch.Size([233856, 19])
y dtype: torch.int64, y shape: torch.Size([233856])
Unique labels in y: tensor([ 0,  1,  2,  4,  5,  6,  7,  8,  9, 10, 11, 12, 13, 14, 15, 16, 17, 18],
       device='cuda:0')
out dtype: torch.float32, out shape: torch.Size([233856, 19])
y dtype: torch.int64, y shape: torch.Size([233856])
Unique labels in y: tensor([ 0,  1,  2,  3,  4,  5,  6,  7,  8,  9, 10, 11, 13, 14, 15, 16, 17, 18],
       device='cuda:0')
out dtype: torch.float32, out shape: torch.Size([233856, 19])
y dtype: torch.int64, y shape: torch.Size([233856])
Unique labels in y: tensor([ 0,  1,  2,  3,  4,  5,  6,  7,  8,  9, 10, 11, 12, 13, 14, 15, 16, 17,
        18], device='cuda:0')
out dtype: torch.float32, out shape: torch.Size([14616, 19])
y dtype: torch.int64, y shape: torch.Size([14616])
Unique labels in y: tensor([ 0,  1,  4,  6, 10], device='cuda:0')
Precision: 0.9864, Recall: 0.9932, F1-Score: 0.9897
Fold 3, Epoch 1, Train Loss: 2.0601, Val Loss: 1.7436, Val Acc: 0.2483
Completed Fold 3
Starting Fold 4
out dtype: torch.float32, out shape: torch.Size([233856, 19])
y dtype: torch.int64, y shape: torch.Size([233856])
Unique labels in y: tensor([ 0,  1,  2,  3,  4,  5,  6,  7,  8,  9, 10, 11, 12, 13, 14, 15, 16, 17,
        18], device='cuda:0')
out dtype: torch.float32, out shape: torch.Size([233856, 19])
y dtype: torch.int64, y shape: torch.Size([233856])
Unique labels in y: tensor([ 0,  1,  2,  3,  4,  5,  6,  7,  8,  9, 10, 11, 12, 13, 14, 15, 16, 17,
        18], device='cuda:0')
out dtype: torch.float32, out shape: torch.Size([233856, 19])
y dtype: torch.int64, y shape: torch.Size([233856])
Unique labels in y: tensor([ 0,  1,  2,  3,  4,  5,  6,  7,  8,  9, 10, 11, 12, 14, 15, 16, 17, 18],
       device='cuda:0')
out dtype: torch.float32, out shape: torch.Size([233856, 19])
y dtype: torch.int64, y shape: torch.Size([233856])
Unique labels in y: tensor([ 0,  1,  2,  3,  4,  5,  6,  7,  8,  9, 10, 11, 12, 13, 14, 15, 16, 17,
        18], device='cuda:0')
out dtype: torch.float32, out shape: torch.Size([233856, 19])
y dtype: torch.int64, y shape: torch.Size([233856])
Unique labels in y: tensor([ 0,  1,  2,  3,  4,  5,  6,  7,  8,  9, 10, 11, 12, 13, 14, 15, 16, 17,
        18], device='cuda:0')
out dtype: torch.float32, out shape: torch.Size([14616, 19])
y dtype: torch.int64, y shape: torch.Size([14616])
Unique labels in y: tensor([ 0,  5,  9, 11, 16], device='cuda:0')
Precision: 0.9864, Recall: 0.9932, F1-Score: 0.9897
Fold 4, Epoch 1, Train Loss: 1.4423, Val Loss: 1.0187, Val Acc: 0.2483
Completed Fold 4
Starting Fold 5
out dtype: torch.float32, out shape: torch.Size([233856, 19])
y dtype: torch.int64, y shape: torch.Size([233856])
Unique labels in y: tensor([ 0,  1,  2,  3,  4,  5,  7,  8,  9, 10, 11, 12, 13, 14, 15, 16, 17, 18],
       device='cuda:0')
out dtype: torch.float32, out shape: torch.Size([233856, 19])
y dtype: torch.int64, y shape: torch.Size([233856])
Unique labels in y: tensor([ 0,  1,  2,  3,  4,  5,  7,  8,  9, 10, 11, 12, 13, 14, 15, 16, 17, 18],
       device='cuda:0')
out dtype: torch.float32, out shape: torch.Size([233856, 19])
y dtype: torch.int64, y shape: torch.Size([233856])
Unique labels in y: tensor([ 0,  1,  2,  3,  4,  5,  6,  7,  8,  9, 10, 11, 12, 13, 14, 15, 16, 17,
        18], device='cuda:0')
out dtype: torch.float32, out shape: torch.Size([233856, 19])
y dtype: torch.int64, y shape: torch.Size([233856])
Unique labels in y: tensor([ 0,  1,  2,  3,  4,  5,  6,  7,  8,  9, 10, 11, 12, 13, 14, 15, 16, 17,
        18], device='cuda:0')
out dtype: torch.float32, out shape: torch.Size([233856, 19])
y dtype: torch.int64, y shape: torch.Size([233856])
Unique labels in y: tensor([ 0,  1,  2,  3,  4,  5,  6,  7,  8,  9, 10, 11, 12, 13, 14, 15, 16, 17,
        18], device='cuda:0')
out dtype: torch.float32, out shape: torch.Size([14616, 19])
y dtype: torch.int64, y shape: torch.Size([14616])
Unique labels in y: tensor([ 0,  7, 11, 15, 18], device='cuda:0')
Precision: 0.9864, Recall: 0.9932, F1-Score: 0.9897
Fold 5, Epoch 1, Train Loss: 0.7236, Val Loss: 0.3781, Val Acc: 0.2483
Completed Fold 5
Starting final training on all data...
Test Loss: 2.6095, Test Accuracy: 0.9932

Classification Report:
               precision    recall  f1-score   support

           0       0.99      1.00      1.00   1175796
           1       0.00      0.00      0.00       475
           2       0.00      0.00      0.00       475
           3       0.00      0.00      0.00       575
           4       0.00      0.00      0.00       500
           5       0.00      0.00      0.00       400
           6       0.00      0.00      0.00       400
           7       0.00      0.00      0.00       250
           8       0.00      0.00      0.00       575
           9       0.00      0.00      0.00       475
          10       0.00      0.00      0.00       625
          11       0.00      0.00      0.00       325
          12       0.00      0.00      0.00       400
          13       0.00      0.00      0.00       600
          14       0.00      0.00      0.00       500
          15       0.00      0.00      0.00       225
          16       0.00      0.00      0.00       425
          17       0.00      0.00      0.00       350
          18       0.00      0.00      0.00       525

    accuracy                           0.99   1183896
   macro avg       0.05      0.05      0.05   1183896
weighted avg       0.99      0.99      0.99   1183896

Test Loss: 2.6095, Test Accuracy: 0.9932
Precision: 0.9864, Recall: 0.9932, F1-Score: 0.9897
