nohup: ignoring input
Using device: NVIDIA GeForce RTX 3090
Using device: NVIDIA GeForce RTX 3090
Using device: NVIDIA GeForce RTX 3090
Using device: NVIDIA GeForce RTX 3090
Rank: 0, World Size: 4, Master Addr: 127.0.0.1, Master Port: 12355
Rank 0 using device: cuda:0
Rank 3 using device: cuda:3
Rank 1 using device: cuda:1
Rank 2 using device: cuda:2
Starting Fold 1
Class weights: [2.11825747e-05 5.61270683e-02 5.61270683e-02 5.94779380e-02
 5.69288835e-02 5.38516466e-02 5.38516466e-02 4.98127731e-02
 5.94779380e-02 5.61270683e-02 6.13080284e-02 5.17535305e-02
 5.38516466e-02 6.03791189e-02 5.69288835e-02 4.91978006e-02
 5.45893404e-02 5.24344980e-02 5.77539398e-02]
Class weights: [2.11825747e-05 5.61270683e-02 5.61270683e-02 5.94779380e-02
 5.69288835e-02 5.38516466e-02 5.38516466e-02 4.98127731e-02
 5.94779380e-02 5.61270683e-02 6.13080284e-02 5.17535305e-02
 5.38516466e-02 6.03791189e-02 5.69288835e-02 4.91978006e-02
 5.45893404e-02 5.24344980e-02 5.77539398e-02]
Class weights: [2.11825747e-05 5.61270683e-02 5.61270683e-02 5.94779380e-02
 5.69288835e-02 5.38516466e-02 5.38516466e-02 4.98127731e-02
 5.94779380e-02 5.61270683e-02 6.13080284e-02 5.17535305e-02
 5.38516466e-02 6.03791189e-02 5.69288835e-02 4.91978006e-02
 5.45893404e-02 5.24344980e-02 5.77539398e-02]
Class weights: [2.11825747e-05 5.61270683e-02 5.61270683e-02 5.94779380e-02
 5.69288835e-02 5.38516466e-02 5.38516466e-02 4.98127731e-02
 5.94779380e-02 5.61270683e-02 6.13080284e-02 5.17535305e-02
 5.38516466e-02 6.03791189e-02 5.69288835e-02 4.91978006e-02
 5.45893404e-02 5.24344980e-02 5.77539398e-02]
Class weights: [1.96882259e-05 4.87354469e-02 4.87354469e-02 4.02597170e-02
 4.62986745e-02 5.78733431e-02 5.78733431e-02 9.25973490e-02
 4.02597170e-02 4.87354469e-02 3.70389396e-02 7.12287300e-02
 5.78733431e-02 3.85822288e-02 4.62986745e-02 1.02885943e-01
 5.44690288e-02 6.61409636e-02 4.40939757e-02]
Class weights: [1.96882259e-05 4.87354469e-02 4.87354469e-02 4.02597170e-02
 4.62986745e-02 5.78733431e-02 5.78733431e-02 9.25973490e-02
 4.02597170e-02 4.87354469e-02 3.70389396e-02 7.12287300e-02
 5.78733431e-02 3.85822288e-02 4.62986745e-02 1.02885943e-01
 5.44690288e-02 6.61409636e-02 4.40939757e-02]
Class weights: [1.96882259e-05 4.87354469e-02 4.87354469e-02 4.02597170e-02
 4.62986745e-02 5.78733431e-02 5.78733431e-02 9.25973490e-02
 4.02597170e-02 4.87354469e-02 3.70389396e-02 7.12287300e-02
 5.78733431e-02 3.85822288e-02 4.62986745e-02 1.02885943e-01
 5.44690288e-02 6.61409636e-02 4.40939757e-02]
Class weights: [1.96882259e-05 4.87354469e-02 4.87354469e-02 4.02597170e-02
 4.62986745e-02 5.78733431e-02 5.78733431e-02 9.25973490e-02
 4.02597170e-02 4.87354469e-02 3.70389396e-02 7.12287300e-02
 5.78733431e-02 3.85822288e-02 4.62986745e-02 1.02885943e-01
 5.44690288e-02 6.61409636e-02 4.40939757e-02]
Precision: 0.0000, Recall: 0.0007, F1-Score: 0.0000
Fold 1, Epoch 1, Train Loss: 0.0011, Val Loss: 0.0011, Val Acc: 0.0006
Precision: 0.0000, Recall: 0.0004, F1-Score: 0.0000
Fold 1, Epoch 2, Train Loss: 0.0011, Val Loss: 0.0011, Val Acc: 0.0005
Precision: 0.0000, Recall: 0.0004, F1-Score: 0.0000
Fold 1, Epoch 3, Train Loss: 0.0011, Val Loss: 0.0011, Val Acc: 0.0005
Precision: 0.0000, Recall: 0.0004, F1-Score: 0.0000
Fold 1, Epoch 4, Train Loss: 0.0011, Val Loss: 0.0011, Val Acc: 0.0005
Precision: 0.0000, Recall: 0.0004, F1-Score: 0.0000
Fold 1, Epoch 5, Train Loss: 0.0011, Val Loss: 0.0011, Val Acc: 0.0005
Precision: 0.0000, Recall: 0.0003, F1-Score: 0.0000
Fold 1, Epoch 6, Train Loss: 0.0011, Val Loss: 0.0011, Val Acc: 0.0003
Precision: 0.0000, Recall: 0.0003, F1-Score: 0.0000
Fold 1, Epoch 7, Train Loss: 0.0011, Val Loss: 0.0011, Val Acc: 0.0003
Precision: 0.0000, Recall: 0.0006, F1-Score: 0.0000
Fold 1, Epoch 8, Train Loss: 0.0011, Val Loss: 0.0011, Val Acc: 0.0005
Precision: 0.0000, Recall: 0.0005, F1-Score: 0.0000
Fold 1, Epoch 9, Train Loss: 0.0011, Val Loss: 0.0011, Val Acc: 0.0003

--- Epoch 10 ---
--- Epoch 10 ---
--- Epoch 10 ---



--- Epoch 10 ---
Class Weights: [2.1182575e-05 5.6127068e-02 5.6127068e-02 5.9477936e-02 5.6928884e-02
 5.3851645e-02 5.3851645e-02 4.9812771e-02 5.9477936e-02 5.6127068e-02
 6.1308030e-02 5.1753532e-02 5.3851645e-02 6.0379118e-02 5.6928884e-02
 4.9197800e-02 5.4589339e-02 5.2434497e-02 5.7753939e-02]Class Weights: [2.1182575e-05 5.6127068e-02 5.6127068e-02 5.9477936e-02 5.6928884e-02
 5.3851645e-02 5.3851645e-02 4.9812771e-02 5.9477936e-02 5.6127068e-02
 6.1308030e-02 5.1753532e-02 5.3851645e-02 6.0379118e-02 5.6928884e-02
 4.9197800e-02 5.4589339e-02 5.2434497e-02 5.7753939e-02]Class Weights: [2.1182575e-05 5.6127068e-02 5.6127068e-02 5.9477936e-02 5.6928884e-02
 5.3851645e-02 5.3851645e-02 4.9812771e-02 5.9477936e-02 5.6127068e-02
 6.1308030e-02 5.1753532e-02 5.3851645e-02 6.0379118e-02 5.6928884e-02
 4.9197800e-02 5.4589339e-02 5.2434497e-02 5.7753939e-02]


Learning Rate: 0.005Class Weights: [2.1182575e-05 5.6127068e-02 5.6127068e-02 5.9477936e-02 5.6928884e-02
 5.3851645e-02 5.3851645e-02 4.9812771e-02 5.9477936e-02 5.6127068e-02
 6.1308030e-02 5.1753532e-02 5.3851645e-02 6.0379118e-02 5.6928884e-02
 4.9197800e-02 5.4589339e-02 5.2434497e-02 5.7753939e-02]Learning Rate: 0.005Learning Rate: 0.005



Learning Rate: 0.005
Train Loss: 0.0011, Val Loss: 0.0011Train Loss: 0.0011, Val Loss: 0.0011Train Loss: 0.0011, Val Loss: 0.0011

Train Loss: 0.0011, Val Loss: 0.0011

Per-Class Precision: [0.        0.        0.        0.        0.        0.        0.
 0.        0.        0.        0.        0.0005068 0.        0.
 0.        0.        0.        0.        0.       ]
Per-Class Recall: [0. 0. 0. 0. 0. 0. 0. 0. 0. 0. 0. 1. 0. 0. 0. 0. 0. 0. 0.]
Per-Class F1-Score: [0.         0.         0.         0.         0.         0.
 0.         0.         0.         0.         0.         0.00101309
 0.         0.         0.         0.         0.         0.
 0.        ]
Support per Class: [293949    100    150    150    100    100    100     75    100     75
    125    150    125    175     75    100    175     75     75]
Weighted Precision: 0.0000, Weighted Recall: 0.0005, Weighted F1-Score: 0.0000
Precision: 0.0000, Recall: 0.0005, F1-Score: 0.0000
Fold 1, Epoch 10, Train Loss: 0.0011, Val Loss: 0.0011, Val Acc: 0.0003
Precision: 0.0000, Recall: 0.0005, F1-Score: 0.0000
Fold 1, Epoch 11, Train Loss: 0.0011, Val Loss: 0.0011, Val Acc: 0.0003
Precision: 0.0000, Recall: 0.0005, F1-Score: 0.0000
Fold 1, Epoch 12, Train Loss: 0.0011, Val Loss: 0.0011, Val Acc: 0.0005
Precision: 0.0000, Recall: 0.0005, F1-Score: 0.0000
Fold 1, Epoch 13, Train Loss: 0.0011, Val Loss: 0.0011, Val Acc: 0.0005
Precision: 0.0000, Recall: 0.0003, F1-Score: 0.0000
Fold 1, Epoch 14, Train Loss: 0.0011, Val Loss: 0.0011, Val Acc: 0.0005
Precision: 0.0000, Recall: 0.0003, F1-Score: 0.0000
Fold 1, Epoch 15, Train Loss: 0.0011, Val Loss: 0.0011, Val Acc: 0.0002
Precision: 0.0000, Recall: 0.0003, F1-Score: 0.0000
Fold 1, Epoch 16, Train Loss: 0.0011, Val Loss: 0.0011, Val Acc: 0.0004
Precision: 0.0000, Recall: 0.0003, F1-Score: 0.0000
Fold 1, Epoch 17, Train Loss: 0.0011, Val Loss: 0.0011, Val Acc: 0.0003
Precision: 0.0000, Recall: 0.0003, F1-Score: 0.0000
Fold 1, Epoch 18, Train Loss: 0.0011, Val Loss: 0.0011, Val Acc: 0.0003
Precision: 0.0000, Recall: 0.0005, F1-Score: 0.0000
Fold 1, Epoch 19, Train Loss: 0.0011, Val Loss: 0.0011, Val Acc: 0.0003

--- Epoch 20 ---
--- Epoch 20 ---
--- Epoch 20 ---



--- Epoch 20 ---
Class Weights: [2.1182575e-05 5.6127068e-02 5.6127068e-02 5.9477936e-02 5.6928884e-02
 5.3851645e-02 5.3851645e-02 4.9812771e-02 5.9477936e-02 5.6127068e-02
 6.1308030e-02 5.1753532e-02 5.3851645e-02 6.0379118e-02 5.6928884e-02
 4.9197800e-02 5.4589339e-02 5.2434497e-02 5.7753939e-02]Class Weights: [2.1182575e-05 5.6127068e-02 5.6127068e-02 5.9477936e-02 5.6928884e-02
 5.3851645e-02 5.3851645e-02 4.9812771e-02 5.9477936e-02 5.6127068e-02
 6.1308030e-02 5.1753532e-02 5.3851645e-02 6.0379118e-02 5.6928884e-02
 4.9197800e-02 5.4589339e-02 5.2434497e-02 5.7753939e-02]Class Weights: [2.1182575e-05 5.6127068e-02 5.6127068e-02 5.9477936e-02 5.6928884e-02
 5.3851645e-02 5.3851645e-02 4.9812771e-02 5.9477936e-02 5.6127068e-02
 6.1308030e-02 5.1753532e-02 5.3851645e-02 6.0379118e-02 5.6928884e-02
 4.9197800e-02 5.4589339e-02 5.2434497e-02 5.7753939e-02]

Class Weights: [2.1182575e-05 5.6127068e-02 5.6127068e-02 5.9477936e-02 5.6928884e-02
 5.3851645e-02 5.3851645e-02 4.9812771e-02 5.9477936e-02 5.6127068e-02
 6.1308030e-02 5.1753532e-02 5.3851645e-02 6.0379118e-02 5.6928884e-02
 4.9197800e-02 5.4589339e-02 5.2434497e-02 5.7753939e-02]
Learning Rate: 0.005
Learning Rate: 0.005
Learning Rate: 0.005
Learning Rate: 0.005

Train Loss: 0.0011, Val Loss: 0.0011
Train Loss: 0.0011, Val Loss: 0.0011Train Loss: 0.0011, Val Loss: 0.0011Train Loss: 0.0011, Val Loss: 0.0011


Per-Class Precision: [0.        0.        0.        0.        0.        0.        0.
 0.        0.        0.        0.        0.        0.        0.
 0.        0.        0.        0.        0.0002534]
Per-Class Recall: [0. 0. 0. 0. 0. 0. 0. 0. 0. 0. 0. 0. 0. 0. 0. 0. 0. 0. 1.]
Per-Class F1-Score: [0.         0.         0.         0.         0.         0.
 0.         0.         0.         0.         0.         0.
 0.         0.         0.         0.         0.         0.
 0.00050667]
Support per Class: [293949    100    150    150    100    100    100     75    100     75
    125    150    125    175     75    100    175     75     75]
Weighted Precision: 0.0000, Weighted Recall: 0.0003, Weighted F1-Score: 0.0000
Precision: 0.0000, Recall: 0.0003, F1-Score: 0.0000
Fold 1, Epoch 20, Train Loss: 0.0011, Val Loss: 0.0011, Val Acc: 0.0004
Precision: 0.0000, Recall: 0.0003, F1-Score: 0.0000
Fold 1, Epoch 21, Train Loss: 0.0011, Val Loss: 0.0011, Val Acc: 0.0002
Precision: 0.0000, Recall: 0.0003, F1-Score: 0.0000
Fold 1, Epoch 22, Train Loss: 0.0011, Val Loss: 0.0011, Val Acc: 0.0002
Precision: 0.0000, Recall: 0.0003, F1-Score: 0.0000
Fold 1, Epoch 23, Train Loss: 0.0011, Val Loss: 0.0011, Val Acc: 0.0004
Precision: 0.0000, Recall: 0.0004, F1-Score: 0.0000
Fold 1, Epoch 24, Train Loss: 0.0011, Val Loss: 0.0011, Val Acc: 0.0003
Precision: 0.0000, Recall: 0.0006, F1-Score: 0.0000
Fold 1, Epoch 25, Train Loss: 0.0011, Val Loss: 0.0011, Val Acc: 0.0005
Precision: 0.0000, Recall: 0.0006, F1-Score: 0.0000
Fold 1, Epoch 26, Train Loss: 0.0011, Val Loss: 0.0011, Val Acc: 0.0005
Precision: 0.0000, Recall: 0.0005, F1-Score: 0.0000
Fold 1, Epoch 27, Train Loss: 0.0011, Val Loss: 0.0011, Val Acc: 0.0003
Precision: 0.0000, Recall: 0.0003, F1-Score: 0.0000
Fold 1, Epoch 28, Train Loss: 0.0011, Val Loss: 0.0011, Val Acc: 0.0002
Precision: 0.0000, Recall: 0.0003, F1-Score: 0.0000
Fold 1, Epoch 29, Train Loss: 0.0011, Val Loss: 0.0011, Val Acc: 0.0004

--- Epoch 30 ---
--- Epoch 30 ---

--- Epoch 30 ---


--- Epoch 30 ---
Class Weights: [2.1182575e-05 5.6127068e-02 5.6127068e-02 5.9477936e-02 5.6928884e-02
 5.3851645e-02 5.3851645e-02 4.9812771e-02 5.9477936e-02 5.6127068e-02
 6.1308030e-02 5.1753532e-02 5.3851645e-02 6.0379118e-02 5.6928884e-02
 4.9197800e-02 5.4589339e-02 5.2434497e-02 5.7753939e-02]Class Weights: [2.1182575e-05 5.6127068e-02 5.6127068e-02 5.9477936e-02 5.6928884e-02
 5.3851645e-02 5.3851645e-02 4.9812771e-02 5.9477936e-02 5.6127068e-02
 6.1308030e-02 5.1753532e-02 5.3851645e-02 6.0379118e-02 5.6928884e-02
 4.9197800e-02 5.4589339e-02 5.2434497e-02 5.7753939e-02]

Class Weights: [2.1182575e-05 5.6127068e-02 5.6127068e-02 5.9477936e-02 5.6928884e-02
 5.3851645e-02 5.3851645e-02 4.9812771e-02 5.9477936e-02 5.6127068e-02
 6.1308030e-02 5.1753532e-02 5.3851645e-02 6.0379118e-02 5.6928884e-02
 4.9197800e-02 5.4589339e-02 5.2434497e-02 5.7753939e-02]Class Weights: [2.1182575e-05 5.6127068e-02 5.6127068e-02 5.9477936e-02 5.6928884e-02
 5.3851645e-02 5.3851645e-02 4.9812771e-02 5.9477936e-02 5.6127068e-02
 6.1308030e-02 5.1753532e-02 5.3851645e-02 6.0379118e-02 5.6928884e-02
 4.9197800e-02 5.4589339e-02 5.2434497e-02 5.7753939e-02]Learning Rate: 0.005Learning Rate: 0.005



Learning Rate: 0.005Learning Rate: 0.005

Train Loss: 0.0011, Val Loss: 0.0011Train Loss: 0.0011, Val Loss: 0.0011

Train Loss: 0.0011, Val Loss: 0.0011Train Loss: 0.0011, Val Loss: 0.0011

Per-Class Precision: [0.        0.        0.        0.        0.        0.        0.
 0.        0.        0.0002534 0.        0.        0.        0.
 0.        0.        0.        0.        0.       ]
Per-Class Recall: [0. 0. 0. 0. 0. 0. 0. 0. 0. 1. 0. 0. 0. 0. 0. 0. 0. 0. 0.]
Per-Class F1-Score: [0.         0.         0.         0.         0.         0.
 0.         0.         0.         0.00050667 0.         0.
 0.         0.         0.         0.         0.         0.
 0.        ]
Support per Class: [293949    100    150    150    100    100    100     75    100     75
    125    150    125    175     75    100    175     75     75]
Weighted Precision: 0.0000, Weighted Recall: 0.0003, Weighted F1-Score: 0.0000
Precision: 0.0000, Recall: 0.0003, F1-Score: 0.0000
Fold 1, Epoch 30, Train Loss: 0.0011, Val Loss: 0.0011, Val Acc: 0.0004
Precision: 0.0000, Recall: 0.0003, F1-Score: 0.0000
Fold 1, Epoch 31, Train Loss: 0.0011, Val Loss: 0.0011, Val Acc: 0.0004
Precision: 0.0000, Recall: 0.0003, F1-Score: 0.0000
Fold 1, Epoch 32, Train Loss: 0.0011, Val Loss: 0.0011, Val Acc: 0.0003
Precision: 0.0000, Recall: 0.0003, F1-Score: 0.0000
Fold 1, Epoch 33, Train Loss: 0.0011, Val Loss: 0.0011, Val Acc: 0.0003
Precision: 0.0000, Recall: 0.0003, F1-Score: 0.0000
Fold 1, Epoch 34, Train Loss: 0.0011, Val Loss: 0.0011, Val Acc: 0.0004
Precision: 0.0000, Recall: 0.0003, F1-Score: 0.0000
Fold 1, Epoch 35, Train Loss: 0.0011, Val Loss: 0.0011, Val Acc: 0.0004
Precision: 0.0000, Recall: 0.0003, F1-Score: 0.0000
Fold 1, Epoch 36, Train Loss: 0.0011, Val Loss: 0.0011, Val Acc: 0.0002
Precision: 0.0000, Recall: 0.0003, F1-Score: 0.0000
Fold 1, Epoch 37, Train Loss: 0.0011, Val Loss: 0.0011, Val Acc: 0.0002
Precision: 0.0000, Recall: 0.0003, F1-Score: 0.0000
Fold 1, Epoch 38, Train Loss: 0.0011, Val Loss: 0.0011, Val Acc: 0.0002
Precision: 0.0000, Recall: 0.0003, F1-Score: 0.0000
Fold 1, Epoch 39, Train Loss: 0.0011, Val Loss: 0.0011, Val Acc: 0.0002

--- Epoch 40 ---
--- Epoch 40 ---


--- Epoch 40 ---

--- Epoch 40 ---
Class Weights: [2.1182575e-05 5.6127068e-02 5.6127068e-02 5.9477936e-02 5.6928884e-02
 5.3851645e-02 5.3851645e-02 4.9812771e-02 5.9477936e-02 5.6127068e-02
 6.1308030e-02 5.1753532e-02 5.3851645e-02 6.0379118e-02 5.6928884e-02
 4.9197800e-02 5.4589339e-02 5.2434497e-02 5.7753939e-02]
Class Weights: [2.1182575e-05 5.6127068e-02 5.6127068e-02 5.9477936e-02 5.6928884e-02
 5.3851645e-02 5.3851645e-02 4.9812771e-02 5.9477936e-02 5.6127068e-02
 6.1308030e-02 5.1753532e-02 5.3851645e-02 6.0379118e-02 5.6928884e-02
 4.9197800e-02 5.4589339e-02 5.2434497e-02 5.7753939e-02]
Learning Rate: 0.005
Class Weights: [2.1182575e-05 5.6127068e-02 5.6127068e-02 5.9477936e-02 5.6928884e-02
 5.3851645e-02 5.3851645e-02 4.9812771e-02 5.9477936e-02 5.6127068e-02
 6.1308030e-02 5.1753532e-02 5.3851645e-02 6.0379118e-02 5.6928884e-02
 4.9197800e-02 5.4589339e-02 5.2434497e-02 5.7753939e-02]Learning Rate: 0.005

Learning Rate: 0.005
Train Loss: 0.0011, Val Loss: 0.0011
Class Weights: [2.1182575e-05 5.6127068e-02 5.6127068e-02 5.9477936e-02 5.6928884e-02
 5.3851645e-02 5.3851645e-02 4.9812771e-02 5.9477936e-02 5.6127068e-02
 6.1308030e-02 5.1753532e-02 5.3851645e-02 6.0379118e-02 5.6928884e-02
 4.9197800e-02 5.4589339e-02 5.2434497e-02 5.7753939e-02]Train Loss: 0.0011, Val Loss: 0.0011

Train Loss: 0.0011, Val Loss: 0.0011Learning Rate: 0.005

Train Loss: 0.0011, Val Loss: 0.0011
Per-Class Precision: [0.         0.         0.         0.         0.         0.00033787
 0.         0.         0.         0.         0.         0.
 0.         0.         0.         0.         0.         0.
 0.        ]
Per-Class Recall: [0. 0. 0. 0. 0. 1. 0. 0. 0. 0. 0. 0. 0. 0. 0. 0. 0. 0. 0.]
Per-Class F1-Score: [0.         0.         0.         0.         0.         0.00067551
 0.         0.         0.         0.         0.         0.
 0.         0.         0.         0.         0.         0.
 0.        ]
Support per Class: [293949    100    150    150    100    100    100     75    100     75
    125    150    125    175     75    100    175     75     75]
Weighted Precision: 0.0000, Weighted Recall: 0.0003, Weighted F1-Score: 0.0000
Precision: 0.0000, Recall: 0.0003, F1-Score: 0.0000
Fold 1, Epoch 40, Train Loss: 0.0011, Val Loss: 0.0011, Val Acc: 0.0003
Precision: 0.0000, Recall: 0.0003, F1-Score: 0.0000
Fold 1, Epoch 41, Train Loss: 0.0011, Val Loss: 0.0011, Val Acc: 0.0003
Precision: 0.0000, Recall: 0.0003, F1-Score: 0.0000
Fold 1, Epoch 42, Train Loss: 0.0011, Val Loss: 0.0011, Val Acc: 0.0002
Precision: 0.0000, Recall: 0.0003, F1-Score: 0.0000
Fold 1, Epoch 43, Train Loss: 0.0011, Val Loss: 0.0011, Val Acc: 0.0002
Precision: 0.0000, Recall: 0.0003, F1-Score: 0.0000
Fold 1, Epoch 44, Train Loss: 0.0011, Val Loss: 0.0011, Val Acc: 0.0002
Precision: 0.0000, Recall: 0.0003, F1-Score: 0.0000
Fold 1, Epoch 45, Train Loss: 0.0011, Val Loss: 0.0011, Val Acc: 0.0003
Precision: 0.0000, Recall: 0.0003, F1-Score: 0.0000
Fold 1, Epoch 46, Train Loss: 0.0011, Val Loss: 0.0011, Val Acc: 0.0003
Precision: 0.0000, Recall: 0.0005, F1-Score: 0.0000
Fold 1, Epoch 47, Train Loss: 0.0011, Val Loss: 0.0011, Val Acc: 0.0004
Precision: 0.0000, Recall: 0.0005, F1-Score: 0.0000
Fold 1, Epoch 48, Train Loss: 0.0011, Val Loss: 0.0011, Val Acc: 0.0004
Precision: 0.0000, Recall: 0.0003, F1-Score: 0.0000
Fold 1, Epoch 49, Train Loss: 0.0011, Val Loss: 0.0011, Val Acc: 0.0004

--- Epoch 50 ---
--- Epoch 50 ---
--- Epoch 50 ---



--- Epoch 50 ---
Class Weights: [2.1182575e-05 5.6127068e-02 5.6127068e-02 5.9477936e-02 5.6928884e-02
 5.3851645e-02 5.3851645e-02 4.9812771e-02 5.9477936e-02 5.6127068e-02
 6.1308030e-02 5.1753532e-02 5.3851645e-02 6.0379118e-02 5.6928884e-02
 4.9197800e-02 5.4589339e-02 5.2434497e-02 5.7753939e-02]Class Weights: [2.1182575e-05 5.6127068e-02 5.6127068e-02 5.9477936e-02 5.6928884e-02
 5.3851645e-02 5.3851645e-02 4.9812771e-02 5.9477936e-02 5.6127068e-02
 6.1308030e-02 5.1753532e-02 5.3851645e-02 6.0379118e-02 5.6928884e-02
 4.9197800e-02 5.4589339e-02 5.2434497e-02 5.7753939e-02]Class Weights: [2.1182575e-05 5.6127068e-02 5.6127068e-02 5.9477936e-02 5.6928884e-02
 5.3851645e-02 5.3851645e-02 4.9812771e-02 5.9477936e-02 5.6127068e-02
 6.1308030e-02 5.1753532e-02 5.3851645e-02 6.0379118e-02 5.6928884e-02
 4.9197800e-02 5.4589339e-02 5.2434497e-02 5.7753939e-02]

Class Weights: [2.1182575e-05 5.6127068e-02 5.6127068e-02 5.9477936e-02 5.6928884e-02
 5.3851645e-02 5.3851645e-02 4.9812771e-02 5.9477936e-02 5.6127068e-02
 6.1308030e-02 5.1753532e-02 5.3851645e-02 6.0379118e-02 5.6928884e-02
 4.9197800e-02 5.4589339e-02 5.2434497e-02 5.7753939e-02]
Learning Rate: 0.005Learning Rate: 0.005

Learning Rate: 0.005
Learning Rate: 0.005

Train Loss: 0.0011, Val Loss: 0.0011
Train Loss: 0.0011, Val Loss: 0.0011
Train Loss: 0.0011, Val Loss: 0.0011Train Loss: 0.0011, Val Loss: 0.0011

Per-Class Precision: [0.         0.         0.         0.         0.00033787 0.
 0.         0.         0.         0.         0.         0.
 0.         0.         0.         0.         0.         0.
 0.        ]
Per-Class Recall: [0. 0. 0. 0. 1. 0. 0. 0. 0. 0. 0. 0. 0. 0. 0. 0. 0. 0. 0.]
Per-Class F1-Score: [0.         0.         0.         0.         0.00067551 0.
 0.         0.         0.         0.         0.         0.
 0.         0.         0.         0.         0.         0.
 0.        ]
Support per Class: [293949    100    150    150    100    100    100     75    100     75
    125    150    125    175     75    100    175     75     75]
Weighted Precision: 0.0000, Weighted Recall: 0.0003, Weighted F1-Score: 0.0000
Precision: 0.0000, Recall: 0.0003, F1-Score: 0.0000
Fold 1, Epoch 50, Train Loss: 0.0011, Val Loss: 0.0011, Val Acc: 0.0004
Completed Fold 1
Starting Fold 2
Class weights: [2.12166641e-05 5.70205001e-02 5.46771919e-02 5.54365974e-02
 4.92769754e-02 5.46771919e-02 5.54365974e-02 5.70205001e-02
 5.25188817e-02 5.70205001e-02 5.25188817e-02 5.54365974e-02
 5.39383109e-02 5.70205001e-02 6.04762880e-02 5.86975737e-02
 5.39383109e-02 5.78468842e-02 5.70205001e-02]
Class weights: [2.12166641e-05 5.70205001e-02 5.46771919e-02 5.54365974e-02
 4.92769754e-02 5.46771919e-02 5.54365974e-02 5.70205001e-02
 5.25188817e-02 5.70205001e-02 5.25188817e-02 5.54365974e-02
 5.39383109e-02 5.70205001e-02 6.04762880e-02 5.86975737e-02
 5.39383109e-02 5.78468842e-02 5.70205001e-02]
Class weights: [2.12166641e-05 5.70205001e-02 5.46771919e-02 5.54365974e-02
 4.92769754e-02 5.46771919e-02 5.54365974e-02 5.70205001e-02
 5.25188817e-02 5.70205001e-02 5.25188817e-02 5.54365974e-02
 5.39383109e-02 5.70205001e-02 6.04762880e-02 5.86975737e-02
 5.39383109e-02 5.78468842e-02 5.70205001e-02]
Class weights: [2.12166641e-05 5.70205001e-02 5.46771919e-02 5.54365974e-02
 4.92769754e-02 5.46771919e-02 5.54365974e-02 5.70205001e-02
 5.25188817e-02 5.70205001e-02 5.25188817e-02 5.54365974e-02
 5.39383109e-02 5.70205001e-02 6.04762880e-02 5.86975737e-02
 5.39383109e-02 5.78468842e-02 5.70205001e-02]
Class weights: Class weights: [2.02875088e-05 4.77079434e-02 5.61269922e-02 5.30088260e-02
 1.06017652e-01 5.61269922e-02 5.30088260e-02 4.77079434e-02
 6.81542048e-02 4.77079434e-02 6.81542048e-02 5.30088260e-02
 5.96349292e-02 4.77079434e-02 3.97566195e-02 4.33708576e-02
 5.96349292e-02 4.54361365e-02 4.77079434e-02]
[2.02875088e-05 4.77079434e-02 5.61269922e-02 5.30088260e-02
 1.06017652e-01 5.61269922e-02 5.30088260e-02 4.77079434e-02
 6.81542048e-02 4.77079434e-02 6.81542048e-02 5.30088260e-02
 5.96349292e-02 4.77079434e-02 3.97566195e-02 4.33708576e-02
 5.96349292e-02 4.54361365e-02 4.77079434e-02]
Class weights: [2.02875088e-05 4.77079434e-02 5.61269922e-02 5.30088260e-02
 1.06017652e-01 5.61269922e-02 5.30088260e-02 4.77079434e-02
 6.81542048e-02 4.77079434e-02 6.81542048e-02 5.30088260e-02
 5.96349292e-02 4.77079434e-02 3.97566195e-02 4.33708576e-02
 5.96349292e-02 4.54361365e-02 4.77079434e-02]
Class weights: [2.02875088e-05 4.77079434e-02 5.61269922e-02 5.30088260e-02
 1.06017652e-01 5.61269922e-02 5.30088260e-02 4.77079434e-02
 6.81542048e-02 4.77079434e-02 6.81542048e-02 5.30088260e-02
 5.96349292e-02 4.77079434e-02 3.97566195e-02 4.33708576e-02
 5.96349292e-02 4.54361365e-02 4.77079434e-02]
Precision: 0.0000, Recall: 0.0004, F1-Score: 0.0000
Fold 2, Epoch 1, Train Loss: 0.0011, Val Loss: 0.0011, Val Acc: 0.0004
Precision: 0.0000, Recall: 0.0005, F1-Score: 0.0000
Fold 2, Epoch 2, Train Loss: 0.0011, Val Loss: 0.0011, Val Acc: 0.0004
Precision: 0.0000, Recall: 0.0005, F1-Score: 0.0000
Fold 2, Epoch 3, Train Loss: 0.0011, Val Loss: 0.0011, Val Acc: 0.0004
Precision: 0.0000, Recall: 0.0003, F1-Score: 0.0000
Fold 2, Epoch 4, Train Loss: 0.0011, Val Loss: 0.0011, Val Acc: 0.0003
Precision: 0.0000, Recall: 0.0003, F1-Score: 0.0000
Fold 2, Epoch 5, Train Loss: 0.0011, Val Loss: 0.0011, Val Acc: 0.0003
Precision: 0.0000, Recall: 0.0005, F1-Score: 0.0000
Fold 2, Epoch 6, Train Loss: 0.0011, Val Loss: 0.0011, Val Acc: 0.0004
Precision: 0.0000, Recall: 0.0005, F1-Score: 0.0000
Fold 2, Epoch 7, Train Loss: 0.0011, Val Loss: 0.0011, Val Acc: 0.0004
Precision: 0.0000, Recall: 0.0003, F1-Score: 0.0000
Fold 2, Epoch 8, Train Loss: 0.0011, Val Loss: 0.0011, Val Acc: 0.0004
Precision: 0.0000, Recall: 0.0004, F1-Score: 0.0000
Fold 2, Epoch 9, Train Loss: 0.0011, Val Loss: 0.0011, Val Acc: 0.0004

--- Epoch 10 ---
--- Epoch 10 ---
--- Epoch 10 ---



--- Epoch 10 ---
Class Weights: [2.1216663e-05 5.7020500e-02 5.4677192e-02 5.5436596e-02 4.9276974e-02
 5.4677192e-02 5.5436596e-02 5.7020500e-02 5.2518882e-02 5.7020500e-02
 5.2518882e-02 5.5436596e-02 5.3938311e-02 5.7020500e-02 6.0476288e-02
 5.8697574e-02 5.3938311e-02 5.7846885e-02 5.7020500e-02]Class Weights: [2.1216663e-05 5.7020500e-02 5.4677192e-02 5.5436596e-02 4.9276974e-02
 5.4677192e-02 5.5436596e-02 5.7020500e-02 5.2518882e-02 5.7020500e-02
 5.2518882e-02 5.5436596e-02 5.3938311e-02 5.7020500e-02 6.0476288e-02
 5.8697574e-02 5.3938311e-02 5.7846885e-02 5.7020500e-02]Class Weights: [2.1216663e-05 5.7020500e-02 5.4677192e-02 5.5436596e-02 4.9276974e-02
 5.4677192e-02 5.5436596e-02 5.7020500e-02 5.2518882e-02 5.7020500e-02
 5.2518882e-02 5.5436596e-02 5.3938311e-02 5.7020500e-02 6.0476288e-02
 5.8697574e-02 5.3938311e-02 5.7846885e-02 5.7020500e-02]


Learning Rate: 0.005Learning Rate: 0.005Class Weights: [2.1216663e-05 5.7020500e-02 5.4677192e-02 5.5436596e-02 4.9276974e-02
 5.4677192e-02 5.5436596e-02 5.7020500e-02 5.2518882e-02 5.7020500e-02
 5.2518882e-02 5.5436596e-02 5.3938311e-02 5.7020500e-02 6.0476288e-02
 5.8697574e-02 5.3938311e-02 5.7846885e-02 5.7020500e-02]
Learning Rate: 0.005


Learning Rate: 0.005
Train Loss: 0.0011, Val Loss: 0.0011
Train Loss: 0.0011, Val Loss: 0.0011
Train Loss: 0.0011, Val Loss: 0.0011
Train Loss: 0.0011, Val Loss: 0.0011
Per-Class Precision: [0.        0.        0.0002534 0.        0.        0.        0.
 0.        0.        0.        0.        0.        0.        0.
 0.        0.        0.        0.        0.       ]
Per-Class Recall: [0. 0. 1. 0. 0. 0. 0. 0. 0. 0. 0. 0. 0. 0. 0. 0. 0. 0. 0.]
Per-Class F1-Score: [0.         0.         0.00050667 0.         0.         0.
 0.         0.         0.         0.         0.         0.
 0.         0.         0.         0.         0.         0.
 0.        ]
Support per Class: [293949    150     75    100     75     75    125    125    100    175
    100     50     75    125    175     75    175    100    150]
Weighted Precision: 0.0000, Weighted Recall: 0.0003, Weighted F1-Score: 0.0000
Precision: 0.0000, Recall: 0.0003, F1-Score: 0.0000
Fold 2, Epoch 10, Train Loss: 0.0011, Val Loss: 0.0011, Val Acc: 0.0004
Precision: 0.0000, Recall: 0.0002, F1-Score: 0.0000
Fold 2, Epoch 11, Train Loss: 0.0011, Val Loss: 0.0011, Val Acc: 0.0004
Precision: 0.0000, Recall: 0.0006, F1-Score: 0.0000
Fold 2, Epoch 12, Train Loss: 0.0011, Val Loss: 0.0011, Val Acc: 0.0005
Precision: 0.0000, Recall: 0.0005, F1-Score: 0.0000
Fold 2, Epoch 13, Train Loss: 0.0011, Val Loss: 0.0011, Val Acc: 0.0004
Precision: 0.0000, Recall: 0.0005, F1-Score: 0.0000
Fold 2, Epoch 14, Train Loss: 0.0011, Val Loss: 0.0011, Val Acc: 0.0004
Precision: 0.0000, Recall: 0.0003, F1-Score: 0.0000
Fold 2, Epoch 15, Train Loss: 0.0011, Val Loss: 0.0011, Val Acc: 0.0004
Precision: 0.0000, Recall: 0.0003, F1-Score: 0.0000
Fold 2, Epoch 16, Train Loss: 0.0011, Val Loss: 0.0011, Val Acc: 0.0004
Precision: 0.0000, Recall: 0.0006, F1-Score: 0.0000
Fold 2, Epoch 17, Train Loss: 0.0011, Val Loss: 0.0011, Val Acc: 0.0004
Precision: 0.0000, Recall: 0.0002, F1-Score: 0.0000
Fold 2, Epoch 18, Train Loss: 0.0011, Val Loss: 0.0011, Val Acc: 0.0004
Precision: 0.0000, Recall: 0.0006, F1-Score: 0.0000
Fold 2, Epoch 19, Train Loss: 0.0011, Val Loss: 0.0011, Val Acc: 0.0005

--- Epoch 20 ---
--- Epoch 20 ---
--- Epoch 20 ---



--- Epoch 20 ---
Class Weights: [2.1216663e-05 5.7020500e-02 5.4677192e-02 5.5436596e-02 4.9276974e-02
 5.4677192e-02 5.5436596e-02 5.7020500e-02 5.2518882e-02 5.7020500e-02
 5.2518882e-02 5.5436596e-02 5.3938311e-02 5.7020500e-02 6.0476288e-02
 5.8697574e-02 5.3938311e-02 5.7846885e-02 5.7020500e-02]
Class Weights: [2.1216663e-05 5.7020500e-02 5.4677192e-02 5.5436596e-02 4.9276974e-02
 5.4677192e-02 5.5436596e-02 5.7020500e-02 5.2518882e-02 5.7020500e-02
 5.2518882e-02 5.5436596e-02 5.3938311e-02 5.7020500e-02 6.0476288e-02
 5.8697574e-02 5.3938311e-02 5.7846885e-02 5.7020500e-02]Class Weights: [2.1216663e-05 5.7020500e-02 5.4677192e-02 5.5436596e-02 4.9276974e-02
 5.4677192e-02 5.5436596e-02 5.7020500e-02 5.2518882e-02 5.7020500e-02
 5.2518882e-02 5.5436596e-02 5.3938311e-02 5.7020500e-02 6.0476288e-02
 5.8697574e-02 5.3938311e-02 5.7846885e-02 5.7020500e-02]Learning Rate: 0.005


Learning Rate: 0.005Learning Rate: 0.005

Class Weights: [2.1216663e-05 5.7020500e-02 5.4677192e-02 5.5436596e-02 4.9276974e-02
 5.4677192e-02 5.5436596e-02 5.7020500e-02 5.2518882e-02 5.7020500e-02
 5.2518882e-02 5.5436596e-02 5.3938311e-02 5.7020500e-02 6.0476288e-02
 5.8697574e-02 5.3938311e-02 5.7846885e-02 5.7020500e-02]
Learning Rate: 0.005
Train Loss: 0.0011, Val Loss: 0.0011
Train Loss: 0.0011, Val Loss: 0.0011Train Loss: 0.0011, Val Loss: 0.0011

Train Loss: 0.0011, Val Loss: 0.0011
Per-Class Precision: [0.        0.0005068 0.        0.        0.        0.        0.
 0.        0.        0.        0.        0.        0.        0.
 0.        0.        0.        0.        0.       ]
Per-Class Recall: [0. 1. 0. 0. 0. 0. 0. 0. 0. 0. 0. 0. 0. 0. 0. 0. 0. 0. 0.]
Per-Class F1-Score: [0.         0.00101309 0.         0.         0.         0.
 0.         0.         0.         0.         0.         0.
 0.         0.         0.         0.         0.         0.
 0.        ]
Support per Class: [293949    150     75    100     75     75    125    125    100    175
    100     50     75    125    175     75    175    100    150]
Weighted Precision: 0.0000, Weighted Recall: 0.0005, Weighted F1-Score: 0.0000
Precision: 0.0000, Recall: 0.0005, F1-Score: 0.0000
Fold 2, Epoch 20, Train Loss: 0.0011, Val Loss: 0.0011, Val Acc: 0.0004
Precision: 0.0000, Recall: 0.0005, F1-Score: 0.0000
Fold 2, Epoch 21, Train Loss: 0.0011, Val Loss: 0.0011, Val Acc: 0.0004
Precision: 0.0000, Recall: 0.0003, F1-Score: 0.0000
Fold 2, Epoch 22, Train Loss: 0.0011, Val Loss: 0.0011, Val Acc: 0.0004
Precision: 0.0000, Recall: 0.0006, F1-Score: 0.0000
Fold 2, Epoch 23, Train Loss: 0.0011, Val Loss: 0.0011, Val Acc: 0.0004
Precision: 0.0000, Recall: 0.0006, F1-Score: 0.0000
Fold 2, Epoch 24, Train Loss: 0.0011, Val Loss: 0.0011, Val Acc: 0.0004
Precision: 0.0000, Recall: 0.0003, F1-Score: 0.0000
Fold 2, Epoch 25, Train Loss: 0.0011, Val Loss: 0.0011, Val Acc: 0.0005
Precision: 0.0000, Recall: 0.0003, F1-Score: 0.0000
Fold 2, Epoch 26, Train Loss: 0.0011, Val Loss: 0.0011, Val Acc: 0.0003
Precision: 0.0000, Recall: 0.0003, F1-Score: 0.0000
Fold 2, Epoch 27, Train Loss: 0.0011, Val Loss: 0.0011, Val Acc: 0.0005
Precision: 0.0000, Recall: 0.0003, F1-Score: 0.0000
Fold 2, Epoch 28, Train Loss: 0.0011, Val Loss: 0.0011, Val Acc: 0.0005
Precision: 0.0000, Recall: 0.0003, F1-Score: 0.0000
Fold 2, Epoch 29, Train Loss: 0.0011, Val Loss: 0.0011, Val Acc: 0.0003

--- Epoch 30 ---
--- Epoch 30 ---

--- Epoch 30 ---


--- Epoch 30 ---
Class Weights: [2.1216663e-05 5.7020500e-02 5.4677192e-02 5.5436596e-02 4.9276974e-02
 5.4677192e-02 5.5436596e-02 5.7020500e-02 5.2518882e-02 5.7020500e-02
 5.2518882e-02 5.5436596e-02 5.3938311e-02 5.7020500e-02 6.0476288e-02
 5.8697574e-02 5.3938311e-02 5.7846885e-02 5.7020500e-02]Class Weights: [2.1216663e-05 5.7020500e-02 5.4677192e-02 5.5436596e-02 4.9276974e-02
 5.4677192e-02 5.5436596e-02 5.7020500e-02 5.2518882e-02 5.7020500e-02
 5.2518882e-02 5.5436596e-02 5.3938311e-02 5.7020500e-02 6.0476288e-02
 5.8697574e-02 5.3938311e-02 5.7846885e-02 5.7020500e-02]Class Weights: [2.1216663e-05 5.7020500e-02 5.4677192e-02 5.5436596e-02 4.9276974e-02
 5.4677192e-02 5.5436596e-02 5.7020500e-02 5.2518882e-02 5.7020500e-02
 5.2518882e-02 5.5436596e-02 5.3938311e-02 5.7020500e-02 6.0476288e-02
 5.8697574e-02 5.3938311e-02 5.7846885e-02 5.7020500e-02]


Class Weights: [2.1216663e-05 5.7020500e-02 5.4677192e-02 5.5436596e-02 4.9276974e-02
 5.4677192e-02 5.5436596e-02 5.7020500e-02 5.2518882e-02 5.7020500e-02
 5.2518882e-02 5.5436596e-02 5.3938311e-02 5.7020500e-02 6.0476288e-02
 5.8697574e-02 5.3938311e-02 5.7846885e-02 5.7020500e-02]Learning Rate: 0.005Learning Rate: 0.005Learning Rate: 0.005



Learning Rate: 0.005
Train Loss: 0.0011, Val Loss: 0.0011Train Loss: 0.0011, Val Loss: 0.0011Train Loss: 0.0011, Val Loss: 0.0011
Train Loss: 0.0011, Val Loss: 0.0011


Per-Class Precision: [0.         0.         0.         0.         0.         0.
 0.         0.         0.         0.         0.         0.
 0.         0.         0.         0.         0.         0.00033787
 0.        ]
Per-Class Recall: [0. 0. 0. 0. 0. 0. 0. 0. 0. 0. 0. 0. 0. 0. 0. 0. 0. 1. 0.]
Per-Class F1-Score: [0.         0.         0.         0.         0.         0.
 0.         0.         0.         0.         0.         0.
 0.         0.         0.         0.         0.         0.00067551
 0.        ]
Support per Class: [293949    150     75    100     75     75    125    125    100    175
    100     50     75    125    175     75    175    100    150]
Weighted Precision: 0.0000, Weighted Recall: 0.0003, Weighted F1-Score: 0.0000
Precision: 0.0000, Recall: 0.0003, F1-Score: 0.0000
Fold 2, Epoch 30, Train Loss: 0.0011, Val Loss: 0.0011, Val Acc: 0.0004
Precision: 0.0000, Recall: 0.0004, F1-Score: 0.0000
Fold 2, Epoch 31, Train Loss: 0.0011, Val Loss: 0.0011, Val Acc: 0.0004
Precision: 0.0000, Recall: 0.0004, F1-Score: 0.0000
Fold 2, Epoch 32, Train Loss: 0.0011, Val Loss: 0.0011, Val Acc: 0.0004
Precision: 0.0000, Recall: 0.0004, F1-Score: 0.0000
Fold 2, Epoch 33, Train Loss: 0.0011, Val Loss: 0.0011, Val Acc: 0.0004
Precision: 0.0000, Recall: 0.0004, F1-Score: 0.0000
Fold 2, Epoch 34, Train Loss: 0.0011, Val Loss: 0.0011, Val Acc: 0.0004
Precision: 0.0000, Recall: 0.0003, F1-Score: 0.0000
Fold 2, Epoch 35, Train Loss: 0.0011, Val Loss: 0.0011, Val Acc: 0.0003
Precision: 0.0000, Recall: 0.0003, F1-Score: 0.0000
Fold 2, Epoch 36, Train Loss: 0.0011, Val Loss: 0.0011, Val Acc: 0.0003
Precision: 0.0000, Recall: 0.0004, F1-Score: 0.0000
Fold 2, Epoch 37, Train Loss: 0.0011, Val Loss: 0.0011, Val Acc: 0.0004
Precision: 0.0000, Recall: 0.0004, F1-Score: 0.0000
Fold 2, Epoch 38, Train Loss: 0.0011, Val Loss: 0.0011, Val Acc: 0.0004
Precision: 0.0000, Recall: 0.0003, F1-Score: 0.0000
Fold 2, Epoch 39, Train Loss: 0.0011, Val Loss: 0.0011, Val Acc: 0.0004

--- Epoch 40 ---
--- Epoch 40 ---
--- Epoch 40 ---



--- Epoch 40 ---
Class Weights: [2.1216663e-05 5.7020500e-02 5.4677192e-02 5.5436596e-02 4.9276974e-02
 5.4677192e-02 5.5436596e-02 5.7020500e-02 5.2518882e-02 5.7020500e-02
 5.2518882e-02 5.5436596e-02 5.3938311e-02 5.7020500e-02 6.0476288e-02
 5.8697574e-02 5.3938311e-02 5.7846885e-02 5.7020500e-02]
Learning Rate: 0.005
Class Weights: [2.1216663e-05 5.7020500e-02 5.4677192e-02 5.5436596e-02 4.9276974e-02
 5.4677192e-02 5.5436596e-02 5.7020500e-02 5.2518882e-02 5.7020500e-02
 5.2518882e-02 5.5436596e-02 5.3938311e-02 5.7020500e-02 6.0476288e-02
 5.8697574e-02 5.3938311e-02 5.7846885e-02 5.7020500e-02]
Learning Rate: 0.005
Train Loss: 0.0011, Val Loss: 0.0011
Class Weights: [2.1216663e-05 5.7020500e-02 5.4677192e-02 5.5436596e-02 4.9276974e-02
 5.4677192e-02 5.5436596e-02 5.7020500e-02 5.2518882e-02 5.7020500e-02
 5.2518882e-02 5.5436596e-02 5.3938311e-02 5.7020500e-02 6.0476288e-02
 5.8697574e-02 5.3938311e-02 5.7846885e-02 5.7020500e-02]
Learning Rate: 0.005Train Loss: 0.0011, Val Loss: 0.0011

Class Weights: [2.1216663e-05 5.7020500e-02 5.4677192e-02 5.5436596e-02 4.9276974e-02
 5.4677192e-02 5.5436596e-02 5.7020500e-02 5.2518882e-02 5.7020500e-02
 5.2518882e-02 5.5436596e-02 5.3938311e-02 5.7020500e-02 6.0476288e-02
 5.8697574e-02 5.3938311e-02 5.7846885e-02 5.7020500e-02]
Learning Rate: 0.005
Train Loss: 0.0011, Val Loss: 0.0011
Train Loss: 0.0011, Val Loss: 0.0011
Per-Class Precision: [0.         0.         0.         0.         0.         0.
 0.         0.         0.         0.         0.         0.00016893
 0.         0.         0.         0.         0.         0.
 0.        ]
Per-Class Recall: [0. 0. 0. 0. 0. 0. 0. 0. 0. 0. 0. 1. 0. 0. 0. 0. 0. 0. 0.]
Per-Class F1-Score: [0.         0.         0.         0.         0.         0.
 0.         0.         0.         0.         0.         0.00033781
 0.         0.         0.         0.         0.         0.
 0.        ]
Support per Class: [293949    150     75    100     75     75    125    125    100    175
    100     50     75    125    175     75    175    100    150]
Weighted Precision: 0.0000, Weighted Recall: 0.0002, Weighted F1-Score: 0.0000
Precision: 0.0000, Recall: 0.0002, F1-Score: 0.0000
Fold 2, Epoch 40, Train Loss: 0.0011, Val Loss: 0.0011, Val Acc: 0.0004
Precision: 0.0000, Recall: 0.0003, F1-Score: 0.0000
Fold 2, Epoch 41, Train Loss: 0.0011, Val Loss: 0.0011, Val Acc: 0.0003
Precision: 0.0000, Recall: 0.0003, F1-Score: 0.0000
Fold 2, Epoch 42, Train Loss: 0.0011, Val Loss: 0.0011, Val Acc: 0.0002
Precision: 0.0000, Recall: 0.0003, F1-Score: 0.0000
Fold 2, Epoch 43, Train Loss: 0.0011, Val Loss: 0.0011, Val Acc: 0.0002
Precision: 0.0000, Recall: 0.0003, F1-Score: 0.0000
Fold 2, Epoch 44, Train Loss: 0.0011, Val Loss: 0.0011, Val Acc: 0.0002
Precision: 0.0000, Recall: 0.0004, F1-Score: 0.0000
Fold 2, Epoch 45, Train Loss: 0.0011, Val Loss: 0.0011, Val Acc: 0.0004
Precision: 0.0000, Recall: 0.0003, F1-Score: 0.0000
Fold 2, Epoch 46, Train Loss: 0.0011, Val Loss: 0.0011, Val Acc: 0.0004
Precision: 0.0000, Recall: 0.0002, F1-Score: 0.0000
Fold 2, Epoch 47, Train Loss: 0.0011, Val Loss: 0.0011, Val Acc: 0.0004
Precision: 0.0000, Recall: 0.0002, F1-Score: 0.0000
Fold 2, Epoch 48, Train Loss: 0.0011, Val Loss: 0.0011, Val Acc: 0.0004
Precision: 0.0000, Recall: 0.0002, F1-Score: 0.0000
Fold 2, Epoch 49, Train Loss: 0.0011, Val Loss: 0.0011, Val Acc: 0.0004

--- Epoch 50 ---
--- Epoch 50 ---
--- Epoch 50 ---



--- Epoch 50 ---
Class Weights: [2.1216663e-05 5.7020500e-02 5.4677192e-02 5.5436596e-02 4.9276974e-02
 5.4677192e-02 5.5436596e-02 5.7020500e-02 5.2518882e-02 5.7020500e-02
 5.2518882e-02 5.5436596e-02 5.3938311e-02 5.7020500e-02 6.0476288e-02
 5.8697574e-02 5.3938311e-02 5.7846885e-02 5.7020500e-02]Class Weights: [2.1216663e-05 5.7020500e-02 5.4677192e-02 5.5436596e-02 4.9276974e-02
 5.4677192e-02 5.5436596e-02 5.7020500e-02 5.2518882e-02 5.7020500e-02
 5.2518882e-02 5.5436596e-02 5.3938311e-02 5.7020500e-02 6.0476288e-02
 5.8697574e-02 5.3938311e-02 5.7846885e-02 5.7020500e-02]Class Weights: [2.1216663e-05 5.7020500e-02 5.4677192e-02 5.5436596e-02 4.9276974e-02
 5.4677192e-02 5.5436596e-02 5.7020500e-02 5.2518882e-02 5.7020500e-02
 5.2518882e-02 5.5436596e-02 5.3938311e-02 5.7020500e-02 6.0476288e-02
 5.8697574e-02 5.3938311e-02 5.7846885e-02 5.7020500e-02]


Learning Rate: 0.005Learning Rate: 0.005Learning Rate: 0.005


Train Loss: 0.0011, Val Loss: 0.0011Train Loss: 0.0011, Val Loss: 0.0011Class Weights: [2.1216663e-05 5.7020500e-02 5.4677192e-02 5.5436596e-02 4.9276974e-02
 5.4677192e-02 5.5436596e-02 5.7020500e-02 5.2518882e-02 5.7020500e-02
 5.2518882e-02 5.5436596e-02 5.3938311e-02 5.7020500e-02 6.0476288e-02
 5.8697574e-02 5.3938311e-02 5.7846885e-02 5.7020500e-02]
Train Loss: 0.0011, Val Loss: 0.0011


Learning Rate: 0.005
Train Loss: 0.0011, Val Loss: 0.0011
Per-Class Precision: [0.        0.        0.        0.        0.0002534 0.        0.
 0.        0.        0.        0.        0.        0.        0.
 0.        0.        0.        0.        0.       ]
Per-Class Recall: [0. 0. 0. 0. 1. 0. 0. 0. 0. 0. 0. 0. 0. 0. 0. 0. 0. 0. 0.]
Per-Class F1-Score: [0.         0.         0.         0.         0.00050667 0.
 0.         0.         0.         0.         0.         0.
 0.         0.         0.         0.         0.         0.
 0.        ]
Support per Class: [293949    150     75    100     75     75    125    125    100    175
    100     50     75    125    175     75    175    100    150]
Weighted Precision: 0.0000, Weighted Recall: 0.0003, Weighted F1-Score: 0.0000
Precision: 0.0000, Recall: 0.0003, F1-Score: 0.0000
Fold 2, Epoch 50, Train Loss: 0.0011, Val Loss: 0.0011, Val Acc: 0.0002
Completed Fold 2
Starting Fold 3
Class weights: [2.12006644e-05 5.24792767e-02 5.46359593e-02 5.38976355e-02
 6.04306823e-02 5.53947921e-02 5.95287318e-02 5.78032613e-02
 5.04863928e-02 5.17977277e-02 5.53947921e-02 5.78032613e-02
 6.04306823e-02 5.38976355e-02 5.31790004e-02 5.95287318e-02
 5.46359593e-02 5.24792767e-02 5.61750004e-02]
Class weights: [2.12006644e-05 5.24792767e-02 5.46359593e-02 5.38976355e-02
 6.04306823e-02 5.53947921e-02 5.95287318e-02 5.78032613e-02
 5.04863928e-02 5.17977277e-02 5.53947921e-02 5.78032613e-02
 6.04306823e-02 5.38976355e-02 5.31790004e-02 5.95287318e-02
 5.46359593e-02 5.24792767e-02 5.61750004e-02]
Class weights: Class weights: [2.12006644e-05 5.24792767e-02 5.46359593e-02 5.38976355e-02
 6.04306823e-02 5.53947921e-02 5.95287318e-02 5.78032613e-02
 5.04863928e-02 5.17977277e-02 5.53947921e-02 5.78032613e-02
 6.04306823e-02 5.38976355e-02 5.31790004e-02 5.95287318e-02
 5.46359593e-02 5.24792767e-02 5.61750004e-02]
[2.12006644e-05 5.24792767e-02 5.46359593e-02 5.38976355e-02
 6.04306823e-02 5.53947921e-02 5.95287318e-02 5.78032613e-02
 5.04863928e-02 5.17977277e-02 5.53947921e-02 5.78032613e-02
 6.04306823e-02 5.38976355e-02 5.31790004e-02 5.95287318e-02
 5.46359593e-02 5.24792767e-02 5.61750004e-02]
Class weights: Class weights: [2.02633130e-05 6.80729210e-02 5.60600526e-02 5.95638058e-02
 3.97092039e-02 5.29456052e-02 4.14356910e-02 4.53819473e-02
 8.66382630e-02 7.33092995e-02 5.29456052e-02 4.53819473e-02
 3.97092039e-02 5.95638058e-02 6.35347262e-02 4.14356910e-02
 5.60600526e-02 6.80729210e-02 5.01589944e-02]
Class weights: [2.02633130e-05 6.80729210e-02 5.60600526e-02 5.95638058e-02
 3.97092039e-02 5.29456052e-02 4.14356910e-02 4.53819473e-02
 8.66382630e-02 7.33092995e-02 5.29456052e-02 4.53819473e-02
 3.97092039e-02 5.95638058e-02 6.35347262e-02 4.14356910e-02
 5.60600526e-02 6.80729210e-02 5.01589944e-02]
Class weights: [2.02633130e-05 6.80729210e-02 5.60600526e-02 5.95638058e-02
 3.97092039e-02 5.29456052e-02 4.14356910e-02 4.53819473e-02
 8.66382630e-02 7.33092995e-02 5.29456052e-02 4.53819473e-02
 3.97092039e-02 5.95638058e-02 6.35347262e-02 4.14356910e-02
 5.60600526e-02 6.80729210e-02 5.01589944e-02]
[2.02633130e-05 6.80729210e-02 5.60600526e-02 5.95638058e-02
 3.97092039e-02 5.29456052e-02 4.14356910e-02 4.53819473e-02
 8.66382630e-02 7.33092995e-02 5.29456052e-02 4.53819473e-02
 3.97092039e-02 5.95638058e-02 6.35347262e-02 4.14356910e-02
 5.60600526e-02 6.80729210e-02 5.01589944e-02]
Precision: 0.0000, Recall: 0.0005, F1-Score: 0.0000
Fold 3, Epoch 1, Train Loss: 0.0011, Val Loss: 0.0011, Val Acc: 0.0004
Precision: 0.0000, Recall: 0.0003, F1-Score: 0.0000
Fold 3, Epoch 2, Train Loss: 0.0011, Val Loss: 0.0011, Val Acc: 0.0004
Precision: 0.0000, Recall: 0.0003, F1-Score: 0.0000
Fold 3, Epoch 3, Train Loss: 0.0011, Val Loss: 0.0011, Val Acc: 0.0004
Precision: 0.0000, Recall: 0.0002, F1-Score: 0.0000
Fold 3, Epoch 4, Train Loss: 0.0011, Val Loss: 0.0011, Val Acc: 0.0003
Precision: 0.0000, Recall: 0.0003, F1-Score: 0.0000
Fold 3, Epoch 5, Train Loss: 0.0011, Val Loss: 0.0011, Val Acc: 0.0003
Precision: 0.0000, Recall: 0.0002, F1-Score: 0.0000
Fold 3, Epoch 6, Train Loss: 0.0011, Val Loss: 0.0011, Val Acc: 0.0003
Precision: 0.0000, Recall: 0.0002, F1-Score: 0.0000
Fold 3, Epoch 7, Train Loss: 0.0011, Val Loss: 0.0011, Val Acc: 0.0003
Precision: 0.0000, Recall: 0.0002, F1-Score: 0.0000
Fold 3, Epoch 8, Train Loss: 0.0011, Val Loss: 0.0011, Val Acc: 0.0002
Precision: 0.0000, Recall: 0.0003, F1-Score: 0.0000
Fold 3, Epoch 9, Train Loss: 0.0011, Val Loss: 0.0011, Val Acc: 0.0003

--- Epoch 10 ---
--- Epoch 10 ---
--- Epoch 10 ---



--- Epoch 10 ---
Class Weights: [2.1200665e-05 5.2479278e-02 5.4635961e-02 5.3897634e-02 6.0430683e-02
 5.5394791e-02 5.9528731e-02 5.7803262e-02 5.0486393e-02 5.1797729e-02
 5.5394791e-02 5.7803262e-02 6.0430683e-02 5.3897634e-02 5.3179000e-02
 5.9528731e-02 5.4635961e-02 5.2479278e-02 5.6175001e-02]
Class Weights: [2.1200665e-05 5.2479278e-02 5.4635961e-02 5.3897634e-02 6.0430683e-02
 5.5394791e-02 5.9528731e-02 5.7803262e-02 5.0486393e-02 5.1797729e-02
 5.5394791e-02 5.7803262e-02 6.0430683e-02 5.3897634e-02 5.3179000e-02
 5.9528731e-02 5.4635961e-02 5.2479278e-02 5.6175001e-02]
Class Weights: [2.1200665e-05 5.2479278e-02 5.4635961e-02 5.3897634e-02 6.0430683e-02
 5.5394791e-02 5.9528731e-02 5.7803262e-02 5.0486393e-02 5.1797729e-02
 5.5394791e-02 5.7803262e-02 6.0430683e-02 5.3897634e-02 5.3179000e-02
 5.9528731e-02 5.4635961e-02 5.2479278e-02 5.6175001e-02]Learning Rate: 0.005Class Weights: [2.1200665e-05 5.2479278e-02 5.4635961e-02 5.3897634e-02 6.0430683e-02
 5.5394791e-02 5.9528731e-02 5.7803262e-02 5.0486393e-02 5.1797729e-02
 5.5394791e-02 5.7803262e-02 6.0430683e-02 5.3897634e-02 5.3179000e-02
 5.9528731e-02 5.4635961e-02 5.2479278e-02 5.6175001e-02]
Learning Rate: 0.005


Learning Rate: 0.005
Learning Rate: 0.005
Train Loss: 0.0011, Val Loss: 0.0011
Train Loss: 0.0011, Val Loss: 0.0011Train Loss: 0.0011, Val Loss: 0.0011

Train Loss: 0.0011, Val Loss: 0.0011
Per-Class Precision: [0.        0.        0.        0.        0.        0.0005068 0.
 0.        0.        0.        0.        0.        0.        0.
 0.        0.        0.        0.        0.       ]
Per-Class Recall: [0. 0. 0. 0. 0. 1. 0. 0. 0. 0. 0. 0. 0. 0. 0. 0. 0. 0. 0.]
Per-Class F1-Score: [0.         0.         0.         0.         0.         0.00101309
 0.         0.         0.         0.         0.         0.
 0.         0.         0.         0.         0.         0.
 0.        ]
Support per Class: [293949     75    150    100    100    150    125    125     50     50
    100     50    150     75    125    250    150     75    125]
Weighted Precision: 0.0000, Weighted Recall: 0.0005, Weighted F1-Score: 0.0000
Precision: 0.0000, Recall: 0.0005, F1-Score: 0.0000
Fold 3, Epoch 10, Train Loss: 0.0011, Val Loss: 0.0011, Val Acc: 0.0004
Precision: 0.0000, Recall: 0.0005, F1-Score: 0.0000
Fold 3, Epoch 11, Train Loss: 0.0011, Val Loss: 0.0011, Val Acc: 0.0004
Precision: 0.0000, Recall: 0.0005, F1-Score: 0.0000
Fold 3, Epoch 12, Train Loss: 0.0011, Val Loss: 0.0011, Val Acc: 0.0004
Precision: 0.0000, Recall: 0.0005, F1-Score: 0.0000
Fold 3, Epoch 13, Train Loss: 0.0011, Val Loss: 0.0011, Val Acc: 0.0004
Precision: 0.0000, Recall: 0.0005, F1-Score: 0.0000
Fold 3, Epoch 14, Train Loss: 0.0011, Val Loss: 0.0011, Val Acc: 0.0004
Precision: 0.0000, Recall: 0.0004, F1-Score: 0.0000
Fold 3, Epoch 15, Train Loss: 0.0011, Val Loss: 0.0011, Val Acc: 0.0004
Precision: 0.0000, Recall: 0.0003, F1-Score: 0.0000
Fold 3, Epoch 16, Train Loss: 0.0011, Val Loss: 0.0011, Val Acc: 0.0003
Precision: 0.0000, Recall: 0.0003, F1-Score: 0.0000
Fold 3, Epoch 17, Train Loss: 0.0011, Val Loss: 0.0011, Val Acc: 0.0003
Precision: 0.0000, Recall: 0.0004, F1-Score: 0.0000
Fold 3, Epoch 18, Train Loss: 0.0011, Val Loss: 0.0011, Val Acc: 0.0005
Precision: 0.0000, Recall: 0.0008, F1-Score: 0.0000
Fold 3, Epoch 19, Train Loss: 0.0011, Val Loss: 0.0011, Val Acc: 0.0005

--- Epoch 20 ---
--- Epoch 20 ---
--- Epoch 20 ---



--- Epoch 20 ---
Class Weights: [2.1200665e-05 5.2479278e-02 5.4635961e-02 5.3897634e-02 6.0430683e-02
 5.5394791e-02 5.9528731e-02 5.7803262e-02 5.0486393e-02 5.1797729e-02
 5.5394791e-02 5.7803262e-02 6.0430683e-02 5.3897634e-02 5.3179000e-02
 5.9528731e-02 5.4635961e-02 5.2479278e-02 5.6175001e-02]Class Weights: [2.1200665e-05 5.2479278e-02 5.4635961e-02 5.3897634e-02 6.0430683e-02
 5.5394791e-02 5.9528731e-02 5.7803262e-02 5.0486393e-02 5.1797729e-02
 5.5394791e-02 5.7803262e-02 6.0430683e-02 5.3897634e-02 5.3179000e-02
 5.9528731e-02 5.4635961e-02 5.2479278e-02 5.6175001e-02]Class Weights: [2.1200665e-05 5.2479278e-02 5.4635961e-02 5.3897634e-02 6.0430683e-02
 5.5394791e-02 5.9528731e-02 5.7803262e-02 5.0486393e-02 5.1797729e-02
 5.5394791e-02 5.7803262e-02 6.0430683e-02 5.3897634e-02 5.3179000e-02
 5.9528731e-02 5.4635961e-02 5.2479278e-02 5.6175001e-02]


Learning Rate: 0.005Learning Rate: 0.005Learning Rate: 0.005
Class Weights: [2.1200665e-05 5.2479278e-02 5.4635961e-02 5.3897634e-02 6.0430683e-02
 5.5394791e-02 5.9528731e-02 5.7803262e-02 5.0486393e-02 5.1797729e-02
 5.5394791e-02 5.7803262e-02 6.0430683e-02 5.3897634e-02 5.3179000e-02
 5.9528731e-02 5.4635961e-02 5.2479278e-02 5.6175001e-02]


Learning Rate: 0.005
Train Loss: 0.0011, Val Loss: 0.0011
Train Loss: 0.0011, Val Loss: 0.0011Train Loss: 0.0011, Val Loss: 0.0011

Train Loss: 0.0011, Val Loss: 0.0011
Per-Class Precision: [0.         0.         0.         0.         0.         0.
 0.         0.         0.         0.         0.         0.
 0.         0.         0.         0.00084467 0.         0.
 0.        ]
Per-Class Recall: [0. 0. 0. 0. 0. 0. 0. 0. 0. 0. 0. 0. 0. 0. 0. 1. 0. 0. 0.]
Per-Class F1-Score: [0.         0.         0.         0.         0.         0.
 0.         0.         0.         0.         0.         0.
 0.         0.         0.         0.00168791 0.         0.
 0.        ]
Support per Class: [293949     75    150    100    100    150    125    125     50     50
    100     50    150     75    125    250    150     75    125]
Weighted Precision: 0.0000, Weighted Recall: 0.0008, Weighted F1-Score: 0.0000
Precision: 0.0000, Recall: 0.0008, F1-Score: 0.0000
Fold 3, Epoch 20, Train Loss: 0.0011, Val Loss: 0.0011, Val Acc: 0.0005
Precision: 0.0000, Recall: 0.0003, F1-Score: 0.0000
Fold 3, Epoch 21, Train Loss: 0.0011, Val Loss: 0.0011, Val Acc: 0.0003
Precision: 0.0000, Recall: 0.0003, F1-Score: 0.0000
Fold 3, Epoch 22, Train Loss: 0.0011, Val Loss: 0.0011, Val Acc: 0.0003
Precision: 0.0000, Recall: 0.0004, F1-Score: 0.0000
Fold 3, Epoch 23, Train Loss: 0.0011, Val Loss: 0.0011, Val Acc: 0.0004
Precision: 0.0000, Recall: 0.0004, F1-Score: 0.0000
Fold 3, Epoch 24, Train Loss: 0.0011, Val Loss: 0.0011, Val Acc: 0.0004
Precision: 0.0000, Recall: 0.0004, F1-Score: 0.0000
Fold 3, Epoch 25, Train Loss: 0.0011, Val Loss: 0.0011, Val Acc: 0.0005
Precision: 0.0000, Recall: 0.0003, F1-Score: 0.0000
Fold 3, Epoch 26, Train Loss: 0.0011, Val Loss: 0.0011, Val Acc: 0.0004
Precision: 0.0000, Recall: 0.0002, F1-Score: 0.0000
Fold 3, Epoch 27, Train Loss: 0.0011, Val Loss: 0.0011, Val Acc: 0.0002
Precision: 0.0000, Recall: 0.0002, F1-Score: 0.0000
Fold 3, Epoch 28, Train Loss: 0.0011, Val Loss: 0.0011, Val Acc: 0.0002
Precision: 0.0000, Recall: 0.0003, F1-Score: 0.0000
Fold 3, Epoch 29, Train Loss: 0.0011, Val Loss: 0.0011, Val Acc: 0.0003

--- Epoch 30 ---
--- Epoch 30 ---
--- Epoch 30 ---



--- Epoch 30 ---
Class Weights: [2.1200665e-05 5.2479278e-02 5.4635961e-02 5.3897634e-02 6.0430683e-02
 5.5394791e-02 5.9528731e-02 5.7803262e-02 5.0486393e-02 5.1797729e-02
 5.5394791e-02 5.7803262e-02 6.0430683e-02 5.3897634e-02 5.3179000e-02
 5.9528731e-02 5.4635961e-02 5.2479278e-02 5.6175001e-02]Class Weights: [2.1200665e-05 5.2479278e-02 5.4635961e-02 5.3897634e-02 6.0430683e-02
 5.5394791e-02 5.9528731e-02 5.7803262e-02 5.0486393e-02 5.1797729e-02
 5.5394791e-02 5.7803262e-02 6.0430683e-02 5.3897634e-02 5.3179000e-02
 5.9528731e-02 5.4635961e-02 5.2479278e-02 5.6175001e-02]
Class Weights: [2.1200665e-05 5.2479278e-02 5.4635961e-02 5.3897634e-02 6.0430683e-02
 5.5394791e-02 5.9528731e-02 5.7803262e-02 5.0486393e-02 5.1797729e-02
 5.5394791e-02 5.7803262e-02 6.0430683e-02 5.3897634e-02 5.3179000e-02
 5.9528731e-02 5.4635961e-02 5.2479278e-02 5.6175001e-02]
Class Weights: [2.1200665e-05 5.2479278e-02 5.4635961e-02 5.3897634e-02 6.0430683e-02
 5.5394791e-02 5.9528731e-02 5.7803262e-02 5.0486393e-02 5.1797729e-02
 5.5394791e-02 5.7803262e-02 6.0430683e-02 5.3897634e-02 5.3179000e-02
 5.9528731e-02 5.4635961e-02 5.2479278e-02 5.6175001e-02]Learning Rate: 0.005
Learning Rate: 0.005


Learning Rate: 0.005Learning Rate: 0.005

Train Loss: 0.0011, Val Loss: 0.0011Train Loss: 0.0011, Val Loss: 0.0011

Train Loss: 0.0011, Val Loss: 0.0011Train Loss: 0.0011, Val Loss: 0.0011

Per-Class Precision: [0.         0.         0.         0.         0.         0.
 0.         0.         0.         0.         0.         0.
 0.         0.         0.         0.00084467 0.         0.
 0.        ]
Per-Class Recall: [0. 0. 0. 0. 0. 0. 0. 0. 0. 0. 0. 0. 0. 0. 0. 1. 0. 0. 0.]
Per-Class F1-Score: [0.         0.         0.         0.         0.         0.
 0.         0.         0.         0.         0.         0.
 0.         0.         0.         0.00168791 0.         0.
 0.        ]
Support per Class: [293949     75    150    100    100    150    125    125     50     50
    100     50    150     75    125    250    150     75    125]
Weighted Precision: 0.0000, Weighted Recall: 0.0008, Weighted F1-Score: 0.0000
Precision: 0.0000, Recall: 0.0008, F1-Score: 0.0000
Fold 3, Epoch 30, Train Loss: 0.0011, Val Loss: 0.0011, Val Acc: 0.0005
Precision: 0.0000, Recall: 0.0005, F1-Score: 0.0000
Fold 3, Epoch 31, Train Loss: 0.0011, Val Loss: 0.0011, Val Acc: 0.0004
Precision: 0.0000, Recall: 0.0004, F1-Score: 0.0000
Fold 3, Epoch 32, Train Loss: 0.0011, Val Loss: 0.0011, Val Acc: 0.0003
Precision: 0.0000, Recall: 0.0005, F1-Score: 0.0000
Fold 3, Epoch 33, Train Loss: 0.0011, Val Loss: 0.0011, Val Acc: 0.0004
Precision: 0.0000, Recall: 0.0005, F1-Score: 0.0000
Fold 3, Epoch 34, Train Loss: 0.0011, Val Loss: 0.0011, Val Acc: 0.0004
Precision: 0.0000, Recall: 0.0008, F1-Score: 0.0000
Fold 3, Epoch 35, Train Loss: 0.0011, Val Loss: 0.0011, Val Acc: 0.0005
Precision: 0.0000, Recall: 0.0008, F1-Score: 0.0000
Fold 3, Epoch 36, Train Loss: 0.0011, Val Loss: 0.0011, Val Acc: 0.0005
Precision: 0.0000, Recall: 0.0004, F1-Score: 0.0000
Fold 3, Epoch 37, Train Loss: 0.0011, Val Loss: 0.0011, Val Acc: 0.0004
Precision: 0.0000, Recall: 0.0004, F1-Score: 0.0000
Fold 3, Epoch 38, Train Loss: 0.0011, Val Loss: 0.0011, Val Acc: 0.0004
Precision: 0.0000, Recall: 0.0004, F1-Score: 0.0000
Fold 3, Epoch 39, Train Loss: 0.0011, Val Loss: 0.0011, Val Acc: 0.0004

--- Epoch 40 ---
--- Epoch 40 ---
--- Epoch 40 ---



--- Epoch 40 ---
Class Weights: [2.1200665e-05 5.2479278e-02 5.4635961e-02 5.3897634e-02 6.0430683e-02
 5.5394791e-02 5.9528731e-02 5.7803262e-02 5.0486393e-02 5.1797729e-02
 5.5394791e-02 5.7803262e-02 6.0430683e-02 5.3897634e-02 5.3179000e-02
 5.9528731e-02 5.4635961e-02 5.2479278e-02 5.6175001e-02]Class Weights: [2.1200665e-05 5.2479278e-02 5.4635961e-02 5.3897634e-02 6.0430683e-02
 5.5394791e-02 5.9528731e-02 5.7803262e-02 5.0486393e-02 5.1797729e-02
 5.5394791e-02 5.7803262e-02 6.0430683e-02 5.3897634e-02 5.3179000e-02
 5.9528731e-02 5.4635961e-02 5.2479278e-02 5.6175001e-02]Class Weights: [2.1200665e-05 5.2479278e-02 5.4635961e-02 5.3897634e-02 6.0430683e-02
 5.5394791e-02 5.9528731e-02 5.7803262e-02 5.0486393e-02 5.1797729e-02
 5.5394791e-02 5.7803262e-02 6.0430683e-02 5.3897634e-02 5.3179000e-02
 5.9528731e-02 5.4635961e-02 5.2479278e-02 5.6175001e-02]


Learning Rate: 0.005Learning Rate: 0.005
Learning Rate: 0.005

Class Weights: [2.1200665e-05 5.2479278e-02 5.4635961e-02 5.3897634e-02 6.0430683e-02
 5.5394791e-02 5.9528731e-02 5.7803262e-02 5.0486393e-02 5.1797729e-02
 5.5394791e-02 5.7803262e-02 6.0430683e-02 5.3897634e-02 5.3179000e-02
 5.9528731e-02 5.4635961e-02 5.2479278e-02 5.6175001e-02]
Learning Rate: 0.005
Train Loss: 0.0011, Val Loss: 0.0011Train Loss: 0.0011, Val Loss: 0.0011
Train Loss: 0.0011, Val Loss: 0.0011

Train Loss: 0.0011, Val Loss: 0.0011
Per-Class Precision: [0.         0.         0.         0.         0.         0.
 0.         0.         0.         0.         0.         0.
 0.         0.         0.00042233 0.         0.         0.
 0.        ]
Per-Class Recall: [0. 0. 0. 0. 0. 0. 0. 0. 0. 0. 0. 0. 0. 0. 1. 0. 0. 0. 0.]
Per-Class F1-Score: [0.         0.         0.         0.         0.         0.
 0.         0.         0.         0.         0.         0.
 0.         0.         0.00084431 0.         0.         0.
 0.        ]
Support per Class: [293949     75    150    100    100    150    125    125     50     50
    100     50    150     75    125    250    150     75    125]
Weighted Precision: 0.0000, Weighted Recall: 0.0004, Weighted F1-Score: 0.0000
Precision: 0.0000, Recall: 0.0004, F1-Score: 0.0000
Fold 3, Epoch 40, Train Loss: 0.0011, Val Loss: 0.0011, Val Acc: 0.0003
Precision: 0.0000, Recall: 0.0002, F1-Score: 0.0000
Fold 3, Epoch 41, Train Loss: 0.0011, Val Loss: 0.0011, Val Acc: 0.0004
Precision: 0.0000, Recall: 0.0002, F1-Score: 0.0000
Fold 3, Epoch 42, Train Loss: 0.0011, Val Loss: 0.0011, Val Acc: 0.0004
Precision: 0.0000, Recall: 0.0003, F1-Score: 0.0000
Fold 3, Epoch 43, Train Loss: 0.0011, Val Loss: 0.0011, Val Acc: 0.0005
Precision: 0.0000, Recall: 0.0005, F1-Score: 0.0000
Fold 3, Epoch 44, Train Loss: 0.0011, Val Loss: 0.0011, Val Acc: 0.0004
Precision: 0.0000, Recall: 0.0005, F1-Score: 0.0000
Fold 3, Epoch 45, Train Loss: 0.0011, Val Loss: 0.0011, Val Acc: 0.0004
Precision: 0.0000, Recall: 0.0005, F1-Score: 0.0000
Fold 3, Epoch 46, Train Loss: 0.0011, Val Loss: 0.0011, Val Acc: 0.0004
Precision: 0.0000, Recall: 0.0005, F1-Score: 0.0000
Fold 3, Epoch 47, Train Loss: 0.0011, Val Loss: 0.0011, Val Acc: 0.0004
Precision: 0.0000, Recall: 0.0003, F1-Score: 0.0000
Fold 3, Epoch 48, Train Loss: 0.0011, Val Loss: 0.0011, Val Acc: 0.0004
Precision: 0.0000, Recall: 0.0003, F1-Score: 0.0000
Fold 3, Epoch 49, Train Loss: 0.0011, Val Loss: 0.0011, Val Acc: 0.0004

--- Epoch 50 ---
--- Epoch 50 ---
--- Epoch 50 ---



--- Epoch 50 ---
Class Weights: [2.1200665e-05 5.2479278e-02 5.4635961e-02 5.3897634e-02 6.0430683e-02
 5.5394791e-02 5.9528731e-02 5.7803262e-02 5.0486393e-02 5.1797729e-02
 5.5394791e-02 5.7803262e-02 6.0430683e-02 5.3897634e-02 5.3179000e-02
 5.9528731e-02 5.4635961e-02 5.2479278e-02 5.6175001e-02]Class Weights: [2.1200665e-05 5.2479278e-02 5.4635961e-02 5.3897634e-02 6.0430683e-02
 5.5394791e-02 5.9528731e-02 5.7803262e-02 5.0486393e-02 5.1797729e-02
 5.5394791e-02 5.7803262e-02 6.0430683e-02 5.3897634e-02 5.3179000e-02
 5.9528731e-02 5.4635961e-02 5.2479278e-02 5.6175001e-02]Class Weights: [2.1200665e-05 5.2479278e-02 5.4635961e-02 5.3897634e-02 6.0430683e-02
 5.5394791e-02 5.9528731e-02 5.7803262e-02 5.0486393e-02 5.1797729e-02
 5.5394791e-02 5.7803262e-02 6.0430683e-02 5.3897634e-02 5.3179000e-02
 5.9528731e-02 5.4635961e-02 5.2479278e-02 5.6175001e-02]
Class Weights: [2.1200665e-05 5.2479278e-02 5.4635961e-02 5.3897634e-02 6.0430683e-02
 5.5394791e-02 5.9528731e-02 5.7803262e-02 5.0486393e-02 5.1797729e-02
 5.5394791e-02 5.7803262e-02 6.0430683e-02 5.3897634e-02 5.3179000e-02
 5.9528731e-02 5.4635961e-02 5.2479278e-02 5.6175001e-02]


Learning Rate: 0.005Learning Rate: 0.005
Learning Rate: 0.005Learning Rate: 0.005


Train Loss: 0.0011, Val Loss: 0.0011
Train Loss: 0.0011, Val Loss: 0.0011Train Loss: 0.0011, Val Loss: 0.0011Train Loss: 0.0011, Val Loss: 0.0011


Per-Class Precision: [0.         0.         0.         0.         0.         0.
 0.00042233 0.         0.         0.         0.         0.
 0.         0.         0.         0.         0.         0.
 0.        ]
Per-Class Recall: [0. 0. 0. 0. 0. 0. 1. 0. 0. 0. 0. 0. 0. 0. 0. 0. 0. 0. 0.]
Per-Class F1-Score: [0.         0.         0.         0.         0.         0.
 0.00084431 0.         0.         0.         0.         0.
 0.         0.         0.         0.         0.         0.
 0.        ]
Support per Class: [293949     75    150    100    100    150    125    125     50     50
    100     50    150     75    125    250    150     75    125]
Weighted Precision: 0.0000, Weighted Recall: 0.0004, Weighted F1-Score: 0.0000
Precision: 0.0000, Recall: 0.0004, F1-Score: 0.0000
Fold 3, Epoch 50, Train Loss: 0.0011, Val Loss: 0.0011, Val Acc: 0.0005
Completed Fold 3
Starting Fold 4
Class weights: [2.12139744e-05 5.54295695e-02 5.78395507e-02 5.39314730e-02
 5.54295695e-02 5.70132714e-02 5.54295695e-02 5.54295695e-02
 5.39314730e-02 5.70132714e-02 5.39314730e-02 6.23582656e-02
 5.46702603e-02 5.39314730e-02 5.32123867e-02 5.11657564e-02
 5.39314730e-02 6.13989077e-02 5.39314730e-02]
Class weights: [2.12139744e-05 5.54295695e-02 5.78395507e-02 5.39314730e-02
 5.54295695e-02 5.70132714e-02 5.54295695e-02 5.54295695e-02
 5.39314730e-02 5.70132714e-02 5.39314730e-02 6.23582656e-02
 5.46702603e-02 5.39314730e-02 5.32123867e-02 5.11657564e-02
 5.39314730e-02 6.13989077e-02 5.39314730e-02]
Class weights: [2.12139744e-05 5.54295695e-02 5.78395507e-02 5.39314730e-02
 5.54295695e-02 5.70132714e-02 5.54295695e-02 5.54295695e-02
 5.39314730e-02 5.70132714e-02 5.39314730e-02 6.23582656e-02
 5.46702603e-02 5.39314730e-02 5.32123867e-02 5.11657564e-02
 5.39314730e-02 6.13989077e-02 5.39314730e-02]
Class weights: [2.12139744e-05 5.54295695e-02 5.78395507e-02 5.39314730e-02
 5.54295695e-02 5.70132714e-02 5.54295695e-02 5.54295695e-02
 5.39314730e-02 5.70132714e-02 5.39314730e-02 6.23582656e-02
 5.46702603e-02 5.39314730e-02 5.32123867e-02 5.11657564e-02
 5.39314730e-02 6.13989077e-02 5.39314730e-02]
Class weights: [2.05999527e-05 5.38252044e-02 4.61358895e-02 6.05533550e-02
 5.38252044e-02 4.84426840e-02 5.38252044e-02 5.38252044e-02
 6.05533550e-02 4.84426840e-02 6.05533550e-02 3.72636031e-02
 5.69913929e-02 6.05533550e-02 6.45902453e-02 8.07378066e-02
 6.05533550e-02 3.87541472e-02 6.05533550e-02]
Class weights: Class weights: [2.05999527e-05 5.38252044e-02 4.61358895e-02 6.05533550e-02
 5.38252044e-02 4.84426840e-02 5.38252044e-02 5.38252044e-02
 6.05533550e-02 4.84426840e-02 6.05533550e-02 3.72636031e-02
 5.69913929e-02 6.05533550e-02 6.45902453e-02 8.07378066e-02
 6.05533550e-02 3.87541472e-02 6.05533550e-02]
[2.05999527e-05 5.38252044e-02 4.61358895e-02 6.05533550e-02
 5.38252044e-02 4.84426840e-02 5.38252044e-02 5.38252044e-02
 6.05533550e-02 4.84426840e-02 6.05533550e-02 3.72636031e-02
 5.69913929e-02 6.05533550e-02 6.45902453e-02 8.07378066e-02
 6.05533550e-02 3.87541472e-02 6.05533550e-02]
Class weights: [2.05999527e-05 5.38252044e-02 4.61358895e-02 6.05533550e-02
 5.38252044e-02 4.84426840e-02 5.38252044e-02 5.38252044e-02
 6.05533550e-02 4.84426840e-02 6.05533550e-02 3.72636031e-02
 5.69913929e-02 6.05533550e-02 6.45902453e-02 8.07378066e-02
 6.05533550e-02 3.87541472e-02 6.05533550e-02]
Precision: 0.0000, Recall: 0.0002, F1-Score: 0.0000
Fold 4, Epoch 1, Train Loss: 0.0011, Val Loss: 0.0011, Val Acc: 0.0003
Precision: 0.0000, Recall: 0.0004, F1-Score: 0.0000
Fold 4, Epoch 2, Train Loss: 0.0011, Val Loss: 0.0011, Val Acc: 0.0003
Precision: 0.0000, Recall: 0.0004, F1-Score: 0.0000
Fold 4, Epoch 3, Train Loss: 0.0011, Val Loss: 0.0011, Val Acc: 0.0003
Precision: 0.0000, Recall: 0.0003, F1-Score: 0.0000
Fold 4, Epoch 4, Train Loss: 0.0011, Val Loss: 0.0011, Val Acc: 0.0003
Precision: 0.0000, Recall: 0.0003, F1-Score: 0.0000
Fold 4, Epoch 5, Train Loss: 0.0011, Val Loss: 0.0011, Val Acc: 0.0003
Precision: 0.0000, Recall: 0.0003, F1-Score: 0.0000
Fold 4, Epoch 6, Train Loss: 0.0011, Val Loss: 0.0011, Val Acc: 0.0003
Precision: 0.0000, Recall: 0.0003, F1-Score: 0.0000
Fold 4, Epoch 7, Train Loss: 0.0011, Val Loss: 0.0011, Val Acc: 0.0003
Precision: 0.0000, Recall: 0.0003, F1-Score: 0.0000
Fold 4, Epoch 8, Train Loss: 0.0011, Val Loss: 0.0011, Val Acc: 0.0003
Precision: 0.0000, Recall: 0.0006, F1-Score: 0.0000
Fold 4, Epoch 9, Train Loss: 0.0011, Val Loss: 0.0011, Val Acc: 0.0003

--- Epoch 10 ---
--- Epoch 10 ---
--- Epoch 10 ---



--- Epoch 10 ---
Class Weights: [2.1213975e-05 5.5429570e-02 5.7839550e-02 5.3931475e-02 5.5429570e-02
 5.7013273e-02 5.5429570e-02 5.5429570e-02 5.3931475e-02 5.7013273e-02
 5.3931475e-02 6.2358264e-02 5.4670259e-02 5.3931475e-02 5.3212386e-02
 5.1165756e-02 5.3931475e-02 6.1398908e-02 5.3931475e-02]Class Weights: [2.1213975e-05 5.5429570e-02 5.7839550e-02 5.3931475e-02 5.5429570e-02
 5.7013273e-02 5.5429570e-02 5.5429570e-02 5.3931475e-02 5.7013273e-02
 5.3931475e-02 6.2358264e-02 5.4670259e-02 5.3931475e-02 5.3212386e-02
 5.1165756e-02 5.3931475e-02 6.1398908e-02 5.3931475e-02]Class Weights: [2.1213975e-05 5.5429570e-02 5.7839550e-02 5.3931475e-02 5.5429570e-02
 5.7013273e-02 5.5429570e-02 5.5429570e-02 5.3931475e-02 5.7013273e-02
 5.3931475e-02 6.2358264e-02 5.4670259e-02 5.3931475e-02 5.3212386e-02
 5.1165756e-02 5.3931475e-02 6.1398908e-02 5.3931475e-02]


Class Weights: [2.1213975e-05 5.5429570e-02 5.7839550e-02 5.3931475e-02 5.5429570e-02
 5.7013273e-02 5.5429570e-02 5.5429570e-02 5.3931475e-02 5.7013273e-02
 5.3931475e-02 6.2358264e-02 5.4670259e-02 5.3931475e-02 5.3212386e-02
 5.1165756e-02 5.3931475e-02 6.1398908e-02 5.3931475e-02]Learning Rate: 0.005Learning Rate: 0.005Learning Rate: 0.005



Learning Rate: 0.005
Train Loss: 0.0011, Val Loss: 0.0011Train Loss: 0.0011, Val Loss: 0.0011Train Loss: 0.0011, Val Loss: 0.0011
Train Loss: 0.0011, Val Loss: 0.0011


Per-Class Precision: [0.         0.         0.         0.         0.         0.
 0.         0.         0.         0.         0.         0.
 0.         0.         0.         0.         0.00042233 0.
 0.        ]
Per-Class Recall: [0. 0. 0. 0. 0. 0. 0. 0. 0. 0. 0. 0. 0. 0. 0. 0. 1. 0. 0.]
Per-Class F1-Score: [0.         0.         0.         0.         0.         0.
 0.         0.         0.         0.         0.         0.
 0.         0.         0.         0.         0.00084431 0.
 0.        ]
Support per Class: [293949    150     75    175    100    100    175    125     75    150
     25    200     75    100     50    125    125    125     75]
Weighted Precision: 0.0000, Weighted Recall: 0.0004, Weighted F1-Score: 0.0000
Precision: 0.0000, Recall: 0.0004, F1-Score: 0.0000
Fold 4, Epoch 10, Train Loss: 0.0011, Val Loss: 0.0011, Val Acc: 0.0003
Precision: 0.0000, Recall: 0.0004, F1-Score: 0.0000
Fold 4, Epoch 11, Train Loss: 0.0011, Val Loss: 0.0011, Val Acc: 0.0003
Precision: 0.0000, Recall: 0.0003, F1-Score: 0.0000
Fold 4, Epoch 12, Train Loss: 0.0011, Val Loss: 0.0011, Val Acc: 0.0003
Precision: 0.0000, Recall: 0.0003, F1-Score: 0.0000
Fold 4, Epoch 13, Train Loss: 0.0011, Val Loss: 0.0011, Val Acc: 0.0003
Precision: 0.0000, Recall: 0.0005, F1-Score: 0.0000
Fold 4, Epoch 14, Train Loss: 0.0011, Val Loss: 0.0011, Val Acc: 0.0004
Precision: 0.0000, Recall: 0.0003, F1-Score: 0.0000
Fold 4, Epoch 15, Train Loss: 0.0011, Val Loss: 0.0011, Val Acc: 0.0004
Precision: 0.0000, Recall: 0.0003, F1-Score: 0.0000
Fold 4, Epoch 16, Train Loss: 0.0011, Val Loss: 0.0011, Val Acc: 0.0004
Precision: 0.0000, Recall: 0.0006, F1-Score: 0.0000
Fold 4, Epoch 17, Train Loss: 0.0011, Val Loss: 0.0011, Val Acc: 0.0004
Precision: 0.0000, Recall: 0.0006, F1-Score: 0.0000
Fold 4, Epoch 18, Train Loss: 0.0011, Val Loss: 0.0011, Val Acc: 0.0004
Precision: 0.0000, Recall: 0.0003, F1-Score: 0.0000
Fold 4, Epoch 19, Train Loss: 0.0011, Val Loss: 0.0011, Val Acc: 0.0004

--- Epoch 20 ---
--- Epoch 20 ---
--- Epoch 20 ---



--- Epoch 20 ---
Class Weights: [2.1213975e-05 5.5429570e-02 5.7839550e-02 5.3931475e-02 5.5429570e-02
 5.7013273e-02 5.5429570e-02 5.5429570e-02 5.3931475e-02 5.7013273e-02
 5.3931475e-02 6.2358264e-02 5.4670259e-02 5.3931475e-02 5.3212386e-02
 5.1165756e-02 5.3931475e-02 6.1398908e-02 5.3931475e-02]Class Weights: [2.1213975e-05 5.5429570e-02 5.7839550e-02 5.3931475e-02 5.5429570e-02
 5.7013273e-02 5.5429570e-02 5.5429570e-02 5.3931475e-02 5.7013273e-02
 5.3931475e-02 6.2358264e-02 5.4670259e-02 5.3931475e-02 5.3212386e-02
 5.1165756e-02 5.3931475e-02 6.1398908e-02 5.3931475e-02]Class Weights: [2.1213975e-05 5.5429570e-02 5.7839550e-02 5.3931475e-02 5.5429570e-02
 5.7013273e-02 5.5429570e-02 5.5429570e-02 5.3931475e-02 5.7013273e-02
 5.3931475e-02 6.2358264e-02 5.4670259e-02 5.3931475e-02 5.3212386e-02
 5.1165756e-02 5.3931475e-02 6.1398908e-02 5.3931475e-02]


Learning Rate: 0.005Learning Rate: 0.005
Learning Rate: 0.005

Class Weights: [2.1213975e-05 5.5429570e-02 5.7839550e-02 5.3931475e-02 5.5429570e-02
 5.7013273e-02 5.5429570e-02 5.5429570e-02 5.3931475e-02 5.7013273e-02
 5.3931475e-02 6.2358264e-02 5.4670259e-02 5.3931475e-02 5.3212386e-02
 5.1165756e-02 5.3931475e-02 6.1398908e-02 5.3931475e-02]
Learning Rate: 0.005
Train Loss: 0.0011, Val Loss: 0.0011
Train Loss: 0.0011, Val Loss: 0.0011Train Loss: 0.0011, Val Loss: 0.0011

Train Loss: 0.0011, Val Loss: 0.0011
Per-Class Precision: [0.        0.        0.0002534 0.        0.        0.        0.
 0.        0.        0.        0.        0.        0.        0.
 0.        0.        0.        0.        0.       ]
Per-Class Recall: [0. 0. 1. 0. 0. 0. 0. 0. 0. 0. 0. 0. 0. 0. 0. 0. 0. 0. 0.]
Per-Class F1-Score: [0.         0.         0.00050667 0.         0.         0.
 0.         0.         0.         0.         0.         0.
 0.         0.         0.         0.         0.         0.
 0.        ]
Support per Class: [293949    150     75    175    100    100    175    125     75    150
     25    200     75    100     50    125    125    125     75]
Weighted Precision: 0.0000, Weighted Recall: 0.0003, Weighted F1-Score: 0.0000
Precision: 0.0000, Recall: 0.0003, F1-Score: 0.0000
Fold 4, Epoch 20, Train Loss: 0.0011, Val Loss: 0.0011, Val Acc: 0.0004
Precision: 0.0000, Recall: 0.0003, F1-Score: 0.0000
Fold 4, Epoch 21, Train Loss: 0.0011, Val Loss: 0.0011, Val Acc: 0.0004
Precision: 0.0000, Recall: 0.0006, F1-Score: 0.0000
Fold 4, Epoch 22, Train Loss: 0.0011, Val Loss: 0.0011, Val Acc: 0.0003
Precision: 0.0000, Recall: 0.0005, F1-Score: 0.0000
Fold 4, Epoch 23, Train Loss: 0.0011, Val Loss: 0.0011, Val Acc: 0.0004
Precision: 0.0000, Recall: 0.0002, F1-Score: 0.0000
Fold 4, Epoch 24, Train Loss: 0.0011, Val Loss: 0.0011, Val Acc: 0.0003
Precision: 0.0000, Recall: 0.0002, F1-Score: 0.0000
Fold 4, Epoch 25, Train Loss: 0.0011, Val Loss: 0.0011, Val Acc: 0.0003
Precision: 0.0000, Recall: 0.0004, F1-Score: 0.0000
Fold 4, Epoch 26, Train Loss: 0.0011, Val Loss: 0.0011, Val Acc: 0.0004
Precision: 0.0000, Recall: 0.0004, F1-Score: 0.0000
Fold 4, Epoch 27, Train Loss: 0.0011, Val Loss: 0.0011, Val Acc: 0.0004
Precision: 0.0000, Recall: 0.0005, F1-Score: 0.0000
Fold 4, Epoch 28, Train Loss: 0.0011, Val Loss: 0.0011, Val Acc: 0.0004
Precision: 0.0000, Recall: 0.0003, F1-Score: 0.0000
Fold 4, Epoch 29, Train Loss: 0.0011, Val Loss: 0.0011, Val Acc: 0.0003

--- Epoch 30 ---
--- Epoch 30 ---
--- Epoch 30 ---



--- Epoch 30 ---
Class Weights: [2.1213975e-05 5.5429570e-02 5.7839550e-02 5.3931475e-02 5.5429570e-02
 5.7013273e-02 5.5429570e-02 5.5429570e-02 5.3931475e-02 5.7013273e-02
 5.3931475e-02 6.2358264e-02 5.4670259e-02 5.3931475e-02 5.3212386e-02
 5.1165756e-02 5.3931475e-02 6.1398908e-02 5.3931475e-02]Class Weights: [2.1213975e-05 5.5429570e-02 5.7839550e-02 5.3931475e-02 5.5429570e-02
 5.7013273e-02 5.5429570e-02 5.5429570e-02 5.3931475e-02 5.7013273e-02
 5.3931475e-02 6.2358264e-02 5.4670259e-02 5.3931475e-02 5.3212386e-02
 5.1165756e-02 5.3931475e-02 6.1398908e-02 5.3931475e-02]Class Weights: [2.1213975e-05 5.5429570e-02 5.7839550e-02 5.3931475e-02 5.5429570e-02
 5.7013273e-02 5.5429570e-02 5.5429570e-02 5.3931475e-02 5.7013273e-02
 5.3931475e-02 6.2358264e-02 5.4670259e-02 5.3931475e-02 5.3212386e-02
 5.1165756e-02 5.3931475e-02 6.1398908e-02 5.3931475e-02]


Learning Rate: 0.005Learning Rate: 0.005
Learning Rate: 0.005

Train Loss: 0.0011, Val Loss: 0.0011
Train Loss: 0.0011, Val Loss: 0.0011
Train Loss: 0.0011, Val Loss: 0.0011
Class Weights: [2.1213975e-05 5.5429570e-02 5.7839550e-02 5.3931475e-02 5.5429570e-02
 5.7013273e-02 5.5429570e-02 5.5429570e-02 5.3931475e-02 5.7013273e-02
 5.3931475e-02 6.2358264e-02 5.4670259e-02 5.3931475e-02 5.3212386e-02
 5.1165756e-02 5.3931475e-02 6.1398908e-02 5.3931475e-02]
Learning Rate: 0.005
Train Loss: 0.0011, Val Loss: 0.0011
Per-Class Precision: [0.         0.         0.         0.         0.         0.
 0.00059127 0.         0.         0.         0.         0.
 0.         0.         0.         0.         0.         0.
 0.        ]
Per-Class Recall: [0. 0. 0. 0. 0. 0. 1. 0. 0. 0. 0. 0. 0. 0. 0. 0. 0. 0. 0.]
Per-Class F1-Score: [0.         0.         0.         0.         0.         0.
 0.00118184 0.         0.         0.         0.         0.
 0.         0.         0.         0.         0.         0.
 0.        ]
Support per Class: [293949    150     75    175    100    100    175    125     75    150
     25    200     75    100     50    125    125    125     75]
Weighted Precision: 0.0000, Weighted Recall: 0.0006, Weighted F1-Score: 0.0000
Precision: 0.0000, Recall: 0.0006, F1-Score: 0.0000
Fold 4, Epoch 30, Train Loss: 0.0011, Val Loss: 0.0011, Val Acc: 0.0004
Precision: 0.0000, Recall: 0.0003, F1-Score: 0.0000
Fold 4, Epoch 31, Train Loss: 0.0011, Val Loss: 0.0011, Val Acc: 0.0003
Precision: 0.0000, Recall: 0.0003, F1-Score: 0.0000
Fold 4, Epoch 32, Train Loss: 0.0011, Val Loss: 0.0011, Val Acc: 0.0004
Precision: 0.0000, Recall: 0.0003, F1-Score: 0.0000
Fold 4, Epoch 33, Train Loss: 0.0011, Val Loss: 0.0011, Val Acc: 0.0004
Precision: 0.0000, Recall: 0.0004, F1-Score: 0.0000
Fold 4, Epoch 34, Train Loss: 0.0011, Val Loss: 0.0011, Val Acc: 0.0005
Precision: 0.0000, Recall: 0.0004, F1-Score: 0.0000
Fold 4, Epoch 35, Train Loss: 0.0011, Val Loss: 0.0011, Val Acc: 0.0005
Precision: 0.0000, Recall: 0.0003, F1-Score: 0.0000
Fold 4, Epoch 36, Train Loss: 0.0011, Val Loss: 0.0011, Val Acc: 0.0004
Precision: 0.0000, Recall: 0.0003, F1-Score: 0.0000
Fold 4, Epoch 37, Train Loss: 0.0011, Val Loss: 0.0011, Val Acc: 0.0004
Precision: 0.0000, Recall: 0.0003, F1-Score: 0.0000
Fold 4, Epoch 38, Train Loss: 0.0011, Val Loss: 0.0011, Val Acc: 0.0004
Precision: 0.0000, Recall: 0.0002, F1-Score: 0.0000
Fold 4, Epoch 39, Train Loss: 0.0011, Val Loss: 0.0011, Val Acc: 0.0003

--- Epoch 40 ---
--- Epoch 40 ---

--- Epoch 40 ---


--- Epoch 40 ---
Class Weights: [2.1213975e-05 5.5429570e-02 5.7839550e-02 5.3931475e-02 5.5429570e-02
 5.7013273e-02 5.5429570e-02 5.5429570e-02 5.3931475e-02 5.7013273e-02
 5.3931475e-02 6.2358264e-02 5.4670259e-02 5.3931475e-02 5.3212386e-02
 5.1165756e-02 5.3931475e-02 6.1398908e-02 5.3931475e-02]Class Weights: [2.1213975e-05 5.5429570e-02 5.7839550e-02 5.3931475e-02 5.5429570e-02
 5.7013273e-02 5.5429570e-02 5.5429570e-02 5.3931475e-02 5.7013273e-02
 5.3931475e-02 6.2358264e-02 5.4670259e-02 5.3931475e-02 5.3212386e-02
 5.1165756e-02 5.3931475e-02 6.1398908e-02 5.3931475e-02]

Learning Rate: 0.005Learning Rate: 0.005

Class Weights: [2.1213975e-05 5.5429570e-02 5.7839550e-02 5.3931475e-02 5.5429570e-02
 5.7013273e-02 5.5429570e-02 5.5429570e-02 5.3931475e-02 5.7013273e-02
 5.3931475e-02 6.2358264e-02 5.4670259e-02 5.3931475e-02 5.3212386e-02
 5.1165756e-02 5.3931475e-02 6.1398908e-02 5.3931475e-02]Class Weights: [2.1213975e-05 5.5429570e-02 5.7839550e-02 5.3931475e-02 5.5429570e-02
 5.7013273e-02 5.5429570e-02 5.5429570e-02 5.3931475e-02 5.7013273e-02
 5.3931475e-02 6.2358264e-02 5.4670259e-02 5.3931475e-02 5.3212386e-02
 5.1165756e-02 5.3931475e-02 6.1398908e-02 5.3931475e-02]

Learning Rate: 0.005Learning Rate: 0.005

Train Loss: 0.0011, Val Loss: 0.0011
Train Loss: 0.0011, Val Loss: 0.0011
Train Loss: 0.0011, Val Loss: 0.0011Train Loss: 0.0011, Val Loss: 0.0011

Per-Class Precision: [0.         0.         0.         0.         0.         0.
 0.         0.         0.         0.         0.         0.00067574
 0.         0.         0.         0.         0.         0.
 0.        ]
Per-Class Recall: [0. 0. 0. 0. 0. 0. 0. 0. 0. 0. 0. 1. 0. 0. 0. 0. 0. 0. 0.]
Per-Class F1-Score: [0.         0.         0.         0.         0.         0.
 0.         0.         0.         0.         0.         0.00135056
 0.         0.         0.         0.         0.         0.
 0.        ]
Support per Class: [293949    150     75    175    100    100    175    125     75    150
     25    200     75    100     50    125    125    125     75]
Weighted Precision: 0.0000, Weighted Recall: 0.0007, Weighted F1-Score: 0.0000
Precision: 0.0000, Recall: 0.0007, F1-Score: 0.0000
Fold 4, Epoch 40, Train Loss: 0.0011, Val Loss: 0.0011, Val Acc: 0.0005
Precision: 0.0000, Recall: 0.0007, F1-Score: 0.0000
Fold 4, Epoch 41, Train Loss: 0.0011, Val Loss: 0.0011, Val Acc: 0.0005
Precision: 0.0000, Recall: 0.0007, F1-Score: 0.0000
Fold 4, Epoch 42, Train Loss: 0.0011, Val Loss: 0.0011, Val Acc: 0.0005
Precision: 0.0000, Recall: 0.0007, F1-Score: 0.0000
Fold 4, Epoch 43, Train Loss: 0.0011, Val Loss: 0.0011, Val Acc: 0.0005
Precision: 0.0000, Recall: 0.0006, F1-Score: 0.0000
Fold 4, Epoch 44, Train Loss: 0.0011, Val Loss: 0.0011, Val Acc: 0.0004
Precision: 0.0000, Recall: 0.0006, F1-Score: 0.0000
Fold 4, Epoch 45, Train Loss: 0.0011, Val Loss: 0.0011, Val Acc: 0.0004
Precision: 0.0000, Recall: 0.0004, F1-Score: 0.0000
Fold 4, Epoch 46, Train Loss: 0.0011, Val Loss: 0.0011, Val Acc: 0.0004
Precision: 0.0000, Recall: 0.0004, F1-Score: 0.0000
Fold 4, Epoch 47, Train Loss: 0.0011, Val Loss: 0.0011, Val Acc: 0.0004
Precision: 0.0000, Recall: 0.0002, F1-Score: 0.0000
Fold 4, Epoch 48, Train Loss: 0.0011, Val Loss: 0.0011, Val Acc: 0.0003
Precision: 0.0000, Recall: 0.0002, F1-Score: 0.0000
Fold 4, Epoch 49, Train Loss: 0.0011, Val Loss: 0.0011, Val Acc: 0.0003

--- Epoch 50 ---
--- Epoch 50 ---
--- Epoch 50 ---



--- Epoch 50 ---
Class Weights: [2.1213975e-05 5.5429570e-02 5.7839550e-02 5.3931475e-02 5.5429570e-02
 5.7013273e-02 5.5429570e-02 5.5429570e-02 5.3931475e-02 5.7013273e-02
 5.3931475e-02 6.2358264e-02 5.4670259e-02 5.3931475e-02 5.3212386e-02
 5.1165756e-02 5.3931475e-02 6.1398908e-02 5.3931475e-02]Class Weights: [2.1213975e-05 5.5429570e-02 5.7839550e-02 5.3931475e-02 5.5429570e-02
 5.7013273e-02 5.5429570e-02 5.5429570e-02 5.3931475e-02 5.7013273e-02
 5.3931475e-02 6.2358264e-02 5.4670259e-02 5.3931475e-02 5.3212386e-02
 5.1165756e-02 5.3931475e-02 6.1398908e-02 5.3931475e-02]Class Weights: [2.1213975e-05 5.5429570e-02 5.7839550e-02 5.3931475e-02 5.5429570e-02
 5.7013273e-02 5.5429570e-02 5.5429570e-02 5.3931475e-02 5.7013273e-02
 5.3931475e-02 6.2358264e-02 5.4670259e-02 5.3931475e-02 5.3212386e-02
 5.1165756e-02 5.3931475e-02 6.1398908e-02 5.3931475e-02]
Class Weights: [2.1213975e-05 5.5429570e-02 5.7839550e-02 5.3931475e-02 5.5429570e-02
 5.7013273e-02 5.5429570e-02 5.5429570e-02 5.3931475e-02 5.7013273e-02
 5.3931475e-02 6.2358264e-02 5.4670259e-02 5.3931475e-02 5.3212386e-02
 5.1165756e-02 5.3931475e-02 6.1398908e-02 5.3931475e-02]


Learning Rate: 0.005Learning Rate: 0.005Learning Rate: 0.005
Learning Rate: 0.005


Train Loss: 0.0011, Val Loss: 0.0011
Train Loss: 0.0011, Val Loss: 0.0011Train Loss: 0.0011, Val Loss: 0.0011Train Loss: 0.0011, Val Loss: 0.0011


Per-Class Precision: [0.         0.         0.         0.         0.         0.
 0.         0.         0.         0.         0.         0.00067574
 0.         0.         0.         0.         0.         0.
 0.        ]
Per-Class Recall: [0. 0. 0. 0. 0. 0. 0. 0. 0. 0. 0. 1. 0. 0. 0. 0. 0. 0. 0.]
Per-Class F1-Score: [0.         0.         0.         0.         0.         0.
 0.         0.         0.         0.         0.         0.00135056
 0.         0.         0.         0.         0.         0.
 0.        ]
Support per Class: [293949    150     75    175    100    100    175    125     75    150
     25    200     75    100     50    125    125    125     75]
Weighted Precision: 0.0000, Weighted Recall: 0.0007, Weighted F1-Score: 0.0000
Precision: 0.0000, Recall: 0.0007, F1-Score: 0.0000
Fold 4, Epoch 50, Train Loss: 0.0011, Val Loss: 0.0011, Val Acc: 0.0005
Completed Fold 4
Starting Fold 5
Class weights: [2.12049743e-05 5.61864201e-02 5.39085923e-02 5.46470661e-02
 5.61864201e-02 5.61864201e-02 5.31898110e-02 5.78150120e-02
 6.23318098e-02 5.54060532e-02 5.46470661e-02 5.11440491e-02
 5.46470661e-02 5.24899451e-02 5.39085923e-02 6.04429671e-02
 6.04429671e-02 5.39085923e-02 5.24899451e-02]
Class weights: [2.12049743e-05 5.61864201e-02 5.39085923e-02 5.46470661e-02
 5.61864201e-02 5.61864201e-02 5.31898110e-02 5.78150120e-02
 6.23318098e-02 5.54060532e-02 5.46470661e-02 5.11440491e-02
 5.46470661e-02 5.24899451e-02 5.39085923e-02 6.04429671e-02
 6.04429671e-02 5.39085923e-02 5.24899451e-02]
Class weights: [2.12049743e-05 5.61864201e-02 5.39085923e-02 5.46470661e-02
 5.61864201e-02 5.61864201e-02 5.31898110e-02 5.78150120e-02
 6.23318098e-02 5.54060532e-02 5.46470661e-02 5.11440491e-02
 5.46470661e-02 5.24899451e-02 5.39085923e-02 6.04429671e-02
 6.04429671e-02 5.39085923e-02 5.24899451e-02]
Class weights: [2.12049743e-05 5.61864201e-02 5.39085923e-02 5.46470661e-02
 5.61864201e-02 5.61864201e-02 5.31898110e-02 5.78150120e-02
 6.23318098e-02 5.54060532e-02 5.46470661e-02 5.11440491e-02
 5.46470661e-02 5.24899451e-02 5.39085923e-02 6.04429671e-02
 6.04429671e-02 5.39085923e-02 5.24899451e-02]
Class weights: Class weights: Class weights: [2.04500545e-05 5.06212470e-02 6.01127308e-02 5.65766878e-02
 5.06212470e-02 5.06212470e-02 6.41202462e-02 4.58001758e-02
 3.69924497e-02 5.34335385e-02 5.65766878e-02 8.01503077e-02
 5.65766878e-02 6.87002638e-02 6.01127308e-02 4.00751539e-02
 4.00751539e-02 6.01127308e-02 6.87002638e-02]
[2.04500545e-05 5.06212470e-02 6.01127308e-02 5.65766878e-02
 5.06212470e-02 5.06212470e-02 6.41202462e-02 4.58001758e-02
 3.69924497e-02 5.34335385e-02 5.65766878e-02 8.01503077e-02
 5.65766878e-02 6.87002638e-02 6.01127308e-02 4.00751539e-02
 4.00751539e-02 6.01127308e-02 6.87002638e-02]
[2.04500545e-05 5.06212470e-02 6.01127308e-02 5.65766878e-02
 5.06212470e-02 5.06212470e-02 6.41202462e-02 4.58001758e-02
 3.69924497e-02 5.34335385e-02 5.65766878e-02 8.01503077e-02
 5.65766878e-02 6.87002638e-02 6.01127308e-02 4.00751539e-02
 4.00751539e-02 6.01127308e-02 6.87002638e-02]
Class weights: [2.04500545e-05 5.06212470e-02 6.01127308e-02 5.65766878e-02
 5.06212470e-02 5.06212470e-02 6.41202462e-02 4.58001758e-02
 3.69924497e-02 5.34335385e-02 5.65766878e-02 8.01503077e-02
 5.65766878e-02 6.87002638e-02 6.01127308e-02 4.00751539e-02
 4.00751539e-02 6.01127308e-02 6.87002638e-02]
Precision: 0.0000, Recall: 0.0003, F1-Score: 0.0000
Fold 5, Epoch 1, Train Loss: 0.0011, Val Loss: 0.0011, Val Acc: 0.0005
Precision: 0.0000, Recall: 0.0005, F1-Score: 0.0000
Fold 5, Epoch 2, Train Loss: 0.0011, Val Loss: 0.0011, Val Acc: 0.0004
Precision: 0.0000, Recall: 0.0003, F1-Score: 0.0000
Fold 5, Epoch 3, Train Loss: 0.0011, Val Loss: 0.0011, Val Acc: 0.0004
Precision: 0.0000, Recall: 0.0003, F1-Score: 0.0000
Fold 5, Epoch 4, Train Loss: 0.0011, Val Loss: 0.0011, Val Acc: 0.0004
Precision: 0.0000, Recall: 0.0005, F1-Score: 0.0000
Fold 5, Epoch 5, Train Loss: 0.0011, Val Loss: 0.0011, Val Acc: 0.0004
Precision: 0.0000, Recall: 0.0006, F1-Score: 0.0000
Fold 5, Epoch 6, Train Loss: 0.0011, Val Loss: 0.0011, Val Acc: 0.0003
Precision: 0.0000, Recall: 0.0003, F1-Score: 0.0000
Fold 5, Epoch 7, Train Loss: 0.0011, Val Loss: 0.0011, Val Acc: 0.0004
Precision: 0.0000, Recall: 0.0003, F1-Score: 0.0000
Fold 5, Epoch 8, Train Loss: 0.0011, Val Loss: 0.0011, Val Acc: 0.0005
Precision: 0.0000, Recall: 0.0003, F1-Score: 0.0000
Fold 5, Epoch 9, Train Loss: 0.0011, Val Loss: 0.0011, Val Acc: 0.0005

--- Epoch 10 ---
--- Epoch 10 ---

--- Epoch 10 ---


--- Epoch 10 ---
Class Weights: [2.1204974e-05 5.6186419e-02 5.3908594e-02 5.4647066e-02 5.6186419e-02
 5.6186419e-02 5.3189810e-02 5.7815012e-02 6.2331811e-02 5.5406053e-02
 5.4647066e-02 5.1144049e-02 5.4647066e-02 5.2489944e-02 5.3908594e-02
 6.0442965e-02 6.0442965e-02 5.3908594e-02 5.2489944e-02]Class Weights: [2.1204974e-05 5.6186419e-02 5.3908594e-02 5.4647066e-02 5.6186419e-02
 5.6186419e-02 5.3189810e-02 5.7815012e-02 6.2331811e-02 5.5406053e-02
 5.4647066e-02 5.1144049e-02 5.4647066e-02 5.2489944e-02 5.3908594e-02
 6.0442965e-02 6.0442965e-02 5.3908594e-02 5.2489944e-02]Class Weights: [2.1204974e-05 5.6186419e-02 5.3908594e-02 5.4647066e-02 5.6186419e-02
 5.6186419e-02 5.3189810e-02 5.7815012e-02 6.2331811e-02 5.5406053e-02
 5.4647066e-02 5.1144049e-02 5.4647066e-02 5.2489944e-02 5.3908594e-02
 6.0442965e-02 6.0442965e-02 5.3908594e-02 5.2489944e-02]

Class Weights: [2.1204974e-05 5.6186419e-02 5.3908594e-02 5.4647066e-02 5.6186419e-02
 5.6186419e-02 5.3189810e-02 5.7815012e-02 6.2331811e-02 5.5406053e-02
 5.4647066e-02 5.1144049e-02 5.4647066e-02 5.2489944e-02 5.3908594e-02
 6.0442965e-02 6.0442965e-02 5.3908594e-02 5.2489944e-02]
Learning Rate: 0.005
Learning Rate: 0.005
Learning Rate: 0.005
Learning Rate: 0.005

Train Loss: 0.0011, Val Loss: 0.0011
Train Loss: 0.0011, Val Loss: 0.0011Train Loss: 0.0011, Val Loss: 0.0011
Train Loss: 0.0011, Val Loss: 0.0011

Per-Class Precision: [0.        0.        0.        0.        0.        0.        0.
 0.        0.0002534 0.        0.        0.        0.        0.
 0.        0.        0.        0.        0.       ]
Per-Class Recall: [0. 0. 0. 0. 0. 0. 0. 0. 1. 0. 0. 0. 0. 0. 0. 0. 0. 0. 0.]
Per-Class F1-Score: [0.         0.         0.         0.         0.         0.
 0.         0.         0.00050667 0.         0.         0.
 0.         0.         0.         0.         0.         0.
 0.        ]
Support per Class: [293949    125    175     75     75    100    100    150     75    150
    150    100    150     75     75    125    100    150     75]
Weighted Precision: 0.0000, Weighted Recall: 0.0003, Weighted F1-Score: 0.0000
Precision: 0.0000, Recall: 0.0003, F1-Score: 0.0000
Fold 5, Epoch 10, Train Loss: 0.0011, Val Loss: 0.0011, Val Acc: 0.0005
Precision: 0.0000, Recall: 0.0005, F1-Score: 0.0000
Fold 5, Epoch 11, Train Loss: 0.0011, Val Loss: 0.0011, Val Acc: 0.0004
Precision: 0.0000, Recall: 0.0004, F1-Score: 0.0000
Fold 5, Epoch 12, Train Loss: 0.0011, Val Loss: 0.0011, Val Acc: 0.0005
Precision: 0.0000, Recall: 0.0003, F1-Score: 0.0000
Fold 5, Epoch 13, Train Loss: 0.0011, Val Loss: 0.0011, Val Acc: 0.0003
Precision: 0.0000, Recall: 0.0003, F1-Score: 0.0000
Fold 5, Epoch 14, Train Loss: 0.0011, Val Loss: 0.0011, Val Acc: 0.0005
Precision: 0.0000, Recall: 0.0003, F1-Score: 0.0000
Fold 5, Epoch 15, Train Loss: 0.0011, Val Loss: 0.0011, Val Acc: 0.0005
Precision: 0.0000, Recall: 0.0003, F1-Score: 0.0000
Fold 5, Epoch 16, Train Loss: 0.0011, Val Loss: 0.0011, Val Acc: 0.0004
Precision: 0.0000, Recall: 0.0003, F1-Score: 0.0000
Fold 5, Epoch 17, Train Loss: 0.0011, Val Loss: 0.0011, Val Acc: 0.0003
Precision: 0.0000, Recall: 0.0003, F1-Score: 0.0000
Fold 5, Epoch 18, Train Loss: 0.0011, Val Loss: 0.0011, Val Acc: 0.0004
Precision: 0.0000, Recall: 0.0004, F1-Score: 0.0000
Fold 5, Epoch 19, Train Loss: 0.0011, Val Loss: 0.0011, Val Acc: 0.0004

--- Epoch 20 ---
--- Epoch 20 ---
--- Epoch 20 ---



--- Epoch 20 ---
Class Weights: [2.1204974e-05 5.6186419e-02 5.3908594e-02 5.4647066e-02 5.6186419e-02
 5.6186419e-02 5.3189810e-02 5.7815012e-02 6.2331811e-02 5.5406053e-02
 5.4647066e-02 5.1144049e-02 5.4647066e-02 5.2489944e-02 5.3908594e-02
 6.0442965e-02 6.0442965e-02 5.3908594e-02 5.2489944e-02]Class Weights: [2.1204974e-05 5.6186419e-02 5.3908594e-02 5.4647066e-02 5.6186419e-02
 5.6186419e-02 5.3189810e-02 5.7815012e-02 6.2331811e-02 5.5406053e-02
 5.4647066e-02 5.1144049e-02 5.4647066e-02 5.2489944e-02 5.3908594e-02
 6.0442965e-02 6.0442965e-02 5.3908594e-02 5.2489944e-02]Class Weights: [2.1204974e-05 5.6186419e-02 5.3908594e-02 5.4647066e-02 5.6186419e-02
 5.6186419e-02 5.3189810e-02 5.7815012e-02 6.2331811e-02 5.5406053e-02
 5.4647066e-02 5.1144049e-02 5.4647066e-02 5.2489944e-02 5.3908594e-02
 6.0442965e-02 6.0442965e-02 5.3908594e-02 5.2489944e-02]
Class Weights: [2.1204974e-05 5.6186419e-02 5.3908594e-02 5.4647066e-02 5.6186419e-02
 5.6186419e-02 5.3189810e-02 5.7815012e-02 6.2331811e-02 5.5406053e-02
 5.4647066e-02 5.1144049e-02 5.4647066e-02 5.2489944e-02 5.3908594e-02
 6.0442965e-02 6.0442965e-02 5.3908594e-02 5.2489944e-02]

Learning Rate: 0.005
Learning Rate: 0.005
Learning Rate: 0.005
Learning Rate: 0.005

Train Loss: 0.0011, Val Loss: 0.0011
Train Loss: 0.0011, Val Loss: 0.0011
Train Loss: 0.0011, Val Loss: 0.0011Train Loss: 0.0011, Val Loss: 0.0011

Per-Class Precision: [0.        0.        0.        0.        0.        0.        0.
 0.        0.        0.        0.        0.        0.        0.
 0.0002534 0.        0.        0.        0.       ]
Per-Class Recall: [0. 0. 0. 0. 0. 0. 0. 0. 0. 0. 0. 0. 0. 0. 1. 0. 0. 0. 0.]
Per-Class F1-Score: [0.         0.         0.         0.         0.         0.
 0.         0.         0.         0.         0.         0.
 0.         0.         0.00050667 0.         0.         0.
 0.        ]
Support per Class: [293949    125    175     75     75    100    100    150     75    150
    150    100    150     75     75    125    100    150     75]
Weighted Precision: 0.0000, Weighted Recall: 0.0003, Weighted F1-Score: 0.0000
Precision: 0.0000, Recall: 0.0003, F1-Score: 0.0000
Fold 5, Epoch 20, Train Loss: 0.0011, Val Loss: 0.0011, Val Acc: 0.0003
Precision: 0.0000, Recall: 0.0003, F1-Score: 0.0000
Fold 5, Epoch 21, Train Loss: 0.0011, Val Loss: 0.0011, Val Acc: 0.0004
Precision: 0.0000, Recall: 0.0005, F1-Score: 0.0000
Fold 5, Epoch 22, Train Loss: 0.0011, Val Loss: 0.0011, Val Acc: 0.0004
Precision: 0.0000, Recall: 0.0005, F1-Score: 0.0000
Fold 5, Epoch 23, Train Loss: 0.0011, Val Loss: 0.0011, Val Acc: 0.0004
Precision: 0.0000, Recall: 0.0005, F1-Score: 0.0000
Fold 5, Epoch 24, Train Loss: 0.0011, Val Loss: 0.0011, Val Acc: 0.0004
Precision: 0.0000, Recall: 0.0003, F1-Score: 0.0000
Fold 5, Epoch 25, Train Loss: 0.0011, Val Loss: 0.0011, Val Acc: 0.0003
Precision: 0.0000, Recall: 0.0003, F1-Score: 0.0000
Fold 5, Epoch 26, Train Loss: 0.0011, Val Loss: 0.0011, Val Acc: 0.0004
Precision: 0.0000, Recall: 0.0003, F1-Score: 0.0000
Fold 5, Epoch 27, Train Loss: 0.0011, Val Loss: 0.0011, Val Acc: 0.0004
Precision: 0.0000, Recall: 0.0003, F1-Score: 0.0000
Fold 5, Epoch 28, Train Loss: 0.0011, Val Loss: 0.0011, Val Acc: 0.0004
Precision: 0.0000, Recall: 0.0005, F1-Score: 0.0000
Fold 5, Epoch 29, Train Loss: 0.0011, Val Loss: 0.0011, Val Acc: 0.0004

--- Epoch 30 ---
--- Epoch 30 ---
--- Epoch 30 ---



--- Epoch 30 ---
Class Weights: [2.1204974e-05 5.6186419e-02 5.3908594e-02 5.4647066e-02 5.6186419e-02
 5.6186419e-02 5.3189810e-02 5.7815012e-02 6.2331811e-02 5.5406053e-02
 5.4647066e-02 5.1144049e-02 5.4647066e-02 5.2489944e-02 5.3908594e-02
 6.0442965e-02 6.0442965e-02 5.3908594e-02 5.2489944e-02]
Class Weights: [2.1204974e-05 5.6186419e-02 5.3908594e-02 5.4647066e-02 5.6186419e-02
 5.6186419e-02 5.3189810e-02 5.7815012e-02 6.2331811e-02 5.5406053e-02
 5.4647066e-02 5.1144049e-02 5.4647066e-02 5.2489944e-02 5.3908594e-02
 6.0442965e-02 6.0442965e-02 5.3908594e-02 5.2489944e-02]Class Weights: [2.1204974e-05 5.6186419e-02 5.3908594e-02 5.4647066e-02 5.6186419e-02
 5.6186419e-02 5.3189810e-02 5.7815012e-02 6.2331811e-02 5.5406053e-02
 5.4647066e-02 5.1144049e-02 5.4647066e-02 5.2489944e-02 5.3908594e-02
 6.0442965e-02 6.0442965e-02 5.3908594e-02 5.2489944e-02]Learning Rate: 0.005


Learning Rate: 0.005Learning Rate: 0.005

Class Weights: [2.1204974e-05 5.6186419e-02 5.3908594e-02 5.4647066e-02 5.6186419e-02
 5.6186419e-02 5.3189810e-02 5.7815012e-02 6.2331811e-02 5.5406053e-02
 5.4647066e-02 5.1144049e-02 5.4647066e-02 5.2489944e-02 5.3908594e-02
 6.0442965e-02 6.0442965e-02 5.3908594e-02 5.2489944e-02]
Learning Rate: 0.005
Train Loss: 0.0011, Val Loss: 0.0011
Train Loss: 0.0011, Val Loss: 0.0011Train Loss: 0.0011, Val Loss: 0.0011

Train Loss: 0.0011, Val Loss: 0.0011
Per-Class Precision: [0.        0.        0.        0.        0.        0.        0.
 0.0005068 0.        0.        0.        0.        0.        0.
 0.        0.        0.        0.        0.       ]
Per-Class Recall: [0. 0. 0. 0. 0. 0. 0. 1. 0. 0. 0. 0. 0. 0. 0. 0. 0. 0. 0.]
Per-Class F1-Score: [0.         0.         0.         0.         0.         0.
 0.         0.00101309 0.         0.         0.         0.
 0.         0.         0.         0.         0.         0.
 0.        ]
Support per Class: [293949    125    175     75     75    100    100    150     75    150
    150    100    150     75     75    125    100    150     75]
Weighted Precision: 0.0000, Weighted Recall: 0.0005, Weighted F1-Score: 0.0000
Precision: 0.0000, Recall: 0.0005, F1-Score: 0.0000
Fold 5, Epoch 30, Train Loss: 0.0011, Val Loss: 0.0011, Val Acc: 0.0004
Precision: 0.0000, Recall: 0.0005, F1-Score: 0.0000
Fold 5, Epoch 31, Train Loss: 0.0011, Val Loss: 0.0011, Val Acc: 0.0004
Precision: 0.0000, Recall: 0.0005, F1-Score: 0.0000
Fold 5, Epoch 32, Train Loss: 0.0011, Val Loss: 0.0011, Val Acc: 0.0004
Precision: 0.0000, Recall: 0.0006, F1-Score: 0.0000
Fold 5, Epoch 33, Train Loss: 0.0011, Val Loss: 0.0011, Val Acc: 0.0003
Precision: 0.0000, Recall: 0.0004, F1-Score: 0.0000
Fold 5, Epoch 34, Train Loss: 0.0011, Val Loss: 0.0011, Val Acc: 0.0005
Precision: 0.0000, Recall: 0.0003, F1-Score: 0.0000
Fold 5, Epoch 35, Train Loss: 0.0011, Val Loss: 0.0011, Val Acc: 0.0003
Precision: 0.0000, Recall: 0.0003, F1-Score: 0.0000
Fold 5, Epoch 36, Train Loss: 0.0011, Val Loss: 0.0011, Val Acc: 0.0003
Precision: 0.0000, Recall: 0.0003, F1-Score: 0.0000
Fold 5, Epoch 37, Train Loss: 0.0011, Val Loss: 0.0011, Val Acc: 0.0003
Precision: 0.0000, Recall: 0.0003, F1-Score: 0.0000
Fold 5, Epoch 38, Train Loss: 0.0011, Val Loss: 0.0011, Val Acc: 0.0003
Precision: 0.0000, Recall: 0.0005, F1-Score: 0.0000
Fold 5, Epoch 39, Train Loss: 0.0011, Val Loss: 0.0011, Val Acc: 0.0004

--- Epoch 40 ---
--- Epoch 40 ---
--- Epoch 40 ---



--- Epoch 40 ---
Class Weights: [2.1204974e-05 5.6186419e-02 5.3908594e-02 5.4647066e-02 5.6186419e-02
 5.6186419e-02 5.3189810e-02 5.7815012e-02 6.2331811e-02 5.5406053e-02
 5.4647066e-02 5.1144049e-02 5.4647066e-02 5.2489944e-02 5.3908594e-02
 6.0442965e-02 6.0442965e-02 5.3908594e-02 5.2489944e-02]Class Weights: [2.1204974e-05 5.6186419e-02 5.3908594e-02 5.4647066e-02 5.6186419e-02
 5.6186419e-02 5.3189810e-02 5.7815012e-02 6.2331811e-02 5.5406053e-02
 5.4647066e-02 5.1144049e-02 5.4647066e-02 5.2489944e-02 5.3908594e-02
 6.0442965e-02 6.0442965e-02 5.3908594e-02 5.2489944e-02]Class Weights: [2.1204974e-05 5.6186419e-02 5.3908594e-02 5.4647066e-02 5.6186419e-02
 5.6186419e-02 5.3189810e-02 5.7815012e-02 6.2331811e-02 5.5406053e-02
 5.4647066e-02 5.1144049e-02 5.4647066e-02 5.2489944e-02 5.3908594e-02
 6.0442965e-02 6.0442965e-02 5.3908594e-02 5.2489944e-02]


Learning Rate: 0.005Learning Rate: 0.005Learning Rate: 0.005


Class Weights: [2.1204974e-05 5.6186419e-02 5.3908594e-02 5.4647066e-02 5.6186419e-02
 5.6186419e-02 5.3189810e-02 5.7815012e-02 6.2331811e-02 5.5406053e-02
 5.4647066e-02 5.1144049e-02 5.4647066e-02 5.2489944e-02 5.3908594e-02
 6.0442965e-02 6.0442965e-02 5.3908594e-02 5.2489944e-02]Train Loss: 0.0011, Val Loss: 0.0011Train Loss: 0.0011, Val Loss: 0.0011Train Loss: 0.0011, Val Loss: 0.0011



Learning Rate: 0.005
Train Loss: 0.0011, Val Loss: 0.0011
Per-Class Precision: [0.        0.        0.        0.        0.        0.        0.
 0.        0.        0.        0.        0.        0.        0.
 0.        0.        0.        0.0005068 0.       ]
Per-Class Recall: [0. 0. 0. 0. 0. 0. 0. 0. 0. 0. 0. 0. 0. 0. 0. 0. 0. 1. 0.]
Per-Class F1-Score: [0.         0.         0.         0.         0.         0.
 0.         0.         0.         0.         0.         0.
 0.         0.         0.         0.         0.         0.00101309
 0.        ]
Support per Class: [293949    125    175     75     75    100    100    150     75    150
    150    100    150     75     75    125    100    150     75]
Weighted Precision: 0.0000, Weighted Recall: 0.0005, Weighted F1-Score: 0.0000
Precision: 0.0000, Recall: 0.0005, F1-Score: 0.0000
Fold 5, Epoch 40, Train Loss: 0.0011, Val Loss: 0.0011, Val Acc: 0.0003
Precision: 0.0000, Recall: 0.0003, F1-Score: 0.0000
Fold 5, Epoch 41, Train Loss: 0.0011, Val Loss: 0.0011, Val Acc: 0.0004
Precision: 0.0000, Recall: 0.0005, F1-Score: 0.0000
Fold 5, Epoch 42, Train Loss: 0.0011, Val Loss: 0.0011, Val Acc: 0.0003
Precision: 0.0000, Recall: 0.0005, F1-Score: 0.0000
Fold 5, Epoch 43, Train Loss: 0.0011, Val Loss: 0.0011, Val Acc: 0.0003
Precision: 0.0000, Recall: 0.0003, F1-Score: 0.0000
Fold 5, Epoch 44, Train Loss: 0.0011, Val Loss: 0.0011, Val Acc: 0.0005
Precision: 0.0000, Recall: 0.0003, F1-Score: 0.0000
Fold 5, Epoch 45, Train Loss: 0.0011, Val Loss: 0.0011, Val Acc: 0.0005
Precision: 0.0000, Recall: 0.0003, F1-Score: 0.0000
Fold 5, Epoch 46, Train Loss: 0.0011, Val Loss: 0.0011, Val Acc: 0.0005
Precision: 0.0000, Recall: 0.0003, F1-Score: 0.0000
Fold 5, Epoch 47, Train Loss: 0.0011, Val Loss: 0.0011, Val Acc: 0.0005
Precision: 0.0000, Recall: 0.0003, F1-Score: 0.0000
Fold 5, Epoch 48, Train Loss: 0.0011, Val Loss: 0.0011, Val Acc: 0.0004
Precision: 0.0000, Recall: 0.0003, F1-Score: 0.0000
Fold 5, Epoch 49, Train Loss: 0.0011, Val Loss: 0.0011, Val Acc: 0.0003

--- Epoch 50 ---
--- Epoch 50 ---


--- Epoch 50 ---

--- Epoch 50 ---
Class Weights: [2.1204974e-05 5.6186419e-02 5.3908594e-02 5.4647066e-02 5.6186419e-02
 5.6186419e-02 5.3189810e-02 5.7815012e-02 6.2331811e-02 5.5406053e-02
 5.4647066e-02 5.1144049e-02 5.4647066e-02 5.2489944e-02 5.3908594e-02
 6.0442965e-02 6.0442965e-02 5.3908594e-02 5.2489944e-02]Class Weights: [2.1204974e-05 5.6186419e-02 5.3908594e-02 5.4647066e-02 5.6186419e-02
 5.6186419e-02 5.3189810e-02 5.7815012e-02 6.2331811e-02 5.5406053e-02
 5.4647066e-02 5.1144049e-02 5.4647066e-02 5.2489944e-02 5.3908594e-02
 6.0442965e-02 6.0442965e-02 5.3908594e-02 5.2489944e-02]

Class Weights: [2.1204974e-05 5.6186419e-02 5.3908594e-02 5.4647066e-02 5.6186419e-02
 5.6186419e-02 5.3189810e-02 5.7815012e-02 6.2331811e-02 5.5406053e-02
 5.4647066e-02 5.1144049e-02 5.4647066e-02 5.2489944e-02 5.3908594e-02
 6.0442965e-02 6.0442965e-02 5.3908594e-02 5.2489944e-02]Learning Rate: 0.005
Learning Rate: 0.005Class Weights: [2.1204974e-05 5.6186419e-02 5.3908594e-02 5.4647066e-02 5.6186419e-02
 5.6186419e-02 5.3189810e-02 5.7815012e-02 6.2331811e-02 5.5406053e-02
 5.4647066e-02 5.1144049e-02 5.4647066e-02 5.2489944e-02 5.3908594e-02
 6.0442965e-02 6.0442965e-02 5.3908594e-02 5.2489944e-02]

Learning Rate: 0.005

Learning Rate: 0.005
Train Loss: 0.0011, Val Loss: 0.0011Train Loss: 0.0011, Val Loss: 0.0011

Train Loss: 0.0011, Val Loss: 0.0011Train Loss: 0.0011, Val Loss: 0.0011

Per-Class Precision: [0.         0.         0.         0.         0.         0.
 0.         0.         0.         0.         0.         0.00033787
 0.         0.         0.         0.         0.         0.
 0.        ]
Per-Class Recall: [0. 0. 0. 0. 0. 0. 0. 0. 0. 0. 0. 1. 0. 0. 0. 0. 0. 0. 0.]
Per-Class F1-Score: [0.         0.         0.         0.         0.         0.
 0.         0.         0.         0.         0.         0.00067551
 0.         0.         0.         0.         0.         0.
 0.        ]
Support per Class: [293949    125    175     75     75    100    100    150     75    150
    150    100    150     75     75    125    100    150     75]
Weighted Precision: 0.0000, Weighted Recall: 0.0003, Weighted F1-Score: 0.0000
Precision: 0.0000, Recall: 0.0003, F1-Score: 0.0000
Fold 5, Epoch 50, Train Loss: 0.0011, Val Loss: 0.0011, Val Acc: 0.0003
Completed Fold 5
Starting final training on all data...
Class weights: [2.11825747e-05 5.61270683e-02 5.61270683e-02 5.94779380e-02
 5.69288835e-02 5.38516466e-02 5.38516466e-02 4.98127731e-02
 5.94779380e-02 5.61270683e-02 6.13080284e-02 5.17535305e-02
 5.38516466e-02 6.03791189e-02 5.69288835e-02 4.91978006e-02
 5.45893404e-02 5.24344980e-02 5.77539398e-02]
Class weights: [1.96882259e-05 4.87354469e-02 4.87354469e-02 4.02597170e-02
 4.62986745e-02 5.78733431e-02 5.78733431e-02 9.25973490e-02
 4.02597170e-02 4.87354469e-02 3.70389396e-02 7.12287300e-02
 5.78733431e-02 3.85822288e-02 4.62986745e-02 1.02885943e-01
 5.44690288e-02 6.61409636e-02 4.40939757e-02]
Test Loss: 0.0011, Test Accuracy: 0.0006
Precision: 0.0000, Recall: 0.0006, F1-Score: 0.0000
